###############################################################################
#
# IAR ELF Linker V8.40.2.214/W32 for ARM                  19/May/2026  16:20:47
# Copyright 2007-2019 IAR Systems AB.
#
#    Output file  =
#        D:\Saoviet_Git\Saoviet_Envirotrack_M_TNMT\Project_Master_TNMT_Ver_2_1\1.Source_Code_L496\wm_gsm_ethernet_v5\EWARM\wm_gsm_ethernet_v3\Exe\wm_gsm_ethernet_v3.out
#    Map file     =
#        D:\Saoviet_Git\Saoviet_Envirotrack_M_TNMT\Project_Master_TNMT_Ver_2_1\1.Source_Code_L496\wm_gsm_ethernet_v5\EWARM\wm_gsm_ethernet_v3\List\wm_gsm_ethernet_v3.map
#    Command line =
#        -f C:\Users\PC\AppData\Local\Temp\EW79B2.tmp
#        (D:\Saoviet_Git\Saoviet_Envirotrack_M_TNMT\Project_Master_TNMT_Ver_2_1\1.Source_Code_L496\wm_gsm_ethernet_v5\EWARM\wm_gsm_ethernet_v3\Obj\adc.o
#        D:\Saoviet_Git\Saoviet_Envirotrack_M_TNMT\Project_Master_TNMT_Ver_2_1\1.Source_Code_L496\wm_gsm_ethernet_v5\EWARM\wm_gsm_ethernet_v3\Obj\button.o
#        D:\Saoviet_Git\Saoviet_Envirotrack_M_TNMT\Project_Master_TNMT_Ver_2_1\1.Source_Code_L496\wm_gsm_ethernet_v5\EWARM\wm_gsm_ethernet_v3\Obj\cat24mxx.o
#        D:\Saoviet_Git\Saoviet_Envirotrack_M_TNMT\Project_Master_TNMT_Ver_2_1\1.Source_Code_L496\wm_gsm_ethernet_v5\EWARM\wm_gsm_ethernet_v3\Obj\ccsbcs.o
#        D:\Saoviet_Git\Saoviet_Envirotrack_M_TNMT\Project_Master_TNMT_Ver_2_1\1.Source_Code_L496\wm_gsm_ethernet_v5\EWARM\wm_gsm_ethernet_v3\Obj\dhcpv4.o
#        D:\Saoviet_Git\Saoviet_Envirotrack_M_TNMT\Project_Master_TNMT_Ver_2_1\1.Source_Code_L496\wm_gsm_ethernet_v5\EWARM\wm_gsm_ethernet_v3\Obj\dhcpv6.o
#        D:\Saoviet_Git\Saoviet_Envirotrack_M_TNMT\Project_Master_TNMT_Ver_2_1\1.Source_Code_L496\wm_gsm_ethernet_v5\EWARM\wm_gsm_ethernet_v3\Obj\diskio.o
#        D:\Saoviet_Git\Saoviet_Envirotrack_M_TNMT\Project_Master_TNMT_Ver_2_1\1.Source_Code_L496\wm_gsm_ethernet_v5\EWARM\wm_gsm_ethernet_v3\Obj\dma.o
#        D:\Saoviet_Git\Saoviet_Envirotrack_M_TNMT\Project_Master_TNMT_Ver_2_1\1.Source_Code_L496\wm_gsm_ethernet_v5\EWARM\wm_gsm_ethernet_v3\Obj\dns.o
#        D:\Saoviet_Git\Saoviet_Envirotrack_M_TNMT\Project_Master_TNMT_Ver_2_1\1.Source_Code_L496\wm_gsm_ethernet_v5\EWARM\wm_gsm_ethernet_v3\Obj\event_driven.o
#        D:\Saoviet_Git\Saoviet_Envirotrack_M_TNMT\Project_Master_TNMT_Ver_2_1\1.Source_Code_L496\wm_gsm_ethernet_v5\EWARM\wm_gsm_ethernet_v3\Obj\fatfs.o
#        D:\Saoviet_Git\Saoviet_Envirotrack_M_TNMT\Project_Master_TNMT_Ver_2_1\1.Source_Code_L496\wm_gsm_ethernet_v5\EWARM\wm_gsm_ethernet_v3\Obj\ff.o
#        D:\Saoviet_Git\Saoviet_Envirotrack_M_TNMT\Project_Master_TNMT_Ver_2_1\1.Source_Code_L496\wm_gsm_ethernet_v5\EWARM\wm_gsm_ethernet_v3\Obj\ff_gen_drv.o
#        D:\Saoviet_Git\Saoviet_Envirotrack_M_TNMT\Project_Master_TNMT_Ver_2_1\1.Source_Code_L496\wm_gsm_ethernet_v5\EWARM\wm_gsm_ethernet_v3\Obj\glcd.o
#        D:\Saoviet_Git\Saoviet_Envirotrack_M_TNMT\Project_Master_TNMT_Ver_2_1\1.Source_Code_L496\wm_gsm_ethernet_v5\EWARM\wm_gsm_ethernet_v3\Obj\gpio.o
#        D:\Saoviet_Git\Saoviet_Envirotrack_M_TNMT\Project_Master_TNMT_Ver_2_1\1.Source_Code_L496\wm_gsm_ethernet_v5\EWARM\wm_gsm_ethernet_v3\Obj\graphics.o
#        D:\Saoviet_Git\Saoviet_Envirotrack_M_TNMT\Project_Master_TNMT_Ver_2_1\1.Source_Code_L496\wm_gsm_ethernet_v5\EWARM\wm_gsm_ethernet_v3\Obj\graphs.o
#        D:\Saoviet_Git\Saoviet_Envirotrack_M_TNMT\Project_Master_TNMT_Ver_2_1\1.Source_Code_L496\wm_gsm_ethernet_v5\EWARM\wm_gsm_ethernet_v3\Obj\i2c.o
#        D:\Saoviet_Git\Saoviet_Envirotrack_M_TNMT\Project_Master_TNMT_Ver_2_1\1.Source_Code_L496\wm_gsm_ethernet_v5\EWARM\wm_gsm_ethernet_v3\Obj\iwdg.o
#        D:\Saoviet_Git\Saoviet_Envirotrack_M_TNMT\Project_Master_TNMT_Ver_2_1\1.Source_Code_L496\wm_gsm_ethernet_v5\EWARM\wm_gsm_ethernet_v3\Obj\lcd_display.o
#        D:\Saoviet_Git\Saoviet_Envirotrack_M_TNMT\Project_Master_TNMT_Ver_2_1\1.Source_Code_L496\wm_gsm_ethernet_v5\EWARM\wm_gsm_ethernet_v3\Obj\level_S_YW_01B.o
#        D:\Saoviet_Git\Saoviet_Envirotrack_M_TNMT\Project_Master_TNMT_Ver_2_1\1.Source_Code_L496\wm_gsm_ethernet_v5\EWARM\wm_gsm_ethernet_v3\Obj\level_SUP_PX261_B.o
#        D:\Saoviet_Git\Saoviet_Envirotrack_M_TNMT\Project_Master_TNMT_Ver_2_1\1.Source_Code_L496\wm_gsm_ethernet_v5\EWARM\wm_gsm_ethernet_v3\Obj\level_ultrasonic.o
#        D:\Saoviet_Git\Saoviet_Envirotrack_M_TNMT\Project_Master_TNMT_Ver_2_1\1.Source_Code_L496\wm_gsm_ethernet_v5\EWARM\wm_gsm_ethernet_v3\Obj\lptim.o
#        D:\Saoviet_Git\Saoviet_Envirotrack_M_TNMT\Project_Master_TNMT_Ver_2_1\1.Source_Code_L496\wm_gsm_ethernet_v5\EWARM\wm_gsm_ethernet_v3\Obj\main.o
#        D:\Saoviet_Git\Saoviet_Envirotrack_M_TNMT\Project_Master_TNMT_Ver_2_1\1.Source_Code_L496\wm_gsm_ethernet_v5\EWARM\wm_gsm_ethernet_v3\Obj\mb.o
#        D:\Saoviet_Git\Saoviet_Envirotrack_M_TNMT\Project_Master_TNMT_Ver_2_1\1.Source_Code_L496\wm_gsm_ethernet_v5\EWARM\wm_gsm_ethernet_v3\Obj\mbfunccoils.o
#        D:\Saoviet_Git\Saoviet_Envirotrack_M_TNMT\Project_Master_TNMT_Ver_2_1\1.Source_Code_L496\wm_gsm_ethernet_v5\EWARM\wm_gsm_ethernet_v3\Obj\mbfuncdiag.o
#        D:\Saoviet_Git\Saoviet_Envirotrack_M_TNMT\Project_Master_TNMT_Ver_2_1\1.Source_Code_L496\wm_gsm_ethernet_v5\EWARM\wm_gsm_ethernet_v3\Obj\mbfuncdisc.o
#        D:\Saoviet_Git\Saoviet_Envirotrack_M_TNMT\Project_Master_TNMT_Ver_2_1\1.Source_Code_L496\wm_gsm_ethernet_v5\EWARM\wm_gsm_ethernet_v3\Obj\mbfuncholding.o
#        D:\Saoviet_Git\Saoviet_Envirotrack_M_TNMT\Project_Master_TNMT_Ver_2_1\1.Source_Code_L496\wm_gsm_ethernet_v5\EWARM\wm_gsm_ethernet_v3\Obj\mbfuncinput.o
#        D:\Saoviet_Git\Saoviet_Envirotrack_M_TNMT\Project_Master_TNMT_Ver_2_1\1.Source_Code_L496\wm_gsm_ethernet_v5\EWARM\wm_gsm_ethernet_v3\Obj\mbfuncother.o
#        D:\Saoviet_Git\Saoviet_Envirotrack_M_TNMT\Project_Master_TNMT_Ver_2_1\1.Source_Code_L496\wm_gsm_ethernet_v5\EWARM\wm_gsm_ethernet_v3\Obj\mbtcp.o
#        D:\Saoviet_Git\Saoviet_Envirotrack_M_TNMT\Project_Master_TNMT_Ver_2_1\1.Source_Code_L496\wm_gsm_ethernet_v5\EWARM\wm_gsm_ethernet_v3\Obj\mbutils.o
#        D:\Saoviet_Git\Saoviet_Envirotrack_M_TNMT\Project_Master_TNMT_Ver_2_1\1.Source_Code_L496\wm_gsm_ethernet_v5\EWARM\wm_gsm_ethernet_v3\Obj\MQTTConnectClient.o
#        D:\Saoviet_Git\Saoviet_Envirotrack_M_TNMT\Project_Master_TNMT_Ver_2_1\1.Source_Code_L496\wm_gsm_ethernet_v5\EWARM\wm_gsm_ethernet_v3\Obj\MQTTConnectServer.o
#        D:\Saoviet_Git\Saoviet_Envirotrack_M_TNMT\Project_Master_TNMT_Ver_2_1\1.Source_Code_L496\wm_gsm_ethernet_v5\EWARM\wm_gsm_ethernet_v3\Obj\MQTTDeserializePublish.o
#        D:\Saoviet_Git\Saoviet_Envirotrack_M_TNMT\Project_Master_TNMT_Ver_2_1\1.Source_Code_L496\wm_gsm_ethernet_v5\EWARM\wm_gsm_ethernet_v3\Obj\MQTTFormat.o
#        D:\Saoviet_Git\Saoviet_Envirotrack_M_TNMT\Project_Master_TNMT_Ver_2_1\1.Source_Code_L496\wm_gsm_ethernet_v5\EWARM\wm_gsm_ethernet_v3\Obj\MQTTPacket.o
#        D:\Saoviet_Git\Saoviet_Envirotrack_M_TNMT\Project_Master_TNMT_Ver_2_1\1.Source_Code_L496\wm_gsm_ethernet_v5\EWARM\wm_gsm_ethernet_v3\Obj\MQTTSerializePublish.o
#        D:\Saoviet_Git\Saoviet_Envirotrack_M_TNMT\Project_Master_TNMT_Ver_2_1\1.Source_Code_L496\wm_gsm_ethernet_v5\EWARM\wm_gsm_ethernet_v3\Obj\MQTTSubscribeClient.o
#        D:\Saoviet_Git\Saoviet_Envirotrack_M_TNMT\Project_Master_TNMT_Ver_2_1\1.Source_Code_L496\wm_gsm_ethernet_v5\EWARM\wm_gsm_ethernet_v3\Obj\MQTTSubscribeServer.o
#        D:\Saoviet_Git\Saoviet_Envirotrack_M_TNMT\Project_Master_TNMT_Ver_2_1\1.Source_Code_L496\wm_gsm_ethernet_v5\EWARM\wm_gsm_ethernet_v3\Obj\MQTTUnsubscribeClient.o
#        D:\Saoviet_Git\Saoviet_Envirotrack_M_TNMT\Project_Master_TNMT_Ver_2_1\1.Source_Code_L496\wm_gsm_ethernet_v5\EWARM\wm_gsm_ethernet_v3\Obj\MQTTUnsubscribeServer.o
#        D:\Saoviet_Git\Saoviet_Envirotrack_M_TNMT\Project_Master_TNMT_Ver_2_1\1.Source_Code_L496\wm_gsm_ethernet_v5\EWARM\wm_gsm_ethernet_v3\Obj\NT75451.o
#        D:\Saoviet_Git\Saoviet_Envirotrack_M_TNMT\Project_Master_TNMT_Ver_2_1\1.Source_Code_L496\wm_gsm_ethernet_v5\EWARM\wm_gsm_ethernet_v3\Obj\onchipflash.o
#        D:\Saoviet_Git\Saoviet_Envirotrack_M_TNMT\Project_Master_TNMT_Ver_2_1\1.Source_Code_L496\wm_gsm_ethernet_v5\EWARM\wm_gsm_ethernet_v3\Obj\PCD8544.o
#        D:\Saoviet_Git\Saoviet_Envirotrack_M_TNMT\Project_Master_TNMT_Ver_2_1\1.Source_Code_L496\wm_gsm_ethernet_v5\EWARM\wm_gsm_ethernet_v3\Obj\portevent.o
#        D:\Saoviet_Git\Saoviet_Envirotrack_M_TNMT\Project_Master_TNMT_Ver_2_1\1.Source_Code_L496\wm_gsm_ethernet_v5\EWARM\wm_gsm_ethernet_v3\Obj\porttcp.o
#        D:\Saoviet_Git\Saoviet_Envirotrack_M_TNMT\Project_Master_TNMT_Ver_2_1\1.Source_Code_L496\wm_gsm_ethernet_v5\EWARM\wm_gsm_ethernet_v3\Obj\queue_p.o
#        D:\Saoviet_Git\Saoviet_Envirotrack_M_TNMT\Project_Master_TNMT_Ver_2_1\1.Source_Code_L496\wm_gsm_ethernet_v5\EWARM\wm_gsm_ethernet_v3\Obj\rtc.o
#        D:\Saoviet_Git\Saoviet_Envirotrack_M_TNMT\Project_Master_TNMT_Ver_2_1\1.Source_Code_L496\wm_gsm_ethernet_v5\EWARM\wm_gsm_ethernet_v3\Obj\S25FL216K.o
#        D:\Saoviet_Git\Saoviet_Envirotrack_M_TNMT\Project_Master_TNMT_Ver_2_1\1.Source_Code_L496\wm_gsm_ethernet_v5\EWARM\wm_gsm_ethernet_v3\Obj\sd_benchmark.o
#        D:\Saoviet_Git\Saoviet_Envirotrack_M_TNMT\Project_Master_TNMT_Ver_2_1\1.Source_Code_L496\wm_gsm_ethernet_v5\EWARM\wm_gsm_ethernet_v3\Obj\sd_diskio_spi.o
#        D:\Saoviet_Git\Saoviet_Envirotrack_M_TNMT\Project_Master_TNMT_Ver_2_1\1.Source_Code_L496\wm_gsm_ethernet_v5\EWARM\wm_gsm_ethernet_v3\Obj\sd_functions.o
#        D:\Saoviet_Git\Saoviet_Envirotrack_M_TNMT\Project_Master_TNMT_Ver_2_1\1.Source_Code_L496\wm_gsm_ethernet_v5\EWARM\wm_gsm_ethernet_v3\Obj\sd_spi.o
#        D:\Saoviet_Git\Saoviet_Envirotrack_M_TNMT\Project_Master_TNMT_Ver_2_1\1.Source_Code_L496\wm_gsm_ethernet_v5\EWARM\wm_gsm_ethernet_v3\Obj\siemen_mag8000.o
#        D:\Saoviet_Git\Saoviet_Envirotrack_M_TNMT\Project_Master_TNMT_Ver_2_1\1.Source_Code_L496\wm_gsm_ethernet_v5\EWARM\wm_gsm_ethernet_v3\Obj\socket.o
#        D:\Saoviet_Git\Saoviet_Envirotrack_M_TNMT\Project_Master_TNMT_Ver_2_1\1.Source_Code_L496\wm_gsm_ethernet_v5\EWARM\wm_gsm_ethernet_v3\Obj\spi.o
#        D:\Saoviet_Git\Saoviet_Envirotrack_M_TNMT\Project_Master_TNMT_Ver_2_1\1.Source_Code_L496\wm_gsm_ethernet_v5\EWARM\wm_gsm_ethernet_v3\Obj\ST7565R.o
#        D:\Saoviet_Git\Saoviet_Envirotrack_M_TNMT\Project_Master_TNMT_Ver_2_1\1.Source_Code_L496\wm_gsm_ethernet_v5\EWARM\wm_gsm_ethernet_v3\Obj\startup_stm32l496xx.o
#        D:\Saoviet_Git\Saoviet_Envirotrack_M_TNMT\Project_Master_TNMT_Ver_2_1\1.Source_Code_L496\wm_gsm_ethernet_v5\EWARM\wm_gsm_ethernet_v3\Obj\STM32F0xx.o
#        D:\Saoviet_Git\Saoviet_Envirotrack_M_TNMT\Project_Master_TNMT_Ver_2_1\1.Source_Code_L496\wm_gsm_ethernet_v5\EWARM\wm_gsm_ethernet_v3\Obj\STM32F10x.o
#        D:\Saoviet_Git\Saoviet_Envirotrack_M_TNMT\Project_Master_TNMT_Ver_2_1\1.Source_Code_L496\wm_gsm_ethernet_v5\EWARM\wm_gsm_ethernet_v3\Obj\STM32F4.o
#        D:\Saoviet_Git\Saoviet_Envirotrack_M_TNMT\Project_Master_TNMT_Ver_2_1\1.Source_Code_L496\wm_gsm_ethernet_v5\EWARM\wm_gsm_ethernet_v3\Obj\STM32L4.o
#        D:\Saoviet_Git\Saoviet_Envirotrack_M_TNMT\Project_Master_TNMT_Ver_2_1\1.Source_Code_L496\wm_gsm_ethernet_v5\EWARM\wm_gsm_ethernet_v3\Obj\stm32l4xx_hal.o
#        D:\Saoviet_Git\Saoviet_Envirotrack_M_TNMT\Project_Master_TNMT_Ver_2_1\1.Source_Code_L496\wm_gsm_ethernet_v5\EWARM\wm_gsm_ethernet_v3\Obj\stm32l4xx_hal_adc.o
#        D:\Saoviet_Git\Saoviet_Envirotrack_M_TNMT\Project_Master_TNMT_Ver_2_1\1.Source_Code_L496\wm_gsm_ethernet_v5\EWARM\wm_gsm_ethernet_v3\Obj\stm32l4xx_hal_adc_ex.o
#        D:\Saoviet_Git\Saoviet_Envirotrack_M_TNMT\Project_Master_TNMT_Ver_2_1\1.Source_Code_L496\wm_gsm_ethernet_v5\EWARM\wm_gsm_ethernet_v3\Obj\stm32l4xx_hal_cortex.o
#        D:\Saoviet_Git\Saoviet_Envirotrack_M_TNMT\Project_Master_TNMT_Ver_2_1\1.Source_Code_L496\wm_gsm_ethernet_v5\EWARM\wm_gsm_ethernet_v3\Obj\stm32l4xx_hal_dma.o
#        D:\Saoviet_Git\Saoviet_Envirotrack_M_TNMT\Project_Master_TNMT_Ver_2_1\1.Source_Code_L496\wm_gsm_ethernet_v5\EWARM\wm_gsm_ethernet_v3\Obj\stm32l4xx_hal_dma_ex.o
#        D:\Saoviet_Git\Saoviet_Envirotrack_M_TNMT\Project_Master_TNMT_Ver_2_1\1.Source_Code_L496\wm_gsm_ethernet_v5\EWARM\wm_gsm_ethernet_v3\Obj\stm32l4xx_hal_exti.o
#        D:\Saoviet_Git\Saoviet_Envirotrack_M_TNMT\Project_Master_TNMT_Ver_2_1\1.Source_Code_L496\wm_gsm_ethernet_v5\EWARM\wm_gsm_ethernet_v3\Obj\stm32l4xx_hal_flash.o
#        D:\Saoviet_Git\Saoviet_Envirotrack_M_TNMT\Project_Master_TNMT_Ver_2_1\1.Source_Code_L496\wm_gsm_ethernet_v5\EWARM\wm_gsm_ethernet_v3\Obj\stm32l4xx_hal_flash_ex.o
#        D:\Saoviet_Git\Saoviet_Envirotrack_M_TNMT\Project_Master_TNMT_Ver_2_1\1.Source_Code_L496\wm_gsm_ethernet_v5\EWARM\wm_gsm_ethernet_v3\Obj\stm32l4xx_hal_flash_ramfunc.o
#        D:\Saoviet_Git\Saoviet_Envirotrack_M_TNMT\Project_Master_TNMT_Ver_2_1\1.Source_Code_L496\wm_gsm_ethernet_v5\EWARM\wm_gsm_ethernet_v3\Obj\stm32l4xx_hal_gpio.o
#        D:\Saoviet_Git\Saoviet_Envirotrack_M_TNMT\Project_Master_TNMT_Ver_2_1\1.Source_Code_L496\wm_gsm_ethernet_v5\EWARM\wm_gsm_ethernet_v3\Obj\stm32l4xx_hal_i2c.o
#        D:\Saoviet_Git\Saoviet_Envirotrack_M_TNMT\Project_Master_TNMT_Ver_2_1\1.Source_Code_L496\wm_gsm_ethernet_v5\EWARM\wm_gsm_ethernet_v3\Obj\stm32l4xx_hal_i2c_ex.o
#        D:\Saoviet_Git\Saoviet_Envirotrack_M_TNMT\Project_Master_TNMT_Ver_2_1\1.Source_Code_L496\wm_gsm_ethernet_v5\EWARM\wm_gsm_ethernet_v3\Obj\stm32l4xx_hal_iwdg.o
#        D:\Saoviet_Git\Saoviet_Envirotrack_M_TNMT\Project_Master_TNMT_Ver_2_1\1.Source_Code_L496\wm_gsm_ethernet_v5\EWARM\wm_gsm_ethernet_v3\Obj\stm32l4xx_hal_lptim.o
#        D:\Saoviet_Git\Saoviet_Envirotrack_M_TNMT\Project_Master_TNMT_Ver_2_1\1.Source_Code_L496\wm_gsm_ethernet_v5\EWARM\wm_gsm_ethernet_v3\Obj\stm32l4xx_hal_msp.o
#        D:\Saoviet_Git\Saoviet_Envirotrack_M_TNMT\Project_Master_TNMT_Ver_2_1\1.Source_Code_L496\wm_gsm_ethernet_v5\EWARM\wm_gsm_ethernet_v3\Obj\stm32l4xx_hal_pwr.o
#        D:\Saoviet_Git\Saoviet_Envirotrack_M_TNMT\Project_Master_TNMT_Ver_2_1\1.Source_Code_L496\wm_gsm_ethernet_v5\EWARM\wm_gsm_ethernet_v3\Obj\stm32l4xx_hal_pwr_ex.o
#        D:\Saoviet_Git\Saoviet_Envirotrack_M_TNMT\Project_Master_TNMT_Ver_2_1\1.Source_Code_L496\wm_gsm_ethernet_v5\EWARM\wm_gsm_ethernet_v3\Obj\stm32l4xx_hal_rcc.o
#        D:\Saoviet_Git\Saoviet_Envirotrack_M_TNMT\Project_Master_TNMT_Ver_2_1\1.Source_Code_L496\wm_gsm_ethernet_v5\EWARM\wm_gsm_ethernet_v3\Obj\stm32l4xx_hal_rcc_ex.o
#        D:\Saoviet_Git\Saoviet_Envirotrack_M_TNMT\Project_Master_TNMT_Ver_2_1\1.Source_Code_L496\wm_gsm_ethernet_v5\EWARM\wm_gsm_ethernet_v3\Obj\stm32l4xx_hal_rtc.o
#        D:\Saoviet_Git\Saoviet_Envirotrack_M_TNMT\Project_Master_TNMT_Ver_2_1\1.Source_Code_L496\wm_gsm_ethernet_v5\EWARM\wm_gsm_ethernet_v3\Obj\stm32l4xx_hal_rtc_ex.o
#        D:\Saoviet_Git\Saoviet_Envirotrack_M_TNMT\Project_Master_TNMT_Ver_2_1\1.Source_Code_L496\wm_gsm_ethernet_v5\EWARM\wm_gsm_ethernet_v3\Obj\stm32l4xx_hal_spi.o
#        D:\Saoviet_Git\Saoviet_Envirotrack_M_TNMT\Project_Master_TNMT_Ver_2_1\1.Source_Code_L496\wm_gsm_ethernet_v5\EWARM\wm_gsm_ethernet_v3\Obj\stm32l4xx_hal_spi_ex.o
#        D:\Saoviet_Git\Saoviet_Envirotrack_M_TNMT\Project_Master_TNMT_Ver_2_1\1.Source_Code_L496\wm_gsm_ethernet_v5\EWARM\wm_gsm_ethernet_v3\Obj\stm32l4xx_hal_tim.o
#        D:\Saoviet_Git\Saoviet_Envirotrack_M_TNMT\Project_Master_TNMT_Ver_2_1\1.Source_Code_L496\wm_gsm_ethernet_v5\EWARM\wm_gsm_ethernet_v3\Obj\stm32l4xx_hal_tim_ex.o
#        D:\Saoviet_Git\Saoviet_Envirotrack_M_TNMT\Project_Master_TNMT_Ver_2_1\1.Source_Code_L496\wm_gsm_ethernet_v5\EWARM\wm_gsm_ethernet_v3\Obj\stm32l4xx_hal_uart.o
#        D:\Saoviet_Git\Saoviet_Envirotrack_M_TNMT\Project_Master_TNMT_Ver_2_1\1.Source_Code_L496\wm_gsm_ethernet_v5\EWARM\wm_gsm_ethernet_v3\Obj\stm32l4xx_hal_uart_ex.o
#        D:\Saoviet_Git\Saoviet_Envirotrack_M_TNMT\Project_Master_TNMT_Ver_2_1\1.Source_Code_L496\wm_gsm_ethernet_v5\EWARM\wm_gsm_ethernet_v3\Obj\stm32l4xx_it.o
#        D:\Saoviet_Git\Saoviet_Envirotrack_M_TNMT\Project_Master_TNMT_Ver_2_1\1.Source_Code_L496\wm_gsm_ethernet_v5\EWARM\wm_gsm_ethernet_v3\Obj\syscall.o
#        D:\Saoviet_Git\Saoviet_Envirotrack_M_TNMT\Project_Master_TNMT_Ver_2_1\1.Source_Code_L496\wm_gsm_ethernet_v5\EWARM\wm_gsm_ethernet_v3\Obj\system_stm32l4xx.o
#        D:\Saoviet_Git\Saoviet_Envirotrack_M_TNMT\Project_Master_TNMT_Ver_2_1\1.Source_Code_L496\wm_gsm_ethernet_v5\EWARM\wm_gsm_ethernet_v3\Obj\text.o
#        D:\Saoviet_Git\Saoviet_Envirotrack_M_TNMT\Project_Master_TNMT_Ver_2_1\1.Source_Code_L496\wm_gsm_ethernet_v5\EWARM\wm_gsm_ethernet_v3\Obj\text_tiny.o
#        D:\Saoviet_Git\Saoviet_Envirotrack_M_TNMT\Project_Master_TNMT_Ver_2_1\1.Source_Code_L496\wm_gsm_ethernet_v5\EWARM\wm_gsm_ethernet_v3\Obj\tim.o
#        D:\Saoviet_Git\Saoviet_Envirotrack_M_TNMT\Project_Master_TNMT_Ver_2_1\1.Source_Code_L496\wm_gsm_ethernet_v5\EWARM\wm_gsm_ethernet_v3\Obj\unit_tests.o
#        D:\Saoviet_Git\Saoviet_Envirotrack_M_TNMT\Project_Master_TNMT_Ver_2_1\1.Source_Code_L496\wm_gsm_ethernet_v5\EWARM\wm_gsm_ethernet_v3\Obj\usart.o
#        D:\Saoviet_Git\Saoviet_Envirotrack_M_TNMT\Project_Master_TNMT_Ver_2_1\1.Source_Code_L496\wm_gsm_ethernet_v5\EWARM\wm_gsm_ethernet_v3\Obj\user_adc.o
#        D:\Saoviet_Git\Saoviet_Envirotrack_M_TNMT\Project_Master_TNMT_Ver_2_1\1.Source_Code_L496\wm_gsm_ethernet_v5\EWARM\wm_gsm_ethernet_v3\Obj\user_adv_trace.o
#        D:\Saoviet_Git\Saoviet_Envirotrack_M_TNMT\Project_Master_TNMT_Ver_2_1\1.Source_Code_L496\wm_gsm_ethernet_v5\EWARM\wm_gsm_ethernet_v3\Obj\user_app_comm.o
#        D:\Saoviet_Git\Saoviet_Envirotrack_M_TNMT\Project_Master_TNMT_Ver_2_1\1.Source_Code_L496\wm_gsm_ethernet_v5\EWARM\wm_gsm_ethernet_v3\Obj\user_app_ethernet.o
#        D:\Saoviet_Git\Saoviet_Envirotrack_M_TNMT\Project_Master_TNMT_Ver_2_1\1.Source_Code_L496\wm_gsm_ethernet_v5\EWARM\wm_gsm_ethernet_v3\Obj\user_app_modb_m.o
#        D:\Saoviet_Git\Saoviet_Envirotrack_M_TNMT\Project_Master_TNMT_Ver_2_1\1.Source_Code_L496\wm_gsm_ethernet_v5\EWARM\wm_gsm_ethernet_v3\Obj\user_app_sensor.o
#        D:\Saoviet_Git\Saoviet_Envirotrack_M_TNMT\Project_Master_TNMT_Ver_2_1\1.Source_Code_L496\wm_gsm_ethernet_v5\EWARM\wm_gsm_ethernet_v3\Obj\user_app_sim.o
#        D:\Saoviet_Git\Saoviet_Envirotrack_M_TNMT\Project_Master_TNMT_Ver_2_1\1.Source_Code_L496\wm_gsm_ethernet_v5\EWARM\wm_gsm_ethernet_v3\Obj\user_app_wm.o
#        D:\Saoviet_Git\Saoviet_Envirotrack_M_TNMT\Project_Master_TNMT_Ver_2_1\1.Source_Code_L496\wm_gsm_ethernet_v5\EWARM\wm_gsm_ethernet_v3\Obj\user_at_serial.o
#        D:\Saoviet_Git\Saoviet_Envirotrack_M_TNMT\Project_Master_TNMT_Ver_2_1\1.Source_Code_L496\wm_gsm_ethernet_v5\EWARM\wm_gsm_ethernet_v3\Obj\user_convert_variable.o
#        D:\Saoviet_Git\Saoviet_Envirotrack_M_TNMT\Project_Master_TNMT_Ver_2_1\1.Source_Code_L496\wm_gsm_ethernet_v5\EWARM\wm_gsm_ethernet_v3\Obj\user_diskio.o
#        D:\Saoviet_Git\Saoviet_Envirotrack_M_TNMT\Project_Master_TNMT_Ver_2_1\1.Source_Code_L496\wm_gsm_ethernet_v5\EWARM\wm_gsm_ethernet_v3\Obj\user_ec200u.o
#        D:\Saoviet_Git\Saoviet_Envirotrack_M_TNMT\Project_Master_TNMT_Ver_2_1\1.Source_Code_L496\wm_gsm_ethernet_v5\EWARM\wm_gsm_ethernet_v3\Obj\user_internal_mem.o
#        D:\Saoviet_Git\Saoviet_Envirotrack_M_TNMT\Project_Master_TNMT_Ver_2_1\1.Source_Code_L496\wm_gsm_ethernet_v5\EWARM\wm_gsm_ethernet_v3\Obj\user_json.o
#        D:\Saoviet_Git\Saoviet_Envirotrack_M_TNMT\Project_Master_TNMT_Ver_2_1\1.Source_Code_L496\wm_gsm_ethernet_v5\EWARM\wm_gsm_ethernet_v3\Obj\user_l506.o
#        D:\Saoviet_Git\Saoviet_Envirotrack_M_TNMT\Project_Master_TNMT_Ver_2_1\1.Source_Code_L496\wm_gsm_ethernet_v5\EWARM\wm_gsm_ethernet_v3\Obj\user_l511.o
#        D:\Saoviet_Git\Saoviet_Envirotrack_M_TNMT\Project_Master_TNMT_Ver_2_1\1.Source_Code_L496\wm_gsm_ethernet_v5\EWARM\wm_gsm_ethernet_v3\Obj\user_lpm.o
#        D:\Saoviet_Git\Saoviet_Envirotrack_M_TNMT\Project_Master_TNMT_Ver_2_1\1.Source_Code_L496\wm_gsm_ethernet_v5\EWARM\wm_gsm_ethernet_v3\Obj\user_lptim.o
#        D:\Saoviet_Git\Saoviet_Envirotrack_M_TNMT\Project_Master_TNMT_Ver_2_1\1.Source_Code_L496\wm_gsm_ethernet_v5\EWARM\wm_gsm_ethernet_v3\Obj\user_mem.o
#        D:\Saoviet_Git\Saoviet_Envirotrack_M_TNMT\Project_Master_TNMT_Ver_2_1\1.Source_Code_L496\wm_gsm_ethernet_v5\EWARM\wm_gsm_ethernet_v3\Obj\user_mem_comm.o
#        D:\Saoviet_Git\Saoviet_Envirotrack_M_TNMT\Project_Master_TNMT_Ver_2_1\1.Source_Code_L496\wm_gsm_ethernet_v5\EWARM\wm_gsm_ethernet_v3\Obj\user_message.o
#        D:\Saoviet_Git\Saoviet_Envirotrack_M_TNMT\Project_Master_TNMT_Ver_2_1\1.Source_Code_L496\wm_gsm_ethernet_v5\EWARM\wm_gsm_ethernet_v3\Obj\user_modbus_rtu.o
#        D:\Saoviet_Git\Saoviet_Envirotrack_M_TNMT\Project_Master_TNMT_Ver_2_1\1.Source_Code_L496\wm_gsm_ethernet_v5\EWARM\wm_gsm_ethernet_v3\Obj\user_modem.o
#        D:\Saoviet_Git\Saoviet_Envirotrack_M_TNMT\Project_Master_TNMT_Ver_2_1\1.Source_Code_L496\wm_gsm_ethernet_v5\EWARM\wm_gsm_ethernet_v3\Obj\user_obis_sv.o
#        D:\Saoviet_Git\Saoviet_Envirotrack_M_TNMT\Project_Master_TNMT_Ver_2_1\1.Source_Code_L496\wm_gsm_ethernet_v5\EWARM\wm_gsm_ethernet_v3\Obj\user_rs485.o
#        D:\Saoviet_Git\Saoviet_Envirotrack_M_TNMT\Project_Master_TNMT_Ver_2_1\1.Source_Code_L496\wm_gsm_ethernet_v5\EWARM\wm_gsm_ethernet_v3\Obj\user_rtc.o
#        D:\Saoviet_Git\Saoviet_Envirotrack_M_TNMT\Project_Master_TNMT_Ver_2_1\1.Source_Code_L496\wm_gsm_ethernet_v5\EWARM\wm_gsm_ethernet_v3\Obj\user_sd.o
#        D:\Saoviet_Git\Saoviet_Envirotrack_M_TNMT\Project_Master_TNMT_Ver_2_1\1.Source_Code_L496\wm_gsm_ethernet_v5\EWARM\wm_gsm_ethernet_v3\Obj\user_sim.o
#        D:\Saoviet_Git\Saoviet_Envirotrack_M_TNMT\Project_Master_TNMT_Ver_2_1\1.Source_Code_L496\wm_gsm_ethernet_v5\EWARM\wm_gsm_ethernet_v3\Obj\user_sim_common.o
#        D:\Saoviet_Git\Saoviet_Envirotrack_M_TNMT\Project_Master_TNMT_Ver_2_1\1.Source_Code_L496\wm_gsm_ethernet_v5\EWARM\wm_gsm_ethernet_v3\Obj\user_string.o
#        D:\Saoviet_Git\Saoviet_Envirotrack_M_TNMT\Project_Master_TNMT_Ver_2_1\1.Source_Code_L496\wm_gsm_ethernet_v5\EWARM\wm_gsm_ethernet_v3\Obj\user_time.o
#        D:\Saoviet_Git\Saoviet_Envirotrack_M_TNMT\Project_Master_TNMT_Ver_2_1\1.Source_Code_L496\wm_gsm_ethernet_v5\EWARM\wm_gsm_ethernet_v3\Obj\user_timer.o
#        D:\Saoviet_Git\Saoviet_Envirotrack_M_TNMT\Project_Master_TNMT_Ver_2_1\1.Source_Code_L496\wm_gsm_ethernet_v5\EWARM\wm_gsm_ethernet_v3\Obj\user_tiny_vsnprintf.o
#        D:\Saoviet_Git\Saoviet_Envirotrack_M_TNMT\Project_Master_TNMT_Ver_2_1\1.Source_Code_L496\wm_gsm_ethernet_v5\EWARM\wm_gsm_ethernet_v3\Obj\user_uart.o
#        D:\Saoviet_Git\Saoviet_Envirotrack_M_TNMT\Project_Master_TNMT_Ver_2_1\1.Source_Code_L496\wm_gsm_ethernet_v5\EWARM\wm_gsm_ethernet_v3\Obj\user_util.o
#        D:\Saoviet_Git\Saoviet_Envirotrack_M_TNMT\Project_Master_TNMT_Ver_2_1\1.Source_Code_L496\wm_gsm_ethernet_v5\EWARM\wm_gsm_ethernet_v3\Obj\user_wm_digital.o
#        D:\Saoviet_Git\Saoviet_Envirotrack_M_TNMT\Project_Master_TNMT_Ver_2_1\1.Source_Code_L496\wm_gsm_ethernet_v5\EWARM\wm_gsm_ethernet_v3\Obj\w6100.o
#        D:\Saoviet_Git\Saoviet_Envirotrack_M_TNMT\Project_Master_TNMT_Ver_2_1\1.Source_Code_L496\wm_gsm_ethernet_v5\EWARM\wm_gsm_ethernet_v3\Obj\wizchip_conf.o
#        D:\Saoviet_Git\Saoviet_Envirotrack_M_TNMT\Project_Master_TNMT_Ver_2_1\1.Source_Code_L496\wm_gsm_ethernet_v5\EWARM\wm_gsm_ethernet_v3\Obj\wm_mong_cai.o
#        D:\Saoviet_Git\Saoviet_Envirotrack_M_TNMT\Project_Master_TNMT_Ver_2_1\1.Source_Code_L496\wm_gsm_ethernet_v5\EWARM\wm_gsm_ethernet_v3\Obj\wm_mt100.o
#        D:\Saoviet_Git\Saoviet_Envirotrack_M_TNMT\Project_Master_TNMT_Ver_2_1\1.Source_Code_L496\wm_gsm_ethernet_v5\EWARM\wm_gsm_ethernet_v3\Obj\wm_sence.o
#        D:\Saoviet_Git\Saoviet_Envirotrack_M_TNMT\Project_Master_TNMT_Ver_2_1\1.Source_Code_L496\wm_gsm_ethernet_v5\EWARM\wm_gsm_ethernet_v3\Obj\woteck_ultrasonic.o
#        D:\Saoviet_Git\Saoviet_Envirotrack_M_TNMT\Project_Master_TNMT_Ver_2_1\1.Source_Code_L496\wm_gsm_ethernet_v5\EWARM\wm_gsm_ethernet_v3\Obj\woteck_wm.o
#        --no_out_extension -o
#        D:\Saoviet_Git\Saoviet_Envirotrack_M_TNMT\Project_Master_TNMT_Ver_2_1\1.Source_Code_L496\wm_gsm_ethernet_v5\EWARM\wm_gsm_ethernet_v3\Exe\wm_gsm_ethernet_v3.out
#        --redirect _Printf=_PrintfFullNoMb --redirect _Scanf=_ScanfFullNoMb
#        --map
#        D:\Saoviet_Git\Saoviet_Envirotrack_M_TNMT\Project_Master_TNMT_Ver_2_1\1.Source_Code_L496\wm_gsm_ethernet_v5\EWARM\wm_gsm_ethernet_v3\List\wm_gsm_ethernet_v3.map
#        --config
#        D:\Saoviet_Git\Saoviet_Envirotrack_M_TNMT\Project_Master_TNMT_Ver_2_1\1.Source_Code_L496\wm_gsm_ethernet_v5\EWARM/stm32l496xx_flash.icf
#        --semihosting --entry __iar_program_start --vfe --text_out locale)
#
###############################################################################

*******************************************************************************
*** RUNTIME MODEL ATTRIBUTES
***

CppFlavor       = *
__Heap_Handler  = DLMalloc
__SystemLibrary = DLib
__dlib_version  = 6


*******************************************************************************
*** HEAP SELECTION
***

The advanced heap was selected because the application calls memory
allocation functions outside of system library functions, and there
are calls to deallocation functions in the application.


*******************************************************************************
*** PLACEMENT SUMMARY
***

"A0":  place at address 0x800'4000 { ro section .intvec };
"P1":  place in [from 0x800'0000 to 0x80f'ffff] { ro };
define block CSTACK with size = 3840, alignment = 8 { };
define block HEAP with size = 1K, alignment = 8 { };
"P2":  place in [from 0x2000'0000 to 0x2004'ffff] {
          rw, block CSTACK, block HEAP };
initialize by copy { rw };

  Section            Kind         Address      Size  Object
  -------            ----         -------      ----  ------
"A0":                                         0x1ac
  .intvec            ro code   0x800'4000     0x1ac  startup_stm32l496xx.o [1]
                             - 0x800'41ac     0x1ac

"P1":                                      0x3'4b3c
  .text              ro code   0x800'41ac    0x3190  user_app_wm.o [1]
  .text              ro code   0x800'733c     0x3c4  user_timer.o [1]
  .text              ro code   0x800'7700      0xe8  user_rs485.o [1]
  .text              ro code   0x800'77e8       0xc  stm32l4xx_hal.o [1]
  .text              ro code   0x800'77f4      0x54  event_driven.o [1]
  .text              ro code   0x800'7848     0x5c6  user_util.o [1]
  .text              ro code   0x800'7e0e      0x56  level_S_YW_01B.o [1]
  .text              ro code   0x800'7e64     0x32c  user_time.o [1]
  .text              ro code   0x800'8190     0x2fe  user_adv_trace.o [1]
  .text              ro code   0x800'848e      0x3a  zero_init3.o [4]
  .text              ro code   0x800'84c8    0x2aa8  user_app_ethernet.o [1]
  .text              ro code   0x800'af70    0x14d0  user_app_sim.o [1]
  .text              ro code   0x800'c440      0x66  ABImemset.o [4]
  .text              ro code   0x800'c4a6      0x2a  level_ultrasonic.o [1]
  .text              ro code   0x800'c4d0     0x1cc  user_lptim.o [1]
  .text              ro code   0x800'c69c      0x40  sprintf.o [2]
  .text              ro code   0x800'c6dc      0x58  S64ToFlt.o [3]
  .text              ro code   0x800'c734      0x48  FltToDbl.o [3]
  .text              ro code   0x800'c77c      0x68  DblToFlt.o [3]
  .text              ro code   0x800'c7e4     0x152  user_adc.o [1]
  .text              ro code   0x800'c936      0x1a  xsnprout.o [2]
  .text              ro code   0x800'c950     0x40c  stm32l4xx_hal_gpio.o [1]
  .text              ro code   0x800'cd5c      0x2e  DblCmpLe.o [3]
  .text              ro code   0x800'cd8a       0xa  xsprout.o [2]
  .text              ro code   0x800'cd94      0xe2  DblSub.o [3]
  .rodata            const     0x800'ce76       0x2  user_app_wm.o [1]
  .text              ro code   0x800'ce78     0x1a2  DblMul.o [3]
  .rodata            const     0x800'd01a       0x2  user_ec200u.o [1]
  .text              ro code   0x800'd01c     0x246  DblDiv.o [3]
  .rodata            const     0x800'd262       0x2  user_ec200u.o [1]
  .text              ro code   0x800'd264     0x17a  DblAdd.o [3]
  .rodata            const     0x800'd3de       0x2  xlocale_c.o [2]
  .text              ro code   0x800'd3e0      0xa6  ABImemcpy.o [4]
  .text              ro code   0x800'd486     0x306  user_obis_sv.o [1]
  .text              ro code   0x800'd78c     0x1f2  onchipflash.o [1]
  .rodata            const     0x800'd97e       0x2  xlocale_c.o [2]
  .text              ro code   0x800'd980     0xfe0  user_mem.o [1]
  .text              ro code   0x800'e960      0x36  strlen.o [4]
  .text              ro code   0x800'e996      0x90  iar_Stolx.o [2]
  .rodata            const     0x800'ea26       0x1  xlocale_c.o [2]
  .text              ro code   0x800'ea28     0x3a4  strto32.o [3]
  .text              ro code   0x800'edcc      0x3a  FltToU64.o [3]
  .text              ro code   0x800'ee08      0x16  strchr.o [4]
  .text              ro code   0x800'ee20      0x70  strncpy.o [4]
  .text              ro code   0x800'ee90      0x1a  U32ToDbl.o [3]
  .text              ro code   0x800'eeac      0x22  S32ToDbl.o [3]
  .text              ro code   0x800'eed0      0x3a  DblToS32.o [3]
  .text              ro code   0x800'ef0c     0x4dc  usart.o [1]
  .text              ro code   0x800'f3e8     0xeac  stm32l4xx_hal_uart.o [1]
  .text              ro code   0x801'0294     0x194  stm32l4xx_hal_cortex.o [1]
  .text              ro code   0x801'0428      0x1e  math_wrappers64.o [3]
  .text              ro code   0x801'0448     0x14c  iar_Stoulx.o [2]
  .text              ro code   0x801'0594    0x14dc  dlmalloc.o [2]
  .text              ro code   0x801'1a70       0x4  heaptramp0.o [2]
  .text              ro code   0x801'1a74     0x78e  stm32l4xx_hal_rtc.o [1]
  .text              ro code   0x801'2204     0x350  user_tiny_vsnprintf.o [1]
  .text              ro code   0x801'2554       0x2  user_adv_trace.o [1]
  .text              ro code   0x801'2556       0x8  abs.o [2]
  .text              ro code   0x801'2560     0x33c  w6100.o [1]
  .text              ro code   0x801'289c    0x22cc  user_modem.o [1]
  .text              ro code   0x801'4b68    0x1110  dhcpv4.o [1]
  .text              ro code   0x801'5c78     0xd38  dhcpv6.o [1]
  .text              ro code   0x801'69b0     0x630  dns.o [1]
  .text              ro code   0x801'6fe0     0xb64  wizchip_conf.o [1]
  .text              ro code   0x801'7b44     0x1b6  queue_p.o [1]
  .text              ro code   0x801'7cfc     0xcc8  socket.o [1]
  .text              ro code   0x801'89c4     0xde0  user_message.o [1]
  .text              ro code   0x801'97a4     0x1e6  user_string.o [1]
  .text              ro code   0x801'998c     0xdfc  stm32l4xx_hal_spi.o [1]
  .text              ro code   0x801'a788      0x4c  strtok.o [2]
  .text              ro code   0x801'a7d4     0x1b4  stm32l4xx_hal_flash.o [1]
  .text              ro code   0x801'a988      0x28  stm32l4xx_hal.o [1]
  .text              ro code   0x801'a9b0     0x9f6  user_sim_common.o [1]
  .text              ro code   0x801'b3a8     0x7bc  user_sim.o [1]
  .text              ro code   0x801'bb64     0xbfa  user_ec200u.o [1]
  .text              ro code   0x801'c760     0x190  stm32l4xx_hal_lptim.o [1]
  .text              ro code   0x801'c8f0     0x3bc  stm32l4xx_hal_tim.o [1]
  .text              ro code   0x801'ccac     0xfc6  xprintffull_nomb.o [2]
  .text              ro code   0x801'dc74     0xf3c  stm32l4xx_hal_adc.o [1]
  .text              ro code   0x801'ebb0      0xfc  main.o [1]
  .text              ro code   0x801'ecac     0x1e0  stm32l4xx_hal_adc_ex.o [1]
  .text              ro code   0x801'ee8c     0x9b4  user_app_comm.o [1]
  .text              ro code   0x801'f840      0xb4  stm32l4xx_hal_flash_ex.o [1]
  .text              ro code   0x801'f8f4     0x104  user_internal_mem.o [1]
  .text              ro code   0x801'f9f8     0xa3c  S25FL216K.o [1]
  .text              ro code   0x802'0434     0x570  user_sd.o [1]
  .text              ro code   0x802'09a4      0x14  isspace.o [2]
  .text              ro code   0x802'09b8      0x48  frexpf.o [3]
  .text              ro code   0x802'0a00      0xc4  ldexpf.o [3]
  .text              ro code   0x802'0ac4     0x122  iar_Stopfx.o [2]
  .text              ro code   0x802'0be8     0x1b8  iar_Stoflt.o [2]
  .text              ro code   0x802'0da0     0x208  iar_Stoxflt.o [2]
  .text              ro code   0x802'0fa8      0x14  memset.o [4]
  .text              ro code   0x802'0fbc     0x730  stm32l4xx_hal_rcc_ex.o [1]
  .text              ro code   0x802'16ec     0x476  stm32l4xx_hal_dma.o [1]
  .text              ro code   0x802'1b62       0x2  stm32l4xx_hal_uart.o [1]
  .text              ro code   0x802'1b64      0xa8  user_uart.o [1]
  .text              ro code   0x802'1c0c       0x2  stm32l4xx_hal_uart_ex.o [1]
  .text              ro code   0x802'1c10     0xa04  stm32l4xx_hal_rcc.o [1]
  .text              ro code   0x802'2614     0x230  I64DivMod.o [4]
  .text              ro code   0x802'2844       0x2  stm32l4xx_hal_uart.o [1]
  .text              ro code   0x802'2848     0x4f8  strto64.o [3]
  .text              ro code   0x802'2d40     0x6ec  pow64.o [3]
  .text              ro code   0x802'342c      0x14  tolower.o [2]
  .text              ro code   0x802'3440      0x58  memchr.o [4]
  .text              ro code   0x802'3498       0x6  abort.o [2]
  .text              ro code   0x802'34a0      0x2c  xgetmemchunk.o [2]
  .text              ro code   0x802'34cc       0x6  ABImemclr.o [4]
  .text              ro code   0x802'34d4      0x58  rtc.o [1]
  .text              ro code   0x802'352c     0x3b0  user_rtc.o [1]
  .text              ro code   0x802'38dc       0x2  stm32l4xx_hal_rtc_ex.o [1]
  .text              ro code   0x802'38de      0x2c  strstr.o [2]
  .text              ro code   0x802'390c      0x46  U64ToDbl.o [3]
  .text              ro code   0x802'3954       0x6  ABImemclr4.o [4]
  .text              ro code   0x802'395c      0x48  U64ToFlt.o [3]
  .text              ro code   0x802'39a4      0x18  strcpy.o [4]
  .text              ro code   0x802'39bc      0xe0  MQTTSerializePublish.o [1]
  .text              ro code   0x802'3a9c     0x8a2  user_convert_variable.o [1]
  .text              ro code   0x802'4340      0xe8  MQTTSubscribeClient.o [1]
  .text              ro code   0x802'4428     0x200  MQTTConnectClient.o [1]
  .text              ro code   0x802'4628     0x324  spi.o [1]
  .text              ro code   0x802'494c       0x2  stm32l4xx_hal_spi.o [1]
  .text              ro code   0x802'4950     0x610  sd_spi.o [1]
  .text              ro code   0x802'4f60       0x2  stm32l4xx_hal_spi.o [1]
  .text              ro code   0x802'4f62       0x2  stm32l4xx_hal_spi.o [1]
  .text              ro code   0x802'4f64       0x2  stm32l4xx_hal_spi.o [1]
  .text              ro code   0x802'4f66       0x2  stm32l4xx_hal_spi.o [1]
  .text              ro code   0x802'4f68      0x22  strspn.o [2]
  .text              ro code   0x802'4f8a      0x22  strcspn.o [2]
  .text              ro code   0x802'4fac     0x194  lptim.o [1]
  .text              ro code   0x802'5140     0x1dc  tim.o [1]
  .text              ro code   0x802'531c      0x40  xfail_s.o [2]
  .text              ro code   0x802'535c      0x70  frexp.o [3]
  .text              ro code   0x802'53cc      0x2e  DblCmpGe.o [3]
  .text              ro code   0x802'53fc     0x13a  ldexp.o [3]
  .text              ro code   0x802'5538      0x28  DblToU32.o [3]
  .text              ro code   0x802'5560      0x4c  xlocale_c.o [2]
  .text              ro code   0x802'55ac     0x1dc  adc.o [1]
  .text              ro code   0x802'5788      0x4c  stm32l4xx_hal.o [1]
  .text              ro code   0x802'57d4     0x338  gpio.o [1]
  .text              ro code   0x802'5b0c      0x90  dma.o [1]
  .text              ro code   0x802'5b9c      0xf4  i2c.o [1]
  .text              ro code   0x802'5c90      0x2c  iwdg.o [1]
  .text              ro code   0x802'5cbc      0x94  stm32l4xx_hal_pwr_ex.o [1]
  .text              ro code   0x802'5d50      0x10  stm32l4xx_hal_pwr.o [1]
  .text              ro code   0x802'5d60      0x80  stm32l4xx_hal_iwdg.o [1]
  .text              ro code   0x802'5de0      0x24  user_lpm.o [1]
  .text              ro code   0x802'5e04     0xe58  user_app_modb_m.o [1]
  .text              ro code   0x802'6c5c    0x1cd0  user_app_sensor.o [1]
  .text              ro code   0x802'892c    0x167e  lcd_display.o [1]
  .text              ro code   0x802'9fac     0x490  sd_functions.o [1]
  .text              ro code   0x802'a43c    0x2bd2  ff.o [1]
  .text              ro code   0x802'd00e      0x14  isalpha.o [2]
  .text              ro code   0x802'd024      0x60  stm32l4xx_hal.o [1]
  .text              ro code   0x802'd084       0x2  I64DivZer.o [4]
  .text              ro code   0x802'd088      0x20  DblCmpEq.o [3]
  .text              ro code   0x802'd0a8     0x3e8  iar_Exp64.o [3]
  .text              ro code   0x802'd490      0x14  exit.o [5]
  .text              ro code   0x802'd4a4      0x48  stm32l4xx_hal_rtc_ex.o [1]
  .text              ro code   0x802'd4ec      0x32  ABImemset48.o [4]
  .text              ro code   0x802'd520     0x11c  MQTTPacket.o [1]
  .text              ro code   0x802'd63c      0xb4  stm32l4xx_hal_tim_ex.o [1]
  .text              ro code   0x802'd6f0      0x38  stm32l4xx_hal_msp.o [1]
  .text              ro code   0x802'd728      0xde  stm32l4xx_hal_i2c.o [1]
  .text              ro code   0x802'd808      0xc6  stm32l4xx_hal_i2c_ex.o [1]
  .text              ro code   0x802'd8d0      0x68  user_wm_digital.o [1]
  .text              ro code   0x802'd938      0x38  roundf.o [3]
  .text              ro code   0x802'd970      0xa0  STM32L4.o [1]
  .text              ro code   0x802'da10     0x290  text_tiny.o [1]
  .text              ro code   0x802'dca0      0x14  unit_tests.o [1]
  .text              ro code   0x802'dcb4      0xe8  glcd.o [1]
  .text              ro code   0x802'dd9c     0x390  text.o [1]
  .text              ro code   0x802'e12c     0x2b0  graphics.o [1]
  .text              ro code   0x802'e3dc     0x154  ST7565R.o [1]
  .text              ro code   0x802'e530      0x52  DblToU64.o [3]
  .text              ro code   0x802'e584    0x2394  button.o [1]
  .text              ro code   0x803'0918      0xb8  ff_gen_drv.o [1]
  .text              ro code   0x803'09d0      0xf0  diskio.o [1]
  .text              ro code   0x803'0ac0      0x12  strcmp.o [4]
  .text              ro code   0x803'0ad4      0x44  snprintf.o [2]
  .text              ro code   0x803'0b18     0x130  ccsbcs.o [1]
  .text              ro code   0x803'0c48      0x18  syscall.o [1]
  .text              ro code   0x803'0c60       0x4  fatfs.o [1]
  .text              ro code   0x803'0c64      0x2c  iarttio.o [5]
  .text              ro code   0x803'0c90       0xc  XShttio.o [2]
  .rodata            const     0x803'0c9c     0x8c0  user_ec200u.o [1]
  .rodata            const     0x803'155c     0x548  lcd_display.o [1]
  .rodata            const     0x803'1aa8     0x420  pow64.o [3]
  .rodata            const     0x803'1ec8     0x400  unit_tests.o [1]
  .text              ro code   0x803'22c8     0x3bc  siemen_mag8000.o [1]
  .text              ro code   0x803'2684     0x230  wm_sence.o [1]
  .rodata            const     0x803'28b4     0x214  lcd_display.o [1]
  .rodata            const     0x803'2ac8     0x1f4  ccsbcs.o [1]
  .text              ro code   0x803'2cbc     0x1ec  woteck_wm.o [1]
  .rodata            const     0x803'2ea8     0x1e0  user_message.o [1]
  .text              ro code   0x803'3088     0x1e0  woteck_ultrasonic.o [1]
  .text              ro code   0x803'3268     0x1c4  wm_mt100.o [1]
  .rodata            const     0x803'342c     0x12c  user_app_sensor.o [1]
  .rodata            const     0x803'3558     0x12c  user_app_sensor.o [1]
  .rodata            const     0x803'3684     0x12c  user_app_sensor.o [1]
  .rodata            const     0x803'37b0     0x12c  user_app_sensor.o [1]
  .rodata            const     0x803'38dc     0x100  ccsbcs.o [1]
  .rodata            const     0x803'39dc     0x100  user_message.o [1]
  .text              ro code   0x803'3adc      0xfa  sd_diskio_spi.o [1]
  .text              ro code   0x803'3bd8      0xf4  stm32l4xx_it.o [1]
  .text              ro code   0x803'3ccc      0x18  stm32l4xx_hal.o [1]
  .rodata            const     0x803'3ce4      0xd0  user_ec200u.o [1]
  .rodata            const     0x803'3db4      0xc8  user_app_sensor.o [1]
  .rodata            const     0x803'3e7c      0xc8  user_app_sensor.o [1]
  .rodata            const     0x803'3f44      0xc8  user_app_sensor.o [1]
  .text              ro code   0x803'400c      0xc8  wm_mong_cai.o [1]
  .rodata            const     0x803'40d4      0xc0  lcd_display.o [1]
  .rodata            const     0x803'4194      0xbc  ccsbcs.o [1]
  .rodata            const     0x803'4250      0xb8  sd_functions.o [1]
  .rodata            const     0x803'4308      0x80  ff.o [1]
  .text              ro code   0x803'4388      0x78  lz77_init_single.o [4]
  .rodata            const     0x803'4400      0x50  user_modem.o [1]
  .rodata            const     0x803'4450      0x50  iar_Stoulx.o [2]
  .rodata            const     0x803'44a0      0x48  strto64.o [3]
  .text              ro code   0x803'44e8      0x48  level_SUP_PX261_B.o [1]
  .rodata            const     0x803'4530      0x38  sd_functions.o [1]
  .rodata            const     0x803'4568      0x38  user_app_wm.o [1]
  .rodata            const     0x803'45a0      0x34  user_app_ethernet.o [1]
  .rodata            const     0x803'45d4      0x34  user_app_sensor.o [1]
  .rodata            const     0x803'4608      0x34  user_app_sensor.o [1]
  .rodata            const     0x803'463c      0x34  user_app_sensor.o [1]
  .rodata            const     0x803'4670      0x30  system_stm32l4xx.o [1]
  .rodata            const     0x803'46a0      0x30  user_app_ethernet.o [1]
  .rodata            const     0x803'46d0      0x30  user_ec200u.o [1]
  .rodata            const     0x803'4700      0x30  user_ec200u.o [1]
  .rodata            const     0x803'4730      0x2c  user_app_comm.o [1]
  .rodata            const     0x803'475c      0x2c  user_rtc.o [1]
  .rodata            const     0x803'4788      0x28  S25FL216K.o [1]
  .rodata            const     0x803'47b0      0x28  S25FL216K.o [1]
  .rodata            const     0x803'47d8      0x28  user_app_ethernet.o [1]
  .rodata            const     0x803'4800      0x28  user_app_ethernet.o [1]
  .rodata            const     0x803'4828      0x28  user_app_ethernet.o [1]
  .rodata            const     0x803'4850      0x28  user_app_sensor.o [1]
  .rodata            const     0x803'4878      0x28  user_app_wm.o [1]
  .rodata            const     0x803'48a0      0x28  user_ec200u.o [1]
  .rodata            const     0x803'48c8      0x28  user_ec200u.o [1]
  .rodata            const     0x803'48f0      0x28  user_ec200u.o [1]
  .rodata            const     0x803'4918      0x28  user_modem.o [1]
  .rodata            const     0x803'4940      0x28  user_tiny_vsnprintf.o [1]
  .rodata            const     0x803'4968      0x28  user_tiny_vsnprintf.o [1]
  .text              ro code   0x803'4990      0x28  data_init.o [4]
  .rodata            const     0x803'49b8      0x24  user_app_comm.o [1]
  .rodata            const     0x803'49dc      0x24  user_app_comm.o [1]
  .rodata            const     0x803'4a00      0x24  user_app_comm.o [1]
  .rodata            const     0x803'4a24      0x24  user_app_comm.o [1]
  .rodata            const     0x803'4a48      0x24  user_app_ethernet.o [1]
  .rodata            const     0x803'4a6c      0x24  user_app_ethernet.o [1]
  .rodata            const     0x803'4a90      0x24  user_app_ethernet.o [1]
  .rodata            const     0x803'4ab4      0x24  user_app_ethernet.o [1]
  .rodata            const     0x803'4ad8      0x24  user_app_ethernet.o [1]
  .rodata            const     0x803'4afc      0x24  user_app_ethernet.o [1]
  .rodata            const     0x803'4b20      0x24  user_app_ethernet.o [1]
  .rodata            const     0x803'4b44      0x24  user_app_ethernet.o [1]
  .rodata            const     0x803'4b68      0x24  user_app_ethernet.o [1]
  .rodata            const     0x803'4b8c      0x24  user_app_sim.o [1]
  .rodata            const     0x803'4bb0      0x24  user_app_sim.o [1]
  .rodata            const     0x803'4bd4      0x24  user_ec200u.o [1]
  .rodata            const     0x803'4bf8      0x24  user_mem.o [1]
  .text              ro code   0x803'4c1c      0x22  fpinit_M.o [3]
  .iar.init_table    const     0x803'4c40      0x20  - Linker created -
  .rodata            const     0x803'4c60      0x20  S25FL216K.o [1]
  .rodata            const     0x803'4c80      0x20  sd_functions.o [1]
  .rodata            const     0x803'4ca0      0x20  sd_functions.o [1]
  .rodata            const     0x803'4cc0      0x20  sd_functions.o [1]
  .rodata            const     0x803'4ce0      0x20  user_app_comm.o [1]
  .rodata            const     0x803'4d00      0x20  user_app_comm.o [1]
  .rodata            const     0x803'4d20      0x20  user_app_comm.o [1]
  .rodata            const     0x803'4d40      0x20  user_app_comm.o [1]
  .rodata            const     0x803'4d60      0x20  user_app_comm.o [1]
  .rodata            const     0x803'4d80      0x20  user_app_comm.o [1]
  .rodata            const     0x803'4da0      0x20  user_app_ethernet.o [1]
  .rodata            const     0x803'4dc0      0x20  user_app_ethernet.o [1]
  .rodata            const     0x803'4de0      0x20  user_app_ethernet.o [1]
  .rodata            const     0x803'4e00      0x20  user_app_ethernet.o [1]
  .rodata            const     0x803'4e20      0x20  user_app_ethernet.o [1]
  .rodata            const     0x803'4e40      0x20  user_app_ethernet.o [1]
  .rodata            const     0x803'4e60      0x20  user_app_ethernet.o [1]
  .rodata            const     0x803'4e80      0x20  user_app_ethernet.o [1]
  .rodata            const     0x803'4ea0      0x20  user_app_ethernet.o [1]
  .rodata            const     0x803'4ec0      0x20  user_app_ethernet.o [1]
  .rodata            const     0x803'4ee0      0x20  user_app_ethernet.o [1]
  .rodata            const     0x803'4f00      0x20  user_app_sim.o [1]
  .rodata            const     0x803'4f20      0x20  user_app_sim.o [1]
  .rodata            const     0x803'4f40      0x20  user_app_sim.o [1]
  .rodata            const     0x803'4f60      0x20  user_app_wm.o [1]
  .rodata            const     0x803'4f80      0x20  user_app_wm.o [1]
  .rodata            const     0x803'4fa0      0x20  user_ec200u.o [1]
  .rodata            const     0x803'4fc0      0x20  user_ec200u.o [1]
  .rodata            const     0x803'4fe0      0x20  user_ec200u.o [1]
  .rodata            const     0x803'5000      0x20  user_ec200u.o [1]
  .rodata            const     0x803'5020      0x20  user_ec200u.o [1]
  .rodata            const     0x803'5040      0x20  user_ec200u.o [1]
  .rodata            const     0x803'5060      0x20  user_mem.o [1]
  .rodata            const     0x803'5080      0x20  user_mem.o [1]
  .rodata            const     0x803'50a0      0x20  user_mem.o [1]
  .rodata            const     0x803'50c0      0x20  user_mem.o [1]
  .rodata            const     0x803'50e0      0x20  user_message.o [1]
  .rodata            const     0x803'5100      0x20  user_modem.o [1]
  .rodata            const     0x803'5120      0x20  user_rtc.o [1]
  .rodata            const     0x803'5140      0x20  user_sd.o [1]
  .rodata            const     0x803'5160      0x20  user_sim.o [1]
  .rodata            const     0x803'5180      0x20  user_sim.o [1]
  .rodata            const     0x803'51a0      0x20  user_sim_common.o [1]
  .rodata            const     0x803'51c0      0x20  user_sim_common.o [1]
  .text              ro code   0x803'51e0      0x20  system_stm32l4xx.o [1]
  .text              ro code   0x803'5200      0x1e  cmain.o [4]
  .text              ro code   0x803'521e       0x4  low_level_init.o [2]
  .text              ro code   0x803'5222       0x4  exit.o [2]
  .text              ro code   0x803'5228       0xa  cexit.o [4]
  .rodata            const     0x803'5234      0x1c  S25FL216K.o [1]
  .rodata            const     0x803'5250      0x1c  sd_functions.o [1]
  .rodata            const     0x803'526c      0x1c  sd_functions.o [1]
  .rodata            const     0x803'5288      0x1c  sd_functions.o [1]
  .rodata            const     0x803'52a4      0x1c  siemen_mag8000.o [1]
  .rodata            const     0x803'52c0      0x1c  user_app_comm.o [1]
  .rodata            const     0x803'52dc      0x1c  user_app_comm.o [1]
  .rodata            const     0x803'52f8      0x1c  user_app_comm.o [1]
  .rodata            const     0x803'5314      0x1c  user_app_comm.o [1]
  .rodata            const     0x803'5330      0x1c  user_app_comm.o [1]
  .rodata            const     0x803'534c      0x1c  user_app_comm.o [1]
  .rodata            const     0x803'5368      0x1c  user_app_ethernet.o [1]
  .rodata            const     0x803'5384      0x1c  user_app_ethernet.o [1]
  .rodata            const     0x803'53a0      0x1c  user_app_ethernet.o [1]
  .rodata            const     0x803'53bc      0x1c  user_app_ethernet.o [1]
  .rodata            const     0x803'53d8      0x1c  user_app_ethernet.o [1]
  .rodata            const     0x803'53f4      0x1c  user_app_ethernet.o [1]
  .rodata            const     0x803'5410      0x1c  user_app_ethernet.o [1]
  .rodata            const     0x803'542c      0x1c  user_app_ethernet.o [1]
  .rodata            const     0x803'5448      0x1c  user_app_ethernet.o [1]
  .rodata            const     0x803'5464      0x1c  user_app_ethernet.o [1]
  .rodata            const     0x803'5480      0x1c  user_app_ethernet.o [1]
  .rodata            const     0x803'549c      0x1c  user_app_ethernet.o [1]
  .rodata            const     0x803'54b8      0x1c  user_app_ethernet.o [1]
  .rodata            const     0x803'54d4      0x1c  user_app_ethernet.o [1]
  .rodata            const     0x803'54f0      0x1c  user_app_sim.o [1]
  .rodata            const     0x803'550c      0x1c  user_app_sim.o [1]
  .rodata            const     0x803'5528      0x1c  user_app_sim.o [1]
  .rodata            const     0x803'5544      0x1c  user_app_sim.o [1]
  .rodata            const     0x803'5560      0x1c  user_app_sim.o [1]
  .rodata            const     0x803'557c      0x1c  user_app_wm.o [1]
  .rodata            const     0x803'5598      0x1c  user_app_wm.o [1]
  .rodata            const     0x803'55b4      0x1c  user_app_wm.o [1]
  .rodata            const     0x803'55d0      0x1c  user_app_wm.o [1]
  .rodata            const     0x803'55ec      0x1c  user_ec200u.o [1]
  .rodata            const     0x803'5608      0x1c  user_ec200u.o [1]
  .rodata            const     0x803'5624      0x1c  user_ec200u.o [1]
  .rodata            const     0x803'5640      0x1c  user_ec200u.o [1]
  .rodata            const     0x803'565c      0x1c  user_ec200u.o [1]
  .rodata            const     0x803'5678      0x1c  user_ec200u.o [1]
  .rodata            const     0x803'5694      0x1c  user_ec200u.o [1]
  .rodata            const     0x803'56b0      0x1c  user_ec200u.o [1]
  .rodata            const     0x803'56cc      0x1c  user_ec200u.o [1]
  .rodata            const     0x803'56e8      0x1c  user_ec200u.o [1]
  .rodata            const     0x803'5704      0x1c  user_ec200u.o [1]
  .rodata            const     0x803'5720      0x1c  user_ec200u.o [1]
  .rodata            const     0x803'573c      0x1c  user_mem.o [1]
  .rodata            const     0x803'5758      0x1c  user_mem.o [1]
  .rodata            const     0x803'5774      0x1c  user_mem.o [1]
  .rodata            const     0x803'5790      0x1c  user_mem.o [1]
  .rodata            const     0x803'57ac      0x1c  user_mem.o [1]
  .rodata            const     0x803'57c8      0x1c  user_modem.o [1]
  .rodata            const     0x803'57e4      0x1c  user_modem.o [1]
  .rodata            const     0x803'5800      0x1c  user_sd.o [1]
  .rodata            const     0x803'581c      0x1c  user_sd.o [1]
  .rodata            const     0x803'5838      0x1c  user_sd.o [1]
  .rodata            const     0x803'5854      0x1c  user_sd.o [1]
  .rodata            const     0x803'5870      0x1c  user_sd.o [1]
  .rodata            const     0x803'588c      0x1c  user_sd.o [1]
  .rodata            const     0x803'58a8      0x1c  user_sim.o [1]
  .rodata            const     0x803'58c4      0x1c  user_sim_common.o [1]
  .rodata            const     0x803'58e0      0x1c  user_sim_common.o [1]
  .rodata            const     0x803'58fc      0x1c  woteck_ultrasonic.o [1]
  .rodata            const     0x803'5918      0x18  S25FL216K.o [1]
  .rodata            const     0x803'5930      0x18  sd_functions.o [1]
  .rodata            const     0x803'5948      0x18  sd_functions.o [1]
  .rodata            const     0x803'5960      0x18  sd_functions.o [1]
  .rodata            const     0x803'5978      0x18  sd_functions.o [1]
  .rodata            const     0x803'5990      0x18  socket.o [1]
  .rodata            const     0x803'59a8      0x18  socket.o [1]
  .rodata            const     0x803'59c0      0x18  user_app_comm.o [1]
  .rodata            const     0x803'59d8      0x18  user_app_comm.o [1]
  .rodata            const     0x803'59f0      0x18  user_app_ethernet.o [1]
  .rodata            const     0x803'5a08      0x18  user_app_ethernet.o [1]
  .rodata            const     0x803'5a20      0x18  user_app_ethernet.o [1]
  .rodata            const     0x803'5a38      0x18  user_app_ethernet.o [1]
  .rodata            const     0x803'5a50      0x18  user_app_sim.o [1]
  .rodata            const     0x803'5a68      0x18  user_app_wm.o [1]
  .rodata            const     0x803'5a80      0x18  user_app_wm.o [1]
  .rodata            const     0x803'5a98      0x18  user_at_serial.o [1]
  .rodata            const     0x803'5ab0      0x18  user_at_serial.o [1]
  .rodata            const     0x803'5ac8      0x18  user_ec200u.o [1]
  .rodata            const     0x803'5ae0      0x18  user_ec200u.o [1]
  .rodata            const     0x803'5af8      0x18  user_ec200u.o [1]
  .rodata            const     0x803'5b10      0x18  user_ec200u.o [1]
  .rodata            const     0x803'5b28      0x18  user_ec200u.o [1]
  .rodata            const     0x803'5b40      0x18  user_ec200u.o [1]
  .rodata            const     0x803'5b58      0x18  user_ec200u.o [1]
  .rodata            const     0x803'5b70      0x18  user_ec200u.o [1]
  .rodata            const     0x803'5b88      0x18  user_mem.o [1]
  .rodata            const     0x803'5ba0      0x18  user_message.o [1]
  .rodata            const     0x803'5bb8      0x18  user_message.o [1]
  .rodata            const     0x803'5bd0      0x18  user_message.o [1]
  .rodata            const     0x803'5be8      0x18  user_modem.o [1]
  .rodata            const     0x803'5c00      0x18  user_sd.o [1]
  .rodata            const     0x803'5c18      0x18  user_sd.o [1]
  .rodata            const     0x803'5c30      0x18  wm_mong_cai.o [1]
  .rodata            const     0x803'5c48      0x18  wm_mt100.o [1]
  .rodata            const     0x803'5c60      0x18  wm_sence.o [1]
  .rodata            const     0x803'5c78      0x18  woteck_wm.o [1]
  .rodata            const     0x803'5c90      0x14  dhcpv4.o [1]
  .rodata            const     0x803'5ca4      0x14  dhcpv6.o [1]
  .rodata            const     0x803'5cb8      0x14  dhcpv6.o [1]
  .rodata            const     0x803'5ccc      0x14  lcd_display.o [1]
  .rodata            const     0x803'5ce0      0x14  lcd_display.o [1]
  .rodata            const     0x803'5cf4      0x14  lcd_display.o [1]
  .rodata            const     0x803'5d08      0x14  lcd_display.o [1]
  .rodata            const     0x803'5d1c      0x14  lcd_display.o [1]
  .rodata            const     0x803'5d30      0x14  lcd_display.o [1]
  .rodata            const     0x803'5d44      0x14  lcd_display.o [1]
  .rodata            const     0x803'5d58      0x14  S25FL216K.o [1]
  .rodata            const     0x803'5d6c      0x14  S25FL216K.o [1]
  .rodata            const     0x803'5d80      0x14  S25FL216K.o [1]
  .rodata            const     0x803'5d94      0x14  S25FL216K.o [1]
  .rodata            const     0x803'5da8      0x14  S25FL216K.o [1]
  .rodata            const     0x803'5dbc      0x14  S25FL216K.o [1]
  .rodata            const     0x803'5dd0      0x14  sd_diskio_spi.o [1]
  .rodata            const     0x803'5de4      0x14  sd_functions.o [1]
  .rodata            const     0x803'5df8      0x14  user_app_comm.o [1]
  .rodata            const     0x803'5e0c      0x14  user_app_ethernet.o [1]
  .rodata            const     0x803'5e20      0x14  user_app_ethernet.o [1]
  .rodata            const     0x803'5e34      0x14  user_app_ethernet.o [1]
  .rodata            const     0x803'5e48      0x14  user_app_ethernet.o [1]
  .rodata            const     0x803'5e5c      0x14  user_app_ethernet.o [1]
  .rodata            const     0x803'5e70      0x14  user_app_sensor.o [1]
  .rodata            const     0x803'5e84      0x14  user_app_wm.o [1]
  .rodata            const     0x803'5e98      0x14  user_app_wm.o [1]
  .rodata            const     0x803'5eac      0x14  user_app_wm.o [1]
  .rodata            const     0x803'5ec0      0x14  user_app_wm.o [1]
  .rodata            const     0x803'5ed4      0x14  user_app_wm.o [1]
  .rodata            const     0x803'5ee8      0x14  user_at_serial.o [1]
  .rodata            const     0x803'5efc      0x14  user_at_serial.o [1]
  .rodata            const     0x803'5f10      0x14  user_at_serial.o [1]
  .rodata            const     0x803'5f24      0x14  user_at_serial.o [1]
  .rodata            const     0x803'5f38      0x14  user_at_serial.o [1]
  .rodata            const     0x803'5f4c      0x14  user_at_serial.o [1]
  .rodata            const     0x803'5f60      0x14  user_at_serial.o [1]
  .rodata            const     0x803'5f74      0x14  user_at_serial.o [1]
  .rodata            const     0x803'5f88      0x14  user_at_serial.o [1]
  .rodata            const     0x803'5f9c      0x14  user_at_serial.o [1]
  .rodata            const     0x803'5fb0      0x14  user_at_serial.o [1]
  .rodata            const     0x803'5fc4      0x14  user_ec200u.o [1]
  .rodata            const     0x803'5fd8      0x14  user_ec200u.o [1]
  .rodata            const     0x803'5fec      0x14  user_ec200u.o [1]
  .rodata            const     0x803'6000      0x14  user_ec200u.o [1]
  .rodata            const     0x803'6014      0x14  user_ec200u.o [1]
  .rodata            const     0x803'6028      0x14  user_ec200u.o [1]
  .rodata            const     0x803'603c      0x14  user_ec200u.o [1]
  .rodata            const     0x803'6050      0x14  user_mem.o [1]
  .rodata            const     0x803'6064      0x14  user_mem.o [1]
  .rodata            const     0x803'6078      0x14  user_mem.o [1]
  .rodata            const     0x803'608c      0x14  user_message.o [1]
  .rodata            const     0x803'60a0      0x14  user_message.o [1]
  .rodata            const     0x803'60b4      0x14  user_message.o [1]
  .rodata            const     0x803'60c8      0x14  user_modem.o [1]
  .rodata            const     0x803'60dc      0x14  user_modem.o [1]
  .rodata            const     0x803'60f0      0x14  user_modem.o [1]
  .rodata            const     0x803'6104      0x14  user_sd.o [1]
  .rodata            const     0x803'6118      0x14  user_sd.o [1]
  .rodata            const     0x803'612c      0x14  user_sd.o [1]
  .rodata            const     0x803'6140      0x14  user_sd.o [1]
  .rodata            const     0x803'6154      0x14  user_sim_common.o [1]
  .rodata            const     0x803'6168      0x10  dhcpv6.o [1]
  .rodata            const     0x803'6178      0x10  ff.o [1]
  .rodata            const     0x803'6188      0x10  lcd_display.o [1]
  .rodata            const     0x803'6198      0x10  lcd_display.o [1]
  .rodata            const     0x803'61a8      0x10  lcd_display.o [1]
  .rodata            const     0x803'61b8      0x10  lcd_display.o [1]
  .rodata            const     0x803'61c8      0x10  lcd_display.o [1]
  .rodata            const     0x803'61d8      0x10  lcd_display.o [1]
  .rodata            const     0x803'61e8      0x10  lcd_display.o [1]
  .rodata            const     0x803'61f8      0x10  lcd_display.o [1]
  .rodata            const     0x803'6208      0x10  lcd_display.o [1]
  .rodata            const     0x803'6218      0x10  lcd_display.o [1]
  .rodata            const     0x803'6228      0x10  lcd_display.o [1]
  .rodata            const     0x803'6238      0x10  lcd_display.o [1]
  .rodata            const     0x803'6248      0x10  lcd_display.o [1]
  .rodata            const     0x803'6258      0x10  lcd_display.o [1]
  .rodata            const     0x803'6268      0x10  lcd_display.o [1]
  .rodata            const     0x803'6278      0x10  lcd_display.o [1]
  .rodata            const     0x803'6288      0x10  lcd_display.o [1]
  .rodata            const     0x803'6298      0x10  lcd_display.o [1]
  .rodata            const     0x803'62a8      0x10  lcd_display.o [1]
  .rodata            const     0x803'62b8      0x10  lcd_display.o [1]
  .rodata            const     0x803'62c8      0x10  lcd_display.o [1]
  .rodata            const     0x803'62d8      0x10  lcd_display.o [1]
  .rodata            const     0x803'62e8      0x10  lcd_display.o [1]
  .rodata            const     0x803'62f8      0x10  lcd_display.o [1]
  .rodata            const     0x803'6308      0x10  lcd_display.o [1]
  .rodata            const     0x803'6318      0x10  lcd_display.o [1]
  .rodata            const     0x803'6328      0x10  lcd_display.o [1]
  .rodata            const     0x803'6338      0x10  lcd_display.o [1]
  .rodata            const     0x803'6348      0x10  lcd_display.o [1]
  .rodata            const     0x803'6358      0x10  lcd_display.o [1]
  .rodata            const     0x803'6368      0x10  lcd_display.o [1]
  .rodata            const     0x803'6378      0x10  lcd_display.o [1]
  .rodata            const     0x803'6388      0x10  lcd_display.o [1]
  .rodata            const     0x803'6398      0x10  lcd_display.o [1]
  .rodata            const     0x803'63a8      0x10  lcd_display.o [1]
  .rodata            const     0x803'63b8      0x10  lcd_display.o [1]
  .rodata            const     0x803'63c8      0x10  lcd_display.o [1]
  .rodata            const     0x803'63d8      0x10  lcd_display.o [1]
  .rodata            const     0x803'63e8      0x10  lcd_display.o [1]
  .rodata            const     0x803'63f8      0x10  lcd_display.o [1]
  .rodata            const     0x803'6408      0x10  lcd_display.o [1]
  .rodata            const     0x803'6418      0x10  lcd_display.o [1]
  .rodata            const     0x803'6428      0x10  lcd_display.o [1]
  .rodata            const     0x803'6438      0x10  lcd_display.o [1]
  .rodata            const     0x803'6448      0x10  lcd_display.o [1]
  .rodata            const     0x803'6458      0x10  lcd_display.o [1]
  .rodata            const     0x803'6468      0x10  lcd_display.o [1]
  .rodata            const     0x803'6478      0x10  lcd_display.o [1]
  .rodata            const     0x803'6488      0x10  lcd_display.o [1]
  .rodata            const     0x803'6498      0x10  lcd_display.o [1]
  .rodata            const     0x803'64a8      0x10  lcd_display.o [1]
  .rodata            const     0x803'64b8      0x10  S25FL216K.o [1]
  .rodata            const     0x803'64c8      0x10  S25FL216K.o [1]
  .rodata            const     0x803'64d8      0x10  S25FL216K.o [1]
  .rodata            const     0x803'64e8      0x10  S25FL216K.o [1]
  .rodata            const     0x803'64f8      0x10  system_stm32l4xx.o [1]
  .rodata            const     0x803'6508      0x10  user_app_ethernet.o [1]
  .rodata            const     0x803'6518      0x10  user_app_ethernet.o [1]
  .rodata            const     0x803'6528      0x10  user_app_ethernet.o [1]
  .rodata            const     0x803'6538      0x10  user_app_ethernet.o [1]
  .rodata            const     0x803'6548      0x10  user_app_ethernet.o [1]
  .rodata            const     0x803'6558      0x10  user_app_sim.o [1]
  .rodata            const     0x803'6568      0x10  user_app_sim.o [1]
  .rodata            const     0x803'6578      0x10  user_app_sim.o [1]
  .rodata            const     0x803'6588      0x10  user_app_sim.o [1]
  .rodata            const     0x803'6598      0x10  user_app_wm.o [1]
  .rodata            const     0x803'65a8      0x10  user_app_wm.o [1]
  .rodata            const     0x803'65b8      0x10  user_app_wm.o [1]
  .rodata            const     0x803'65c8      0x10  user_app_wm.o [1]
  .rodata            const     0x803'65d8      0x10  user_app_wm.o [1]
  .rodata            const     0x803'65e8      0x10  user_at_serial.o [1]
  .rodata            const     0x803'65f8      0x10  user_at_serial.o [1]
  .rodata            const     0x803'6608      0x10  user_at_serial.o [1]
  .rodata            const     0x803'6618      0x10  user_at_serial.o [1]
  .rodata            const     0x803'6628      0x10  user_at_serial.o [1]
  .rodata            const     0x803'6638      0x10  user_at_serial.o [1]
  .rodata            const     0x803'6648      0x10  user_at_serial.o [1]
  .rodata            const     0x803'6658      0x10  user_at_serial.o [1]
  .rodata            const     0x803'6668      0x10  user_at_serial.o [1]
  .rodata            const     0x803'6678      0x10  user_at_serial.o [1]
  .rodata            const     0x803'6688      0x10  user_at_serial.o [1]
  .rodata            const     0x803'6698      0x10  user_at_serial.o [1]
  .rodata            const     0x803'66a8      0x10  user_at_serial.o [1]
  .rodata            const     0x803'66b8      0x10  user_at_serial.o [1]
  .rodata            const     0x803'66c8      0x10  user_at_serial.o [1]
  .rodata            const     0x803'66d8      0x10  user_at_serial.o [1]
  .rodata            const     0x803'66e8      0x10  user_at_serial.o [1]
  .rodata            const     0x803'66f8      0x10  user_at_serial.o [1]
  .rodata            const     0x803'6708      0x10  user_at_serial.o [1]
  .rodata            const     0x803'6718      0x10  user_at_serial.o [1]
  .rodata            const     0x803'6728      0x10  user_at_serial.o [1]
  .rodata            const     0x803'6738      0x10  user_at_serial.o [1]
  .rodata            const     0x803'6748      0x10  user_at_serial.o [1]
  .rodata            const     0x803'6758      0x10  user_at_serial.o [1]
  .rodata            const     0x803'6768      0x10  user_at_serial.o [1]
  .rodata            const     0x803'6778      0x10  user_at_serial.o [1]
  .rodata            const     0x803'6788      0x10  user_at_serial.o [1]
  .rodata            const     0x803'6798      0x10  user_at_serial.o [1]
  .rodata            const     0x803'67a8      0x10  user_at_serial.o [1]
  .rodata            const     0x803'67b8      0x10  user_at_serial.o [1]
  .rodata            const     0x803'67c8      0x10  user_at_serial.o [1]
  .rodata            const     0x803'67d8      0x10  user_at_serial.o [1]
  .rodata            const     0x803'67e8      0x10  user_at_serial.o [1]
  .rodata            const     0x803'67f8      0x10  user_at_serial.o [1]
  .rodata            const     0x803'6808      0x10  user_at_serial.o [1]
  .rodata            const     0x803'6818      0x10  user_at_serial.o [1]
  .rodata            const     0x803'6828      0x10  user_at_serial.o [1]
  .rodata            const     0x803'6838      0x10  user_at_serial.o [1]
  .rodata            const     0x803'6848      0x10  user_ec200u.o [1]
  .rodata            const     0x803'6858      0x10  user_ec200u.o [1]
  .rodata            const     0x803'6868      0x10  user_ec200u.o [1]
  .rodata            const     0x803'6878      0x10  user_ec200u.o [1]
  .rodata            const     0x803'6888      0x10  user_ec200u.o [1]
  .rodata            const     0x803'6898      0x10  user_ec200u.o [1]
  .rodata            const     0x803'68a8      0x10  user_ec200u.o [1]
  .rodata            const     0x803'68b8      0x10  user_ec200u.o [1]
  .rodata            const     0x803'68c8      0x10  user_ec200u.o [1]
  .rodata            const     0x803'68d8      0x10  user_ec200u.o [1]
  .rodata            const     0x803'68e8      0x10  user_ec200u.o [1]
  .rodata            const     0x803'68f8      0x10  user_ec200u.o [1]
  .rodata            const     0x803'6908      0x10  user_ec200u.o [1]
  .rodata            const     0x803'6918      0x10  user_ec200u.o [1]
  .rodata            const     0x803'6928      0x10  user_ec200u.o [1]
  .rodata            const     0x803'6938      0x10  user_ec200u.o [1]
  .rodata            const     0x803'6948      0x10  user_ec200u.o [1]
  .rodata            const     0x803'6958      0x10  user_ec200u.o [1]
  .rodata            const     0x803'6968      0x10  user_ec200u.o [1]
  .rodata            const     0x803'6978      0x10  user_ec200u.o [1]
  .rodata            const     0x803'6988      0x10  user_ec200u.o [1]
  .rodata            const     0x803'6998      0x10  user_ec200u.o [1]
  .rodata            const     0x803'69a8      0x10  user_ec200u.o [1]
  .rodata            const     0x803'69b8      0x10  user_ec200u.o [1]
  .rodata            const     0x803'69c8      0x10  user_ec200u.o [1]
  .rodata            const     0x803'69d8      0x10  user_ec200u.o [1]
  .rodata            const     0x803'69e8      0x10  user_ec200u.o [1]
  .rodata            const     0x803'69f8      0x10  user_ec200u.o [1]
  .rodata            const     0x803'6a08      0x10  user_ec200u.o [1]
  .rodata            const     0x803'6a18      0x10  user_ec200u.o [1]
  .rodata            const     0x803'6a28      0x10  user_ec200u.o [1]
  .rodata            const     0x803'6a38      0x10  user_message.o [1]
  .rodata            const     0x803'6a48      0x10  user_message.o [1]
  .rodata            const     0x803'6a58      0x10  user_message.o [1]
  .rodata            const     0x803'6a68      0x10  user_message.o [1]
  .rodata            const     0x803'6a78      0x10  user_modem.o [1]
  .rodata            const     0x803'6a88      0x10  user_modem.o [1]
  .rodata            const     0x803'6a98      0x10  user_modem.o [1]
  .rodata            const     0x803'6aa8      0x10  user_modem.o [1]
  .rodata            const     0x803'6ab8      0x10  user_modem.o [1]
  .rodata            const     0x803'6ac8      0x10  user_modem.o [1]
  .rodata            const     0x803'6ad8      0x10  user_modem.o [1]
  .rodata            const     0x803'6ae8      0x10  user_modem.o [1]
  .rodata            const     0x803'6af8      0x10  user_modem.o [1]
  .rodata            const     0x803'6b08      0x10  user_modem.o [1]
  .rodata            const     0x803'6b18      0x10  user_modem.o [1]
  .rodata            const     0x803'6b28      0x10  user_modem.o [1]
  .rodata            const     0x803'6b38      0x10  user_modem.o [1]
  .rodata            const     0x803'6b48      0x10  user_sd.o [1]
  .rodata            const     0x803'6b58      0x10  user_sd.o [1]
  .rodata            const     0x803'6b68      0x10  user_sd.o [1]
  .rodata            const     0x803'6b78      0x10  user_sd.o [1]
  .rodata            const     0x803'6b88      0x10  user_sd.o [1]
  .rodata            const     0x803'6b98      0x10  user_sd.o [1]
  .rodata            const     0x803'6ba8      0x10  user_sd.o [1]
  .text              ro code   0x803'6bb8      0x10  startup_stm32l496xx.o [1]
  .rodata            const     0x803'6bc8       0xc  dhcpv6.o [1]
  .rodata            const     0x803'6bd4       0xc  dhcpv6.o [1]
  .rodata            const     0x803'6be0       0xc  dhcpv6.o [1]
  .rodata            const     0x803'6bec       0xc  ff.o [1]
  .rodata            const     0x803'6bf8       0xc  lcd_display.o [1]
  .rodata            const     0x803'6c04       0xc  lcd_display.o [1]
  .rodata            const     0x803'6c10       0xc  lcd_display.o [1]
  .rodata            const     0x803'6c1c       0xc  lcd_display.o [1]
  .rodata            const     0x803'6c28       0xc  user_app_comm.o [1]
  .rodata            const     0x803'6c34       0xc  user_app_ethernet.o [1]
  .rodata            const     0x803'6c40       0xc  user_app_ethernet.o [1]
  .rodata            const     0x803'6c4c       0xc  user_app_ethernet.o [1]
  .rodata            const     0x803'6c58       0xc  user_app_ethernet.o [1]
  .rodata            const     0x803'6c64       0xc  user_app_ethernet.o [1]
  .rodata            const     0x803'6c70       0xc  user_app_ethernet.o [1]
  .rodata            const     0x803'6c7c       0xc  user_app_ethernet.o [1]
  .rodata            const     0x803'6c88       0xc  user_app_ethernet.o [1]
  .rodata            const     0x803'6c94       0xc  user_app_sensor.o [1]
  .rodata            const     0x803'6ca0       0xc  user_app_sensor.o [1]
  .rodata            const     0x803'6cac       0xc  user_app_sensor.o [1]
  .rodata            const     0x803'6cb8       0xc  user_app_sim.o [1]
  .rodata            const     0x803'6cc4       0xc  user_app_sim.o [1]
  .rodata            const     0x803'6cd0       0xc  user_app_sim.o [1]
  .rodata            const     0x803'6cdc       0xc  user_app_sim.o [1]
  .rodata            const     0x803'6ce8       0xc  user_app_sim.o [1]
  .rodata            const     0x803'6cf4       0xc  user_app_sim.o [1]
  .rodata            const     0x803'6d00       0xc  user_app_wm.o [1]
  .rodata            const     0x803'6d0c       0xc  user_app_wm.o [1]
  .rodata            const     0x803'6d18       0xc  user_at_serial.o [1]
  .rodata            const     0x803'6d24       0xc  user_at_serial.o [1]
  .rodata            const     0x803'6d30       0xc  user_at_serial.o [1]
  .rodata            const     0x803'6d3c       0xc  user_at_serial.o [1]
  .rodata            const     0x803'6d48       0xc  user_at_serial.o [1]
  .rodata            const     0x803'6d54       0xc  user_at_serial.o [1]
  .rodata            const     0x803'6d60       0xc  user_at_serial.o [1]
  .rodata            const     0x803'6d6c       0xc  user_at_serial.o [1]
  .rodata            const     0x803'6d78       0xc  user_at_serial.o [1]
  .rodata            const     0x803'6d84       0xc  user_at_serial.o [1]
  .rodata            const     0x803'6d90       0xc  user_at_serial.o [1]
  .rodata            const     0x803'6d9c       0xc  user_at_serial.o [1]
  .rodata            const     0x803'6da8       0xc  user_at_serial.o [1]
  .rodata            const     0x803'6db4       0xc  user_at_serial.o [1]
  .rodata            const     0x803'6dc0       0xc  user_at_serial.o [1]
  .rodata            const     0x803'6dcc       0xc  user_at_serial.o [1]
  .rodata            const     0x803'6dd8       0xc  user_at_serial.o [1]
  .rodata            const     0x803'6de4       0xc  user_at_serial.o [1]
  .rodata            const     0x803'6df0       0xc  user_at_serial.o [1]
  .rodata            const     0x803'6dfc       0xc  user_at_serial.o [1]
  .rodata            const     0x803'6e08       0xc  user_at_serial.o [1]
  .rodata            const     0x803'6e14       0xc  user_at_serial.o [1]
  .rodata            const     0x803'6e20       0xc  user_at_serial.o [1]
  .rodata            const     0x803'6e2c       0xc  user_at_serial.o [1]
  .rodata            const     0x803'6e38       0xc  user_at_serial.o [1]
  .rodata            const     0x803'6e44       0xc  user_at_serial.o [1]
  .rodata            const     0x803'6e50       0xc  user_at_serial.o [1]
  .rodata            const     0x803'6e5c       0xc  user_at_serial.o [1]
  .rodata            const     0x803'6e68       0xc  user_at_serial.o [1]
  .rodata            const     0x803'6e74       0xc  user_at_serial.o [1]
  .rodata            const     0x803'6e80       0xc  user_at_serial.o [1]
  .rodata            const     0x803'6e8c       0xc  user_at_serial.o [1]
  .rodata            const     0x803'6e98       0xc  user_at_serial.o [1]
  .rodata            const     0x803'6ea4       0xc  user_at_serial.o [1]
  .rodata            const     0x803'6eb0       0xc  user_at_serial.o [1]
  .rodata            const     0x803'6ebc       0xc  user_at_serial.o [1]
  .rodata            const     0x803'6ec8       0xc  user_at_serial.o [1]
  .rodata            const     0x803'6ed4       0xc  user_at_serial.o [1]
  .rodata            const     0x803'6ee0       0xc  user_at_serial.o [1]
  .rodata            const     0x803'6eec       0xc  user_at_serial.o [1]
  .rodata            const     0x803'6ef8       0xc  user_ec200u.o [1]
  .rodata            const     0x803'6f04       0xc  user_ec200u.o [1]
  .rodata            const     0x803'6f10       0xc  user_ec200u.o [1]
  .rodata            const     0x803'6f1c       0xc  user_ec200u.o [1]
  .rodata            const     0x803'6f28       0xc  user_ec200u.o [1]
  .rodata            const     0x803'6f34       0xc  user_ec200u.o [1]
  .rodata            const     0x803'6f40       0xc  user_ec200u.o [1]
  .rodata            const     0x803'6f4c       0xc  user_ec200u.o [1]
  .rodata            const     0x803'6f58       0xc  user_ec200u.o [1]
  .rodata            const     0x803'6f64       0xc  user_ec200u.o [1]
  .rodata            const     0x803'6f70       0xc  user_ec200u.o [1]
  .rodata            const     0x803'6f7c       0xc  user_ec200u.o [1]
  .rodata            const     0x803'6f88       0xc  user_ec200u.o [1]
  .rodata            const     0x803'6f94       0xc  user_ec200u.o [1]
  .rodata            const     0x803'6fa0       0xc  user_ec200u.o [1]
  .rodata            const     0x803'6fac       0xc  user_ec200u.o [1]
  .rodata            const     0x803'6fb8       0xc  user_ec200u.o [1]
  .rodata            const     0x803'6fc4       0xc  user_ec200u.o [1]
  .rodata            const     0x803'6fd0       0xc  user_ec200u.o [1]
  .rodata            const     0x803'6fdc       0xc  user_ec200u.o [1]
  .rodata            const     0x803'6fe8       0xc  user_ec200u.o [1]
  .rodata            const     0x803'6ff4       0xc  user_ec200u.o [1]
  .rodata            const     0x803'7000       0xc  user_ec200u.o [1]
  .rodata            const     0x803'700c       0xc  user_ec200u.o [1]
  .rodata            const     0x803'7018       0xc  user_ec200u.o [1]
  .rodata            const     0x803'7024       0xc  user_ec200u.o [1]
  .rodata            const     0x803'7030       0xc  user_ec200u.o [1]
  .rodata            const     0x803'703c       0xc  user_ec200u.o [1]
  .rodata            const     0x803'7048       0xc  user_ec200u.o [1]
  .rodata            const     0x803'7054       0xc  user_ec200u.o [1]
  .rodata            const     0x803'7060       0xc  user_ec200u.o [1]
  .rodata            const     0x803'706c       0xc  user_ec200u.o [1]
  .rodata            const     0x803'7078       0xc  user_ec200u.o [1]
  .rodata            const     0x803'7084       0xc  user_ec200u.o [1]
  .rodata            const     0x803'7090       0xc  user_ec200u.o [1]
  .rodata            const     0x803'709c       0xc  user_ec200u.o [1]
  .rodata            const     0x803'70a8       0xc  user_ec200u.o [1]
  .rodata            const     0x803'70b4       0xc  user_ec200u.o [1]
  .rodata            const     0x803'70c0       0xc  user_ec200u.o [1]
  .rodata            const     0x803'70cc       0xc  user_ec200u.o [1]
  .rodata            const     0x803'70d8       0xc  user_ec200u.o [1]
  .rodata            const     0x803'70e4       0xc  user_ec200u.o [1]
  .rodata            const     0x803'70f0       0xc  user_mem.o [1]
  .rodata            const     0x803'70fc       0xc  user_message.o [1]
  .rodata            const     0x803'7108       0xc  user_message.o [1]
[...]
ldexp                    0x802'53fd          Code  Gb  ldexp.o [3]
ldexpf                   0x802'0a01          Code  Gb  ldexpf.o [3]
ldexpl                   0x802'53fd          Code  Gb  ldexp.o [3]
lnbias                   0x803'1aa8   0x420  Data  Lc  pow64.o [3]
localeconv               0x802'55a1     0x4  Code  Gb  xlocale_c.o [2]
lower_digits            0x2000'3d60     0x4  Data  Lc  user_tiny_vsnprintf.o [1]
mConnect_MQTT            0x801'94cb    0x3a  Code  Gb  user_message.o [1]
mData_MQTT               0x801'8a41    0x88  Code  Gb  user_message.o [1]
mGet_Data_From_Mem       0x801'953d   0x164  Code  Gb  user_message.o [1]
mGet_Data_From_Mem::last_tdata
                        0x2000'4001     0x1  Data  Lc  user_message.o [1]
mGet_Pub_Header          0x801'89df    0x62  Code  Gb  user_message.o [1]
mInit_Header_Subcribe    0x801'943f    0x8c  Code  Gb  user_message.o [1]
mIs_Sending_Message      0x801'96e1    0x12  Code  Gb  user_message.o [1]
mReset_Raw_Data          0x801'96b5    0x28  Code  Gb  user_message.o [1]
mSet_default_MQTT        0x801'89c5    0x1a  Code  Gb  user_message.o [1]
mSubcribe_MQTT           0x801'9505    0x1e  Code  Gb  user_message.o [1]
mUnmark_Mess             0x801'96a1     0xe  Code  Gb  user_message.o [1]
main                     0x801'ebb1    0x50  Code  Gb  main.o [1]
makeDHCPV4MSG            0x801'4c1f   0x15a  Code  Gb  dhcpv4.o [1]
mem_cmp                  0x802'a4b3    0x24  Code  Lc  ff.o [1]
mem_cpy                  0x802'a489    0x1c  Code  Lc  ff.o [1]
mem_set                  0x802'a4a5     0xe  Code  Lc  ff.o [1]
memchr                   0x802'3441          Code  Gb  memchr.o [4]
memset                   0x802'0fa9    0x14  Code  Gb  memset.o [4]
move_window              0x802'a709    0x42  Code  Lc  ff.o [1]
mparams                 0x2000'dd94    0x18  Data  Lc  dlmalloc.o [2]
ndigs                    0x803'4450    0x28  Data  Lc  iar_Stoulx.o [2]
num                     0x2000'df54     0x4  Data  Gb  dhcpv6.o [1]
num2                    0x2000'df58     0x4  Data  Gb  dhcpv6.o [1]
pDHCPMSG                0x2000'df30     0x4  Data  Gb  dhcpv6.o [1]
pDHCPv4MSG              0x2000'df24     0x4  Data  Gb  dhcpv4.o [1]
pDNSMSG                 0x2000'df60     0x4  Data  Gb  dns.o [1]
pFlash                  0x2000'14b8    0x20  Data  Gb  stm32l4xx_hal_flash.o [1]
pFunc_UTIL_Debug_Send   0x2000'e000     0x4  Data  Gb  user_util.o [1]
pFunc_UTIL_Log_To_Mem   0x2000'dffc     0x4  Data  Gb  user_util.o [1]
pModemProcessIRQTimer   0x2000'dfe0     0x4  Data  Gb  user_rtc.o [1]
pRS485_2_Rx_Done        0x2000'dfdc     0x4  Data  Gb  user_rs485.o [1]
pRS485_Rx_Done          0x2000'dfd8     0x4  Data  Gb  user_rs485.o [1]
parseDHCPMSG             0x801'615d   0x5b2  Code  Gb  dhcpv6.o [1]
parseDHCPv4MSG           0x801'5601   0x286  Code  Gb  dhcpv4.o [1]
parseDNSMSG              0x801'6c4f   0x122  Code  Gb  dns.o [1]
parse_name               0x801'69d1    0xb6  Code  Gb  dns.o [1]
pathtest                0x2000'3ca8    0x14  Data  Gb  user_sd.o [1]
pick_lfn                 0x802'af53    0x8c  Code  Lc  ff.o [1]
pow                      0x802'2d41   0x6ec  Code  Gb  pow64.o [3]
powl                     0x802'2d41   0x6ec  Code  Gb  pow64.o [3]
pows                     0x800'edb4    0x18  Data  Lc  strto32.o [3]
pows                     0x803'44a0    0x48  Data  Lc  strto64.o [3]
pportc                   0x800'aa09    0xd6  Code  Gb  user_app_ethernet.o [1]
put16                    0x801'69c1    0x10  Code  Gb  dns.o [1]
put_fat                  0x802'a8e5   0x12c  Code  Lc  ff.o [1]
put_lfn                  0x802'afdf    0x92  Code  Lc  ff.o [1]
qCopy_Data_From_Queue    0x801'7c45    0x60  Code  Lc  queue_p.o [1]
qCopy_Data_To_Queue      0x801'7bcd    0x78  Code  Lc  queue_p.o [1]
qEthStep                0x2000'dc2c    0x18  Data  Gb  user_app_ethernet.o [1]
qGet_Number_Items        0x801'7ca5     0x4  Code  Gb  queue_p.o [1]
qMemRead                0x2000'dd04    0x18  Data  Gb  user_mem.o [1]
qMemWrite               0x2000'dd1c    0x18  Data  Gb  user_mem.o [1]
qQueue_Back_Item         0x801'7ca9    0x52  Code  Gb  queue_p.o [1]
qQueue_Clear             0x801'7b73     0xe  Code  Gb  queue_p.o [1]
qQueue_Create            0x801'7b45    0x2e  Code  Gb  queue_p.o [1]
qQueue_Receive           0x801'7bab    0x22  Code  Gb  queue_p.o [1]
qQueue_Send              0x801'7b81    0x2a  Code  Gb  queue_p.o [1]
qS25FLStep              0x2000'dbe4    0x18  Data  Gb  S25FL216K.o [1]
qSDCardWrite            0x2000'dd34    0x18  Data  Gb  user_sd.o [1]
qSimStep                0x2000'dd7c    0x18  Data  Gb  user_sim.o [1]
recv                     0x801'82f9    0xf2  Code  Gb  socket.o [1]
recv_IP                 0x2000'de04    0x10  Data  Gb  dhcpv6.o [1]
recvfrom                 0x801'85f9   0x27e  Code  Gb  socket.o [1]
reg_dhcpv4_cbfunc        0x801'4be3    0x3c  Code  Gb  dhcpv4.o [1]
reg_wizchip_cs_cbfunc    0x801'703b    0x32  Code  Gb  wizchip_conf.o [1]
reg_wizchip_spi_cbfunc   0x801'706d    0x50  Code  Gb  wizchip_conf.o [1]
remove_chain             0x802'aa11    0xb0  Code  Lc  ff.o [1]
reset_DHCP_timeout       0x801'691d    0x14  Code  Gb  dhcpv6.o [1]
reset_DHCPv4_timeout     0x801'5bf7    0x14  Code  Gb  dhcpv4.o [1]
retry_count             0x2000'e054     0x1  Data  Lc  dns.o [1]
roundf                   0x802'd949          Code  Gb  roundf.o [3]
sATCmdList              0x2000'2f0c   0x5f0  Data  Gb  user_at_serial.o [1]
sAppEthVar              0x2000'1704    0x84  Data  Gb  user_app_ethernet.o [1]
sAppSimVar              0x2000'b9a8   0x2c0  Data  Gb  user_app_sim.o [1]
sAverageMeasure         0x2000'd564    0x60  Data  Gb  user_app_sensor.o [1]
sAverageOneHour         0x2000'd124    0x90  Data  Gb  user_app_sensor.o [1]
sBattery                0x2000'ded8     0x8  Data  Gb  user_app_wm.o [1]
sButton                 0x2000'dbb4    0x18  Data  Gb  button.o [1]
sCbSimComm              0x2000'db54    0x24  Data  Gb  user_sim_common.o [1]
sConfirm                0x2000'057c    0x14  Data  Lc  button.o [1]
sDataRecvTCP            0x2000'19d0     0x8  Data  Gb  user_app_modb_m.o [1]
sDataSensorMeasure      0x2000'd504    0x60  Data  Gb  user_app_modb_m.o [1]
sEthCmd                 0x2000'17a8   0x17c  Data  Gb  user_app_ethernet.o [1]
sEthResCode             0x2000'1924    0x3c  Data  Gb  user_app_ethernet.o [1]
sEventAppComm           0x2000'14dc    0x80  Data  Gb  user_app_comm.o [1]
sEventAppEth            0x2000'15f4   0x110  Data  Gb  user_app_ethernet.o [1]
sEventAppModb           0x2000'1960    0x70  Data  Gb  user_app_modb_m.o [1]
sEventAppSensor         0x2000'1e10    0x60  Data  Gb  user_app_sensor.o [1]
sEventAppSim            0x2000'229c    0xc0  Data  Gb  user_app_sim.o [1]
sEventAppWM             0x2000'23dc    0xe0  Data  Gb  user_app_wm.o [1]
sEventDisplay           0x2000'05dc    0x60  Data  Gb  lcd_display.o [1]
sEventExFlash           0x2000'1324    0x30  Data  Gb  S25FL216K.o [1]
sEventMem               0x2000'35fc    0x50  Data  Gb  user_mem.o [1]
sEventOnChipFlash       0x2000'358c    0x20  Data  Gb  user_internal_mem.o [1]
sEventSD                0x2000'3c58    0x50  Data  Gb  user_sd.o [1]
sEventSim               0x2000'3cbc    0x40  Data  Gb  user_sim.o [1]
sFTPvar                 0x2000'dc44    0x18  Data  Gb  user_app_ethernet.o [1]
sFileSys                0x2000'3d04    0x44  Data  Gb  user_sim_common.o [1]
sFirmVersion            0x2000'155c    0x14  Data  Gb  user_app_comm.o [1]
sHandleModb             0x2000'dfbc     0x4  Data  Gb  user_app_modb_m.o [1]
sLCD                    0x2000'dbcc    0x18  Data  Gb  lcd_display.o [1]
sLCDObject              0x2000'0640   0xc90  Data  Gb  lcd_display.o [1]
sLCDPageSensor          0x2000'e02c     0x2  Data  Gb  lcd_display.o [1]
sLPMFeatureHandler      0x2000'dfcc     0x4  Data  Gb  user_lpm.o [1]
sListWmDigital          0x2000'3d6c   0x118  Data  Gb  user_wm_digital.o [1]
sMAG8000_REGISTER       0x2000'1458    0x50  Data  Gb  siemen_mag8000.o [1]
sMONG_CAI_REGISTER      0x2000'3eac     0x8  Data  Gb  wm_mong_cai.o [1]
sMT100_REGISTER         0x2000'3eb4    0x2c  Data  Gb  wm_mt100.o [1]
sMeasureHandle          0x2000'217c   0x120  Data  Gb  user_app_sensor.o [1]
sMemVar                 0x2000'd990    0x44  Data  Gb  user_mem.o [1]
sMessRecv                0x803'39dc   0x100  Data  Gb  user_message.o [1]
sMessSend                0x803'2ea8   0x1e0  Data  Gb  user_message.o [1]
sMessage                0x2000'364c   0x134  Data  Gb  user_message.o [1]
sMeterThreshold         0x2000'24bc   0x318  Data  Gb  user_app_wm.o [1]
sModbMeasure            0x2000'1f6c    0xf0  Data  Gb  user_app_sensor.o [1]
sModbSubReg             0x2000'ded0     0x8  Data  Gb  user_app_modb_m.o [1]
sModemInfor             0x2000'37d8   0x460  Data  Gb  user_modem.o [1]
sModemLPMHandle         0x2000'3c38    0x10  Data  Gb  user_modem.o [1]
sModemVar               0x2000'99f0   0x5d0  Data  Gb  user_modem.o [1]
sNameUnitParam          0x2000'1e70    0xfc  Data  Gb  user_app_sensor.o [1]
sOnFlash                0x2000'cd50   0x134  Data  Gb  user_internal_mem.o [1]
sPressConfig            0x2000'ddd4    0x10  Data  Lc  button.o [1]
sPulse                  0x2000'c8d8   0x1b0  Data  Gb  user_app_wm.o [1]
sQMemRead               0x2000'd084    0xa0  Data  Lc  user_mem.o [1]
sQMemWrite              0x2000'592c  0x14a0  Data  Lc  user_mem.o [1]
sQSDCardWrite           0x2000'4004  0x1928  Data  Lc  user_sd.o [1]
sRTC                    0x2000'de90     0xc  Data  Gb  user_util.o [1]
sRecEvent               0x2000'35c0    0x14  Data  Gb  user_mem.o [1]
sRecGPS                 0x2000'35e8    0x14  Data  Gb  user_mem.o [1]
sRecLog                 0x2000'35d4    0x14  Data  Gb  user_mem.o [1]
sRecTSVH                0x2000'35ac    0x14  Data  Gb  user_mem.o [1]
sRegSensor              0x2000'19d8   0x438  Data  Gb  user_app_modb_m.o [1]
sS25FLvar               0x2000'cc1c   0x134  Data  Gb  S25FL216K.o [1]
sSENCE_REGISTER         0x2000'3ee0    0x24  Data  Gb  wm_sence.o [1]
sSV_Modem                0x803'4400    0x50  Data  Gb  user_modem.o [1]
sSensorWarning          0x2000'205c   0x120  Data  Gb  user_app_sensor.o [1]
sSetLeve11              0x2000'0590    0x18  Data  Lc  button.o [1]
sSetLevel2              0x2000'05a8    0x14  Data  Lc  button.o [1]
sSimCommInfor           0x2000'd5c4    0x58  Data  Gb  user_sim_common.o [1]
sSimCommVar             0x2000'd900    0x48  Data  Gb  user_sim_common.o [1]
sSimFwUpdate            0x2000'd948    0x48  Data  Gb  user_sim_common.o [1]
sSimVar                 0x2000'de34    0x10  Data  Gb  user_sim.o [1]
sTransModTCP            0x2000'dc5c    0x18  Data  Gb  user_app_modb_m.o [1]
sUart485                0x2000'3c48     0x8  Data  Gb  user_rs485.o [1]
sUart485_2              0x2000'3c50     0x8  Data  Gb  user_rs485.o [1]
sUartDebug              0x2000'1570     0x8  Data  Gb  user_app_comm.o [1]
sUartSim                0x2000'3cfc     0x8  Data  Gb  user_sim.o [1]
sVout                   0x2000'dee0     0x8  Data  Gb  user_app_wm.o [1]
sWOTECK_REGISTER        0x2000'3f4c    0x18  Data  Gb  woteck_wm.o [1]
sWOTECK_ULTRA_REGISTER  0x2000'3f04    0x3c  Data  Gb  woteck_ultrasonic.o [1]
sWmDigVar               0x2000'0000   0x568  Data  Gb  user_wm_digital.o [1]
sWmVar                  0x2000'27d4   0x6d8  Data  Gb  user_app_wm.o [1]
scalbln                  0x802'53fd          Code  Gb  ldexp.o [3]
scalblnf                 0x802'0a01          Code  Gb  ldexpf.o [3]
scalblnl                 0x802'53fd          Code  Gb  ldexp.o [3]
scalbn                   0x802'53fd          Code  Gb  ldexp.o [3]
scalbnf                  0x802'0a01          Code  Gb  ldexpf.o [3]
scalbnl                  0x802'53fd          Code  Gb  ldexp.o [3]
scale                    0x801'db77    0x46  Code  Lc  xprintffull_nomb.o [2]
sd_append_file           0x802'a1f1    0xa2  Code  Gb  sd_functions.o [1]
sd_create_directory      0x802'a331     0xe  Code  Gb  sd_functions.o [1]
sd_delete_file           0x802'a311     0xe  Code  Gb  sd_functions.o [1]
sd_get_space_kb          0x802'9fcb    0x66  Code  Gb  sd_functions.o [1]
sd_list_directory_recursive
                         0x802'a33f    0x8a  Code  Gb  sd_functions.o [1]
sd_list_files            0x802'a3c9    0x1c  Code  Gb  sd_functions.o [1]
sd_mount                 0x802'a031    0xec  Code  Gb  sd_functions.o [1]
sd_path                 0x2000'df84     0x4  Data  Gb  sd_functions.o [1]
sd_read_file             0x802'a293    0x7a  Code  Gb  sd_functions.o [1]
sd_rename_file           0x802'a31f    0x12  Code  Gb  sd_functions.o [1]
sd_unmount               0x802'a11d    0x4e  Code  Gb  sd_functions.o [1]
sd_write_file            0x802'a16b    0x86  Code  Gb  sd_functions.o [1]
sdhc                    0x2000'e05b     0x1  Data  Lc  sd_spi.o [1]
sec_hand                0x2000'e00c     0x4  Data  Lc  xfail_s.o [2]
segment_holding          0x801'0595    0x1a  Code  Lc  dlmalloc.o [2]
send                     0x801'8205    0xf4  Code  Gb  socket.o [1]
send_DHCP_REQUEST        0x801'5e53   0x30a  Code  Gb  dhcpv6.o [1]
send_DHCP_SOLICIT        0x801'5cdb   0x178  Code  Gb  dhcpv6.o [1]
send_DHCPv4_DECLINE      0x801'5409   0x1f4  Code  Gb  dhcpv4.o [1]
send_DHCPv4_DISCOVER     0x801'4d79   0x2ce  Code  Gb  dhcpv4.o [1]
send_DHCPv4_REQUEST      0x801'5047   0x3c2  Code  Gb  dhcpv4.o [1]
sendto                   0x801'83eb   0x20e  Code  Gb  socket.o [1]
serverid_len            0x2000'e024     0x2  Data  Gb  dhcpv6.o [1]
set_measure_block        0x802'6c6b    0x5c  Code  Lc  user_app_sensor.o [1]
size                    0x2000'df50     0x4  Data  Gb  dhcpv6.o [1]
snprintf                 0x803'0ad5    0x44  Code  Gb  snprintf.o [2]
sock_any_port           0x2000'3fec     0x2  Data  Lc  socket.o [1]
sock_io_mode            0x2000'e032     0x2  Data  Lc  socket.o [1]
sock_is_sending         0x2000'e034     0x2  Data  Lc  socket.o [1]
sock_pack_info          0x2000'dec0     0x8  Data  Lc  socket.o [1]
sock_remained_size      0x2000'de24    0x10  Data  Lc  socket.o [1]
socket                   0x801'7cfd   0x29c  Code  Gb  socket.o [1]
sprintf                  0x800'c69d    0x40  Code  Gb  sprintf.o [2]
st_clust                 0x802'ae77    0x2a  Code  Lc  ff.o [1]
st_dword                 0x802'a471    0x18  Code  Lc  ff.o [1]
st_word                  0x802'a463     0xe  Code  Lc  ff.o [1]
statuscode_len          0x2000'e020     0x2  Data  Gb  dhcpv6.o [1]
strchr                   0x800'ee09          Code  Gb  strchr.o [4]
strcmp                   0x803'0ac1          Code  Gb  strcmp.o [4]
strcpy                   0x802'39a5          Code  Gb  strcpy.o [4]
strcspn                  0x802'4f8b    0x22  Code  Gb  strcspn.o [2]
strlen                   0x800'e961          Code  Gb  strlen.o [4]
strncpy                  0x800'ee21          Code  Gb  strncpy.o [4]
strspn                   0x802'4f69    0x22  Code  Gb  strspn.o [2]
strstr                   0x802'38df    0x2c  Code  Gb  strstr.o [2]
strtof                   0x800'edad     0x6  Code  Gb  strto32.o [3]
strtok                   0x801'a789    0x4c  Code  Gb  strtok.o [2]
strtol                   0x800'ea23     0x4  Code  Gb  iar_Stolx.o [2]
sum_sfn                  0x802'b135    0x20  Code  Lc  ff.o [1]
sync_fs                  0x802'a74b    0x96  Code  Lc  ff.o [1]
sync_window              0x802'a6af    0x5a  Code  Lc  ff.o [1]
sztmp                   0x2000'c09c   0x200  Data  Lc  user_adv_trace.o [1]
t1                      0x2000'dfe8     0x4  Data  Gb  user_sd.o [1]
t2                      0x2000'dfec     0x4  Data  Gb  user_sd.o [1]
tempu8                  0x2000'e04d     0x1  Data  Lc  button.o [1]
tiny_vsnprintf_like      0x801'2373   0x1d6  Code  Gb  user_tiny_vsnprintf.o [1]
tolower                  0x802'342d    0x14  Code  Gb  tolower.o [2]
topicString             0x2000'de84     0xc  Data  Gb  user_message.o [1]
uartSimBuffReceive      0x2000'9414   0x5dc  Data  Lc  user_sim.o [1]
upper_digits            0x2000'3d64     0x4  Data  Lc  user_tiny_vsnprintf.o [1]
uwTick                  0x2000'df98     0x4  Data  Gb  stm32l4xx_hal.o [1]
uwTickFreq              0x2000'3ffb     0x1  Data  Gb  stm32l4xx_hal.o [1]
uwTickPrio              0x2000'14b4     0x4  Data  Gb  stm32l4xx_hal.o [1]
validate                 0x802'bdd3    0x4a  Code  Lc  ff.o [1]
vcom_DeInit              0x801'f639    0x1e  Code  Gb  user_app_comm.o [1]
vcom_Init                0x801'f62f     0xa  Code  Gb  user_app_comm.o [1]
vcom_Trace_DMA           0x801'f657    0x24  Code  Gb  user_app_comm.o [1]
wiz_recv_data            0x801'27d1    0xa8  Code  Gb  w6100.o [1]
wiz_send_data            0x801'2731    0xa0  Code  Gb  w6100.o [1]
wizchip_clrinterrupt     0x801'7565    0x52  Code  Gb  wizchip_conf.o [1]
wizchip_cris_enter       0x801'6fe1     0x2  Code  Gb  wizchip_conf.o [1]
wizchip_cris_exit        0x801'6fe3     0x2  Code  Gb  wizchip_conf.o [1]
wizchip_cs_deselect      0x801'6fe7     0x2  Code  Gb  wizchip_conf.o [1]
wizchip_cs_select        0x801'6fe5     0x2  Code  Gb  wizchip_conf.o [1]
wizchip_deselect         0x800'9929    0x10  Code  Lc  user_app_ethernet.o [1]
wizchip_getinterrupt     0x801'75b7    0x2e  Code  Gb  wizchip_conf.o [1]
wizchip_getinterruptmask
                         0x801'7619    0x2e  Code  Gb  wizchip_conf.o [1]
wizchip_getnetinfo       0x801'78a9    0xc2  Code  Gb  wizchip_conf.o [1]
wizchip_getnetmode       0x801'79a9    0x40  Code  Gb  wizchip_conf.o [1]
wizchip_gettimeout       0x801'7a3b    0x52  Code  Gb  wizchip_conf.o [1]
wizchip_init             0x801'74b1    0xb4  Code  Gb  wizchip_conf.o [1]
wizchip_network_infor    0x800'99d5    0xca  Code  Lc  user_app_ethernet.o [1]
wizchip_read             0x800'9939    0x2a  Code  Lc  user_app_ethernet.o [1]
wizchip_read_buff        0x800'998d    0x24  Code  Lc  user_app_ethernet.o [1]
wizchip_select           0x800'9919    0x10  Code  Lc  user_app_ethernet.o [1]
wizchip_setinterruptmask
                         0x801'75e5    0x34  Code  Gb  wizchip_conf.o [1]
wizchip_setnetinfo       0x801'77e7    0xc2  Code  Gb  wizchip_conf.o [1]
wizchip_setnetmode       0x801'796b    0x3e  Code  Gb  wizchip_conf.o [1]
wizchip_settimeout       0x801'79e9    0x52  Code  Gb  wizchip_conf.o [1]
wizchip_spi_read         0x801'6fe9     0x4  Code  Gb  wizchip_conf.o [1]
wizchip_spi_read_buf     0x801'6fef    0x26  Code  Gb  wizchip_conf.o [1]
wizchip_spi_write        0x801'6fed     0x2  Code  Gb  wizchip_conf.o [1]
wizchip_spi_write_buf    0x801'7015    0x26  Code  Gb  wizchip_conf.o [1]
wizchip_sw_reset         0x801'738f   0x122  Code  Gb  wizchip_conf.o [1]
wizchip_write            0x800'9963    0x20  Code  Lc  user_app_ethernet.o [1]
wizchip_write_buff       0x800'99b1    0x24  Code  Lc  user_app_ethernet.o [1]
wizphy_getphyconf        0x801'76fb    0x54  Code  Gb  wizchip_conf.o [1]
wizphy_getphylink        0x801'7647    0x12  Code  Gb  wizchip_conf.o [1]
wizphy_getphypmode       0x801'77d1    0x16  Code  Gb  wizchip_conf.o [1]
wizphy_getphystatus      0x801'774f    0x54  Code  Gb  wizchip_conf.o [1]
wizphy_reset             0x801'7659    0x32  Code  Gb  wizchip_conf.o [1]
wizphy_setphyconf        0x801'768b    0x70  Code  Gb  wizchip_conf.o [1]
wizphy_setphypmode       0x801'77a3    0x2e  Code  Gb  wizchip_conf.o [1]
writeCString             0x802'd5a5    0x34  Code  Gb  MQTTPacket.o [1]
writeChar                0x802'd56f     0xc  Code  Gb  MQTTPacket.o [1]
writeInt                 0x802'd57b    0x2a  Code  Gb  MQTTPacket.o [1]
writeMQTTString          0x802'd5d9    0x46  Code  Gb  MQTTPacket.o [1]


[1] = D:\Saoviet_Git\Saoviet_Envirotrack_M_TNMT\Project_Master_TNMT_Ver_2_1\1.Source_Code_L496\wm_gsm_ethernet_v5\EWARM\wm_gsm_ethernet_v3\Obj
[2] = dl7M_tlf.a
[3] = m7M_tls.a
[4] = rt7M_tl.a
[5] = shb_l.a

  187'785 bytes of readonly  code memory
   28'511 bytes of readonly  data memory
   62'351 bytes of readwrite data memory

Errors: none
Warnings: none
