###############################################################################
#
# IAR ELF Linker V8.40.2.214/W32 for ARM                  01/Jul/2026  13:37:20
# Copyright 2007-2019 IAR Systems AB.
#
#    Output file  =
#        D:\Saoviet_Git\Saoviet_Envirotrack_M_TNMT\Project_Master_TNMT_Ver_2_3\1.Source_Code_L496\wm_gsm_ethernet_v5\EWARM\wm_gsm_ethernet_v3\Exe\wm_gsm_ethernet_v3.out
#    Map file     =
#        D:\Saoviet_Git\Saoviet_Envirotrack_M_TNMT\Project_Master_TNMT_Ver_2_3\1.Source_Code_L496\wm_gsm_ethernet_v5\EWARM\wm_gsm_ethernet_v3\List\wm_gsm_ethernet_v3.map
#    Command line =
#        -f C:\Users\PC\AppData\Local\Temp\EWEE21.tmp
#        (D:\Saoviet_Git\Saoviet_Envirotrack_M_TNMT\Project_Master_TNMT_Ver_2_3\1.Source_Code_L496\wm_gsm_ethernet_v5\EWARM\wm_gsm_ethernet_v3\Obj\adc.o
#        D:\Saoviet_Git\Saoviet_Envirotrack_M_TNMT\Project_Master_TNMT_Ver_2_3\1.Source_Code_L496\wm_gsm_ethernet_v5\EWARM\wm_gsm_ethernet_v3\Obj\button.o
#        D:\Saoviet_Git\Saoviet_Envirotrack_M_TNMT\Project_Master_TNMT_Ver_2_3\1.Source_Code_L496\wm_gsm_ethernet_v5\EWARM\wm_gsm_ethernet_v3\Obj\cat24mxx.o
#        D:\Saoviet_Git\Saoviet_Envirotrack_M_TNMT\Project_Master_TNMT_Ver_2_3\1.Source_Code_L496\wm_gsm_ethernet_v5\EWARM\wm_gsm_ethernet_v3\Obj\ccsbcs.o
#        D:\Saoviet_Git\Saoviet_Envirotrack_M_TNMT\Project_Master_TNMT_Ver_2_3\1.Source_Code_L496\wm_gsm_ethernet_v5\EWARM\wm_gsm_ethernet_v3\Obj\dhcpv4.o
#        D:\Saoviet_Git\Saoviet_Envirotrack_M_TNMT\Project_Master_TNMT_Ver_2_3\1.Source_Code_L496\wm_gsm_ethernet_v5\EWARM\wm_gsm_ethernet_v3\Obj\dhcpv6.o
#        D:\Saoviet_Git\Saoviet_Envirotrack_M_TNMT\Project_Master_TNMT_Ver_2_3\1.Source_Code_L496\wm_gsm_ethernet_v5\EWARM\wm_gsm_ethernet_v3\Obj\diskio.o
#        D:\Saoviet_Git\Saoviet_Envirotrack_M_TNMT\Project_Master_TNMT_Ver_2_3\1.Source_Code_L496\wm_gsm_ethernet_v5\EWARM\wm_gsm_ethernet_v3\Obj\dma.o
#        D:\Saoviet_Git\Saoviet_Envirotrack_M_TNMT\Project_Master_TNMT_Ver_2_3\1.Source_Code_L496\wm_gsm_ethernet_v5\EWARM\wm_gsm_ethernet_v3\Obj\dns.o
#        D:\Saoviet_Git\Saoviet_Envirotrack_M_TNMT\Project_Master_TNMT_Ver_2_3\1.Source_Code_L496\wm_gsm_ethernet_v5\EWARM\wm_gsm_ethernet_v3\Obj\event_driven.o
#        D:\Saoviet_Git\Saoviet_Envirotrack_M_TNMT\Project_Master_TNMT_Ver_2_3\1.Source_Code_L496\wm_gsm_ethernet_v5\EWARM\wm_gsm_ethernet_v3\Obj\fatfs.o
#        D:\Saoviet_Git\Saoviet_Envirotrack_M_TNMT\Project_Master_TNMT_Ver_2_3\1.Source_Code_L496\wm_gsm_ethernet_v5\EWARM\wm_gsm_ethernet_v3\Obj\ff.o
#        D:\Saoviet_Git\Saoviet_Envirotrack_M_TNMT\Project_Master_TNMT_Ver_2_3\1.Source_Code_L496\wm_gsm_ethernet_v5\EWARM\wm_gsm_ethernet_v3\Obj\ff_gen_drv.o
#        D:\Saoviet_Git\Saoviet_Envirotrack_M_TNMT\Project_Master_TNMT_Ver_2_3\1.Source_Code_L496\wm_gsm_ethernet_v5\EWARM\wm_gsm_ethernet_v3\Obj\glcd.o
#        D:\Saoviet_Git\Saoviet_Envirotrack_M_TNMT\Project_Master_TNMT_Ver_2_3\1.Source_Code_L496\wm_gsm_ethernet_v5\EWARM\wm_gsm_ethernet_v3\Obj\gpio.o
#        D:\Saoviet_Git\Saoviet_Envirotrack_M_TNMT\Project_Master_TNMT_Ver_2_3\1.Source_Code_L496\wm_gsm_ethernet_v5\EWARM\wm_gsm_ethernet_v3\Obj\graphics.o
#        D:\Saoviet_Git\Saoviet_Envirotrack_M_TNMT\Project_Master_TNMT_Ver_2_3\1.Source_Code_L496\wm_gsm_ethernet_v5\EWARM\wm_gsm_ethernet_v3\Obj\graphs.o
#        D:\Saoviet_Git\Saoviet_Envirotrack_M_TNMT\Project_Master_TNMT_Ver_2_3\1.Source_Code_L496\wm_gsm_ethernet_v5\EWARM\wm_gsm_ethernet_v3\Obj\i2c.o
#        D:\Saoviet_Git\Saoviet_Envirotrack_M_TNMT\Project_Master_TNMT_Ver_2_3\1.Source_Code_L496\wm_gsm_ethernet_v5\EWARM\wm_gsm_ethernet_v3\Obj\iwdg.o
#        D:\Saoviet_Git\Saoviet_Envirotrack_M_TNMT\Project_Master_TNMT_Ver_2_3\1.Source_Code_L496\wm_gsm_ethernet_v5\EWARM\wm_gsm_ethernet_v3\Obj\lcd_display.o
#        D:\Saoviet_Git\Saoviet_Envirotrack_M_TNMT\Project_Master_TNMT_Ver_2_3\1.Source_Code_L496\wm_gsm_ethernet_v5\EWARM\wm_gsm_ethernet_v3\Obj\level_S_YW_01B.o
#        D:\Saoviet_Git\Saoviet_Envirotrack_M_TNMT\Project_Master_TNMT_Ver_2_3\1.Source_Code_L496\wm_gsm_ethernet_v5\EWARM\wm_gsm_ethernet_v3\Obj\level_SUP_PX261_B.o
#        D:\Saoviet_Git\Saoviet_Envirotrack_M_TNMT\Project_Master_TNMT_Ver_2_3\1.Source_Code_L496\wm_gsm_ethernet_v5\EWARM\wm_gsm_ethernet_v3\Obj\level_ultrasonic.o
#        D:\Saoviet_Git\Saoviet_Envirotrack_M_TNMT\Project_Master_TNMT_Ver_2_3\1.Source_Code_L496\wm_gsm_ethernet_v5\EWARM\wm_gsm_ethernet_v3\Obj\lptim.o
#        D:\Saoviet_Git\Saoviet_Envirotrack_M_TNMT\Project_Master_TNMT_Ver_2_3\1.Source_Code_L496\wm_gsm_ethernet_v5\EWARM\wm_gsm_ethernet_v3\Obj\main.o
#        D:\Saoviet_Git\Saoviet_Envirotrack_M_TNMT\Project_Master_TNMT_Ver_2_3\1.Source_Code_L496\wm_gsm_ethernet_v5\EWARM\wm_gsm_ethernet_v3\Obj\mb.o
#        D:\Saoviet_Git\Saoviet_Envirotrack_M_TNMT\Project_Master_TNMT_Ver_2_3\1.Source_Code_L496\wm_gsm_ethernet_v5\EWARM\wm_gsm_ethernet_v3\Obj\mbfunccoils.o
#        D:\Saoviet_Git\Saoviet_Envirotrack_M_TNMT\Project_Master_TNMT_Ver_2_3\1.Source_Code_L496\wm_gsm_ethernet_v5\EWARM\wm_gsm_ethernet_v3\Obj\mbfuncdiag.o
#        D:\Saoviet_Git\Saoviet_Envirotrack_M_TNMT\Project_Master_TNMT_Ver_2_3\1.Source_Code_L496\wm_gsm_ethernet_v5\EWARM\wm_gsm_ethernet_v3\Obj\mbfuncdisc.o
#        D:\Saoviet_Git\Saoviet_Envirotrack_M_TNMT\Project_Master_TNMT_Ver_2_3\1.Source_Code_L496\wm_gsm_ethernet_v5\EWARM\wm_gsm_ethernet_v3\Obj\mbfuncholding.o
#        D:\Saoviet_Git\Saoviet_Envirotrack_M_TNMT\Project_Master_TNMT_Ver_2_3\1.Source_Code_L496\wm_gsm_ethernet_v5\EWARM\wm_gsm_ethernet_v3\Obj\mbfuncinput.o
#        D:\Saoviet_Git\Saoviet_Envirotrack_M_TNMT\Project_Master_TNMT_Ver_2_3\1.Source_Code_L496\wm_gsm_ethernet_v5\EWARM\wm_gsm_ethernet_v3\Obj\mbfuncother.o
#        D:\Saoviet_Git\Saoviet_Envirotrack_M_TNMT\Project_Master_TNMT_Ver_2_3\1.Source_Code_L496\wm_gsm_ethernet_v5\EWARM\wm_gsm_ethernet_v3\Obj\mbtcp.o
#        D:\Saoviet_Git\Saoviet_Envirotrack_M_TNMT\Project_Master_TNMT_Ver_2_3\1.Source_Code_L496\wm_gsm_ethernet_v5\EWARM\wm_gsm_ethernet_v3\Obj\mbutils.o
#        D:\Saoviet_Git\Saoviet_Envirotrack_M_TNMT\Project_Master_TNMT_Ver_2_3\1.Source_Code_L496\wm_gsm_ethernet_v5\EWARM\wm_gsm_ethernet_v3\Obj\MQTTConnectClient.o
#        D:\Saoviet_Git\Saoviet_Envirotrack_M_TNMT\Project_Master_TNMT_Ver_2_3\1.Source_Code_L496\wm_gsm_ethernet_v5\EWARM\wm_gsm_ethernet_v3\Obj\MQTTConnectServer.o
#        D:\Saoviet_Git\Saoviet_Envirotrack_M_TNMT\Project_Master_TNMT_Ver_2_3\1.Source_Code_L496\wm_gsm_ethernet_v5\EWARM\wm_gsm_ethernet_v3\Obj\MQTTDeserializePublish.o
#        D:\Saoviet_Git\Saoviet_Envirotrack_M_TNMT\Project_Master_TNMT_Ver_2_3\1.Source_Code_L496\wm_gsm_ethernet_v5\EWARM\wm_gsm_ethernet_v3\Obj\MQTTFormat.o
#        D:\Saoviet_Git\Saoviet_Envirotrack_M_TNMT\Project_Master_TNMT_Ver_2_3\1.Source_Code_L496\wm_gsm_ethernet_v5\EWARM\wm_gsm_ethernet_v3\Obj\MQTTPacket.o
#        D:\Saoviet_Git\Saoviet_Envirotrack_M_TNMT\Project_Master_TNMT_Ver_2_3\1.Source_Code_L496\wm_gsm_ethernet_v5\EWARM\wm_gsm_ethernet_v3\Obj\MQTTSerializePublish.o
#        D:\Saoviet_Git\Saoviet_Envirotrack_M_TNMT\Project_Master_TNMT_Ver_2_3\1.Source_Code_L496\wm_gsm_ethernet_v5\EWARM\wm_gsm_ethernet_v3\Obj\MQTTSubscribeClient.o
#        D:\Saoviet_Git\Saoviet_Envirotrack_M_TNMT\Project_Master_TNMT_Ver_2_3\1.Source_Code_L496\wm_gsm_ethernet_v5\EWARM\wm_gsm_ethernet_v3\Obj\MQTTSubscribeServer.o
#        D:\Saoviet_Git\Saoviet_Envirotrack_M_TNMT\Project_Master_TNMT_Ver_2_3\1.Source_Code_L496\wm_gsm_ethernet_v5\EWARM\wm_gsm_ethernet_v3\Obj\MQTTUnsubscribeClient.o
#        D:\Saoviet_Git\Saoviet_Envirotrack_M_TNMT\Project_Master_TNMT_Ver_2_3\1.Source_Code_L496\wm_gsm_ethernet_v5\EWARM\wm_gsm_ethernet_v3\Obj\MQTTUnsubscribeServer.o
#        D:\Saoviet_Git\Saoviet_Envirotrack_M_TNMT\Project_Master_TNMT_Ver_2_3\1.Source_Code_L496\wm_gsm_ethernet_v5\EWARM\wm_gsm_ethernet_v3\Obj\NT75451.o
#        D:\Saoviet_Git\Saoviet_Envirotrack_M_TNMT\Project_Master_TNMT_Ver_2_3\1.Source_Code_L496\wm_gsm_ethernet_v5\EWARM\wm_gsm_ethernet_v3\Obj\onchipflash.o
#        D:\Saoviet_Git\Saoviet_Envirotrack_M_TNMT\Project_Master_TNMT_Ver_2_3\1.Source_Code_L496\wm_gsm_ethernet_v5\EWARM\wm_gsm_ethernet_v3\Obj\PCD8544.o
#        D:\Saoviet_Git\Saoviet_Envirotrack_M_TNMT\Project_Master_TNMT_Ver_2_3\1.Source_Code_L496\wm_gsm_ethernet_v5\EWARM\wm_gsm_ethernet_v3\Obj\portevent.o
#        D:\Saoviet_Git\Saoviet_Envirotrack_M_TNMT\Project_Master_TNMT_Ver_2_3\1.Source_Code_L496\wm_gsm_ethernet_v5\EWARM\wm_gsm_ethernet_v3\Obj\porttcp.o
#        D:\Saoviet_Git\Saoviet_Envirotrack_M_TNMT\Project_Master_TNMT_Ver_2_3\1.Source_Code_L496\wm_gsm_ethernet_v5\EWARM\wm_gsm_ethernet_v3\Obj\queue_p.o
#        D:\Saoviet_Git\Saoviet_Envirotrack_M_TNMT\Project_Master_TNMT_Ver_2_3\1.Source_Code_L496\wm_gsm_ethernet_v5\EWARM\wm_gsm_ethernet_v3\Obj\rtc.o
#        D:\Saoviet_Git\Saoviet_Envirotrack_M_TNMT\Project_Master_TNMT_Ver_2_3\1.Source_Code_L496\wm_gsm_ethernet_v5\EWARM\wm_gsm_ethernet_v3\Obj\S25FL216K.o
#        D:\Saoviet_Git\Saoviet_Envirotrack_M_TNMT\Project_Master_TNMT_Ver_2_3\1.Source_Code_L496\wm_gsm_ethernet_v5\EWARM\wm_gsm_ethernet_v3\Obj\sd_benchmark.o
#        D:\Saoviet_Git\Saoviet_Envirotrack_M_TNMT\Project_Master_TNMT_Ver_2_3\1.Source_Code_L496\wm_gsm_ethernet_v5\EWARM\wm_gsm_ethernet_v3\Obj\sd_diskio_spi.o
#        D:\Saoviet_Git\Saoviet_Envirotrack_M_TNMT\Project_Master_TNMT_Ver_2_3\1.Source_Code_L496\wm_gsm_ethernet_v5\EWARM\wm_gsm_ethernet_v3\Obj\sd_functions.o
#        D:\Saoviet_Git\Saoviet_Envirotrack_M_TNMT\Project_Master_TNMT_Ver_2_3\1.Source_Code_L496\wm_gsm_ethernet_v5\EWARM\wm_gsm_ethernet_v3\Obj\sd_spi.o
#        D:\Saoviet_Git\Saoviet_Envirotrack_M_TNMT\Project_Master_TNMT_Ver_2_3\1.Source_Code_L496\wm_gsm_ethernet_v5\EWARM\wm_gsm_ethernet_v3\Obj\siemen_mag8000.o
#        D:\Saoviet_Git\Saoviet_Envirotrack_M_TNMT\Project_Master_TNMT_Ver_2_3\1.Source_Code_L496\wm_gsm_ethernet_v5\EWARM\wm_gsm_ethernet_v3\Obj\socket.o
#        D:\Saoviet_Git\Saoviet_Envirotrack_M_TNMT\Project_Master_TNMT_Ver_2_3\1.Source_Code_L496\wm_gsm_ethernet_v5\EWARM\wm_gsm_ethernet_v3\Obj\spi.o
#        D:\Saoviet_Git\Saoviet_Envirotrack_M_TNMT\Project_Master_TNMT_Ver_2_3\1.Source_Code_L496\wm_gsm_ethernet_v5\EWARM\wm_gsm_ethernet_v3\Obj\ST7565R.o
#        D:\Saoviet_Git\Saoviet_Envirotrack_M_TNMT\Project_Master_TNMT_Ver_2_3\1.Source_Code_L496\wm_gsm_ethernet_v5\EWARM\wm_gsm_ethernet_v3\Obj\startup_stm32l496xx.o
#        D:\Saoviet_Git\Saoviet_Envirotrack_M_TNMT\Project_Master_TNMT_Ver_2_3\1.Source_Code_L496\wm_gsm_ethernet_v5\EWARM\wm_gsm_ethernet_v3\Obj\STM32F0xx.o
#        D:\Saoviet_Git\Saoviet_Envirotrack_M_TNMT\Project_Master_TNMT_Ver_2_3\1.Source_Code_L496\wm_gsm_ethernet_v5\EWARM\wm_gsm_ethernet_v3\Obj\STM32F10x.o
#        D:\Saoviet_Git\Saoviet_Envirotrack_M_TNMT\Project_Master_TNMT_Ver_2_3\1.Source_Code_L496\wm_gsm_ethernet_v5\EWARM\wm_gsm_ethernet_v3\Obj\STM32F4.o
#        D:\Saoviet_Git\Saoviet_Envirotrack_M_TNMT\Project_Master_TNMT_Ver_2_3\1.Source_Code_L496\wm_gsm_ethernet_v5\EWARM\wm_gsm_ethernet_v3\Obj\STM32L4.o
#        D:\Saoviet_Git\Saoviet_Envirotrack_M_TNMT\Project_Master_TNMT_Ver_2_3\1.Source_Code_L496\wm_gsm_ethernet_v5\EWARM\wm_gsm_ethernet_v3\Obj\stm32l4xx_hal.o
#        D:\Saoviet_Git\Saoviet_Envirotrack_M_TNMT\Project_Master_TNMT_Ver_2_3\1.Source_Code_L496\wm_gsm_ethernet_v5\EWARM\wm_gsm_ethernet_v3\Obj\stm32l4xx_hal_adc.o
#        D:\Saoviet_Git\Saoviet_Envirotrack_M_TNMT\Project_Master_TNMT_Ver_2_3\1.Source_Code_L496\wm_gsm_ethernet_v5\EWARM\wm_gsm_ethernet_v3\Obj\stm32l4xx_hal_adc_ex.o
#        D:\Saoviet_Git\Saoviet_Envirotrack_M_TNMT\Project_Master_TNMT_Ver_2_3\1.Source_Code_L496\wm_gsm_ethernet_v5\EWARM\wm_gsm_ethernet_v3\Obj\stm32l4xx_hal_cortex.o
#        D:\Saoviet_Git\Saoviet_Envirotrack_M_TNMT\Project_Master_TNMT_Ver_2_3\1.Source_Code_L496\wm_gsm_ethernet_v5\EWARM\wm_gsm_ethernet_v3\Obj\stm32l4xx_hal_dma.o
#        D:\Saoviet_Git\Saoviet_Envirotrack_M_TNMT\Project_Master_TNMT_Ver_2_3\1.Source_Code_L496\wm_gsm_ethernet_v5\EWARM\wm_gsm_ethernet_v3\Obj\stm32l4xx_hal_dma_ex.o
#        D:\Saoviet_Git\Saoviet_Envirotrack_M_TNMT\Project_Master_TNMT_Ver_2_3\1.Source_Code_L496\wm_gsm_ethernet_v5\EWARM\wm_gsm_ethernet_v3\Obj\stm32l4xx_hal_exti.o
#        D:\Saoviet_Git\Saoviet_Envirotrack_M_TNMT\Project_Master_TNMT_Ver_2_3\1.Source_Code_L496\wm_gsm_ethernet_v5\EWARM\wm_gsm_ethernet_v3\Obj\stm32l4xx_hal_flash.o
#        D:\Saoviet_Git\Saoviet_Envirotrack_M_TNMT\Project_Master_TNMT_Ver_2_3\1.Source_Code_L496\wm_gsm_ethernet_v5\EWARM\wm_gsm_ethernet_v3\Obj\stm32l4xx_hal_flash_ex.o
#        D:\Saoviet_Git\Saoviet_Envirotrack_M_TNMT\Project_Master_TNMT_Ver_2_3\1.Source_Code_L496\wm_gsm_ethernet_v5\EWARM\wm_gsm_ethernet_v3\Obj\stm32l4xx_hal_flash_ramfunc.o
#        D:\Saoviet_Git\Saoviet_Envirotrack_M_TNMT\Project_Master_TNMT_Ver_2_3\1.Source_Code_L496\wm_gsm_ethernet_v5\EWARM\wm_gsm_ethernet_v3\Obj\stm32l4xx_hal_gpio.o
#        D:\Saoviet_Git\Saoviet_Envirotrack_M_TNMT\Project_Master_TNMT_Ver_2_3\1.Source_Code_L496\wm_gsm_ethernet_v5\EWARM\wm_gsm_ethernet_v3\Obj\stm32l4xx_hal_i2c.o
#        D:\Saoviet_Git\Saoviet_Envirotrack_M_TNMT\Project_Master_TNMT_Ver_2_3\1.Source_Code_L496\wm_gsm_ethernet_v5\EWARM\wm_gsm_ethernet_v3\Obj\stm32l4xx_hal_i2c_ex.o
#        D:\Saoviet_Git\Saoviet_Envirotrack_M_TNMT\Project_Master_TNMT_Ver_2_3\1.Source_Code_L496\wm_gsm_ethernet_v5\EWARM\wm_gsm_ethernet_v3\Obj\stm32l4xx_hal_iwdg.o
#        D:\Saoviet_Git\Saoviet_Envirotrack_M_TNMT\Project_Master_TNMT_Ver_2_3\1.Source_Code_L496\wm_gsm_ethernet_v5\EWARM\wm_gsm_ethernet_v3\Obj\stm32l4xx_hal_lptim.o
#        D:\Saoviet_Git\Saoviet_Envirotrack_M_TNMT\Project_Master_TNMT_Ver_2_3\1.Source_Code_L496\wm_gsm_ethernet_v5\EWARM\wm_gsm_ethernet_v3\Obj\stm32l4xx_hal_msp.o
#        D:\Saoviet_Git\Saoviet_Envirotrack_M_TNMT\Project_Master_TNMT_Ver_2_3\1.Source_Code_L496\wm_gsm_ethernet_v5\EWARM\wm_gsm_ethernet_v3\Obj\stm32l4xx_hal_pwr.o
#        D:\Saoviet_Git\Saoviet_Envirotrack_M_TNMT\Project_Master_TNMT_Ver_2_3\1.Source_Code_L496\wm_gsm_ethernet_v5\EWARM\wm_gsm_ethernet_v3\Obj\stm32l4xx_hal_pwr_ex.o
#        D:\Saoviet_Git\Saoviet_Envirotrack_M_TNMT\Project_Master_TNMT_Ver_2_3\1.Source_Code_L496\wm_gsm_ethernet_v5\EWARM\wm_gsm_ethernet_v3\Obj\stm32l4xx_hal_rcc.o
#        D:\Saoviet_Git\Saoviet_Envirotrack_M_TNMT\Project_Master_TNMT_Ver_2_3\1.Source_Code_L496\wm_gsm_ethernet_v5\EWARM\wm_gsm_ethernet_v3\Obj\stm32l4xx_hal_rcc_ex.o
#        D:\Saoviet_Git\Saoviet_Envirotrack_M_TNMT\Project_Master_TNMT_Ver_2_3\1.Source_Code_L496\wm_gsm_ethernet_v5\EWARM\wm_gsm_ethernet_v3\Obj\stm32l4xx_hal_rtc.o
#        D:\Saoviet_Git\Saoviet_Envirotrack_M_TNMT\Project_Master_TNMT_Ver_2_3\1.Source_Code_L496\wm_gsm_ethernet_v5\EWARM\wm_gsm_ethernet_v3\Obj\stm32l4xx_hal_rtc_ex.o
#        D:\Saoviet_Git\Saoviet_Envirotrack_M_TNMT\Project_Master_TNMT_Ver_2_3\1.Source_Code_L496\wm_gsm_ethernet_v5\EWARM\wm_gsm_ethernet_v3\Obj\stm32l4xx_hal_spi.o
#        D:\Saoviet_Git\Saoviet_Envirotrack_M_TNMT\Project_Master_TNMT_Ver_2_3\1.Source_Code_L496\wm_gsm_ethernet_v5\EWARM\wm_gsm_ethernet_v3\Obj\stm32l4xx_hal_spi_ex.o
#        D:\Saoviet_Git\Saoviet_Envirotrack_M_TNMT\Project_Master_TNMT_Ver_2_3\1.Source_Code_L496\wm_gsm_ethernet_v5\EWARM\wm_gsm_ethernet_v3\Obj\stm32l4xx_hal_tim.o
#        D:\Saoviet_Git\Saoviet_Envirotrack_M_TNMT\Project_Master_TNMT_Ver_2_3\1.Source_Code_L496\wm_gsm_ethernet_v5\EWARM\wm_gsm_ethernet_v3\Obj\stm32l4xx_hal_tim_ex.o
#        D:\Saoviet_Git\Saoviet_Envirotrack_M_TNMT\Project_Master_TNMT_Ver_2_3\1.Source_Code_L496\wm_gsm_ethernet_v5\EWARM\wm_gsm_ethernet_v3\Obj\stm32l4xx_hal_uart.o
#        D:\Saoviet_Git\Saoviet_Envirotrack_M_TNMT\Project_Master_TNMT_Ver_2_3\1.Source_Code_L496\wm_gsm_ethernet_v5\EWARM\wm_gsm_ethernet_v3\Obj\stm32l4xx_hal_uart_ex.o
#        D:\Saoviet_Git\Saoviet_Envirotrack_M_TNMT\Project_Master_TNMT_Ver_2_3\1.Source_Code_L496\wm_gsm_ethernet_v5\EWARM\wm_gsm_ethernet_v3\Obj\stm32l4xx_it.o
#        D:\Saoviet_Git\Saoviet_Envirotrack_M_TNMT\Project_Master_TNMT_Ver_2_3\1.Source_Code_L496\wm_gsm_ethernet_v5\EWARM\wm_gsm_ethernet_v3\Obj\syscall.o
#        D:\Saoviet_Git\Saoviet_Envirotrack_M_TNMT\Project_Master_TNMT_Ver_2_3\1.Source_Code_L496\wm_gsm_ethernet_v5\EWARM\wm_gsm_ethernet_v3\Obj\system_stm32l4xx.o
#        D:\Saoviet_Git\Saoviet_Envirotrack_M_TNMT\Project_Master_TNMT_Ver_2_3\1.Source_Code_L496\wm_gsm_ethernet_v5\EWARM\wm_gsm_ethernet_v3\Obj\text.o
#        D:\Saoviet_Git\Saoviet_Envirotrack_M_TNMT\Project_Master_TNMT_Ver_2_3\1.Source_Code_L496\wm_gsm_ethernet_v5\EWARM\wm_gsm_ethernet_v3\Obj\text_tiny.o
#        D:\Saoviet_Git\Saoviet_Envirotrack_M_TNMT\Project_Master_TNMT_Ver_2_3\1.Source_Code_L496\wm_gsm_ethernet_v5\EWARM\wm_gsm_ethernet_v3\Obj\tim.o
#        D:\Saoviet_Git\Saoviet_Envirotrack_M_TNMT\Project_Master_TNMT_Ver_2_3\1.Source_Code_L496\wm_gsm_ethernet_v5\EWARM\wm_gsm_ethernet_v3\Obj\unit_tests.o
#        D:\Saoviet_Git\Saoviet_Envirotrack_M_TNMT\Project_Master_TNMT_Ver_2_3\1.Source_Code_L496\wm_gsm_ethernet_v5\EWARM\wm_gsm_ethernet_v3\Obj\usart.o
#        D:\Saoviet_Git\Saoviet_Envirotrack_M_TNMT\Project_Master_TNMT_Ver_2_3\1.Source_Code_L496\wm_gsm_ethernet_v5\EWARM\wm_gsm_ethernet_v3\Obj\user_adc.o
#        D:\Saoviet_Git\Saoviet_Envirotrack_M_TNMT\Project_Master_TNMT_Ver_2_3\1.Source_Code_L496\wm_gsm_ethernet_v5\EWARM\wm_gsm_ethernet_v3\Obj\user_adv_trace.o
#        D:\Saoviet_Git\Saoviet_Envirotrack_M_TNMT\Project_Master_TNMT_Ver_2_3\1.Source_Code_L496\wm_gsm_ethernet_v5\EWARM\wm_gsm_ethernet_v3\Obj\user_app_comm.o
#        D:\Saoviet_Git\Saoviet_Envirotrack_M_TNMT\Project_Master_TNMT_Ver_2_3\1.Source_Code_L496\wm_gsm_ethernet_v5\EWARM\wm_gsm_ethernet_v3\Obj\user_app_ethernet.o
#        D:\Saoviet_Git\Saoviet_Envirotrack_M_TNMT\Project_Master_TNMT_Ver_2_3\1.Source_Code_L496\wm_gsm_ethernet_v5\EWARM\wm_gsm_ethernet_v3\Obj\user_app_modb_m.o
#        D:\Saoviet_Git\Saoviet_Envirotrack_M_TNMT\Project_Master_TNMT_Ver_2_3\1.Source_Code_L496\wm_gsm_ethernet_v5\EWARM\wm_gsm_ethernet_v3\Obj\user_app_modb_s.o
#        D:\Saoviet_Git\Saoviet_Envirotrack_M_TNMT\Project_Master_TNMT_Ver_2_3\1.Source_Code_L496\wm_gsm_ethernet_v5\EWARM\wm_gsm_ethernet_v3\Obj\user_app_sensor.o
#        D:\Saoviet_Git\Saoviet_Envirotrack_M_TNMT\Project_Master_TNMT_Ver_2_3\1.Source_Code_L496\wm_gsm_ethernet_v5\EWARM\wm_gsm_ethernet_v3\Obj\user_app_sim.o
#        D:\Saoviet_Git\Saoviet_Envirotrack_M_TNMT\Project_Master_TNMT_Ver_2_3\1.Source_Code_L496\wm_gsm_ethernet_v5\EWARM\wm_gsm_ethernet_v3\Obj\user_app_wm.o
#        D:\Saoviet_Git\Saoviet_Envirotrack_M_TNMT\Project_Master_TNMT_Ver_2_3\1.Source_Code_L496\wm_gsm_ethernet_v5\EWARM\wm_gsm_ethernet_v3\Obj\user_at_serial.o
#        D:\Saoviet_Git\Saoviet_Envirotrack_M_TNMT\Project_Master_TNMT_Ver_2_3\1.Source_Code_L496\wm_gsm_ethernet_v5\EWARM\wm_gsm_ethernet_v3\Obj\user_convert_variable.o
#        D:\Saoviet_Git\Saoviet_Envirotrack_M_TNMT\Project_Master_TNMT_Ver_2_3\1.Source_Code_L496\wm_gsm_ethernet_v5\EWARM\wm_gsm_ethernet_v3\Obj\user_diskio.o
#        D:\Saoviet_Git\Saoviet_Envirotrack_M_TNMT\Project_Master_TNMT_Ver_2_3\1.Source_Code_L496\wm_gsm_ethernet_v5\EWARM\wm_gsm_ethernet_v3\Obj\user_ec200u.o
#        D:\Saoviet_Git\Saoviet_Envirotrack_M_TNMT\Project_Master_TNMT_Ver_2_3\1.Source_Code_L496\wm_gsm_ethernet_v5\EWARM\wm_gsm_ethernet_v3\Obj\user_internal_mem.o
#        D:\Saoviet_Git\Saoviet_Envirotrack_M_TNMT\Project_Master_TNMT_Ver_2_3\1.Source_Code_L496\wm_gsm_ethernet_v5\EWARM\wm_gsm_ethernet_v3\Obj\user_json.o
#        D:\Saoviet_Git\Saoviet_Envirotrack_M_TNMT\Project_Master_TNMT_Ver_2_3\1.Source_Code_L496\wm_gsm_ethernet_v5\EWARM\wm_gsm_ethernet_v3\Obj\user_l506.o
#        D:\Saoviet_Git\Saoviet_Envirotrack_M_TNMT\Project_Master_TNMT_Ver_2_3\1.Source_Code_L496\wm_gsm_ethernet_v5\EWARM\wm_gsm_ethernet_v3\Obj\user_l511.o
#        D:\Saoviet_Git\Saoviet_Envirotrack_M_TNMT\Project_Master_TNMT_Ver_2_3\1.Source_Code_L496\wm_gsm_ethernet_v5\EWARM\wm_gsm_ethernet_v3\Obj\user_lpm.o
#        D:\Saoviet_Git\Saoviet_Envirotrack_M_TNMT\Project_Master_TNMT_Ver_2_3\1.Source_Code_L496\wm_gsm_ethernet_v5\EWARM\wm_gsm_ethernet_v3\Obj\user_lptim.o
#        D:\Saoviet_Git\Saoviet_Envirotrack_M_TNMT\Project_Master_TNMT_Ver_2_3\1.Source_Code_L496\wm_gsm_ethernet_v5\EWARM\wm_gsm_ethernet_v3\Obj\user_mem.o
#        D:\Saoviet_Git\Saoviet_Envirotrack_M_TNMT\Project_Master_TNMT_Ver_2_3\1.Source_Code_L496\wm_gsm_ethernet_v5\EWARM\wm_gsm_ethernet_v3\Obj\user_mem_comm.o
#        D:\Saoviet_Git\Saoviet_Envirotrack_M_TNMT\Project_Master_TNMT_Ver_2_3\1.Source_Code_L496\wm_gsm_ethernet_v5\EWARM\wm_gsm_ethernet_v3\Obj\user_message.o
#        D:\Saoviet_Git\Saoviet_Envirotrack_M_TNMT\Project_Master_TNMT_Ver_2_3\1.Source_Code_L496\wm_gsm_ethernet_v5\EWARM\wm_gsm_ethernet_v3\Obj\user_modbus_rtu.o
#        D:\Saoviet_Git\Saoviet_Envirotrack_M_TNMT\Project_Master_TNMT_Ver_2_3\1.Source_Code_L496\wm_gsm_ethernet_v5\EWARM\wm_gsm_ethernet_v3\Obj\user_modem.o
#        D:\Saoviet_Git\Saoviet_Envirotrack_M_TNMT\Project_Master_TNMT_Ver_2_3\1.Source_Code_L496\wm_gsm_ethernet_v5\EWARM\wm_gsm_ethernet_v3\Obj\user_obis_sv.o
#        D:\Saoviet_Git\Saoviet_Envirotrack_M_TNMT\Project_Master_TNMT_Ver_2_3\1.Source_Code_L496\wm_gsm_ethernet_v5\EWARM\wm_gsm_ethernet_v3\Obj\user_rs485.o
#        D:\Saoviet_Git\Saoviet_Envirotrack_M_TNMT\Project_Master_TNMT_Ver_2_3\1.Source_Code_L496\wm_gsm_ethernet_v5\EWARM\wm_gsm_ethernet_v3\Obj\user_rtc.o
#        D:\Saoviet_Git\Saoviet_Envirotrack_M_TNMT\Project_Master_TNMT_Ver_2_3\1.Source_Code_L496\wm_gsm_ethernet_v5\EWARM\wm_gsm_ethernet_v3\Obj\user_sd.o
#        D:\Saoviet_Git\Saoviet_Envirotrack_M_TNMT\Project_Master_TNMT_Ver_2_3\1.Source_Code_L496\wm_gsm_ethernet_v5\EWARM\wm_gsm_ethernet_v3\Obj\user_sim.o
#        D:\Saoviet_Git\Saoviet_Envirotrack_M_TNMT\Project_Master_TNMT_Ver_2_3\1.Source_Code_L496\wm_gsm_ethernet_v5\EWARM\wm_gsm_ethernet_v3\Obj\user_sim_common.o
#        D:\Saoviet_Git\Saoviet_Envirotrack_M_TNMT\Project_Master_TNMT_Ver_2_3\1.Source_Code_L496\wm_gsm_ethernet_v5\EWARM\wm_gsm_ethernet_v3\Obj\user_string.o
#        D:\Saoviet_Git\Saoviet_Envirotrack_M_TNMT\Project_Master_TNMT_Ver_2_3\1.Source_Code_L496\wm_gsm_ethernet_v5\EWARM\wm_gsm_ethernet_v3\Obj\user_time.o
#        D:\Saoviet_Git\Saoviet_Envirotrack_M_TNMT\Project_Master_TNMT_Ver_2_3\1.Source_Code_L496\wm_gsm_ethernet_v5\EWARM\wm_gsm_ethernet_v3\Obj\user_timer.o
#        D:\Saoviet_Git\Saoviet_Envirotrack_M_TNMT\Project_Master_TNMT_Ver_2_3\1.Source_Code_L496\wm_gsm_ethernet_v5\EWARM\wm_gsm_ethernet_v3\Obj\user_tiny_vsnprintf.o
#        D:\Saoviet_Git\Saoviet_Envirotrack_M_TNMT\Project_Master_TNMT_Ver_2_3\1.Source_Code_L496\wm_gsm_ethernet_v5\EWARM\wm_gsm_ethernet_v3\Obj\user_uart.o
#        D:\Saoviet_Git\Saoviet_Envirotrack_M_TNMT\Project_Master_TNMT_Ver_2_3\1.Source_Code_L496\wm_gsm_ethernet_v5\EWARM\wm_gsm_ethernet_v3\Obj\user_util.o
#        D:\Saoviet_Git\Saoviet_Envirotrack_M_TNMT\Project_Master_TNMT_Ver_2_3\1.Source_Code_L496\wm_gsm_ethernet_v5\EWARM\wm_gsm_ethernet_v3\Obj\user_wm_digital.o
#        D:\Saoviet_Git\Saoviet_Envirotrack_M_TNMT\Project_Master_TNMT_Ver_2_3\1.Source_Code_L496\wm_gsm_ethernet_v5\EWARM\wm_gsm_ethernet_v3\Obj\w6100.o
#        D:\Saoviet_Git\Saoviet_Envirotrack_M_TNMT\Project_Master_TNMT_Ver_2_3\1.Source_Code_L496\wm_gsm_ethernet_v5\EWARM\wm_gsm_ethernet_v3\Obj\wizchip_conf.o
#        D:\Saoviet_Git\Saoviet_Envirotrack_M_TNMT\Project_Master_TNMT_Ver_2_3\1.Source_Code_L496\wm_gsm_ethernet_v5\EWARM\wm_gsm_ethernet_v3\Obj\wm_mong_cai.o
#        D:\Saoviet_Git\Saoviet_Envirotrack_M_TNMT\Project_Master_TNMT_Ver_2_3\1.Source_Code_L496\wm_gsm_ethernet_v5\EWARM\wm_gsm_ethernet_v3\Obj\wm_mt100.o
#        D:\Saoviet_Git\Saoviet_Envirotrack_M_TNMT\Project_Master_TNMT_Ver_2_3\1.Source_Code_L496\wm_gsm_ethernet_v5\EWARM\wm_gsm_ethernet_v3\Obj\wm_sence.o
#        D:\Saoviet_Git\Saoviet_Envirotrack_M_TNMT\Project_Master_TNMT_Ver_2_3\1.Source_Code_L496\wm_gsm_ethernet_v5\EWARM\wm_gsm_ethernet_v3\Obj\woteck_ultrasonic.o
#        D:\Saoviet_Git\Saoviet_Envirotrack_M_TNMT\Project_Master_TNMT_Ver_2_3\1.Source_Code_L496\wm_gsm_ethernet_v5\EWARM\wm_gsm_ethernet_v3\Obj\woteck_wm.o
#        --no_out_extension -o
#        D:\Saoviet_Git\Saoviet_Envirotrack_M_TNMT\Project_Master_TNMT_Ver_2_3\1.Source_Code_L496\wm_gsm_ethernet_v5\EWARM\wm_gsm_ethernet_v3\Exe\wm_gsm_ethernet_v3.out
#        --redirect _Printf=_PrintfFullNoMb --redirect _Scanf=_ScanfFullNoMb
#        --map
#        D:\Saoviet_Git\Saoviet_Envirotrack_M_TNMT\Project_Master_TNMT_Ver_2_3\1.Source_Code_L496\wm_gsm_ethernet_v5\EWARM\wm_gsm_ethernet_v3\List\wm_gsm_ethernet_v3.map
#        --config
#        D:\Saoviet_Git\Saoviet_Envirotrack_M_TNMT\Project_Master_TNMT_Ver_2_3\1.Source_Code_L496\wm_gsm_ethernet_v5\EWARM/stm32l496xx_flash.icf
#        --semihosting --entry __iar_program_start --vfe --text_out locale)
#
###############################################################################

*******************************************************************************
*** RUNTIME MODEL ATTRIBUTES
***

CppFlavor       = *
__Heap_Handler  = DLMalloc
__SystemLibrary = DLib
__dlib_version  = 6


*******************************************************************************
*** HEAP SELECTION
***

The advanced heap was selected because the application calls memory
allocation functions outside of system library functions, and there
are calls to deallocation functions in the application.


*******************************************************************************
*** PLACEMENT SUMMARY
***

"A0":  place at address 0x800'4000 { ro section .intvec };
"P1":  place in [from 0x800'0000 to 0x80f'ffff] { ro };
define block CSTACK with size = 3840, alignment = 8 { };
define block HEAP with size = 1K, alignment = 8 { };
"P2":  place in [from 0x2000'0000 to 0x2004'ffff] {
          rw, block CSTACK, block HEAP };
initialize by copy { rw };

  Section            Kind         Address      Size  Object
  -------            ----         -------      ----  ------
"A0":                                         0x1ac
  .intvec            ro code   0x800'4000     0x1ac  startup_stm32l496xx.o [1]
                             - 0x800'41ac     0x1ac

"P1":                                      0x3'65bd
  .text              ro code   0x800'41ac    0x3188  user_app_wm.o [1]
  .text              ro code   0x800'7334     0x3c4  user_timer.o [1]
  .text              ro code   0x800'76f8     0x194  user_rs485.o [1]
  .text              ro code   0x800'788c       0xc  stm32l4xx_hal.o [1]
  .text              ro code   0x800'7898      0x54  event_driven.o [1]
  .text              ro code   0x800'78ec     0x6ec  user_util.o [1]
  .text              ro code   0x800'7fd8     0x32c  user_time.o [1]
  .text              ro code   0x800'8304     0x2fe  user_adv_trace.o [1]
  .text              ro code   0x800'8602      0x56  level_S_YW_01B.o [1]
  .text              ro code   0x800'8658    0x30bc  user_app_ethernet.o [1]
  .text              ro code   0x800'b714    0x1534  user_app_sim.o [1]
  .text              ro code   0x800'cc48      0x66  ABImemset.o [4]
  .text              ro code   0x800'ccae      0x3a  zero_init3.o [4]
  .text              ro code   0x800'cce8     0x1cc  user_lptim.o [1]
  .text              ro code   0x800'ceb4      0x40  sprintf.o [2]
  .text              ro code   0x800'cef4      0x58  S64ToFlt.o [3]
  .text              ro code   0x800'cf4c      0x48  FltToDbl.o [3]
  .text              ro code   0x800'cf94      0x68  DblToFlt.o [3]
  .text              ro code   0x800'cffc     0x152  user_adc.o [1]
  .text              ro code   0x800'd14e      0x2a  level_ultrasonic.o [1]
  .text              ro code   0x800'd178     0x40c  stm32l4xx_hal_gpio.o [1]
  .text              ro code   0x800'd584      0x2e  DblCmpLe.o [3]
  .text              ro code   0x800'd5b2      0x1a  xsnprout.o [2]
  .text              ro code   0x800'd5cc      0xe2  DblSub.o [3]
  .text              ro code   0x800'd6ae       0xa  xsprout.o [2]
  .text              ro code   0x800'd6b8     0x1a2  DblMul.o [3]
  .rodata            const     0x800'd85a       0x2  user_app_wm.o [1]
  .text              ro code   0x800'd85c     0x246  DblDiv.o [3]
  .rodata            const     0x800'daa2       0x2  user_ec200u.o [1]
  .text              ro code   0x800'daa4     0x17a  DblAdd.o [3]
  .rodata            const     0x800'dc1e       0x2  user_ec200u.o [1]
  .text              ro code   0x800'dc20      0xa6  ABImemcpy.o [4]
  .text              ro code   0x800'dcc6     0x306  user_obis_sv.o [1]
  .text              ro code   0x800'dfcc     0x1f2  onchipflash.o [1]
  .rodata            const     0x800'e1be       0x2  xlocale_c.o [2]
  .text              ro code   0x800'e1c0    0x13a0  user_mem.o [1]
  .text              ro code   0x800'f560      0x36  strlen.o [4]
  .text              ro code   0x800'f596      0x90  iar_Stolx.o [2]
  .rodata            const     0x800'f626       0x2  xlocale_c.o [2]
  .text              ro code   0x800'f628     0x3a4  strto32.o [3]
  .text              ro code   0x800'f9cc      0x3a  FltToU64.o [3]
  .rodata            const     0x800'fa06       0x1  xlocale_c.o [2]
  .text              ro code   0x800'fa08      0x16  strchr.o [4]
  .text              ro code   0x800'fa20      0x70  strncpy.o [4]
  .text              ro code   0x800'fa90      0x1a  U32ToDbl.o [3]
  .text              ro code   0x800'faac      0x22  S32ToDbl.o [3]
  .text              ro code   0x800'fad0      0x3a  DblToS32.o [3]
  .text              ro code   0x800'fb0c     0x4dc  usart.o [1]
  .text              ro code   0x800'ffe8     0xeac  stm32l4xx_hal_uart.o [1]
  .text              ro code   0x801'0e94     0x194  stm32l4xx_hal_cortex.o [1]
  .text              ro code   0x801'1028      0x28  stm32l4xx_hal.o [1]
  .text              ro code   0x801'1050      0x1e  math_wrappers64.o [3]
  .text              ro code   0x801'1070     0x14c  iar_Stoulx.o [2]
  .text              ro code   0x801'11bc    0x14dc  dlmalloc.o [2]
  .text              ro code   0x801'2698       0x4  heaptramp0.o [2]
  .text              ro code   0x801'269c     0x78e  stm32l4xx_hal_rtc.o [1]
  .text              ro code   0x801'2e2c     0x350  user_tiny_vsnprintf.o [1]
  .text              ro code   0x801'317c       0x2  user_adv_trace.o [1]
  .text              ro code   0x801'317e       0x8  abs.o [2]
  .text              ro code   0x801'3188     0x33c  w6100.o [1]
  .text              ro code   0x801'34c4    0x237c  user_modem.o [1]
  .text              ro code   0x801'5840    0x1118  dhcpv4.o [1]
  .text              ro code   0x801'6958     0xd38  dhcpv6.o [1]
  .text              ro code   0x801'7690     0x630  dns.o [1]
  .text              ro code   0x801'7cc0     0xb64  wizchip_conf.o [1]
  .text              ro code   0x801'8824     0x1b6  queue_p.o [1]
  .text              ro code   0x801'89dc     0xf2c  socket.o [1]
  .text              ro code   0x801'9908     0xddc  user_message.o [1]
  .text              ro code   0x801'a6e4     0x1e6  user_string.o [1]
  .text              ro code   0x801'a8cc     0xf34  user_app_modb_s.o [1]
  .text              ro code   0x801'b800    0x17f0  user_app_sensor.o [1]
  .text              ro code   0x801'cff0     0x9e4  user_app_comm.o [1]
  .text              ro code   0x801'd9d4     0xdfc  stm32l4xx_hal_spi.o [1]
  .text              ro code   0x801'e7d0      0x4c  strtok.o [2]
  .text              ro code   0x801'e81c     0x1b4  stm32l4xx_hal_flash.o [1]
  .text              ro code   0x801'e9d0     0x9f6  user_sim_common.o [1]
  .text              ro code   0x801'f3c8     0x7bc  user_sim.o [1]
  .text              ro code   0x801'fb84     0xc56  user_ec200u.o [1]
  .text              ro code   0x802'07dc     0x190  stm32l4xx_hal_lptim.o [1]
  .text              ro code   0x802'096c     0x3bc  stm32l4xx_hal_tim.o [1]
  .text              ro code   0x802'0d28     0xfc6  xprintffull_nomb.o [2]
  .text              ro code   0x802'1cf0     0xf3c  stm32l4xx_hal_adc.o [1]
  .text              ro code   0x802'2c2c      0xfc  main.o [1]
  .text              ro code   0x802'2d28     0x1e0  stm32l4xx_hal_adc_ex.o [1]
  .text              ro code   0x802'2f08      0xb4  stm32l4xx_hal_flash_ex.o [1]
  .text              ro code   0x802'2fbc      0x68  memcmp.o [4]
  .text              ro code   0x802'3024     0x104  user_internal_mem.o [1]
  .text              ro code   0x802'3128     0xa40  S25FL216K.o [1]
  .text              ro code   0x802'3b68     0x5ec  user_sd.o [1]
  .text              ro code   0x802'4154      0x14  isspace.o [2]
  .text              ro code   0x802'4168      0x48  frexpf.o [3]
  .text              ro code   0x802'41b0      0xc4  ldexpf.o [3]
  .text              ro code   0x802'4274     0x122  iar_Stopfx.o [2]
  .text              ro code   0x802'4398     0x1b8  iar_Stoflt.o [2]
  .text              ro code   0x802'4550     0x208  iar_Stoxflt.o [2]
  .text              ro code   0x802'4758      0x14  memset.o [4]
  .text              ro code   0x802'476c     0x730  stm32l4xx_hal_rcc_ex.o [1]
  .text              ro code   0x802'4e9c     0x476  stm32l4xx_hal_dma.o [1]
  .text              ro code   0x802'5312       0x2  stm32l4xx_hal_uart.o [1]
  .text              ro code   0x802'5314      0xa8  user_uart.o [1]
  .text              ro code   0x802'53bc       0x2  stm32l4xx_hal_uart_ex.o [1]
  .text              ro code   0x802'53c0     0xa04  stm32l4xx_hal_rcc.o [1]
  .text              ro code   0x802'5dc4     0x230  I64DivMod.o [4]
  .text              ro code   0x802'5ff4       0x2  stm32l4xx_hal_uart.o [1]
  .text              ro code   0x802'5ff8     0x4f8  strto64.o [3]
  .text              ro code   0x802'64f0     0x6ec  pow64.o [3]
  .text              ro code   0x802'6bdc      0x14  tolower.o [2]
  .text              ro code   0x802'6bf0      0x58  memchr.o [4]
  .text              ro code   0x802'6c48       0x6  abort.o [2]
  .text              ro code   0x802'6c50      0x2c  xgetmemchunk.o [2]
  .text              ro code   0x802'6c7c       0x6  ABImemclr.o [4]
  .text              ro code   0x802'6c84      0x58  rtc.o [1]
  .text              ro code   0x802'6cdc     0x3b0  user_rtc.o [1]
  .text              ro code   0x802'708c       0x2  stm32l4xx_hal_rtc_ex.o [1]
  .text              ro code   0x802'708e      0x2c  strstr.o [2]
  .text              ro code   0x802'70bc      0x46  U64ToDbl.o [3]
  .text              ro code   0x802'7104       0x6  ABImemclr4.o [4]
  .text              ro code   0x802'710c      0x48  U64ToFlt.o [3]
  .text              ro code   0x802'7154      0x18  strcpy.o [4]
  .text              ro code   0x802'716c      0xe0  MQTTSerializePublish.o [1]
  .text              ro code   0x802'724c     0x994  user_convert_variable.o [1]
  .text              ro code   0x802'7be0      0xe8  MQTTSubscribeClient.o [1]
  .text              ro code   0x802'7cc8     0x200  MQTTConnectClient.o [1]
  .text              ro code   0x802'7ec8     0x362  user_modbus_rtu.o [1]
  .text              ro code   0x802'822c      0x38  roundf.o [3]
  .text              ro code   0x802'8264      0x80  stm32l4xx_hal_iwdg.o [1]
  .text              ro code   0x802'82e4      0x24  user_lpm.o [1]
  .text              ro code   0x802'8308    0x13bc  user_app_modb_m.o [1]
  .text              ro code   0x802'96c4    0x18b4  lcd_display.o [1]
  .text              ro code   0x802'af78     0x324  spi.o [1]
  .text              ro code   0x802'b29c       0x2  stm32l4xx_hal_spi.o [1]
  .text              ro code   0x802'b2a0     0x610  sd_spi.o [1]
  .text              ro code   0x802'b8b0       0x2  stm32l4xx_hal_spi.o [1]
  .text              ro code   0x802'b8b2       0x2  stm32l4xx_hal_spi.o [1]
  .text              ro code   0x802'b8b4       0x2  stm32l4xx_hal_spi.o [1]
  .text              ro code   0x802'b8b6       0x2  stm32l4xx_hal_spi.o [1]
  .text              ro code   0x802'b8b8      0x22  strspn.o [2]
  .text              ro code   0x802'b8da      0x22  strcspn.o [2]
  .text              ro code   0x802'b8fc     0x194  lptim.o [1]
  .text              ro code   0x802'ba90     0x1dc  tim.o [1]
  .text              ro code   0x802'bc6c      0x40  xfail_s.o [2]
  .text              ro code   0x802'bcac      0x70  frexp.o [3]
  .text              ro code   0x802'bd1c      0x2e  DblCmpGe.o [3]
  .text              ro code   0x802'bd4c     0x13a  ldexp.o [3]
  .text              ro code   0x802'be88      0x28  DblToU32.o [3]
  .text              ro code   0x802'beb0      0x4c  xlocale_c.o [2]
  .text              ro code   0x802'befc     0x1dc  adc.o [1]
  .text              ro code   0x802'c0d8      0x4c  stm32l4xx_hal.o [1]
  .text              ro code   0x802'c124     0x338  gpio.o [1]
  .text              ro code   0x802'c45c      0x90  dma.o [1]
  .text              ro code   0x802'c4ec      0xf4  i2c.o [1]
  .text              ro code   0x802'c5e0      0x2c  iwdg.o [1]
  .text              ro code   0x802'c60c      0x94  stm32l4xx_hal_pwr_ex.o [1]
  .text              ro code   0x802'c6a0      0x10  stm32l4xx_hal_pwr.o [1]
  .text              ro code   0x802'c6b0     0x47c  sd_functions.o [1]
  .text              ro code   0x802'cb2c    0x2bd2  ff.o [1]
  .text              ro code   0x802'f6fe      0x14  isalpha.o [2]
  .text              ro code   0x802'f714      0x60  stm32l4xx_hal.o [1]
  .text              ro code   0x802'f774       0x2  I64DivZer.o [4]
  .text              ro code   0x802'f778      0x20  DblCmpEq.o [3]
  .text              ro code   0x802'f798     0x3e8  iar_Exp64.o [3]
  .text              ro code   0x802'fb80      0x14  exit.o [5]
  .text              ro code   0x802'fb94      0x48  stm32l4xx_hal_rtc_ex.o [1]
  .text              ro code   0x802'fbdc      0x32  ABImemset48.o [4]
  .text              ro code   0x802'fc10     0x11c  MQTTPacket.o [1]
  .text              ro code   0x802'fd2c      0x68  user_wm_digital.o [1]
  .text              ro code   0x802'fd94      0xa0  STM32L4.o [1]
  .text              ro code   0x802'fe34     0x290  text_tiny.o [1]
  .text              ro code   0x803'00c4      0x14  unit_tests.o [1]
  .text              ro code   0x803'00d8      0xe8  glcd.o [1]
  .text              ro code   0x803'01c0     0x390  text.o [1]
  .text              ro code   0x803'0550     0x2b0  graphics.o [1]
  .text              ro code   0x803'0800     0x154  ST7565R.o [1]
  .text              ro code   0x803'0954      0x52  DblToU64.o [3]
  .text              ro code   0x803'09a8    0x144c  button.o [1]
  .text              ro code   0x803'1df4      0xb4  stm32l4xx_hal_tim_ex.o [1]
  .text              ro code   0x803'1ea8      0x38  stm32l4xx_hal_msp.o [1]
  .text              ro code   0x803'1ee0      0xde  stm32l4xx_hal_i2c.o [1]
  .text              ro code   0x803'1fc0      0xc6  stm32l4xx_hal_i2c_ex.o [1]
  .text              ro code   0x803'2088      0xb8  ff_gen_drv.o [1]
  .text              ro code   0x803'2140      0xf0  diskio.o [1]
  .text              ro code   0x803'2230      0x12  strcmp.o [4]
  .text              ro code   0x803'2244      0x44  snprintf.o [2]
  .text              ro code   0x803'2288     0x130  ccsbcs.o [1]
  .text              ro code   0x803'23b8      0x18  syscall.o [1]
  .text              ro code   0x803'23d0       0x4  fatfs.o [1]
  .text              ro code   0x803'23d4      0x2c  iarttio.o [5]
  .text              ro code   0x803'2400       0xc  XShttio.o [2]
  .rodata            const     0x803'240c     0x8d0  user_ec200u.o [1]
  .rodata            const     0x803'2cdc     0x548  lcd_display.o [1]
  .rodata            const     0x803'3228     0x420  pow64.o [3]
  .rodata            const     0x803'3648     0x400  unit_tests.o [1]
  .text              ro code   0x803'3a48     0x3bc  siemen_mag8000.o [1]
  .text              ro code   0x803'3e04     0x230  wm_sence.o [1]
  .rodata            const     0x803'4034     0x214  lcd_display.o [1]
  .rodata            const     0x803'4248     0x1f4  ccsbcs.o [1]
  .text              ro code   0x803'443c     0x1ec  woteck_wm.o [1]
  .rodata            const     0x803'4628     0x1e0  user_message.o [1]
  .text              ro code   0x803'4808     0x1e0  woteck_ultrasonic.o [1]
  .text              ro code   0x803'49e8     0x1c4  wm_mt100.o [1]
  .rodata            const     0x803'4bac     0x180  lcd_display.o [1]
  .rodata            const     0x803'4d2c     0x12c  user_app_sensor.o [1]
  .rodata            const     0x803'4e58     0x12c  user_app_sensor.o [1]
  .rodata            const     0x803'4f84     0x12c  user_app_sensor.o [1]
  .rodata            const     0x803'50b0     0x12c  user_app_sensor.o [1]
  .rodata            const     0x803'51dc     0x100  ccsbcs.o [1]
  .rodata            const     0x803'52dc     0x100  user_message.o [1]
  .text              ro code   0x803'53dc      0xfa  sd_diskio_spi.o [1]
  .text              ro code   0x803'54d8      0xf8  stm32l4xx_it.o [1]
  .text              ro code   0x803'55d0      0x18  stm32l4xx_hal.o [1]
  .rodata            const     0x803'55e8      0xd0  user_ec200u.o [1]
  .rodata            const     0x803'56b8      0xc8  user_app_sensor.o [1]
  .rodata            const     0x803'5780      0xc8  user_app_sensor.o [1]
  .text              ro code   0x803'5848      0xc8  wm_mong_cai.o [1]
  .rodata            const     0x803'5910      0xbc  ccsbcs.o [1]
  .rodata            const     0x803'59cc      0xb8  sd_functions.o [1]
  .rodata            const     0x803'5a84      0x80  ff.o [1]
  .text              ro code   0x803'5b04      0x78  lz77_init_single.o [4]
  .rodata            const     0x803'5b7c      0x50  user_modem.o [1]
  .rodata            const     0x803'5bcc      0x50  iar_Stoulx.o [2]
  .rodata            const     0x803'5c1c      0x44  user_mem.o [1]
  .rodata            const     0x803'5c60      0x48  strto64.o [3]
  .text              ro code   0x803'5ca8      0x48  level_SUP_PX261_B.o [1]
  .rodata            const     0x803'5cf0      0x40  user_mem.o [1]
  .rodata            const     0x803'5d30      0x3c  user_mem.o [1]
  .rodata            const     0x803'5d6c      0x38  sd_functions.o [1]
  .rodata            const     0x803'5da4      0x38  user_app_wm.o [1]
  .rodata            const     0x803'5ddc      0x38  user_mem.o [1]
  .rodata            const     0x803'5e14      0x34  user_app_ethernet.o [1]
  .rodata            const     0x803'5e48      0x34  user_app_sensor.o [1]
  .rodata            const     0x803'5e7c      0x34  user_app_sensor.o [1]
  .rodata            const     0x803'5eb0      0x30  system_stm32l4xx.o [1]
  .rodata            const     0x803'5ee0      0x30  user_app_ethernet.o [1]
  .rodata            const     0x803'5f10      0x30  user_app_ethernet.o [1]
  .rodata            const     0x803'5f40      0x30  user_ec200u.o [1]
  .rodata            const     0x803'5f70      0x30  user_ec200u.o [1]
  .rodata            const     0x803'5fa0      0x30  user_mem.o [1]
  .rodata            const     0x803'5fd0      0x2c  user_app_comm.o [1]
  .rodata            const     0x803'5ffc      0x2c  user_app_ethernet.o [1]
  .rodata            const     0x803'6028      0x2c  user_app_ethernet.o [1]
  .rodata            const     0x803'6054      0x2c  user_app_ethernet.o [1]
  .rodata            const     0x803'6080      0x2c  user_mem.o [1]
  .rodata            const     0x803'60ac      0x2c  user_rtc.o [1]
  .rodata            const     0x803'60d8      0x28  S25FL216K.o [1]
  .rodata            const     0x803'6100      0x28  S25FL216K.o [1]
  .rodata            const     0x803'6128      0x28  user_app_ethernet.o [1]
  .rodata            const     0x803'6150      0x28  user_app_ethernet.o [1]
  .rodata            const     0x803'6178      0x28  user_app_ethernet.o [1]
  .rodata            const     0x803'61a0      0x28  user_app_sensor.o [1]
  .rodata            const     0x803'61c8      0x28  user_app_wm.o [1]
  .rodata            const     0x803'61f0      0x28  user_ec200u.o [1]
  .rodata            const     0x803'6218      0x28  user_ec200u.o [1]
  .rodata            const     0x803'6240      0x28  user_ec200u.o [1]
  .rodata            const     0x803'6268      0x28  user_modem.o [1]
  .rodata            const     0x803'6290      0x28  user_tiny_vsnprintf.o [1]
  .rodata            const     0x803'62b8      0x28  user_tiny_vsnprintf.o [1]
  .text              ro code   0x803'62e0      0x28  data_init.o [4]
  .rodata            const     0x803'6308      0x24  user_app_comm.o [1]
  .rodata            const     0x803'632c      0x24  user_app_comm.o [1]
  .rodata            const     0x803'6350      0x24  user_app_comm.o [1]
  .rodata            const     0x803'6374      0x24  user_app_comm.o [1]
  .rodata            const     0x803'6398      0x24  user_app_ethernet.o [1]
  .rodata            const     0x803'63bc      0x24  user_app_ethernet.o [1]
  .rodata            const     0x803'63e0      0x24  user_app_ethernet.o [1]
  .rodata            const     0x803'6404      0x24  user_app_ethernet.o [1]
  .rodata            const     0x803'6428      0x24  user_app_ethernet.o [1]
  .rodata            const     0x803'644c      0x24  user_app_ethernet.o [1]
  .rodata            const     0x803'6470      0x24  user_app_ethernet.o [1]
  .rodata            const     0x803'6494      0x24  user_app_ethernet.o [1]
  .rodata            const     0x803'64b8      0x24  user_app_ethernet.o [1]
  .rodata            const     0x803'64dc      0x24  user_app_ethernet.o [1]
  .rodata            const     0x803'6500      0x24  user_app_ethernet.o [1]
  .rodata            const     0x803'6524      0x24  user_app_ethernet.o [1]
  .rodata            const     0x803'6548      0x24  user_app_ethernet.o [1]
  .rodata            const     0x803'656c      0x24  user_app_ethernet.o [1]
  .rodata            const     0x803'6590      0x24  user_app_sim.o [1]
  .rodata            const     0x803'65b4      0x24  user_app_sim.o [1]
  .rodata            const     0x803'65d8      0x24  user_ec200u.o [1]
  .rodata            const     0x803'65fc      0x24  user_mem.o [1]
  .text              ro code   0x803'6620      0x22  fpinit_M.o [3]
  .iar.init_table    const     0x803'6644      0x20  - Linker created -
  .rodata            const     0x803'6664      0x20  S25FL216K.o [1]
  .rodata            const     0x803'6684      0x20  sd_functions.o [1]
  .rodata            const     0x803'66a4      0x20  sd_functions.o [1]
  .rodata            const     0x803'66c4      0x20  sd_functions.o [1]
  .rodata            const     0x803'66e4      0x20  user_app_comm.o [1]
  .rodata            const     0x803'6704      0x20  user_app_comm.o [1]
  .rodata            const     0x803'6724      0x20  user_app_comm.o [1]
  .rodata            const     0x803'6744      0x20  user_app_comm.o [1]
  .rodata            const     0x803'6764      0x20  user_app_comm.o [1]
  .rodata            const     0x803'6784      0x20  user_app_comm.o [1]
  .rodata            const     0x803'67a4      0x20  user_app_ethernet.o [1]
  .rodata            const     0x803'67c4      0x20  user_app_ethernet.o [1]
  .rodata            const     0x803'67e4      0x20  user_app_ethernet.o [1]
  .rodata            const     0x803'6804      0x20  user_app_ethernet.o [1]
  .rodata            const     0x803'6824      0x20  user_app_ethernet.o [1]
  .rodata            const     0x803'6844      0x20  user_app_ethernet.o [1]
  .rodata            const     0x803'6864      0x20  user_app_ethernet.o [1]
  .rodata            const     0x803'6884      0x20  user_app_ethernet.o [1]
  .rodata            const     0x803'68a4      0x20  user_app_ethernet.o [1]
  .rodata            const     0x803'68c4      0x20  user_app_ethernet.o [1]
  .rodata            const     0x803'68e4      0x20  user_app_sim.o [1]
  .rodata            const     0x803'6904      0x20  user_app_sim.o [1]
  .rodata            const     0x803'6924      0x20  user_app_sim.o [1]
  .rodata            const     0x803'6944      0x20  user_app_wm.o [1]
  .rodata            const     0x803'6964      0x20  user_app_wm.o [1]
  .rodata            const     0x803'6984      0x20  user_ec200u.o [1]
  .rodata            const     0x803'69a4      0x20  user_ec200u.o [1]
  .rodata            const     0x803'69c4      0x20  user_ec200u.o [1]
  .rodata            const     0x803'69e4      0x20  user_ec200u.o [1]
  .rodata            const     0x803'6a04      0x20  user_ec200u.o [1]
  .rodata            const     0x803'6a24      0x20  user_ec200u.o [1]
  .rodata            const     0x803'6a44      0x20  user_mem.o [1]
  .rodata            const     0x803'6a64      0x20  user_mem.o [1]
  .rodata            const     0x803'6a84      0x20  user_mem.o [1]
  .rodata            const     0x803'6aa4      0x20  user_mem.o [1]
  .rodata            const     0x803'6ac4      0x20  user_message.o [1]
  .rodata            const     0x803'6ae4      0x20  user_modem.o [1]
  .rodata            const     0x803'6b04      0x20  user_rtc.o [1]
  .rodata            const     0x803'6b24      0x20  user_sd.o [1]
  .rodata            const     0x803'6b44      0x20  user_sim.o [1]
  .rodata            const     0x803'6b64      0x20  user_sim.o [1]
  .rodata            const     0x803'6b84      0x20  user_sim_common.o [1]
  .rodata            const     0x803'6ba4      0x20  user_sim_common.o [1]
  .text              ro code   0x803'6bc4      0x20  system_stm32l4xx.o [1]
  .text              ro code   0x803'6be4      0x1e  cmain.o [4]
  .text              ro code   0x803'6c02       0x4  low_level_init.o [2]
  .text              ro code   0x803'6c06       0x4  exit.o [2]
  .text              ro code   0x803'6c0c       0xa  cexit.o [4]
  .rodata            const     0x803'6c18      0x1c  S25FL216K.o [1]
  .rodata            const     0x803'6c34      0x1c  sd_functions.o [1]
  .rodata            const     0x803'6c50      0x1c  sd_functions.o [1]
  .rodata            const     0x803'6c6c      0x1c  sd_functions.o [1]
  .rodata            const     0x803'6c88      0x1c  siemen_mag8000.o [1]
  .rodata            const     0x803'6ca4      0x1c  user_app_comm.o [1]
  .rodata            const     0x803'6cc0      0x1c  user_app_comm.o [1]
  .rodata            const     0x803'6cdc      0x1c  user_app_comm.o [1]
  .rodata            const     0x803'6cf8      0x1c  user_app_comm.o [1]
  .rodata            const     0x803'6d14      0x1c  user_app_comm.o [1]
  .rodata            const     0x803'6d30      0x1c  user_app_comm.o [1]
  .rodata            const     0x803'6d4c      0x1c  user_app_ethernet.o [1]
  .rodata            const     0x803'6d68      0x1c  user_app_ethernet.o [1]
  .rodata            const     0x803'6d84      0x1c  user_app_ethernet.o [1]
  .rodata            const     0x803'6da0      0x1c  user_app_ethernet.o [1]
  .rodata            const     0x803'6dbc      0x1c  user_app_ethernet.o [1]
  .rodata            const     0x803'6dd8      0x1c  user_app_ethernet.o [1]
  .rodata            const     0x803'6df4      0x1c  user_app_ethernet.o [1]
  .rodata            const     0x803'6e10      0x1c  user_app_ethernet.o [1]
  .rodata            const     0x803'6e2c      0x1c  user_app_ethernet.o [1]
  .rodata            const     0x803'6e48      0x1c  user_app_ethernet.o [1]
  .rodata            const     0x803'6e64      0x1c  user_app_ethernet.o [1]
  .rodata            const     0x803'6e80      0x1c  user_app_ethernet.o [1]
  .rodata            const     0x803'6e9c      0x1c  user_app_ethernet.o [1]
  .rodata            const     0x803'6eb8      0x1c  user_app_ethernet.o [1]
  .rodata            const     0x803'6ed4      0x1c  user_app_ethernet.o [1]
  .rodata            const     0x803'6ef0      0x1c  user_app_ethernet.o [1]
  .rodata            const     0x803'6f0c      0x1c  user_app_sim.o [1]
  .rodata            const     0x803'6f28      0x1c  user_app_sim.o [1]
  .rodata            const     0x803'6f44      0x1c  user_app_sim.o [1]
  .rodata            const     0x803'6f60      0x1c  user_app_sim.o [1]
  .rodata            const     0x803'6f7c      0x1c  user_app_sim.o [1]
  .rodata            const     0x803'6f98      0x1c  user_app_wm.o [1]
  .rodata            const     0x803'6fb4      0x1c  user_app_wm.o [1]
  .rodata            const     0x803'6fd0      0x1c  user_app_wm.o [1]
  .rodata            const     0x803'6fec      0x1c  user_app_wm.o [1]
  .rodata            const     0x803'7008      0x1c  user_ec200u.o [1]
  .rodata            const     0x803'7024      0x1c  user_ec200u.o [1]
  .rodata            const     0x803'7040      0x1c  user_ec200u.o [1]
  .rodata            const     0x803'705c      0x1c  user_ec200u.o [1]
  .rodata            const     0x803'7078      0x1c  user_ec200u.o [1]
  .rodata            const     0x803'7094      0x1c  user_ec200u.o [1]
  .rodata            const     0x803'70b0      0x1c  user_ec200u.o [1]
  .rodata            const     0x803'70cc      0x1c  user_ec200u.o [1]
  .rodata            const     0x803'70e8      0x1c  user_ec200u.o [1]
  .rodata            const     0x803'7104      0x1c  user_ec200u.o [1]
  .rodata            const     0x803'7120      0x1c  user_ec200u.o [1]
  .rodata            const     0x803'713c      0x1c  user_ec200u.o [1]
  .rodata            const     0x803'7158      0x1c  user_mem.o [1]
  .rodata            const     0x803'7174      0x1c  user_mem.o [1]
  .rodata            const     0x803'7190      0x1c  user_mem.o [1]
  .rodata            const     0x803'71ac      0x1c  user_mem.o [1]
  .rodata            const     0x803'71c8      0x1c  user_mem.o [1]
  .rodata            const     0x803'71e4      0x1c  user_modem.o [1]
  .rodata            const     0x803'7200      0x1c  user_modem.o [1]
  .rodata            const     0x803'721c      0x1c  user_sd.o [1]
  .rodata            const     0x803'7238      0x1c  user_sd.o [1]
  .rodata            const     0x803'7254      0x1c  user_sd.o [1]
  .rodata            const     0x803'7270      0x1c  user_sd.o [1]
  .rodata            const     0x803'728c      0x1c  user_sd.o [1]
  .rodata            const     0x803'72a8      0x1c  user_sd.o [1]
  .rodata            const     0x803'72c4      0x1c  user_sim.o [1]
  .rodata            const     0x803'72e0      0x1c  user_sim_common.o [1]
  .rodata            const     0x803'72fc      0x1c  user_sim_common.o [1]
  .rodata            const     0x803'7318      0x1c  woteck_ultrasonic.o [1]
  .rodata            const     0x803'7334      0x18  S25FL216K.o [1]
  .rodata            const     0x803'734c      0x18  sd_functions.o [1]
  .rodata            const     0x803'7364      0x18  sd_functions.o [1]
  .rodata            const     0x803'737c      0x18  sd_functions.o [1]
  .rodata            const     0x803'7394      0x18  sd_functions.o [1]
  .rodata            const     0x803'73ac      0x18  socket.o [1]
  .rodata            const     0x803'73c4      0x18  socket.o [1]
  .rodata            const     0x803'73dc      0x18  user_app_comm.o [1]
  .rodata            const     0x803'73f4      0x18  user_app_comm.o [1]
  .rodata            const     0x803'740c      0x18  user_app_ethernet.o [1]
  .rodata            const     0x803'7424      0x18  user_app_ethernet.o [1]
  .rodata            const     0x803'743c      0x18  user_app_ethernet.o [1]
  .rodata            const     0x803'7454      0x18  user_app_ethernet.o [1]
  .rodata            const     0x803'746c      0x18  user_app_sim.o [1]
  .rodata            const     0x803'7484      0x18  user_app_wm.o [1]
  .rodata            const     0x803'749c      0x18  user_app_wm.o [1]
  .rodata            const     0x803'74b4      0x18  user_at_serial.o [1]
  .rodata            const     0x803'74cc      0x18  user_at_serial.o [1]
  .rodata            const     0x803'74e4      0x18  user_ec200u.o [1]
  .rodata            const     0x803'74fc      0x18  user_ec200u.o [1]
  .rodata            const     0x803'7514      0x18  user_ec200u.o [1]
  .rodata            const     0x803'752c      0x18  user_ec200u.o [1]
  .rodata            const     0x803'7544      0x18  user_ec200u.o [1]
  .rodata            const     0x803'755c      0x18  user_ec200u.o [1]
  .rodata            const     0x803'7574      0x18  user_ec200u.o [1]
  .rodata            const     0x803'758c      0x18  user_ec200u.o [1]
  .rodata            const     0x803'75a4      0x18  user_ec200u.o [1]
  .rodata            const     0x803'75bc      0x18  user_mem.o [1]
  .rodata            const     0x803'75d4      0x18  user_message.o [1]
  .rodata            const     0x803'75ec      0x18  user_message.o [1]
  .rodata            const     0x803'7604      0x18  user_message.o [1]
  .rodata            const     0x803'761c      0x18  user_modem.o [1]
  .rodata            const     0x803'7634      0x18  user_sd.o [1]
  .rodata            const     0x803'764c      0x18  user_sd.o [1]
  .rodata            const     0x803'7664      0x18  wm_mong_cai.o [1]
  .rodata            const     0x803'767c      0x18  wm_mt100.o [1]
  .rodata            const     0x803'7694      0x18  wm_sence.o [1]
  .rodata            const     0x803'76ac      0x18  woteck_wm.o [1]
  .rodata            const     0x803'76c4      0x14  dhcpv4.o [1]
  .rodata            const     0x803'76d8      0x14  dhcpv6.o [1]
  .rodata            const     0x803'76ec      0x14  dhcpv6.o [1]
  .rodata            const     0x803'7700      0x14  lcd_display.o [1]
  .rodata            const     0x803'7714      0x14  lcd_display.o [1]
  .rodata            const     0x803'7728      0x14  lcd_display.o [1]
  .rodata            const     0x803'773c      0x14  lcd_display.o [1]
  .rodata            const     0x803'7750      0x14  lcd_display.o [1]
  .rodata            const     0x803'7764      0x14  lcd_display.o [1]
  .rodata            const     0x803'7778      0x14  lcd_display.o [1]
  .rodata            const     0x803'778c      0x14  lcd_display.o [1]
  .rodata            const     0x803'77a0      0x14  S25FL216K.o [1]
  .rodata            const     0x803'77b4      0x14  S25FL216K.o [1]
  .rodata            const     0x803'77c8      0x14  S25FL216K.o [1]
  .rodata            const     0x803'77dc      0x14  S25FL216K.o [1]
  .rodata            const     0x803'77f0      0x14  S25FL216K.o [1]
  .rodata            const     0x803'7804      0x14  S25FL216K.o [1]
  .rodata            const     0x803'7818      0x14  sd_diskio_spi.o [1]
  .rodata            const     0x803'782c      0x14  sd_functions.o [1]
  .rodata            const     0x803'7840      0x14  user_app_comm.o [1]
  .rodata            const     0x803'7854      0x14  user_app_ethernet.o [1]
  .rodata            const     0x803'7868      0x14  user_app_ethernet.o [1]
  .rodata            const     0x803'787c      0x14  user_app_ethernet.o [1]
  .rodata            const     0x803'7890      0x14  user_app_ethernet.o [1]
  .rodata            const     0x803'78a4      0x14  user_app_ethernet.o [1]
  .rodata            const     0x803'78b8      0x14  user_app_ethernet.o [1]
  .rodata            const     0x803'78cc      0x14  user_app_ethernet.o [1]
  .rodata            const     0x803'78e0      0x14  user_app_sensor.o [1]
  .rodata            const     0x803'78f4      0x14  user_app_wm.o [1]
  .rodata            const     0x803'7908      0x14  user_app_wm.o [1]
  .rodata            const     0x803'791c      0x14  user_app_wm.o [1]
  .rodata            const     0x803'7930      0x14  user_app_wm.o [1]
  .rodata            const     0x803'7944      0x14  user_app_wm.o [1]
  .rodata            const     0x803'7958      0x14  user_at_serial.o [1]
  .rodata            const     0x803'796c      0x14  user_at_serial.o [1]
  .rodata            const     0x803'7980      0x14  user_at_serial.o [1]
  .rodata            const     0x803'7994      0x14  user_at_serial.o [1]
  .rodata            const     0x803'79a8      0x14  user_at_serial.o [1]
  .rodata            const     0x803'79bc      0x14  user_at_serial.o [1]
  .rodata            const     0x803'79d0      0x14  user_at_serial.o [1]
  .rodata            const     0x803'79e4      0x14  user_at_serial.o [1]
  .rodata            const     0x803'79f8      0x14  user_at_serial.o [1]
  .rodata            const     0x803'7a0c      0x14  user_ec200u.o [1]
  .rodata            const     0x803'7a20      0x14  user_ec200u.o [1]
  .rodata            const     0x803'7a34      0x14  user_ec200u.o [1]
  .rodata            const     0x803'7a48      0x14  user_ec200u.o [1]
  .rodata            const     0x803'7a5c      0x14  user_ec200u.o [1]
  .rodata            const     0x803'7a70      0x14  user_ec200u.o [1]
  .rodata            const     0x803'7a84      0x14  user_ec200u.o [1]
  .rodata            const     0x803'7a98      0x14  user_mem.o [1]
  .rodata            const     0x803'7aac      0x14  user_mem.o [1]
  .rodata            const     0x803'7ac0      0x14  user_mem.o [1]
  .rodata            const     0x803'7ad4      0x14  user_mem.o [1]
  .rodata            const     0x803'7ae8      0x14  user_message.o [1]
  .rodata            const     0x803'7afc      0x14  user_message.o [1]
  .rodata            const     0x803'7b10      0x14  user_message.o [1]
  .rodata            const     0x803'7b24      0x14  user_modem.o [1]
  .rodata            const     0x803'7b38      0x14  user_modem.o [1]
  .rodata            const     0x803'7b4c      0x14  user_modem.o [1]
  .rodata            const     0x803'7b60      0x14  user_modem.o [1]
  .rodata            const     0x803'7b74      0x14  user_sd.o [1]
  .rodata            const     0x803'7b88      0x14  user_sd.o [1]
  .rodata            const     0x803'7b9c      0x14  user_sd.o [1]
  .rodata            const     0x803'7bb0      0x14  user_sd.o [1]
  .rodata            const     0x803'7bc4      0x14  user_sim_common.o [1]
  .rodata            const     0x803'7bd8      0x10  dhcpv6.o [1]
  .rodata            const     0x803'7be8      0x10  ff.o [1]
  .rodata            const     0x803'7bf8      0x10  lcd_display.o [1]
  .rodata            const     0x803'7c08      0x10  lcd_display.o [1]
  .rodata            const     0x803'7c18      0x10  lcd_display.o [1]
  .rodata            const     0x803'7c28      0x10  lcd_display.o [1]
  .rodata            const     0x803'7c38      0x10  lcd_display.o [1]
  .rodata            const     0x803'7c48      0x10  lcd_display.o [1]
  .rodata            const     0x803'7c58      0x10  lcd_display.o [1]
  .rodata            const     0x803'7c68      0x10  lcd_display.o [1]
  .rodata            const     0x803'7c78      0x10  lcd_display.o [1]
  .rodata            const     0x803'7c88      0x10  lcd_display.o [1]
  .rodata            const     0x803'7c98      0x10  lcd_display.o [1]
  .rodata            const     0x803'7ca8      0x10  lcd_display.o [1]
  .rodata            const     0x803'7cb8      0x10  lcd_display.o [1]
  .rodata            const     0x803'7cc8      0x10  lcd_display.o [1]
  .rodata            const     0x803'7cd8      0x10  lcd_display.o [1]
  .rodata            const     0x803'7ce8      0x10  lcd_display.o [1]
  .rodata            const     0x803'7cf8      0x10  lcd_display.o [1]
  .rodata            const     0x803'7d08      0x10  lcd_display.o [1]
  .rodata            const     0x803'7d18      0x10  lcd_display.o [1]
  .rodata            const     0x803'7d28      0x10  lcd_display.o [1]
  .rodata            const     0x803'7d38      0x10  lcd_display.o [1]
  .rodata            const     0x803'7d48      0x10  lcd_display.o [1]
  .rodata            const     0x803'7d58      0x10  lcd_display.o [1]
  .rodata            const     0x803'7d68      0x10  lcd_display.o [1]
  .rodata            const     0x803'7d78      0x10  lcd_display.o [1]
  .rodata            const     0x803'7d88      0x10  lcd_display.o [1]
  .rodata            const     0x803'7d98      0x10  lcd_display.o [1]
  .rodata            const     0x803'7da8      0x10  lcd_display.o [1]
  .rodata            const     0x803'7db8      0x10  lcd_display.o [1]
  .rodata            const     0x803'7dc8      0x10  lcd_display.o [1]
  .rodata            const     0x803'7dd8      0x10  lcd_display.o [1]
  .rodata            const     0x803'7de8      0x10  lcd_display.o [1]
  .rodata            const     0x803'7df8      0x10  lcd_display.o [1]
  .rodata            const     0x803'7e08      0x10  lcd_display.o [1]
  .rodata            const     0x803'7e18      0x10  lcd_display.o [1]
  .rodata            const     0x803'7e28      0x10  lcd_display.o [1]
  .rodata            const     0x803'7e38      0x10  S25FL216K.o [1]
  .rodata            const     0x803'7e48      0x10  S25FL216K.o [1]
  .rodata            const     0x803'7e58      0x10  S25FL216K.o [1]
  .rodata            const     0x803'7e68      0x10  S25FL216K.o [1]
  .rodata            const     0x803'7e78      0x10  system_stm32l4xx.o [1]
  .rodata            const     0x803'7e88      0x10  user_app_ethernet.o [1]
  .rodata            const     0x803'7e98      0x10  user_app_ethernet.o [1]
  .rodata            const     0x803'7ea8      0x10  user_app_ethernet.o [1]
  .rodata            const     0x803'7eb8      0x10  user_app_ethernet.o [1]
  .rodata            const     0x803'7ec8      0x10  user_app_ethernet.o [1]
  .rodata            const     0x803'7ed8      0x10  user_app_ethernet.o [1]
  .rodata            const     0x803'7ee8      0x10  user_app_modb_m.o [1]
  .rodata            const     0x803'7ef8      0x10  user_app_sim.o [1]
  .rodata            const     0x803'7f08      0x10  user_app_sim.o [1]
  .rodata            const     0x803'7f18      0x10  user_app_sim.o [1]
  .rodata            const     0x803'7f28      0x10  user_app_sim.o [1]
  .rodata            const     0x803'7f38      0x10  user_app_wm.o [1]
  .rodata            const     0x803'7f48      0x10  user_app_wm.o [1]
  .rodata            const     0x803'7f58      0x10  user_app_wm.o [1]
  .rodata            const     0x803'7f68      0x10  user_app_wm.o [1]
  .rodata            const     0x803'7f78      0x10  user_app_wm.o [1]
  .rodata            const     0x803'7f88      0x10  user_at_serial.o [1]
  .rodata            const     0x803'7f98      0x10  user_at_serial.o [1]
  .rodata            const     0x803'7fa8      0x10  user_at_serial.o [1]
  .rodata            const     0x803'7fb8      0x10  user_at_serial.o [1]
  .rodata            const     0x803'7fc8      0x10  user_at_serial.o [1]
  .rodata            const     0x803'7fd8      0x10  user_at_serial.o [1]
  .rodata            const     0x803'7fe8      0x10  user_at_serial.o [1]
  .rodata            const     0x803'7ff8      0x10  user_at_serial.o [1]
  .rodata            const     0x803'8008      0x10  user_at_serial.o [1]
  .rodata            const     0x803'8018      0x10  user_at_serial.o [1]
  .rodata            const     0x803'8028      0x10  user_at_serial.o [1]
  .rodata            const     0x803'8038      0x10  user_at_serial.o [1]
  .rodata            const     0x803'8048      0x10  user_at_serial.o [1]
  .rodata            const     0x803'8058      0x10  user_at_serial.o [1]
  .rodata            const     0x803'8068      0x10  user_at_serial.o [1]
  .rodata            const     0x803'8078      0x10  user_at_serial.o [1]
  .rodata            const     0x803'8088      0x10  user_at_serial.o [1]
  .rodata            const     0x803'8098      0x10  user_at_serial.o [1]
  .rodata            const     0x803'80a8      0x10  user_at_serial.o [1]
  .rodata            const     0x803'80b8      0x10  user_at_serial.o [1]
  .rodata            const     0x803'80c8      0x10  user_at_serial.o [1]
  .rodata            const     0x803'80d8      0x10  user_at_serial.o [1]
  .rodata            const     0x803'80e8      0x10  user_at_serial.o [1]
  .rodata            const     0x803'80f8      0x10  user_at_serial.o [1]
  .rodata            const     0x803'8108      0x10  user_at_serial.o [1]
  .rodata            const     0x803'8118      0x10  user_at_serial.o [1]
  .rodata            const     0x803'8128      0x10  user_at_serial.o [1]
  .rodata            const     0x803'8138      0x10  user_at_serial.o [1]
  .rodata            const     0x803'8148      0x10  user_at_serial.o [1]
  .rodata            const     0x803'8158      0x10  user_at_serial.o [1]
  .rodata            const     0x803'8168      0x10  user_at_serial.o [1]
  .rodata            const     0x803'8178      0x10  user_at_serial.o [1]
  .rodata            const     0x803'8188      0x10  user_at_serial.o [1]
  .rodata            const     0x803'8198      0x10  user_at_serial.o [1]
  .rodata            const     0x803'81a8      0x10  user_at_serial.o [1]
  .rodata            const     0x803'81b8      0x10  user_at_serial.o [1]
  .rodata            const     0x803'81c8      0x10  user_at_serial.o [1]
  .rodata            const     0x803'81d8      0x10  user_at_serial.o [1]
  .rodata            const     0x803'81e8      0x10  user_ec200u.o [1]
  .rodata            const     0x803'81f8      0x10  user_ec200u.o [1]
  .rodata            const     0x803'8208      0x10  user_ec200u.o [1]
  .rodata            const     0x803'8218      0x10  user_ec200u.o [1]
  .rodata            const     0x803'8228      0x10  user_ec200u.o [1]
  .rodata            const     0x803'8238      0x10  user_ec200u.o [1]
  .rodata            const     0x803'8248      0x10  user_ec200u.o [1]
  .rodata            const     0x803'8258      0x10  user_ec200u.o [1]
  .rodata            const     0x803'8268      0x10  user_ec200u.o [1]
  .rodata            const     0x803'8278      0x10  user_ec200u.o [1]
  .rodata            const     0x803'8288      0x10  user_ec200u.o [1]
  .rodata            const     0x803'8298      0x10  user_ec200u.o [1]
  .rodata            const     0x803'82a8      0x10  user_ec200u.o [1]
  .rodata            const     0x803'82b8      0x10  user_ec200u.o [1]
  .rodata            const     0x803'82c8      0x10  user_ec200u.o [1]
  .rodata            const     0x803'82d8      0x10  user_ec200u.o [1]
  .rodata            const     0x803'82e8      0x10  user_ec200u.o [1]
  .rodata            const     0x803'82f8      0x10  user_ec200u.o [1]
  .rodata            const     0x803'8308      0x10  user_ec200u.o [1]
  .rodata            const     0x803'8318      0x10  user_ec200u.o [1]
  .rodata            const     0x803'8328      0x10  user_ec200u.o [1]
  .rodata            const     0x803'8338      0x10  user_ec200u.o [1]
  .rodata            const     0x803'8348      0x10  user_ec200u.o [1]
  .rodata            const     0x803'8358      0x10  user_ec200u.o [1]
  .rodata            const     0x803'8368      0x10  user_ec200u.o [1]
  .rodata            const     0x803'8378      0x10  user_ec200u.o [1]
  .rodata            const     0x803'8388      0x10  user_ec200u.o [1]
  .rodata            const     0x803'8398      0x10  user_ec200u.o [1]
  .rodata            const     0x803'83a8      0x10  user_ec200u.o [1]
  .rodata            const     0x803'83b8      0x10  user_ec200u.o [1]
  .rodata            const     0x803'83c8      0x10  user_message.o [1]
  .rodata            const     0x803'83d8      0x10  user_message.o [1]
  .rodata            const     0x803'83e8      0x10  user_message.o [1]
  .rodata            const     0x803'83f8      0x10  user_message.o [1]
  .rodata            const     0x803'8408      0x10  user_modem.o [1]
  .rodata            const     0x803'8418      0x10  user_modem.o [1]
  .rodata            const     0x803'8428      0x10  user_modem.o [1]
  .rodata            const     0x803'8438      0x10  user_modem.o [1]
  .rodata            const     0x803'8448      0x10  user_modem.o [1]
  .rodata            const     0x803'8458      0x10  user_modem.o [1]
  .rodata            const     0x803'8468      0x10  user_modem.o [1]
  .rodata            const     0x803'8478      0x10  user_modem.o [1]
  .rodata            const     0x803'8488      0x10  user_modem.o [1]
  .rodata            const     0x803'8498      0x10  user_modem.o [1]
  .rodata            const     0x803'84a8      0x10  user_modem.o [1]
  .rodata            const     0x803'84b8      0x10  user_modem.o [1]
  .rodata            const     0x803'84c8      0x10  user_sd.o [1]
  .rodata            const     0x803'84d8      0x10  user_sd.o [1]
  .rodata            const     0x803'84e8      0x10  user_sd.o [1]
  .rodata            const     0x803'84f8      0x10  user_sd.o [1]
  .rodata            const     0x803'8508      0x10  user_sd.o [1]
  .rodata            const     0x803'8518      0x10  user_sd.o [1]
  .rodata            const     0x803'8528      0x10  user_sd.o [1]
  .text              ro code   0x803'8538      0x10  startup_stm32l496xx.o [1]
  .rodata            const     0x803'8548       0xc  dhcpv6.o [1]
  .rodata            const     0x803'8554       0xc  dhcpv6.o [1]
  .rodata            const     0x803'8560       0xc  dhcpv6.o [1]
  .rodata            const     0x803'856c       0xc  ff.o [1]
  .rodata            const     0x803'8578       0xc  lcd_display.o [1]
  .rodata            const     0x803'8584       0xc  lcd_display.o [1]
  .rodata            const     0x803'8590       0xc  lcd_display.o [1]
  .rodata            const     0x803'859c       0xc  lcd_display.o [1]
  .rodata            const     0x803'85a8       0xc  lcd_display.o [1]
  .rodata            const     0x803'85b4       0xc  lcd_display.o [1]
  .rodata            const     0x803'85c0       0xc  lcd_display.o [1]
  .rodata            const     0x803'85cc       0xc  lcd_display.o [1]
  .rodata            const     0x803'85d8       0xc  lcd_display.o [1]
  .rodata            const     0x803'85e4       0xc  lcd_display.o [1]
  .rodata            const     0x803'85f0       0xc  lcd_display.o [1]
  .rodata            const     0x803'85fc       0xc  lcd_display.o [1]
  .rodata            const     0x803'8608       0xc  lcd_display.o [1]
  .rodata            const     0x803'8614       0xc  lcd_display.o [1]
  .rodata            const     0x803'8620       0xc  lcd_display.o [1]
  .rodata            const     0x803'862c       0xc  lcd_display.o [1]
  .rodata            const     0x803'8638       0xc  user_app_comm.o [1]
  .rodata            const     0x803'8644       0xc  user_app_ethernet.o [1]
  .rodata            const     0x803'8650       0xc  user_app_ethernet.o [1]
  .rodata            const     0x803'865c       0xc  user_app_ethernet.o [1]
  .rodata            const     0x803'8668       0xc  user_app_ethernet.o [1]
  .rodata            const     0x803'8674       0xc  user_app_ethernet.o [1]
  .rodata            const     0x803'8680       0xc  user_app_ethernet.o [1]
  .rodata            const     0x803'868c       0xc  user_app_ethernet.o [1]
  .rodata            const     0x803'8698       0xc  user_app_ethernet.o [1]
  .rodata            const     0x803'86a4       0xc  user_app_ethernet.o [1]
  .rodata            const     0x803'86b0       0xc  user_app_sensor.o [1]
  .rodata            const     0x803'86bc       0xc  user_app_sensor.o [1]
  .rodata            const     0x803'86c8       0xc  user_app_sensor.o [1]
  .rodata            const     0x803'86d4       0xc  user_app_sensor.o [1]
  .rodata            const     0x803'86e0       0xc  user_app_sim.o [1]
  .rodata            const     0x803'86ec       0xc  user_app_sim.o [1]
  .rodata            const     0x803'86f8       0xc  user_app_sim.o [1]
  .rodata            const     0x803'8704       0xc  user_app_sim.o [1]
  .rodata            const     0x803'8710       0xc  user_app_sim.o [1]
  .rodata            const     0x803'871c       0xc  user_app_wm.o [1]
  .rodata            const     0x803'8728       0xc  user_app_wm.o [1]
  .rodata            const     0x803'8734       0xc  user_at_serial.o [1]
  .rodata            const     0x803'8740       0xc  user_at_serial.o [1]
  .rodata            const     0x803'874c       0xc  user_at_serial.o [1]
  .rodata            const     0x803'8758       0xc  user_at_serial.o [1]
  .rodata            const     0x803'8764       0xc  user_at_serial.o [1]
  .rodata            const     0x803'8770       0xc  user_at_serial.o [1]
  .rodata            const     0x803'877c       0xc  user_at_serial.o [1]
  .rodata            const     0x803'8788       0xc  user_at_serial.o [1]
  .rodata            const     0x803'8794       0xc  user_at_serial.o [1]
  .rodata            const     0x803'87a0       0xc  user_at_serial.o [1]
  .rodata            const     0x803'87ac       0xc  user_at_serial.o [1]
  .rodata            const     0x803'87b8       0xc  user_at_serial.o [1]
  .rodata            const     0x803'87c4       0xc  user_at_serial.o [1]
  .rodata            const     0x803'87d0       0xc  user_at_serial.o [1]
  .rodata            const     0x803'87dc       0xc  user_at_serial.o [1]
  .rodata            const     0x803'87e8       0xc  user_at_serial.o [1]
  .rodata            const     0x803'87f4       0xc  user_at_serial.o [1]
  .rodata            const     0x803'8800       0xc  user_at_serial.o [1]
  .rodata            const     0x803'880c       0xc  user_at_serial.o [1]
  .rodata            const     0x803'8818       0xc  user_at_serial.o [1]
  .rodata            const     0x803'8824       0xc  user_at_serial.o [1]
  .rodata            const     0x803'8830       0xc  user_at_serial.o [1]
  .rodata            const     0x803'883c       0xc  user_at_serial.o [1]
  .rodata            const     0x803'8848       0xc  user_at_serial.o [1]
  .rodata            const     0x803'8854       0xc  user_at_serial.o [1]
  .rodata            const     0x803'8860       0xc  user_at_serial.o [1]
  .rodata            const     0x803'886c       0xc  user_at_serial.o [1]
  .rodata            const     0x803'8878       0xc  user_at_serial.o [1]
  .rodata            const     0x803'8884       0xc  user_at_serial.o [1]
  .rodata            const     0x803'8890       0xc  user_at_serial.o [1]
  .rodata            const     0x803'889c       0xc  user_at_serial.o [1]
  .rodata            const     0x803'88a8       0xc  user_at_serial.o [1]
  .rodata            const     0x803'88b4       0xc  user_at_serial.o [1]
  .rodata            const     0x803'88c0       0xc  user_at_serial.o [1]
  .rodata            const     0x803'88cc       0xc  user_at_serial.o [1]
  .rodata            const     0x803'88d8       0xc  user_at_serial.o [1]
  .rodata            const     0x803'88e4       0xc  user_at_serial.o [1]
  .rodata            const     0x803'88f0       0xc  user_at_serial.o [1]
  .rodata            const     0x803'88fc       0xc  user_at_serial.o [1]
  .rodata            const     0x803'8908       0xc  user_at_serial.o [1]
  .rodata            const     0x803'8914       0xc  user_ec200u.o [1]
  .rodata            const     0x803'8920       0xc  user_ec200u.o [1]
  .rodata            const     0x803'892c       0xc  user_ec200u.o [1]
  .rodata            const     0x803'8938       0xc  user_ec200u.o [1]
  .rodata            const     0x803'8944       0xc  user_ec200u.o [1]
  .rodata            const     0x803'8950       0xc  user_ec200u.o [1]
  .rodata            const     0x803'895c       0xc  user_ec200u.o [1]
  .rodata            const     0x803'8968       0xc  user_ec200u.o [1]
  .rodata            const     0x803'8974       0xc  user_ec200u.o [1]
  .rodata            const     0x803'8980       0xc  user_ec200u.o [1]
  .rodata            const     0x803'898c       0xc  user_ec200u.o [1]
  .rodata            const     0x803'8998       0xc  user_ec200u.o [1]
  .rodata            const     0x803'89a4       0xc  user_ec200u.o [1]
  .rodata            const     0x803'89b0       0xc  user_ec200u.o [1]
  .rodata            const     0x803'89bc       0xc  user_ec200u.o [1]
  .rodata            const     0x803'89c8       0xc  user_ec200u.o [1]
  .rodata            const     0x803'89d4       0xc  user_ec200u.o [1]
  .rodata            const     0x803'89e0       0xc  user_ec200u.o [1]
  .rodata            const     0x803'89ec       0xc  user_ec200u.o [1]
  .rodata            const     0x803'89f8       0xc  user_ec200u.o [1]
  .rodata            const     0x803'8a04       0xc  user_ec200u.o [1]
  .rodata            const     0x803'8a10       0xc  user_ec200u.o [1]
  .rodata            const     0x803'8a1c       0xc  user_ec200u.o [1]
[...]
ldexpl                   0x802'bd4d          Code  Gb  ldexp.o [3]
listen                   0x801'8d07    0x72  Code  Gb  socket.o [1]
lnbias                   0x803'3228   0x420  Data  Lc  pow64.o [3]
localeconv               0x802'bef1     0x4  Code  Gb  xlocale_c.o [2]
lower_digits            0x2000'4454     0x4  Data  Lc  user_tiny_vsnprintf.o [1]
mConnect_MQTT            0x801'a411    0x4a  Code  Gb  user_message.o [1]
mData_MQTT               0x801'9985    0x88  Code  Gb  user_message.o [1]
mGet_Data_From_Mem       0x801'a47d   0x16a  Code  Gb  user_message.o [1]
mGet_Data_From_Mem::last_tdata
                        0x2000'46f9     0x1  Data  Lc  user_message.o [1]
mGet_Pub_Header          0x801'9923    0x62  Code  Gb  user_message.o [1]
mInit_Header_Subcribe    0x801'a383    0x8e  Code  Gb  user_message.o [1]
mIs_Sending_Message      0x801'a625    0x12  Code  Gb  user_message.o [1]
mReset_Raw_Data          0x801'a5f9    0x28  Code  Gb  user_message.o [1]
mSet_default_MQTT        0x801'9909    0x1a  Code  Gb  user_message.o [1]
mSubcribe_MQTT           0x801'a45b     0x8  Code  Gb  user_message.o [1]
mUnmark_Mess             0x801'a5e7     0xe  Code  Gb  user_message.o [1]
main                     0x802'2c2d    0x50  Code  Gb  main.o [1]
makeDHCPV4MSG            0x801'58f7   0x15a  Code  Gb  dhcpv4.o [1]
mem_cmp                  0x802'cba3    0x24  Code  Lc  ff.o [1]
mem_cpy                  0x802'cb79    0x1c  Code  Lc  ff.o [1]
mem_set                  0x802'cb95     0xe  Code  Lc  ff.o [1]
memchr                   0x802'6bf1          Code  Gb  memchr.o [4]
memcmp                   0x802'2fbd          Code  Gb  memcmp.o [4]
memset                   0x802'4759    0x14  Code  Gb  memset.o [4]
move_window              0x802'cdf9    0x42  Code  Lc  ff.o [1]
mparams                 0x2000'ea78    0x18  Data  Lc  dlmalloc.o [2]
ndigs                    0x803'5bcc    0x28  Data  Lc  iar_Stoulx.o [2]
num                     0x2000'ec50     0x4  Data  Gb  dhcpv6.o [1]
num2                    0x2000'ec54     0x4  Data  Gb  dhcpv6.o [1]
pDHCPMSG                0x2000'ec2c     0x4  Data  Gb  dhcpv6.o [1]
pDHCPv4MSG              0x2000'ec20     0x4  Data  Gb  dhcpv4.o [1]
pDNSMSG                 0x2000'ec5c     0x4  Data  Gb  dns.o [1]
pFlash                  0x2000'1458    0x20  Data  Gb  stm32l4xx_hal_flash.o [1]
pFunc_UTIL_Debug_Send   0x2000'ed04     0x4  Data  Gb  user_util.o [1]
pFunc_UTIL_Log_To_Mem   0x2000'ed00     0x4  Data  Gb  user_util.o [1]
pModemProcessIRQTimer   0x2000'ece4     0x4  Data  Gb  user_rtc.o [1]
pRS485_2_Rx_Done        0x2000'ece0     0x4  Data  Gb  user_rs485.o [1]
pRS485_Rx_Done          0x2000'ecdc     0x4  Data  Gb  user_rs485.o [1]
parseDHCPMSG             0x801'6e3d   0x5b2  Code  Gb  dhcpv6.o [1]
parseDHCPv4MSG           0x801'62d9   0x286  Code  Gb  dhcpv4.o [1]
parseDNSMSG              0x801'792f   0x122  Code  Gb  dns.o [1]
parse_name               0x801'76b1    0xb6  Code  Gb  dns.o [1]
pathtest                0x2000'439c    0x14  Data  Gb  user_sd.o [1]
pick_lfn                 0x802'd643    0x8c  Code  Lc  ff.o [1]
pow                      0x802'64f1   0x6ec  Code  Gb  pow64.o [3]
powl                     0x802'64f1   0x6ec  Code  Gb  pow64.o [3]
pows                     0x800'f9b4    0x18  Data  Lc  strto32.o [3]
pows                     0x803'5c60    0x48  Data  Lc  strto64.o [3]
pportc                   0x800'b181    0xd6  Code  Gb  user_app_ethernet.o [1]
put16                    0x801'76a1    0x10  Code  Gb  dns.o [1]
put_fat                  0x802'cfd5   0x12c  Code  Lc  ff.o [1]
put_lfn                  0x802'd6cf    0x92  Code  Lc  ff.o [1]
qCopy_Data_From_Queue    0x801'8925    0x60  Code  Lc  queue_p.o [1]
qCopy_Data_To_Queue      0x801'88ad    0x78  Code  Lc  queue_p.o [1]
qEthStep                0x2000'e928    0x18  Data  Gb  user_app_ethernet.o [1]
qGet_Number_Items        0x801'8985     0x4  Code  Gb  queue_p.o [1]
qMemRead                0x2000'e9e8    0x18  Data  Gb  user_mem.o [1]
qMemWrite               0x2000'ea00    0x18  Data  Gb  user_mem.o [1]
qQueue_Back_Item         0x801'8989    0x52  Code  Gb  queue_p.o [1]
qQueue_Clear             0x801'8853     0xe  Code  Gb  queue_p.o [1]
qQueue_Create            0x801'8825    0x2e  Code  Gb  queue_p.o [1]
qQueue_Receive           0x801'888b    0x22  Code  Gb  queue_p.o [1]
qQueue_Send              0x801'8861    0x2a  Code  Gb  queue_p.o [1]
qS25FLStep              0x2000'e8e0    0x18  Data  Gb  S25FL216K.o [1]
qSDCardWrite            0x2000'ea18    0x18  Data  Gb  user_sd.o [1]
qSimStep                0x2000'ea60    0x18  Data  Gb  user_sim.o [1]
recv                     0x801'904b    0xf2  Code  Gb  socket.o [1]
recv_IP                 0x2000'eae8    0x10  Data  Gb  dhcpv6.o [1]
recvfrom                 0x801'934b   0x27e  Code  Gb  socket.o [1]
reg_dhcpv4_cbfunc        0x801'58bb    0x3c  Code  Gb  dhcpv4.o [1]
reg_wizchip_cs_cbfunc    0x801'7d1b    0x32  Code  Gb  wizchip_conf.o [1]
reg_wizchip_spi_cbfunc   0x801'7d4d    0x50  Code  Gb  wizchip_conf.o [1]
remove_chain             0x802'd101    0xb0  Code  Lc  ff.o [1]
reset_DHCP_timeout       0x801'75fd    0x14  Code  Gb  dhcpv6.o [1]
reset_DHCPv4_timeout     0x801'68cf    0x14  Code  Gb  dhcpv4.o [1]
retry_count             0x2000'ed5a     0x1  Data  Lc  dns.o [1]
roundf                   0x802'823d          Code  Gb  roundf.o [3]
sATCmdList              0x2000'358c   0x5d0  Data  Gb  user_at_serial.o [1]
sAppEthVar              0x2000'16b4    0x88  Data  Gb  user_app_ethernet.o [1]
sAppSimVar              0x2000'c520   0x2c0  Data  Gb  user_app_sim.o [1]
sAverageOneHour         0x2000'dc90    0x90  Data  Gb  user_app_sensor.o [1]
sBattery                0x2000'ebd0     0x8  Data  Gb  user_app_wm.o [1]
sButton                 0x2000'e8b0    0x18  Data  Gb  button.o [1]
sCbSimComm              0x2000'e850    0x24  Data  Gb  user_sim_common.o [1]
sCheckList_Reg_Modbus_RTU
                        0x2000'2270   0x154  Data  Gb  user_app_modb_s.o [1]
sConfirm                0x2000'057c    0x14  Data  Lc  button.o [1]
sDataRecvTCP            0x2000'19a4     0x8  Data  Gb  user_app_modb_m.o [1]
sEthCmd                 0x2000'175c   0x17c  Data  Gb  user_app_ethernet.o [1]
sEthResCode             0x2000'18d8    0x3c  Data  Gb  user_app_ethernet.o [1]
sEventAppComm           0x2000'147c    0x80  Data  Gb  user_app_comm.o [1]
sEventAppEth            0x2000'1594   0x120  Data  Gb  user_app_ethernet.o [1]
sEventAppModb           0x2000'1914    0x90  Data  Gb  user_app_modb_m.o [1]
sEventAppSensor         0x2000'23dc    0x60  Data  Gb  user_app_sensor.o [1]
sEventAppSim            0x2000'291c    0xc0  Data  Gb  user_app_sim.o [1]
sEventAppWM             0x2000'2a5c    0xe0  Data  Gb  user_app_wm.o [1]
sEventDisplay           0x2000'05dc    0x60  Data  Gb  lcd_display.o [1]
sEventExFlash           0x2000'12c4    0x30  Data  Gb  S25FL216K.o [1]
sEventMem               0x2000'3c5c    0x50  Data  Gb  user_mem.o [1]
sEventOnChipFlash       0x2000'3bec    0x20  Data  Gb  user_internal_mem.o [1]
sEventSD                0x2000'434c    0x50  Data  Gb  user_sd.o [1]
sEventSim               0x2000'43b0    0x40  Data  Gb  user_sim.o [1]
sFTPvar                 0x2000'e940    0x18  Data  Gb  user_app_ethernet.o [1]
sFileSys                0x2000'43f8    0x44  Data  Gb  user_sim_common.o [1]
sFirmVersion            0x2000'14fc    0x14  Data  Gb  user_app_comm.o [1]
sHandleModb             0x2000'ecc4     0x4  Data  Gb  user_app_modb_m.o [1]
sIndexNextEntry_u16     0x2000'ed4a     0x2  Data  Lc  user_mem.o [1]
sLCD                    0x2000'e8c8    0x18  Data  Gb  lcd_display.o [1]
sLCDObject              0x2000'0640   0xc30  Data  Gb  lcd_display.o [1]
sLCDPageSensor          0x2000'ed30     0x2  Data  Gb  lcd_display.o [1]
sLPMFeatureHandler      0x2000'ecd0     0x4  Data  Gb  user_lpm.o [1]
sListWmDigital          0x2000'4460   0x118  Data  Gb  user_wm_digital.o [1]
sLogData_ModbusRTU      0x2000'23c4     0x8  Data  Gb  user_app_modb_s.o [1]
sMAG8000_REGISTER       0x2000'13f8    0x50  Data  Gb  siemen_mag8000.o [1]
sMONG_CAI_REGISTER      0x2000'45a0     0x8  Data  Gb  wm_mong_cai.o [1]
sMT100_REGISTER         0x2000'45a8    0x2c  Data  Gb  wm_mt100.o [1]
sMeasureMain            0x2000'243c   0x4e0  Data  Gb  user_app_sensor.o [1]
sMemVar                 0x2000'e398    0x4c  Data  Gb  user_mem.o [1]
sMessRecv                0x803'52dc   0x100  Data  Gb  user_message.o [1]
sMessSend                0x803'4628   0x1e0  Data  Gb  user_message.o [1]
sMessage                0x2000'3cac   0x1c8  Data  Gb  user_message.o [1]
sMeterThreshold         0x2000'2b3c   0x318  Data  Gb  user_app_wm.o [1]
sModbSubReg             0x2000'ebb0     0x8  Data  Gb  user_app_modb_m.o [1]
sModemInfor             0x2000'3ecc   0x460  Data  Gb  user_modem.o [1]
sModemLPMHandle         0x2000'432c    0x10  Data  Gb  user_modem.o [1]
sModemVar               0x2000'a5cc   0x5d0  Data  Gb  user_modem.o [1]
sOnFlash                0x2000'd8bc   0x134  Data  Gb  user_internal_mem.o [1]
sPressConfig            0x2000'eab8    0x10  Data  Lc  button.o [1]
sPulse                  0x2000'd450   0x1b0  Data  Gb  user_app_wm.o [1]
sQMemRead               0x2000'dbf0    0xa0  Data  Lc  user_mem.o [1]
sQMemWrite              0x2000'6538  0x14a0  Data  Lc  user_mem.o [1]
sQSDCardWrite           0x2000'46fc  0x1e3c  Data  Lc  user_sd.o [1]
sRTC                    0x2000'eb74     0xc  Data  Gb  user_util.o [1]
sRecEvent               0x2000'3c20    0x14  Data  Gb  user_mem.o [1]
sRecGPS                 0x2000'3c48    0x14  Data  Gb  user_mem.o [1]
sRecLog                 0x2000'3c34    0x14  Data  Gb  user_mem.o [1]
sRecTSVH                0x2000'3c0c    0x14  Data  Gb  user_mem.o [1]
sRegSensor              0x2000'19ac   0x8c4  Data  Gb  user_app_modb_m.o [1]
sS25FLvar               0x2000'd788   0x134  Data  Gb  S25FL216K.o [1]
sSENCE_REGISTER         0x2000'45d4    0x24  Data  Gb  wm_sence.o [1]
sSV_Modem                0x803'5b7c    0x50  Data  Gb  user_modem.o [1]
sSetLeve11              0x2000'0590    0x18  Data  Lc  button.o [1]
sSetLevel2              0x2000'05a8    0x14  Data  Lc  button.o [1]
sSimCommInfor           0x2000'e254    0x58  Data  Gb  user_sim_common.o [1]
sSimCommVar             0x2000'e3e4    0x4c  Data  Gb  user_sim_common.o [1]
sSimFwUpdate            0x2000'e628    0x48  Data  Gb  user_sim_common.o [1]
sSimVar                 0x2000'eb18    0x10  Data  Gb  user_sim.o [1]
sSlave_ModbusRTU        0x2000'46e8     0x2  Data  Gb  user_app_modb_s.o [1]
sTransModTCP            0x2000'e6e0    0x34  Data  Gb  user_app_modb_m.o [1]
sUart485                0x2000'433c     0x8  Data  Gb  user_rs485.o [1]
sUart485_2              0x2000'4344     0x8  Data  Gb  user_rs485.o [1]
sUartDebug              0x2000'1510     0x8  Data  Gb  user_app_comm.o [1]
sUartSim                0x2000'43f0     0x8  Data  Gb  user_sim.o [1]
sVout                   0x2000'ebd8     0x8  Data  Gb  user_app_wm.o [1]
sWOTECK_REGISTER        0x2000'4640    0x18  Data  Gb  woteck_wm.o [1]
sWOTECK_ULTRA_REGISTER  0x2000'45f8    0x3c  Data  Gb  woteck_ultrasonic.o [1]
sWmDigVar               0x2000'0000   0x568  Data  Gb  user_wm_digital.o [1]
sWmVar                  0x2000'2e54   0x6d8  Data  Gb  user_app_wm.o [1]
scalbln                  0x802'bd4d          Code  Gb  ldexp.o [3]
scalblnf                 0x802'41b1          Code  Gb  ldexpf.o [3]
scalblnl                 0x802'bd4d          Code  Gb  ldexp.o [3]
scalbn                   0x802'bd4d          Code  Gb  ldexp.o [3]
scalbnf                  0x802'41b1          Code  Gb  ldexpf.o [3]
scalbnl                  0x802'bd4d          Code  Gb  ldexp.o [3]
scale                    0x802'1bf3    0x46  Code  Lc  xprintffull_nomb.o [2]
sd_append_file           0x802'c8e5    0xa2  Code  Gb  sd_functions.o [1]
sd_create_directory      0x802'ca25     0xe  Code  Gb  sd_functions.o [1]
sd_delete_file           0x802'ca05     0xe  Code  Gb  sd_functions.o [1]
sd_get_space_kb          0x802'c6bf    0x66  Code  Gb  sd_functions.o [1]
sd_list_directory_recursive
                         0x802'ca33    0x8a  Code  Gb  sd_functions.o [1]
sd_list_files            0x802'cabd    0x1c  Code  Gb  sd_functions.o [1]
sd_mount                 0x802'c725    0xec  Code  Gb  sd_functions.o [1]
sd_path                 0x2000'ec80     0x4  Data  Gb  sd_functions.o [1]
sd_read_file             0x802'c987    0x7a  Code  Gb  sd_functions.o [1]
sd_rename_file           0x802'ca13    0x12  Code  Gb  sd_functions.o [1]
sd_unmount               0x802'c811    0x4e  Code  Gb  sd_functions.o [1]
sd_write_file            0x802'c85f    0x86  Code  Gb  sd_functions.o [1]
sdhc                    0x2000'ed61     0x1  Data  Lc  sd_spi.o [1]
sec_hand                0x2000'ed10     0x4  Data  Lc  xfail_s.o [2]
segment_holding          0x801'11bd    0x1a  Code  Lc  dlmalloc.o [2]
send                     0x801'8f57    0xf4  Code  Gb  socket.o [1]
send_DHCP_REQUEST        0x801'6b33   0x30a  Code  Gb  dhcpv6.o [1]
send_DHCP_SOLICIT        0x801'69bb   0x178  Code  Gb  dhcpv6.o [1]
send_DHCPv4_DECLINE      0x801'60e1   0x1f4  Code  Gb  dhcpv4.o [1]
send_DHCPv4_DISCOVER     0x801'5a51   0x2ce  Code  Gb  dhcpv4.o [1]
send_DHCPv4_REQUEST      0x801'5d1f   0x3c2  Code  Gb  dhcpv4.o [1]
sendto                   0x801'913d   0x20e  Code  Gb  socket.o [1]
serverid_len            0x2000'ed28     0x2  Data  Gb  dhcpv6.o [1]
set_measure_block        0x801'b80f    0x58  Code  Lc  user_app_sensor.o [1]
setsockopt               0x801'95f1   0x1de  Code  Gb  socket.o [1]
size                    0x2000'ec4c     0x4  Data  Gb  dhcpv6.o [1]
snprintf                 0x803'2245    0x44  Code  Gb  snprintf.o [2]
sock_any_port           0x2000'46e0     0x2  Data  Lc  socket.o [1]
sock_io_mode            0x2000'ed36     0x2  Data  Lc  socket.o [1]
sock_is_sending         0x2000'ed38     0x2  Data  Lc  socket.o [1]
sock_pack_info          0x2000'eba0     0x8  Data  Lc  socket.o [1]
sock_remained_size      0x2000'eb08    0x10  Data  Lc  socket.o [1]
socket                   0x801'89dd   0x29c  Code  Gb  socket.o [1]
sprintf                  0x800'ceb5    0x40  Code  Gb  sprintf.o [2]
st_clust                 0x802'd567    0x2a  Code  Lc  ff.o [1]
st_dword                 0x802'cb61    0x18  Code  Lc  ff.o [1]
st_word                  0x802'cb53     0xe  Code  Lc  ff.o [1]
statuscode_len          0x2000'ed24     0x2  Data  Gb  dhcpv6.o [1]
strchr                   0x800'fa09          Code  Gb  strchr.o [4]
strcmp                   0x803'2231          Code  Gb  strcmp.o [4]
strcpy                   0x802'7155          Code  Gb  strcpy.o [4]
strcspn                  0x802'b8db    0x22  Code  Gb  strcspn.o [2]
strlen                   0x800'f561          Code  Gb  strlen.o [4]
strncpy                  0x800'fa21          Code  Gb  strncpy.o [4]
strspn                   0x802'b8b9    0x22  Code  Gb  strspn.o [2]
strstr                   0x802'708f    0x2c  Code  Gb  strstr.o [2]
strtof                   0x800'f9ad     0x6  Code  Gb  strto32.o [3]
strtok                   0x801'e7d1    0x4c  Code  Gb  strtok.o [2]
strtol                   0x800'f623     0x4  Code  Gb  iar_Stolx.o [2]
sum_sfn                  0x802'd825    0x20  Code  Lc  ff.o [1]
sync_fs                  0x802'ce3b    0x96  Code  Lc  ff.o [1]
sync_window              0x802'cd9f    0x5a  Code  Lc  ff.o [1]
sztmp                   0x2000'cc14   0x200  Data  Lc  user_adv_trace.o [1]
t1                      0x2000'ecec     0x4  Data  Gb  user_sd.o [1]
t2                      0x2000'ecf0     0x4  Data  Gb  user_sd.o [1]
tempu8                  0x2000'ed53     0x1  Data  Lc  button.o [1]
tiny_vsnprintf_like      0x801'2f9b   0x1d6  Code  Gb  user_tiny_vsnprintf.o [1]
tolower                  0x802'6bdd    0x14  Code  Gb  tolower.o [2]
topicString             0x2000'eb68     0xc  Data  Gb  user_message.o [1]
uartSimBuffReceive      0x2000'9ff0   0x5dc  Data  Lc  user_sim.o [1]
upper_digits            0x2000'4458     0x4  Data  Lc  user_tiny_vsnprintf.o [1]
uwTick                  0x2000'ec94     0x4  Data  Gb  stm32l4xx_hal.o [1]
uwTickFreq              0x2000'46f1     0x1  Data  Gb  stm32l4xx_hal.o [1]
uwTickPrio              0x2000'1454     0x4  Data  Gb  stm32l4xx_hal.o [1]
validate                 0x802'e4c3    0x4a  Code  Lc  ff.o [1]
vcom_DeInit              0x801'd79d    0x1e  Code  Gb  user_app_comm.o [1]
vcom_Init                0x801'd793     0xa  Code  Gb  user_app_comm.o [1]
vcom_Trace_DMA           0x801'd7bb    0x1e  Code  Gb  user_app_comm.o [1]
wiz_recv_data            0x801'33f9    0xa8  Code  Gb  w6100.o [1]
wiz_send_data            0x801'3359    0xa0  Code  Gb  w6100.o [1]
wizchip_clrinterrupt     0x801'8245    0x52  Code  Gb  wizchip_conf.o [1]
wizchip_cris_enter       0x801'7cc1     0x2  Code  Gb  wizchip_conf.o [1]
wizchip_cris_exit        0x801'7cc3     0x2  Code  Gb  wizchip_conf.o [1]
wizchip_cs_deselect      0x801'7cc7     0x2  Code  Gb  wizchip_conf.o [1]
wizchip_cs_select        0x801'7cc5     0x2  Code  Gb  wizchip_conf.o [1]
wizchip_deselect         0x800'a01d    0x10  Code  Lc  user_app_ethernet.o [1]
wizchip_getinterrupt     0x801'8297    0x2e  Code  Gb  wizchip_conf.o [1]
wizchip_getinterruptmask
                         0x801'82f9    0x2e  Code  Gb  wizchip_conf.o [1]
wizchip_getnetinfo       0x801'8589    0xc2  Code  Gb  wizchip_conf.o [1]
wizchip_getnetmode       0x801'8689    0x40  Code  Gb  wizchip_conf.o [1]
wizchip_gettimeout       0x801'871b    0x52  Code  Gb  wizchip_conf.o [1]
wizchip_init             0x801'8191    0xb4  Code  Gb  wizchip_conf.o [1]
wizchip_network_infor    0x800'a0c9    0xca  Code  Lc  user_app_ethernet.o [1]
wizchip_read             0x800'a02d    0x2a  Code  Lc  user_app_ethernet.o [1]
wizchip_read_buff        0x800'a081    0x24  Code  Lc  user_app_ethernet.o [1]
wizchip_select           0x800'a00d    0x10  Code  Lc  user_app_ethernet.o [1]
wizchip_setinterruptmask
                         0x801'82c5    0x34  Code  Gb  wizchip_conf.o [1]
wizchip_setnetinfo       0x801'84c7    0xc2  Code  Gb  wizchip_conf.o [1]
wizchip_setnetmode       0x801'864b    0x3e  Code  Gb  wizchip_conf.o [1]
wizchip_settimeout       0x801'86c9    0x52  Code  Gb  wizchip_conf.o [1]
wizchip_spi_read         0x801'7cc9     0x4  Code  Gb  wizchip_conf.o [1]
wizchip_spi_read_buf     0x801'7ccf    0x26  Code  Gb  wizchip_conf.o [1]
wizchip_spi_write        0x801'7ccd     0x2  Code  Gb  wizchip_conf.o [1]
wizchip_spi_write_buf    0x801'7cf5    0x26  Code  Gb  wizchip_conf.o [1]
wizchip_sw_reset         0x801'806f   0x122  Code  Gb  wizchip_conf.o [1]
wizchip_write            0x800'a057    0x20  Code  Lc  user_app_ethernet.o [1]
wizchip_write_buff       0x800'a0a5    0x24  Code  Lc  user_app_ethernet.o [1]
wizphy_getphyconf        0x801'83db    0x54  Code  Gb  wizchip_conf.o [1]
wizphy_getphylink        0x801'8327    0x12  Code  Gb  wizchip_conf.o [1]
wizphy_getphypmode       0x801'84b1    0x16  Code  Gb  wizchip_conf.o [1]
wizphy_getphystatus      0x801'842f    0x54  Code  Gb  wizchip_conf.o [1]
wizphy_reset             0x801'8339    0x32  Code  Gb  wizchip_conf.o [1]
wizphy_setphyconf        0x801'836b    0x70  Code  Gb  wizchip_conf.o [1]
wizphy_setphypmode       0x801'8483    0x2e  Code  Gb  wizchip_conf.o [1]
writeCString             0x802'fc95    0x34  Code  Gb  MQTTPacket.o [1]
writeChar                0x802'fc5f     0xc  Code  Gb  MQTTPacket.o [1]
writeInt                 0x802'fc6b    0x2a  Code  Gb  MQTTPacket.o [1]
writeMQTTString          0x802'fcc9    0x46  Code  Gb  MQTTPacket.o [1]


[1] = D:\Saoviet_Git\Saoviet_Envirotrack_M_TNMT\Project_Master_TNMT_Ver_2_3\1.Source_Code_L496\wm_gsm_ethernet_v5\EWARM\wm_gsm_ethernet_v3\Obj
[2] = dl7M_tlf.a
[3] = m7M_tls.a
[4] = rt7M_tl.a
[5] = shb_l.a

  193'789 bytes of readonly  code memory
   29'292 bytes of readonly  data memory
   65'691 bytes of readwrite data memory

Errors: none
Warnings: none
