###############################################################################
#
# IAR ELF Linker V8.40.2.214/W32 for ARM                  24/Mar/2026  09:24:00
# Copyright 2007-2019 IAR Systems AB.
#
#    Output file  =
#        D:\Saoviet_Git\Saoviet_Envirotrack_M_TNMT\Project_Slave_Winmore_NH4\Project_Slave_Sensor_EnviroTrack\EWARM\Project_Slave_Sensor_EnviroTrack\Exe\Project_Slave_Sensor_EnviroTrack.out
#    Map file     =
#        D:\Saoviet_Git\Saoviet_Envirotrack_M_TNMT\Project_Slave_Winmore_NH4\Project_Slave_Sensor_EnviroTrack\EWARM\Project_Slave_Sensor_EnviroTrack\List\Project_Slave_Sensor_EnviroTrack.map
#    Command line =
#        -f C:\Users\PC\AppData\Local\Temp\EWC573.tmp
#        (D:\Saoviet_Git\Saoviet_Envirotrack_M_TNMT\Project_Slave_Winmore_NH4\Project_Slave_Sensor_EnviroTrack\EWARM\Project_Slave_Sensor_EnviroTrack\Obj\button.o
#        D:\Saoviet_Git\Saoviet_Envirotrack_M_TNMT\Project_Slave_Winmore_NH4\Project_Slave_Sensor_EnviroTrack\EWARM\Project_Slave_Sensor_EnviroTrack\Obj\dma.o
#        D:\Saoviet_Git\Saoviet_Envirotrack_M_TNMT\Project_Slave_Winmore_NH4\Project_Slave_Sensor_EnviroTrack\EWARM\Project_Slave_Sensor_EnviroTrack\Obj\event_driven.o
#        D:\Saoviet_Git\Saoviet_Envirotrack_M_TNMT\Project_Slave_Winmore_NH4\Project_Slave_Sensor_EnviroTrack\EWARM\Project_Slave_Sensor_EnviroTrack\Obj\glcd.o
#        D:\Saoviet_Git\Saoviet_Envirotrack_M_TNMT\Project_Slave_Winmore_NH4\Project_Slave_Sensor_EnviroTrack\EWARM\Project_Slave_Sensor_EnviroTrack\Obj\gpio.o
#        D:\Saoviet_Git\Saoviet_Envirotrack_M_TNMT\Project_Slave_Winmore_NH4\Project_Slave_Sensor_EnviroTrack\EWARM\Project_Slave_Sensor_EnviroTrack\Obj\graphics.o
#        D:\Saoviet_Git\Saoviet_Envirotrack_M_TNMT\Project_Slave_Winmore_NH4\Project_Slave_Sensor_EnviroTrack\EWARM\Project_Slave_Sensor_EnviroTrack\Obj\graphs.o
#        D:\Saoviet_Git\Saoviet_Envirotrack_M_TNMT\Project_Slave_Winmore_NH4\Project_Slave_Sensor_EnviroTrack\EWARM\Project_Slave_Sensor_EnviroTrack\Obj\lcd_display.o
#        D:\Saoviet_Git\Saoviet_Envirotrack_M_TNMT\Project_Slave_Winmore_NH4\Project_Slave_Sensor_EnviroTrack\EWARM\Project_Slave_Sensor_EnviroTrack\Obj\main.o
#        D:\Saoviet_Git\Saoviet_Envirotrack_M_TNMT\Project_Slave_Winmore_NH4\Project_Slave_Sensor_EnviroTrack\EWARM\Project_Slave_Sensor_EnviroTrack\Obj\NT75451.o
#        D:\Saoviet_Git\Saoviet_Envirotrack_M_TNMT\Project_Slave_Winmore_NH4\Project_Slave_Sensor_EnviroTrack\EWARM\Project_Slave_Sensor_EnviroTrack\Obj\onchipflash.o
#        D:\Saoviet_Git\Saoviet_Envirotrack_M_TNMT\Project_Slave_Winmore_NH4\Project_Slave_Sensor_EnviroTrack\EWARM\Project_Slave_Sensor_EnviroTrack\Obj\PCD8544.o
#        D:\Saoviet_Git\Saoviet_Envirotrack_M_TNMT\Project_Slave_Winmore_NH4\Project_Slave_Sensor_EnviroTrack\EWARM\Project_Slave_Sensor_EnviroTrack\Obj\queue_p.o
#        D:\Saoviet_Git\Saoviet_Envirotrack_M_TNMT\Project_Slave_Winmore_NH4\Project_Slave_Sensor_EnviroTrack\EWARM\Project_Slave_Sensor_EnviroTrack\Obj\rtc.o
#        D:\Saoviet_Git\Saoviet_Envirotrack_M_TNMT\Project_Slave_Winmore_NH4\Project_Slave_Sensor_EnviroTrack\EWARM\Project_Slave_Sensor_EnviroTrack\Obj\spi.o
#        D:\Saoviet_Git\Saoviet_Envirotrack_M_TNMT\Project_Slave_Winmore_NH4\Project_Slave_Sensor_EnviroTrack\EWARM\Project_Slave_Sensor_EnviroTrack\Obj\ST7565R.o
#        D:\Saoviet_Git\Saoviet_Envirotrack_M_TNMT\Project_Slave_Winmore_NH4\Project_Slave_Sensor_EnviroTrack\EWARM\Project_Slave_Sensor_EnviroTrack\Obj\startup_stm32l433xx.o
#        D:\Saoviet_Git\Saoviet_Envirotrack_M_TNMT\Project_Slave_Winmore_NH4\Project_Slave_Sensor_EnviroTrack\EWARM\Project_Slave_Sensor_EnviroTrack\Obj\STM32F0xx.o
#        D:\Saoviet_Git\Saoviet_Envirotrack_M_TNMT\Project_Slave_Winmore_NH4\Project_Slave_Sensor_EnviroTrack\EWARM\Project_Slave_Sensor_EnviroTrack\Obj\STM32F10x.o
#        D:\Saoviet_Git\Saoviet_Envirotrack_M_TNMT\Project_Slave_Winmore_NH4\Project_Slave_Sensor_EnviroTrack\EWARM\Project_Slave_Sensor_EnviroTrack\Obj\STM32F4.o
#        D:\Saoviet_Git\Saoviet_Envirotrack_M_TNMT\Project_Slave_Winmore_NH4\Project_Slave_Sensor_EnviroTrack\EWARM\Project_Slave_Sensor_EnviroTrack\Obj\STM32L4.o
#        D:\Saoviet_Git\Saoviet_Envirotrack_M_TNMT\Project_Slave_Winmore_NH4\Project_Slave_Sensor_EnviroTrack\EWARM\Project_Slave_Sensor_EnviroTrack\Obj\stm32l4xx_hal.o
#        D:\Saoviet_Git\Saoviet_Envirotrack_M_TNMT\Project_Slave_Winmore_NH4\Project_Slave_Sensor_EnviroTrack\EWARM\Project_Slave_Sensor_EnviroTrack\Obj\stm32l4xx_hal_cortex.o
#        D:\Saoviet_Git\Saoviet_Envirotrack_M_TNMT\Project_Slave_Winmore_NH4\Project_Slave_Sensor_EnviroTrack\EWARM\Project_Slave_Sensor_EnviroTrack\Obj\stm32l4xx_hal_dma.o
#        D:\Saoviet_Git\Saoviet_Envirotrack_M_TNMT\Project_Slave_Winmore_NH4\Project_Slave_Sensor_EnviroTrack\EWARM\Project_Slave_Sensor_EnviroTrack\Obj\stm32l4xx_hal_dma_ex.o
#        D:\Saoviet_Git\Saoviet_Envirotrack_M_TNMT\Project_Slave_Winmore_NH4\Project_Slave_Sensor_EnviroTrack\EWARM\Project_Slave_Sensor_EnviroTrack\Obj\stm32l4xx_hal_exti.o
#        D:\Saoviet_Git\Saoviet_Envirotrack_M_TNMT\Project_Slave_Winmore_NH4\Project_Slave_Sensor_EnviroTrack\EWARM\Project_Slave_Sensor_EnviroTrack\Obj\stm32l4xx_hal_flash.o
#        D:\Saoviet_Git\Saoviet_Envirotrack_M_TNMT\Project_Slave_Winmore_NH4\Project_Slave_Sensor_EnviroTrack\EWARM\Project_Slave_Sensor_EnviroTrack\Obj\stm32l4xx_hal_flash_ex.o
#        D:\Saoviet_Git\Saoviet_Envirotrack_M_TNMT\Project_Slave_Winmore_NH4\Project_Slave_Sensor_EnviroTrack\EWARM\Project_Slave_Sensor_EnviroTrack\Obj\stm32l4xx_hal_flash_ramfunc.o
#        D:\Saoviet_Git\Saoviet_Envirotrack_M_TNMT\Project_Slave_Winmore_NH4\Project_Slave_Sensor_EnviroTrack\EWARM\Project_Slave_Sensor_EnviroTrack\Obj\stm32l4xx_hal_gpio.o
#        D:\Saoviet_Git\Saoviet_Envirotrack_M_TNMT\Project_Slave_Winmore_NH4\Project_Slave_Sensor_EnviroTrack\EWARM\Project_Slave_Sensor_EnviroTrack\Obj\stm32l4xx_hal_i2c.o
#        D:\Saoviet_Git\Saoviet_Envirotrack_M_TNMT\Project_Slave_Winmore_NH4\Project_Slave_Sensor_EnviroTrack\EWARM\Project_Slave_Sensor_EnviroTrack\Obj\stm32l4xx_hal_i2c_ex.o
#        D:\Saoviet_Git\Saoviet_Envirotrack_M_TNMT\Project_Slave_Winmore_NH4\Project_Slave_Sensor_EnviroTrack\EWARM\Project_Slave_Sensor_EnviroTrack\Obj\stm32l4xx_hal_msp.o
#        D:\Saoviet_Git\Saoviet_Envirotrack_M_TNMT\Project_Slave_Winmore_NH4\Project_Slave_Sensor_EnviroTrack\EWARM\Project_Slave_Sensor_EnviroTrack\Obj\stm32l4xx_hal_pwr.o
#        D:\Saoviet_Git\Saoviet_Envirotrack_M_TNMT\Project_Slave_Winmore_NH4\Project_Slave_Sensor_EnviroTrack\EWARM\Project_Slave_Sensor_EnviroTrack\Obj\stm32l4xx_hal_pwr_ex.o
#        D:\Saoviet_Git\Saoviet_Envirotrack_M_TNMT\Project_Slave_Winmore_NH4\Project_Slave_Sensor_EnviroTrack\EWARM\Project_Slave_Sensor_EnviroTrack\Obj\stm32l4xx_hal_rcc.o
#        D:\Saoviet_Git\Saoviet_Envirotrack_M_TNMT\Project_Slave_Winmore_NH4\Project_Slave_Sensor_EnviroTrack\EWARM\Project_Slave_Sensor_EnviroTrack\Obj\stm32l4xx_hal_rcc_ex.o
#        D:\Saoviet_Git\Saoviet_Envirotrack_M_TNMT\Project_Slave_Winmore_NH4\Project_Slave_Sensor_EnviroTrack\EWARM\Project_Slave_Sensor_EnviroTrack\Obj\stm32l4xx_hal_rtc.o
#        D:\Saoviet_Git\Saoviet_Envirotrack_M_TNMT\Project_Slave_Winmore_NH4\Project_Slave_Sensor_EnviroTrack\EWARM\Project_Slave_Sensor_EnviroTrack\Obj\stm32l4xx_hal_rtc_ex.o
#        D:\Saoviet_Git\Saoviet_Envirotrack_M_TNMT\Project_Slave_Winmore_NH4\Project_Slave_Sensor_EnviroTrack\EWARM\Project_Slave_Sensor_EnviroTrack\Obj\stm32l4xx_hal_spi.o
#        D:\Saoviet_Git\Saoviet_Envirotrack_M_TNMT\Project_Slave_Winmore_NH4\Project_Slave_Sensor_EnviroTrack\EWARM\Project_Slave_Sensor_EnviroTrack\Obj\stm32l4xx_hal_spi_ex.o
#        D:\Saoviet_Git\Saoviet_Envirotrack_M_TNMT\Project_Slave_Winmore_NH4\Project_Slave_Sensor_EnviroTrack\EWARM\Project_Slave_Sensor_EnviroTrack\Obj\stm32l4xx_hal_uart.o
#        D:\Saoviet_Git\Saoviet_Envirotrack_M_TNMT\Project_Slave_Winmore_NH4\Project_Slave_Sensor_EnviroTrack\EWARM\Project_Slave_Sensor_EnviroTrack\Obj\stm32l4xx_hal_uart_ex.o
#        D:\Saoviet_Git\Saoviet_Envirotrack_M_TNMT\Project_Slave_Winmore_NH4\Project_Slave_Sensor_EnviroTrack\EWARM\Project_Slave_Sensor_EnviroTrack\Obj\stm32l4xx_it.o
#        D:\Saoviet_Git\Saoviet_Envirotrack_M_TNMT\Project_Slave_Winmore_NH4\Project_Slave_Sensor_EnviroTrack\EWARM\Project_Slave_Sensor_EnviroTrack\Obj\system_stm32l4xx.o
#        D:\Saoviet_Git\Saoviet_Envirotrack_M_TNMT\Project_Slave_Winmore_NH4\Project_Slave_Sensor_EnviroTrack\EWARM\Project_Slave_Sensor_EnviroTrack\Obj\text.o
#        D:\Saoviet_Git\Saoviet_Envirotrack_M_TNMT\Project_Slave_Winmore_NH4\Project_Slave_Sensor_EnviroTrack\EWARM\Project_Slave_Sensor_EnviroTrack\Obj\text_tiny.o
#        D:\Saoviet_Git\Saoviet_Envirotrack_M_TNMT\Project_Slave_Winmore_NH4\Project_Slave_Sensor_EnviroTrack\EWARM\Project_Slave_Sensor_EnviroTrack\Obj\unit_tests.o
#        D:\Saoviet_Git\Saoviet_Envirotrack_M_TNMT\Project_Slave_Winmore_NH4\Project_Slave_Sensor_EnviroTrack\EWARM\Project_Slave_Sensor_EnviroTrack\Obj\usart.o
#        D:\Saoviet_Git\Saoviet_Envirotrack_M_TNMT\Project_Slave_Winmore_NH4\Project_Slave_Sensor_EnviroTrack\EWARM\Project_Slave_Sensor_EnviroTrack\Obj\user_adv_trace.o
#        D:\Saoviet_Git\Saoviet_Envirotrack_M_TNMT\Project_Slave_Winmore_NH4\Project_Slave_Sensor_EnviroTrack\EWARM\Project_Slave_Sensor_EnviroTrack\Obj\user_app_comm.o
#        D:\Saoviet_Git\Saoviet_Envirotrack_M_TNMT\Project_Slave_Winmore_NH4\Project_Slave_Sensor_EnviroTrack\EWARM\Project_Slave_Sensor_EnviroTrack\Obj\user_app_modbus_rtu.o
#        D:\Saoviet_Git\Saoviet_Envirotrack_M_TNMT\Project_Slave_Winmore_NH4\Project_Slave_Sensor_EnviroTrack\EWARM\Project_Slave_Sensor_EnviroTrack\Obj\user_app_rs485.o
#        D:\Saoviet_Git\Saoviet_Envirotrack_M_TNMT\Project_Slave_Winmore_NH4\Project_Slave_Sensor_EnviroTrack\EWARM\Project_Slave_Sensor_EnviroTrack\Obj\user_app_sensor.o
#        D:\Saoviet_Git\Saoviet_Envirotrack_M_TNMT\Project_Slave_Winmore_NH4\Project_Slave_Sensor_EnviroTrack\EWARM\Project_Slave_Sensor_EnviroTrack\Obj\user_at_serial.o
#        D:\Saoviet_Git\Saoviet_Envirotrack_M_TNMT\Project_Slave_Winmore_NH4\Project_Slave_Sensor_EnviroTrack\EWARM\Project_Slave_Sensor_EnviroTrack\Obj\user_connect_sensor.o
#        D:\Saoviet_Git\Saoviet_Envirotrack_M_TNMT\Project_Slave_Winmore_NH4\Project_Slave_Sensor_EnviroTrack\EWARM\Project_Slave_Sensor_EnviroTrack\Obj\user_convert_variable.o
#        D:\Saoviet_Git\Saoviet_Envirotrack_M_TNMT\Project_Slave_Winmore_NH4\Project_Slave_Sensor_EnviroTrack\EWARM\Project_Slave_Sensor_EnviroTrack\Obj\user_internal_mem.o
#        D:\Saoviet_Git\Saoviet_Envirotrack_M_TNMT\Project_Slave_Winmore_NH4\Project_Slave_Sensor_EnviroTrack\EWARM\Project_Slave_Sensor_EnviroTrack\Obj\user_mem_comm.o
#        D:\Saoviet_Git\Saoviet_Envirotrack_M_TNMT\Project_Slave_Winmore_NH4\Project_Slave_Sensor_EnviroTrack\EWARM\Project_Slave_Sensor_EnviroTrack\Obj\user_modbus_rtu.o
#        D:\Saoviet_Git\Saoviet_Envirotrack_M_TNMT\Project_Slave_Winmore_NH4\Project_Slave_Sensor_EnviroTrack\EWARM\Project_Slave_Sensor_EnviroTrack\Obj\user_obis_sv.o
#        D:\Saoviet_Git\Saoviet_Envirotrack_M_TNMT\Project_Slave_Winmore_NH4\Project_Slave_Sensor_EnviroTrack\EWARM\Project_Slave_Sensor_EnviroTrack\Obj\user_rs485.o
#        D:\Saoviet_Git\Saoviet_Envirotrack_M_TNMT\Project_Slave_Winmore_NH4\Project_Slave_Sensor_EnviroTrack\EWARM\Project_Slave_Sensor_EnviroTrack\Obj\user_rtc.o
#        D:\Saoviet_Git\Saoviet_Envirotrack_M_TNMT\Project_Slave_Winmore_NH4\Project_Slave_Sensor_EnviroTrack\EWARM\Project_Slave_Sensor_EnviroTrack\Obj\user_string.o
#        D:\Saoviet_Git\Saoviet_Envirotrack_M_TNMT\Project_Slave_Winmore_NH4\Project_Slave_Sensor_EnviroTrack\EWARM\Project_Slave_Sensor_EnviroTrack\Obj\user_time.o
#        D:\Saoviet_Git\Saoviet_Envirotrack_M_TNMT\Project_Slave_Winmore_NH4\Project_Slave_Sensor_EnviroTrack\EWARM\Project_Slave_Sensor_EnviroTrack\Obj\user_timer.o
#        D:\Saoviet_Git\Saoviet_Envirotrack_M_TNMT\Project_Slave_Winmore_NH4\Project_Slave_Sensor_EnviroTrack\EWARM\Project_Slave_Sensor_EnviroTrack\Obj\user_tiny_vsnprintf.o
#        D:\Saoviet_Git\Saoviet_Envirotrack_M_TNMT\Project_Slave_Winmore_NH4\Project_Slave_Sensor_EnviroTrack\EWARM\Project_Slave_Sensor_EnviroTrack\Obj\user_uart.o
#        D:\Saoviet_Git\Saoviet_Envirotrack_M_TNMT\Project_Slave_Winmore_NH4\Project_Slave_Sensor_EnviroTrack\EWARM\Project_Slave_Sensor_EnviroTrack\Obj\user_util.o
#        --no_out_extension -o
#        D:\Saoviet_Git\Saoviet_Envirotrack_M_TNMT\Project_Slave_Winmore_NH4\Project_Slave_Sensor_EnviroTrack\EWARM\Project_Slave_Sensor_EnviroTrack\Exe\Project_Slave_Sensor_EnviroTrack.out
#        --redirect _Printf=_PrintfFullNoMb --redirect _Scanf=_ScanfFullNoMb
#        --map
#        D:\Saoviet_Git\Saoviet_Envirotrack_M_TNMT\Project_Slave_Winmore_NH4\Project_Slave_Sensor_EnviroTrack\EWARM\Project_Slave_Sensor_EnviroTrack\List\Project_Slave_Sensor_EnviroTrack.map
#        --config
#        D:\Saoviet_Git\Saoviet_Envirotrack_M_TNMT\Project_Slave_Winmore_NH4\Project_Slave_Sensor_EnviroTrack\EWARM/stm32l433xx_flash.icf
#        --semihosting --entry __iar_program_start --vfe --text_out locale)
#
###############################################################################

*******************************************************************************
*** RUNTIME MODEL ATTRIBUTES
***

CppFlavor       = *
__Heap_Handler  = DLMalloc
__SystemLibrary = DLib
__dlib_version  = 6


*******************************************************************************
*** HEAP SELECTION
***

The advanced heap was selected because the application calls memory
allocation functions outside of system library functions, and there
are calls to deallocation functions in the application.


*******************************************************************************
*** PLACEMENT SUMMARY
***

"A0":  place at address 0x800'0000 { ro section .intvec };
"P1":  place in [from 0x800'0000 to 0x803'ffff] { ro };
define block CSTACK with size = 1K, alignment = 8 { };
define block HEAP with size = 512, alignment = 8 { };
"P2":  place in [from 0x2000'0000 to 0x2000'ffff] {
          rw, block CSTACK, block HEAP };
initialize by copy { rw };

  Section            Kind         Address      Size  Object
  -------            ----         -------      ----  ------
"A0":                                         0x18c
  .intvec            ro code   0x800'0000     0x18c  startup_stm32l433xx.o [1]
                             - 0x800'018c     0x18c

"P1":                                      0x1'1666
  .text              ro code   0x800'018c    0x2520  button.o [1]
  .text              ro code   0x800'26ac     0x380  stm32l4xx_hal_gpio.o [1]
  .text              ro code   0x800'2a2c     0x21c  user_util.o [1]
  .text              ro code   0x800'2c48     0xebc  lcd_display.o [1]
  .text              ro code   0x800'3b04    0x1f78  user_app_sensor.o [1]
  .text              ro code   0x800'5a7c     0x934  user_app_modbus_rtu.o [1]
  .text              ro code   0x800'63b0     0x40c  user_convert_variable.o [1]
  .text              ro code   0x800'67bc      0x36  strlen.o [4]
  .text              ro code   0x800'67f2      0x3a  zero_init3.o [4]
  .text              ro code   0x800'682c      0x22  S32ToDbl.o [3]
  .text              ro code   0x800'684e       0xa  xsprout.o [2]
  .text              ro code   0x800'6858      0x16  math_wrappers64.o [3]
  .rodata            const     0x800'686e       0x2  xlocale_c.o [2]
  .text              ro code   0x800'6870     0x246  DblDiv.o [3]
  .rodata            const     0x800'6ab6       0x1  xlocale_c.o [2]
  .text              ro code   0x800'6ab8      0x68  DblToFlt.o [3]
  .text              ro code   0x800'6b20      0x1a  U32ToDbl.o [3]
  .text              ro code   0x800'6b3c      0x48  FltToDbl.o [3]
  .text              ro code   0x800'6b84      0x40  sprintf.o [2]
  .text              ro code   0x800'6bc4      0xb0  STM32L4.o [1]
  .text              ro code   0x800'6c74       0xc  stm32l4xx_hal.o [1]
  .text              ro code   0x800'6c80     0x290  text_tiny.o [1]
  .text              ro code   0x800'6f10      0x54  event_driven.o [1]
  .text              ro code   0x800'6f64      0x14  unit_tests.o [1]
  .text              ro code   0x800'6f78     0x110  glcd.o [1]
  .text              ro code   0x800'7088     0x15c  ST7565R.o [1]
  .text              ro code   0x800'71e4      0x66  ABImemset.o [4]
  .text              ro code   0x800'724c     0x390  text.o [1]
  .text              ro code   0x800'75dc     0x200  graphics.o [1]
  .text              ro code   0x800'77dc     0x350  user_modbus_rtu.o [1]
  .text              ro code   0x800'7b2c     0x39c  usart.o [1]
  .text              ro code   0x800'7ec8      0x74  user_connect_sensor.o [1]
  .text              ro code   0x800'7f3c      0x28  stm32l4xx_hal.o [1]
  .text              ro code   0x800'7f64     0xfc8  stm32l4xx_hal_uart.o [1]
  .text              ro code   0x800'8f2c     0x172  onchipflash.o [1]
  .text              ro code   0x800'90a0      0xa6  ABImemcpy.o [4]
  .text              ro code   0x800'9148     0x230  I64DivMod.o [4]
  .text              ro code   0x800'9378     0x1a2  DblMul.o [3]
  .text              ro code   0x800'951c     0x17a  DblAdd.o [3]
  .text              ro code   0x800'9698      0x3a  DblToS32.o [3]
  .text              ro code   0x800'96d4     0x6ec  pow64.o [3]
  .text              ro code   0x800'9dc0     0xfc6  xprintffull_nomb.o [2]
  .text              ro code   0x800'ad88     0x52a  stm32l4xx_hal_spi.o [1]
  .text              ro code   0x800'b2b2       0x8  abs.o [2]
  .text              ro code   0x800'b2ba      0xc2  main.o [1]
  .text              ro code   0x800'b37c      0x14  memset.o [4]
  .text              ro code   0x800'b390     0x4e8  stm32l4xx_hal_rcc_ex.o [1]
  .text              ro code   0x800'b878     0x422  stm32l4xx_hal_dma.o [1]
  .text              ro code   0x800'bc9c     0x194  stm32l4xx_hal_cortex.o [1]
  .text              ro code   0x800'be30     0x128  user_uart.o [1]
  .text              ro code   0x800'bf58      0x72  stm32l4xx_hal_uart_ex.o [1]
  .text              ro code   0x800'bfcc     0x9fc  stm32l4xx_hal_rcc.o [1]
  .text              ro code   0x800'c9c8       0x2  stm32l4xx_hal_uart.o [1]
  .text              ro code   0x800'c9ca       0x2  stm32l4xx_hal_uart.o [1]
  .text              ro code   0x800'c9cc     0x1b8  stm32l4xx_hal_flash.o [1]
  .text              ro code   0x800'cb84      0xa0  stm32l4xx_hal_flash_ex.o [1]
  .text              ro code   0x800'cc24       0x2  I64DivZer.o [4]
  .text              ro code   0x800'cc28      0xe2  DblSub.o [3]
  .text              ro code   0x800'cd0c      0x20  DblCmpEq.o [3]
  .text              ro code   0x800'cd2c      0x70  frexp.o [3]
  .text              ro code   0x800'cd9c      0x2e  DblCmpLe.o [3]
  .text              ro code   0x800'cdcc      0x2e  DblCmpGe.o [3]
  .text              ro code   0x800'cdfc     0x3e8  iar_Exp64.o [3]
  .text              ro code   0x800'd1e4      0x16  strchr.o [4]
  .text              ro code   0x800'd1fc      0x40  xfail_s.o [2]
  .text              ro code   0x800'd23c      0x58  memchr.o [4]
  .text              ro code   0x800'd294     0x13a  ldexp.o [3]
  .text              ro code   0x800'd3d0      0x28  DblToU32.o [3]
  .text              ro code   0x800'd3f8       0x8  xlocale_c.o [2]
  .text              ro code   0x800'd400      0xc8  spi.o [1]
  .text              ro code   0x800'd4c8      0x24  stm32l4xx_hal.o [1]
  .text              ro code   0x800'd4ec     0x1d0  gpio.o [1]
  .text              ro code   0x800'd6bc      0x60  dma.o [1]
  .text              ro code   0x800'd71c     0x150  rtc.o [1]
  .text              ro code   0x800'd86c     0x4b0  user_app_comm.o [1]
  .text              ro code   0x800'dd1c      0x94  stm32l4xx_hal_pwr_ex.o [1]
  .text              ro code   0x800'ddb0      0x70  user_rs485.o [1]
  .text              ro code   0x800'de20     0x23a  user_adv_trace.o [1]
  .text              ro code   0x800'e05c      0x60  stm32l4xx_hal.o [1]
  .text              ro code   0x800'e0bc       0x6  abort.o [2]
  .text              ro code   0x800'e0c4      0x38  stm32l4xx_hal_msp.o [1]
  .text              ro code   0x800'e0fc     0x78e  stm32l4xx_hal_rtc.o [1]
  .text              ro code   0x800'e88c     0x310  user_timer.o [1]
  .text              ro code   0x800'eb9c     0x1dc  user_at_serial.o [1]
  .text              ro code   0x800'ed78      0x58  user_time.o [1]
  .text              ro code   0x800'edd0     0x180  user_app_rs485.o [1]
  .text              ro code   0x800'ef50     0x350  user_tiny_vsnprintf.o [1]
  .text              ro code   0x800'f2a0      0x14  exit.o [5]
  .text              ro code   0x800'f2b4     0x3a8  user_rtc.o [1]
  .text              ro code   0x800'f65c       0x2  stm32l4xx_hal_rtc_ex.o [1]
  .text              ro code   0x800'f65e     0x1e6  user_string.o [1]
  .text              ro code   0x800'f844      0x48  stm32l4xx_hal_rtc_ex.o [1]
  .rodata            const     0x800'f890     0x420  pow64.o [3]
  .rodata            const     0x800'fcb0     0x400  unit_tests.o [1]
  .rodata            const     0x801'00b0     0x228  lcd_display.o [1]
  .rodata            const     0x801'02d8     0x214  lcd_display.o [1]
  .rodata            const     0x801'04ec     0x12c  user_app_sensor.o [1]
  .text              ro code   0x801'0618      0xd4  stm32l4xx_it.o [1]
  .text              ro code   0x801'06ec      0x18  stm32l4xx_hal.o [1]
  .text              ro code   0x801'0704      0x78  lz77_init_single.o [4]
  .rodata            const     0x801'077c      0x34  user_app_sensor.o [1]
  .rodata            const     0x801'07b0      0x34  user_app_sensor.o [1]
  .rodata            const     0x801'07e4      0x30  system_stm32l4xx.o [1]
  .rodata            const     0x801'0814      0x2c  user_rtc.o [1]
  .rodata            const     0x801'0840      0x28  user_tiny_vsnprintf.o [1]
  .rodata            const     0x801'0868      0x28  user_tiny_vsnprintf.o [1]
  .text              ro code   0x801'0890      0x28  data_init.o [4]
  .text              ro code   0x801'08b8      0x22  fpinit_M.o [3]
  .iar.init_table    const     0x801'08dc      0x20  - Linker created -
  .rodata            const     0x801'08fc      0x20  user_rtc.o [1]
  .text              ro code   0x801'091c      0x1e  cmain.o [4]
  .text              ro code   0x801'093a       0x4  low_level_init.o [2]
  .text              ro code   0x801'093e       0x4  exit.o [2]
  .text              ro code   0x801'0944       0xa  cexit.o [4]
  .rodata            const     0x801'0950      0x1c  user_app_comm.o [1]
  .rodata            const     0x801'096c      0x1c  user_uart.o [1]
  .rodata            const     0x801'0988      0x18  user_app_comm.o [1]
  .rodata            const     0x801'09a0      0x14  lcd_display.o [1]
  .rodata            const     0x801'09b4      0x14  user_app_comm.o [1]
  .rodata            const     0x801'09c8      0x14  user_at_serial.o [1]
  .rodata            const     0x801'09dc      0x14  user_at_serial.o [1]
  .rodata            const     0x801'09f0      0x14  user_at_serial.o [1]
  .rodata            const     0x801'0a04      0x14  user_at_serial.o [1]
  .rodata            const     0x801'0a18      0x14  user_at_serial.o [1]
  .rodata            const     0x801'0a2c      0x10  lcd_display.o [1]
  .rodata            const     0x801'0a3c      0x10  lcd_display.o [1]
  .rodata            const     0x801'0a4c      0x10  lcd_display.o [1]
  .rodata            const     0x801'0a5c      0x10  lcd_display.o [1]
  .rodata            const     0x801'0a6c      0x10  lcd_display.o [1]
  .rodata            const     0x801'0a7c      0x10  lcd_display.o [1]
  .rodata            const     0x801'0a8c      0x10  lcd_display.o [1]
  .rodata            const     0x801'0a9c      0x10  lcd_display.o [1]
  .rodata            const     0x801'0aac      0x10  lcd_display.o [1]
  .rodata            const     0x801'0abc      0x10  lcd_display.o [1]
  .rodata            const     0x801'0acc      0x10  lcd_display.o [1]
  .rodata            const     0x801'0adc      0x10  lcd_display.o [1]
  .rodata            const     0x801'0aec      0x10  system_stm32l4xx.o [1]
  .rodata            const     0x801'0afc      0x10  user_app_sensor.o [1]
  .rodata            const     0x801'0b0c      0x10  user_at_serial.o [1]
  .rodata            const     0x801'0b1c      0x10  user_at_serial.o [1]
  .rodata            const     0x801'0b2c      0x10  user_at_serial.o [1]
  .rodata            const     0x801'0b3c      0x10  user_at_serial.o [1]
  .rodata            const     0x801'0b4c      0x10  user_at_serial.o [1]
  .rodata            const     0x801'0b5c      0x10  user_at_serial.o [1]
  .rodata            const     0x801'0b6c      0x10  user_at_serial.o [1]
  .rodata            const     0x801'0b7c      0x10  user_at_serial.o [1]
  .rodata            const     0x801'0b8c      0x10  user_at_serial.o [1]
  .rodata            const     0x801'0b9c      0x10  user_at_serial.o [1]
  .rodata            const     0x801'0bac      0x10  user_at_serial.o [1]
  .rodata            const     0x801'0bbc      0x10  user_at_serial.o [1]
  .rodata            const     0x801'0bcc      0x10  user_at_serial.o [1]
  .rodata            const     0x801'0bdc      0x10  user_at_serial.o [1]
  .rodata            const     0x801'0bec      0x10  user_at_serial.o [1]
  .rodata            const     0x801'0bfc      0x10  user_at_serial.o [1]
  .rodata            const     0x801'0c0c      0x10  user_at_serial.o [1]
  .rodata            const     0x801'0c1c      0x10  user_at_serial.o [1]
  .rodata            const     0x801'0c2c      0x10  user_at_serial.o [1]
  .rodata            const     0x801'0c3c      0x10  user_at_serial.o [1]
  .rodata            const     0x801'0c4c      0x10  user_at_serial.o [1]
  .rodata            const     0x801'0c5c      0x10  user_at_serial.o [1]
  .rodata            const     0x801'0c6c      0x10  user_at_serial.o [1]
  .rodata            const     0x801'0c7c      0x10  user_at_serial.o [1]
  .rodata            const     0x801'0c8c      0x10  user_at_serial.o [1]
  .rodata            const     0x801'0c9c      0x10  user_at_serial.o [1]
  .rodata            const     0x801'0cac      0x10  user_at_serial.o [1]
  .rodata            const     0x801'0cbc      0x10  user_at_serial.o [1]
  .rodata            const     0x801'0ccc      0x10  user_at_serial.o [1]
  .text              ro code   0x801'0cdc      0x10  startup_stm32l433xx.o [1]
  .text              ro code   0x801'0cec      0x10  system_stm32l4xx.o [1]
  .rodata            const     0x801'0cfc       0xc  lcd_display.o [1]
  .rodata            const     0x801'0d08       0xc  lcd_display.o [1]
  .rodata            const     0x801'0d14       0xc  lcd_display.o [1]
  .rodata            const     0x801'0d20       0xc  lcd_display.o [1]
  .rodata            const     0x801'0d2c       0xc  lcd_display.o [1]
  .rodata            const     0x801'0d38       0xc  lcd_display.o [1]
  .rodata            const     0x801'0d44       0xc  lcd_display.o [1]
  .rodata            const     0x801'0d50       0xc  lcd_display.o [1]
  .rodata            const     0x801'0d5c       0xc  lcd_display.o [1]
  .rodata            const     0x801'0d68       0xc  lcd_display.o [1]
  .rodata            const     0x801'0d74       0xc  lcd_display.o [1]
  .rodata            const     0x801'0d80       0xc  lcd_display.o [1]
  .rodata            const     0x801'0d8c       0xc  lcd_display.o [1]
  .rodata            const     0x801'0d98       0xc  lcd_display.o [1]
  .rodata            const     0x801'0da4       0xc  lcd_display.o [1]
  .rodata            const     0x801'0db0       0xc  lcd_display.o [1]
  .rodata            const     0x801'0dbc       0xc  lcd_display.o [1]
  .rodata            const     0x801'0dc8       0xc  lcd_display.o [1]
  .rodata            const     0x801'0dd4       0xc  lcd_display.o [1]
  .rodata            const     0x801'0de0       0xc  lcd_display.o [1]
  .rodata            const     0x801'0dec       0xc  lcd_display.o [1]
  .rodata            const     0x801'0df8       0xc  lcd_display.o [1]
  .rodata            const     0x801'0e04       0xc  lcd_display.o [1]
  .rodata            const     0x801'0e10       0xc  lcd_display.o [1]
  .rodata            const     0x801'0e1c       0xc  lcd_display.o [1]
  .rodata            const     0x801'0e28       0xc  user_app_comm.o [1]
  .rodata            const     0x801'0e34       0xc  user_app_sensor.o [1]
  .rodata            const     0x801'0e40       0xc  user_app_sensor.o [1]
  .rodata            const     0x801'0e4c       0xc  user_app_sensor.o [1]
  .rodata            const     0x801'0e58       0xc  user_app_sensor.o [1]
  .rodata            const     0x801'0e64       0xc  user_app_sensor.o [1]
  .rodata            const     0x801'0e70       0xc  user_app_sensor.o [1]
  .rodata            const     0x801'0e7c       0xc  user_app_sensor.o [1]
  .rodata            const     0x801'0e88       0xc  user_app_sensor.o [1]
  .rodata            const     0x801'0e94       0xc  user_app_sensor.o [1]
  .rodata            const     0x801'0ea0       0xc  user_app_sensor.o [1]
  .rodata            const     0x801'0eac       0xc  user_app_sensor.o [1]
  .rodata            const     0x801'0eb8       0xc  user_app_sensor.o [1]
  .rodata            const     0x801'0ec4       0xc  user_app_sensor.o [1]
  .rodata            const     0x801'0ed0       0xc  user_at_serial.o [1]
  .rodata            const     0x801'0edc       0xc  user_at_serial.o [1]
  .rodata            const     0x801'0ee8       0xc  user_at_serial.o [1]
  .rodata            const     0x801'0ef4       0xc  user_at_serial.o [1]
  .rodata            const     0x801'0f00       0xc  user_at_serial.o [1]
  .rodata            const     0x801'0f0c       0xc  user_at_serial.o [1]
  .rodata            const     0x801'0f18       0xc  user_at_serial.o [1]
  .rodata            const     0x801'0f24       0xc  user_at_serial.o [1]
  .rodata            const     0x801'0f30       0xc  user_at_serial.o [1]
  .rodata            const     0x801'0f3c       0xc  user_at_serial.o [1]
  .rodata            const     0x801'0f48       0xc  user_at_serial.o [1]
  .rodata            const     0x801'0f54       0xc  user_at_serial.o [1]
  .rodata            const     0x801'0f60       0xc  user_at_serial.o [1]
  .rodata            const     0x801'0f6c       0xc  user_at_serial.o [1]
  .rodata            const     0x801'0f78       0xc  user_at_serial.o [1]
  .rodata            const     0x801'0f84       0xc  user_at_serial.o [1]
  .rodata            const     0x801'0f90       0xc  user_at_serial.o [1]
  .rodata            const     0x801'0f9c       0xc  user_at_serial.o [1]
  .rodata            const     0x801'0fa8       0xc  user_at_serial.o [1]
  .rodata            const     0x801'0fb4       0xc  user_at_serial.o [1]
  .rodata            const     0x801'0fc0       0xc  user_at_serial.o [1]
  .rodata            const     0x801'0fcc       0xc  user_at_serial.o [1]
  .rodata            const     0x801'0fd8       0xc  user_at_serial.o [1]
  .rodata            const     0x801'0fe4       0xc  user_at_serial.o [1]
  .rodata            const     0x801'0ff0       0xc  user_at_serial.o [1]
  .rodata            const     0x801'0ffc       0xc  user_at_serial.o [1]
  .rodata            const     0x801'1008       0xc  user_at_serial.o [1]
  .rodata            const     0x801'1014       0xc  user_at_serial.o [1]
  .rodata            const     0x801'1020       0xc  user_rtc.o [1]
  .rodata            const     0x801'102c       0xc  user_rtc.o [1]
  .text              ro code   0x801'1038       0xc  cstartup_M.o [4]
  .rodata            const     0x801'1044       0x8  lcd_display.o [1]
  .rodata            const     0x801'104c       0x8  lcd_display.o [1]
  .rodata            const     0x801'1054       0x8  lcd_display.o [1]
  .rodata            const     0x801'105c       0x8  lcd_display.o [1]
  .rodata            const     0x801'1064       0x8  lcd_display.o [1]
  .rodata            const     0x801'106c       0x8  lcd_display.o [1]
  .rodata            const     0x801'1074       0x8  lcd_display.o [1]
  .rodata            const     0x801'107c       0x8  lcd_display.o [1]
  .rodata            const     0x801'1084       0x8  lcd_display.o [1]
  .rodata            const     0x801'108c       0x8  lcd_display.o [1]
  .rodata            const     0x801'1094       0x8  lcd_display.o [1]
  .rodata            const     0x801'109c       0x8  lcd_display.o [1]
  .rodata            const     0x801'10a4       0x8  lcd_display.o [1]
  .rodata            const     0x801'10ac       0x8  lcd_display.o [1]
  .rodata            const     0x801'10b4       0x8  system_stm32l4xx.o [1]
  .rodata            const     0x801'10bc       0x8  user_app_modbus_rtu.o [1]
  .rodata            const     0x801'10c4       0x8  user_app_modbus_rtu.o [1]
  .rodata            const     0x801'10cc       0x8  user_app_sensor.o [1]
  .rodata            const     0x801'10d4       0x8  user_app_sensor.o [1]
  .rodata            const     0x801'10dc       0x8  user_app_sensor.o [1]
  .rodata            const     0x801'10e4       0x8  user_app_sensor.o [1]
  .rodata            const     0x801'10ec       0x8  user_at_serial.o [1]
  .rodata            const     0x801'10f4       0x8  user_at_serial.o [1]
  .rodata            const     0x801'10fc       0x8  user_at_serial.o [1]
  .rodata            const     0x801'1104       0x8  user_at_serial.o [1]
  .rodata            const     0x801'110c       0x8  user_at_serial.o [1]
  .rodata            const     0x801'1114       0x8  user_tiny_vsnprintf.o [1]
  .rodata            const     0x801'111c       0x8  user_util.o [1]
  .rodata            const     0x801'1124       0x8  xprintffull_nomb.o [2]
  .rodata            const     0x801'112c       0x4  lcd_display.o [1]
  .rodata            const     0x801'1130       0x4  lcd_display.o [1]
  .rodata            const     0x801'1134       0x4  lcd_display.o [1]
  .rodata            const     0x801'1138       0x4  lcd_display.o [1]
  .rodata            const     0x801'113c       0x4  lcd_display.o [1]
  .text              ro code   0x801'1140       0x4  startup_stm32l433xx.o [1]
  .text              ro code   0x801'1144       0x4  startup_stm32l433xx.o [1]
  .text              ro code   0x801'1148       0x4  startup_stm32l433xx.o [1]
  .text              ro code   0x801'114c       0x4  startup_stm32l433xx.o [1]
  .text              ro code   0x801'1150       0x4  startup_stm32l433xx.o [1]
  .text              ro code   0x801'1154       0x4  startup_stm32l433xx.o [1]
  .text              ro code   0x801'1158       0x4  startup_stm32l433xx.o [1]
  .text              ro code   0x801'115c       0x4  startup_stm32l433xx.o [1]
  .text              ro code   0x801'1160       0x4  startup_stm32l433xx.o [1]
  .text              ro code   0x801'1164       0x4  startup_stm32l433xx.o [1]
  .text              ro code   0x801'1168       0x4  startup_stm32l433xx.o [1]
  .text              ro code   0x801'116c       0x4  startup_stm32l433xx.o [1]
  .text              ro code   0x801'1170       0x4  startup_stm32l433xx.o [1]
  .text              ro code   0x801'1174       0x4  startup_stm32l433xx.o [1]
  .text              ro code   0x801'1178       0x4  startup_stm32l433xx.o [1]
  .text              ro code   0x801'117c       0x4  startup_stm32l433xx.o [1]
  .text              ro code   0x801'1180       0x4  startup_stm32l433xx.o [1]
  .text              ro code   0x801'1184       0x4  startup_stm32l433xx.o [1]
  .text              ro code   0x801'1188       0x4  startup_stm32l433xx.o [1]
  .text              ro code   0x801'118c       0x4  startup_stm32l433xx.o [1]
  .text              ro code   0x801'1190       0x4  startup_stm32l433xx.o [1]
  .text              ro code   0x801'1194       0x4  startup_stm32l433xx.o [1]
  .text              ro code   0x801'1198       0x4  startup_stm32l433xx.o [1]
  .text              ro code   0x801'119c       0x4  startup_stm32l433xx.o [1]
  .text              ro code   0x801'11a0       0x4  startup_stm32l433xx.o [1]
  .text              ro code   0x801'11a4       0x4  startup_stm32l433xx.o [1]
  .text              ro code   0x801'11a8       0x4  startup_stm32l433xx.o [1]
  .text              ro code   0x801'11ac       0x4  startup_stm32l433xx.o [1]
  .text              ro code   0x801'11b0       0x4  startup_stm32l433xx.o [1]
  .text              ro code   0x801'11b4       0x4  startup_stm32l433xx.o [1]
  .text              ro code   0x801'11b8       0x4  startup_stm32l433xx.o [1]
  .text              ro code   0x801'11bc       0x4  startup_stm32l433xx.o [1]
  .text              ro code   0x801'11c0       0x4  startup_stm32l433xx.o [1]
  .text              ro code   0x801'11c4       0x4  startup_stm32l433xx.o [1]
  .text              ro code   0x801'11c8       0x4  startup_stm32l433xx.o [1]
  .text              ro code   0x801'11cc       0x4  startup_stm32l433xx.o [1]
  .text              ro code   0x801'11d0       0x4  startup_stm32l433xx.o [1]
  .text              ro code   0x801'11d4       0x4  startup_stm32l433xx.o [1]
  .text              ro code   0x801'11d8       0x4  startup_stm32l433xx.o [1]
  .text              ro code   0x801'11dc       0x4  startup_stm32l433xx.o [1]
  .text              ro code   0x801'11e0       0x4  startup_stm32l433xx.o [1]
  .text              ro code   0x801'11e4       0x4  startup_stm32l433xx.o [1]
  .text              ro code   0x801'11e8       0x4  startup_stm32l433xx.o [1]
  .text              ro code   0x801'11ec       0x4  startup_stm32l433xx.o [1]
  .text              ro code   0x801'11f0       0x4  startup_stm32l433xx.o [1]
  .text              ro code   0x801'11f4       0x4  startup_stm32l433xx.o [1]
  .text              ro code   0x801'11f8       0x4  startup_stm32l433xx.o [1]
  .text              ro code   0x801'11fc       0x4  startup_stm32l433xx.o [1]
  .text              ro code   0x801'1200       0x4  startup_stm32l433xx.o [1]
  .text              ro code   0x801'1204       0x4  startup_stm32l433xx.o [1]
  .text              ro code   0x801'1208       0x4  startup_stm32l433xx.o [1]
  .text              ro code   0x801'120c       0x4  startup_stm32l433xx.o [1]
  .text              ro code   0x801'1210       0x4  startup_stm32l433xx.o [1]
  .text              ro code   0x801'1214       0x4  startup_stm32l433xx.o [1]
  .text              ro code   0x801'1218       0x4  startup_stm32l433xx.o [1]
  .text              ro code   0x801'121c       0x4  startup_stm32l433xx.o [1]
  .text              ro code   0x801'1220       0x4  startup_stm32l433xx.o [1]
  .text              ro code   0x801'1224       0x4  startup_stm32l433xx.o [1]
  .text              ro code   0x801'1228       0x4  startup_stm32l433xx.o [1]
  .rodata            const     0x801'122c       0x0  zero_init3.o [4]
  .rodata            const     0x801'122c       0x0  lz77_init_single.o [4]
  Initializer bytes  const     0x801'122c     0x5c6  <for P2-1>
                             - 0x801'17f2  0x1'1666

"P2", part 1 of 3:                            0xdf5
  P2-1                        0x2000'0000     0xdf5  <Init block>
    .data            inited   0x2000'0000       0xc  button.o [1]
    .data            inited   0x2000'000c      0x70  lcd_display.o [1]
    .data            inited   0x2000'007c      0x80  lcd_display.o [1]
    .data            inited   0x2000'00fc       0x8  lcd_display.o [1]
    .data            inited   0x2000'0104       0x4  lcd_display.o [1]
    .data            inited   0x2000'0108      0x10  lcd_display.o [1]
    .data            inited   0x2000'0118      0x10  lcd_display.o [1]
    .data            inited   0x2000'0128      0x10  lcd_display.o [1]
    .data            inited   0x2000'0138      0x10  lcd_display.o [1]
    .data            inited   0x2000'0148      0x10  lcd_display.o [1]
    .data            inited   0x2000'0158       0x8  lcd_display.o [1]
    .data            inited   0x2000'0160     0x5d0  lcd_display.o [1]
    .data            inited   0x2000'0730       0x4  stm32l4xx_hal.o [1]
    .data            inited   0x2000'0734      0x20  stm32l4xx_hal_flash.o [1]
    .data            inited   0x2000'0754       0x4  system_stm32l4xx.o [1]
    .data            inited   0x2000'0758      0x70  user_app_comm.o [1]
    .data            inited   0x2000'07c8       0x8  user_app_comm.o [1]
    .data            inited   0x2000'07d0       0x8  user_app_comm.o [1]
    .data            inited   0x2000'07d8      0xa0  user_app_modbus_rtu.o [1]
    .data            inited   0x2000'0878      0x2c  user_app_modbus_rtu.o [1]
    .data            inited   0x2000'08a4       0x8  user_app_modbus_rtu.o [1]
    .data            inited   0x2000'08ac      0x40  user_app_rs485.o [1]
    .data            inited   0x2000'08ec      0x80  user_app_sensor.o [1]
    .data            inited   0x2000'096c       0x8  user_app_sensor.o [1]
    .data            inited   0x2000'0974       0x4  user_app_sensor.o [1]
    .data            inited   0x2000'0978       0x8  user_at_serial.o [1]
    .data            inited   0x2000'0980     0x420  user_at_serial.o [1]
    .data            inited   0x2000'0da0       0x8  user_connect_sensor.o [1]
    .data            inited   0x2000'0da8       0x8  user_rs485.o [1]
    .data            inited   0x2000'0db0       0x4  user_tiny_vsnprintf.o [1]
    .data            inited   0x2000'0db4       0x4  user_tiny_vsnprintf.o [1]
    .data            inited   0x2000'0db8      0x38  xlocale_c.o [2]
    .data            inited   0x2000'0df0       0x2  user_app_modbus_rtu.o [1]
    .data            inited   0x2000'0df2       0x1  lcd_display.o [1]
    .data            inited   0x2000'0df3       0x1  stm32l4xx_hal.o [1]
    .data            inited   0x2000'0df4       0x1  user_util.o [1]
                            - 0x2000'0df5     0xdf5

"P2", part 2 of 3:                           0x1e40
  .bss               zero     0x2000'0df8     0x4b0  user_app_comm.o [1]
  .bss               zero     0x2000'12a8     0x400  glcd.o [1]
  .bss               zero     0x2000'16a8     0x400  user_adv_trace.o [1]
  .bss               zero     0x2000'1aa8     0x2e8  lcd_display.o [1]
  .bss               zero     0x2000'1d90     0x200  user_adv_trace.o [1]
  .bss               zero     0x2000'1f90     0x200  user_connect_sensor.o [1]
  .bss               zero     0x2000'2190     0x200  user_rs485.o [1]
  .bss               zero     0x2000'2390      0xbc  lcd_display.o [1]
  .bss               zero     0x2000'244c      0x88  usart.o [1]
  .bss               zero     0x2000'24d4      0x88  usart.o [1]
  .bss               zero     0x2000'255c      0x88  usart.o [1]
  .bss               zero     0x2000'25e4      0x80  user_app_modbus_rtu.o [1]
  .bss               zero     0x2000'2664      0x80  user_app_modbus_rtu.o [1]
  .bss               zero     0x2000'26e4      0x80  user_app_modbus_rtu.o [1]
  .bss               zero     0x2000'2764      0x80  user_at_serial.o [1]
  .bss               zero     0x2000'27e4      0x80  user_at_serial.o [1]
  .bss               zero     0x2000'2864      0x64  spi.o [1]
  .bss               zero     0x2000'28c8      0x64  user_app_comm.o [1]
  .bss               zero     0x2000'292c      0x48  usart.o [1]
  .bss               zero     0x2000'2974      0x48  usart.o [1]
  .bss               zero     0x2000'29bc      0x48  usart.o [1]
  .bss               zero     0x2000'2a04      0x44  user_app_sensor.o [1]
  .bss               zero     0x2000'2a48      0x30  user_app_sensor.o [1]
  .bss               zero     0x2000'2a78      0x2c  user_rtc.o [1]
  .bss               zero     0x2000'2aa4      0x28  user_app_sensor.o [1]
  .bss               zero     0x2000'2acc      0x28  user_app_sensor.o [1]
  .bss               zero     0x2000'2af4      0x24  rtc.o [1]
  .bss               zero     0x2000'2b18      0x1c  user_rtc.o [1]
  .bss               zero     0x2000'2b34      0x18  button.o [1]
  .bss               zero     0x2000'2b4c      0x18  user_adv_trace.o [1]
  .bss               zero     0x2000'2b64      0x18  user_app_comm.o [1]
  .bss               zero     0x2000'2b7c      0x10  lcd_display.o [1]
  .bss               zero     0x2000'2b8c      0x10  user_app_sensor.o [1]
  .bss               zero     0x2000'2b9c       0xc  text.o [1]
  .bss               zero     0x2000'2ba8       0xc  user_app_sensor.o [1]
  .bss               zero     0x2000'2bb4       0xc  user_app_sensor.o [1]
  .bss               zero     0x2000'2bc0       0xc  user_util.o [1]
  .bss               zero     0x2000'2bcc       0x4  button.o [1]
  .bss               zero     0x2000'2bd0       0x4  button.o [1]
  .bss               zero     0x2000'2bd4       0x4  button.o [1]
  .bss               zero     0x2000'2bd8       0x4  glcd.o [1]
  .bss               zero     0x2000'2bdc       0x4  glcd.o [1]
  .bss               zero     0x2000'2be0       0x4  glcd.o [1]
  .bss               zero     0x2000'2be4       0x4  lcd_display.o [1]
  .bss               zero     0x2000'2be8       0x4  stm32l4xx_hal.o [1]
  .bss               zero     0x2000'2bec       0x4  stm32l4xx_it.o [1]
  .bss               zero     0x2000'2bf0       0x4  user_app_comm.o [1]
  .bss               zero     0x2000'2bf4       0x4  user_app_sensor.o [1]
  .bss               zero     0x2000'2bf8       0x4  user_app_sensor.o [1]
  .bss               zero     0x2000'2bfc       0x4  user_app_sensor.o [1]
  .bss               zero     0x2000'2c00       0x4  user_rtc.o [1]
  .bss               zero     0x2000'2c04       0x4  user_timer.o [1]
  .bss               zero     0x2000'2c08       0x4  user_util.o [1]
  .bss               zero     0x2000'2c0c       0x4  user_util.o [1]
  .bss               zero     0x2000'2c10       0x4  user_util.o [1]
  .bss               zero     0x2000'2c14       0x4  xfail_s.o [2]
  .bss               zero     0x2000'2c18       0x2  button.o [1]
  .bss               zero     0x2000'2c1a       0x2  lcd_display.o [1]
  .bss               zero     0x2000'2c1c       0x2  user_app_comm.o [1]
  .bss               zero     0x2000'2c1e       0x2  user_app_comm.o [1]
  .bss               zero     0x2000'2c20       0x2  user_app_sensor.o [1]
  .bss               zero     0x2000'2c22       0x2  user_app_sensor.o [1]
  .bss               zero     0x2000'2c24       0x2  user_uart.o [1]
  .bss               zero     0x2000'2c26       0x1  button.o [1]
  .bss               zero     0x2000'2c27       0x1  lcd_display.o [1]
  .bss               zero     0x2000'2c28       0x1  lcd_display.o [1]
  .bss               zero     0x2000'2c29       0x1  lcd_display.o [1]
  .bss               zero     0x2000'2c2a       0x1  stm32l4xx_it.o [1]
  .bss               zero     0x2000'2c2b       0x1  user_app_comm.o [1]
  .bss               zero     0x2000'2c2c       0x1  user_app_comm.o [1]
  .bss               zero     0x2000'2c2d       0x1  user_app_rs485.o [1]
  .bss               zero     0x2000'2c2e       0x1  user_app_sensor.o [1]
  .bss               zero     0x2000'2c2f       0x1  user_app_sensor.o [1]
  .bss               zero     0x2000'2c30       0x1  user_app_sensor.o [1]
  .bss               zero     0x2000'2c31       0x1  user_at_serial.o [1]
  .bss               zero     0x2000'2c32       0x1  user_connect_sensor.o [1]
  .bss               zero     0x2000'2c33       0x1  user_connect_sensor.o [1]
  .bss               zero     0x2000'2c34       0x1  user_rs485.o [1]
  .bss               zero     0x2000'2c35       0x1  user_rs485.o [1]
  .bss               zero     0x2000'2c36       0x1  user_rtc.o [1]
  .bss               zero     0x2000'2c37       0x1  user_uart.o [1]
                            - 0x2000'2c38    0x1e40

"P2", part 3 of 3:                            0x400
  CSTACK                      0x2000'2c38     0x400  <Block>
    CSTACK           uninit   0x2000'2c38     0x400  <Block tail>
                            - 0x2000'3038     0x400

Unused ranges:

         From           To      Size
         ----           --      ----
   0x801'17f2   0x803'ffff  0x2'e80e
  0x2000'0df5  0x2000'0df7       0x3
  0x2000'3038  0x2000'ffff    0xcfc8


*******************************************************************************
*** INIT TABLE
***

          Address      Size
          -------      ----
Zero (__iar_zero_init3)
    1 destination range, total size 0x1e40:
          0x2000'0df8  0x1e40

Copy/lz77 (__iar_lz77_init_single3)
    1 source range, total size 0x5c6 (41% of destination):
           0x801'122c   0x5c6
    1 destination range, total size 0xdf5:
          0x2000'0000   0xdf5



*******************************************************************************
*** MODULE SUMMARY
***

    Module                    ro code  ro data  rw data
    ------                    -------  -------  -------
command line/config:
    ---------------------------------------------------
    Total:

D:\Saoviet_Git\Saoviet_Envirotrack_M_TNMT\Project_Slave_Winmore_NH4\Project_Slave_Sensor_EnviroTrack\EWARM\Project_Slave_Sensor_EnviroTrack\Obj: [1]
    ST7565R.o                     348
    STM32L4.o                     176
    button.o                    9'504        4       51
    dma.o                          96
    event_driven.o                 84
    glcd.o                        272             1'036
    gpio.o                        464
    graphics.o                    512
    lcd_display.o               3'772    2'486    2'786
    main.o                        194
    onchipflash.o                 370
    rtc.o                         336                36
    spi.o                         200               100
    startup_stm32l433xx.o         648
    stm32l4xx_hal.o               208        1        9
    stm32l4xx_hal_cortex.o        404
    stm32l4xx_hal_dma.o         1'058
    stm32l4xx_hal_flash.o         440       14       32
    stm32l4xx_hal_flash_ex.o      160
    stm32l4xx_hal_gpio.o          896
    stm32l4xx_hal_msp.o            56
    stm32l4xx_hal_pwr_ex.o        148
    stm32l4xx_hal_rcc.o         2'556
    stm32l4xx_hal_rcc_ex.o      1'256
    stm32l4xx_hal_rtc.o         1'934
    stm32l4xx_hal_rtc_ex.o         74
    stm32l4xx_hal_spi.o         1'322
    stm32l4xx_hal_uart.o        4'044
    stm32l4xx_hal_uart_ex.o       114
    stm32l4xx_it.o                212                 5
    system_stm32l4xx.o             16       73        4
    text.o                        912                12
    text_tiny.o                   656
    unit_tests.o                   20    1'024
    usart.o                       924               624
    user_adv_trace.o              570             1'560
    user_app_comm.o             1'200      137    1'462
    user_app_modbus_rtu.o       2'356      105      598
    user_app_rs485.o              384       26       65
    user_app_sensor.o           8'056      666      395
    user_at_serial.o              476    1'380    1'321
    user_connect_sensor.o         116        4      522
    user_convert_variable.o     1'036
    user_modbus_rtu.o             848
    user_rs485.o                  112        3      522
    user_rtc.o                    936      100       77
    user_string.o                 486
    user_time.o                    88
    user_timer.o                  784                 4
    user_tiny_vsnprintf.o         848       91        8
    user_uart.o                   296       28        3
    user_util.o                   540        9       25
    ---------------------------------------------------
    Total:                     53'518    6'151   11'257

dl7M_tlf.a: [2]
    abort.o                         6
    abs.o                           8
    exit.o                          4
    low_level_init.o                4
    sprintf.o                      64
    xfail_s.o                      64                 4
    xlocale_c.o                     8       26       56
    xprintffull_nomb.o          4'038        8
    xsprout.o                      10
    ---------------------------------------------------
    Total:                      4'206       34       60

m7M_tls.a: [3]
    DblAdd.o                      378
    DblCmpEq.o                     32
    DblCmpGe.o                     46
    DblCmpLe.o                     46
    DblDiv.o                      582
    DblMul.o                      418
    DblSub.o                      226
    DblToFlt.o                    104
    DblToS32.o                     58
    DblToU32.o                     40
    FltToDbl.o                     72
    S32ToDbl.o                     34
    U32ToDbl.o                     26
    fpinit_M.o                     34
    frexp.o                       112
    iar_Exp64.o                 1'000
    ldexp.o                       314
    math_wrappers64.o              22
    pow64.o                     1'772    1'056
    ---------------------------------------------------
    Total:                      5'316    1'056

rt7M_tl.a: [4]
    ABImemcpy.o                   166
    ABImemset.o                   102
    I64DivMod.o                   560
    I64DivZer.o                     2
    cexit.o                        10
    cmain.o                        30
    cstartup_M.o                   12
    data_init.o                    40
    lz77_init_single.o            120
    memchr.o                       88
    memset.o                       20
    strchr.o                       22
    strlen.o                       54
    zero_init3.o                   58
    ---------------------------------------------------
    Total:                      1'284

shb_l.a: [5]
    exit.o                         20
    ---------------------------------------------------
    Total:                         20

    Gaps                           41        8
    Linker created                          32    1'024
-------------------------------------------------------
    Grand Total:               64'385    7'281   12'341


*******************************************************************************
*** ENTRY LIST
***

Entry                       Address    Size  Type      Object
-----                       -------    ----  ----      ------
.iar.init_table$$Base    0x801'08dc           --   Gb  - Linker created -
.iar.init_table$$Limit   0x801'08fc           --   Gb  - Linker created -
?main                    0x801'091d          Code  Gb  cmain.o [4]
ADV_TRACE_Buffer        0x2000'16a8   0x400  Data  Lc  user_adv_trace.o [1]
ADV_TRACE_Ctx           0x2000'2b4c    0x18  Data  Lc  user_adv_trace.o [1]
AHBPrescTable            0x801'0aec    0x10  Data  Gb  system_stm32l4xx.o [1]
APBPrescTable            0x801'10b4     0x8  Data  Gb  system_stm32l4xx.o [1]
AT_CMD_Get_BR_Slave      0x800'54cd    0x5a  Code  Gb  user_app_sensor.o [1]
AT_CMD_Get_Calib_Nh4     0x800'5621   0x23c  Code  Gb  user_app_sensor.o [1]
AT_CMD_Get_ID_Slave      0x800'53a1    0x5a  Code  Gb  user_app_sensor.o [1]
AT_CMD_Reset_Slave       0x800'52e9    0x4a  Code  Gb  user_app_sensor.o [1]
AT_CMD_Restore_Slave     0x800'5341    0x60  Code  Gb  user_app_sensor.o [1]
AT_CMD_Set_BR_Slave      0x800'5527    0xa0  Code  Gb  user_app_sensor.o [1]
AT_CMD_Set_ID_Slave      0x800'5425    0xa2  Code  Gb  user_app_sensor.o [1]
AppComm_DBG_Init_RX_Mode
                         0x800'daed    0x1e  Code  Gb  user_app_comm.o [1]
AppComm_DBG_Init_Uart    0x800'dae5     0x8  Code  Gb  user_app_comm.o [1]
AppComm_DBG_Rx_Callback
                         0x800'db13   0x176  Code  Gb  user_app_comm.o [1]
AppComm_DBG_Stop_RX_Mode
                         0x800'db11     0x2  Code  Gb  user_app_comm.o [1]
AppComm_Get_Reset_Source
                         0x800'daad    0x38  Code  Gb  user_app_comm.o [1]
AppComm_IRQ_Timer_CallBack
                         0x800'da6d     0xc  Code  Gb  user_app_comm.o [1]
AppComm_Init             0x800'd9ad    0x20  Code  Gb  user_app_comm.o [1]
AppComm_Set_Next_TxTimer
                         0x800'da93     0x2  Code  Gb  user_app_comm.o [1]
AppComm_Task             0x800'd9cd    0x9e  Code  Gb  user_app_comm.o [1]
AppComm_Uart_Debug_Send
                         0x800'da95    0x18  Code  Lc  user_app_comm.o [1]
AppRs485_Task            0x800'eea9    0x84  Code  Gb  user_app_rs485.o [1]
AppSensor_Task           0x800'58ad    0x84  Code  Gb  user_app_sensor.o [1]
BUTTON_Down_Process      0x800'19a1   0x488  Code  Gb  button.o [1]
BUTTON_ESC_Process       0x800'1e39   0x830  Code  Gb  button.o [1]
BUTTON_Enter_Process     0x800'02ed  0x1232  Code  Gb  button.o [1]
BUTTON_Process           0x800'018d    0x32  Code  Gb  button.o [1]
BUTTON_Up_Process        0x800'1531   0x456  Code  Gb  button.o [1]
BUTTON_scan              0x800'01bf   0x116  Code  Gb  button.o [1]
BUTTON_scan::block_time
                        0x2000'2c18     0x2  Data  Lc  button.o [1]
BUTTON_scan::hold       0x2000'2bcc     0x4  Data  Lc  button.o [1]
BUTTON_scan::last_value
                        0x2000'2c26     0x1  Data  Lc  button.o [1]
BusFault_Handler         0x801'061f     0x2  Code  Gb  stm32l4xx_it.o [1]
Button_B_Const_f        0x2000'2bd4     0x4  Data  Gb  button.o [1]
Button_K_Const_f        0x2000'2bd0     0x4  Data  Gb  button.o [1]
CSTACK$$Base            0x2000'2c38           --   Gb  - Linker created -
CSTACK$$Limit           0x2000'3038           --   Gb  - Linker created -
Cal_Calib_NH4            0x800'4609    0x38  Code  Gb  user_app_sensor.o [1]
Cal_Time                 0x800'2a4b    0x12  Code  Gb  user_util.o [1]
Calculator_Scale         0x800'63b1    0x54  Code  Gb  user_convert_variable.o [1]
CheckList_AT_CONFIG     0x2000'0980   0x420  Data  Gb  user_at_serial.o [1]
Check_Time_Out           0x800'2a2d    0x1e  Code  Gb  user_util.o [1]
Convert_Point_Int_To_String
                         0x800'6405    0xce  Code  Gb  user_convert_variable.o [1]
Convert_Point_Int_To_String_Scale
                         0x800'64d3    0xea  Code  Gb  user_convert_variable.o [1]
Convert_Scale            0x800'2b9d    0x5c  Code  Gb  user_util.o [1]
Convert_String_To_Dec    0x800'672d    0x5c  Code  Gb  user_convert_variable.o [1]
Convert_uint32Hex_To_Float
                         0x800'65e9   0x144  Code  Gb  user_convert_variable.o [1]
CountBufferHandleRecvSS
                        0x2000'2c20     0x2  Data  Gb  user_app_sensor.o [1]
DMA1_Channel3_IRQHandler
                         0x801'0679     0xa  Code  Gb  stm32l4xx_it.o [1]
DMA1_Channel5_IRQHandler
                         0x801'0683     0xa  Code  Gb  stm32l4xx_it.o [1]
DMA2_Channel7_IRQHandler
                         0x801'06ab     0xa  Code  Gb  stm32l4xx_it.o [1]
DMA_SetConfig            0x800'bc69    0x32  Code  Lc  stm32l4xx_hal_dma.o [1]
DaysInMonth              0x801'1020     0xc  Data  Lc  user_rtc.o [1]
DaysInMonthLeapYear      0x801'102c     0xc  Data  Lc  user_rtc.o [1]
DebugMon_Handler         0x801'0625     0x2  Code  Gb  stm32l4xx_it.o [1]
Display_Check_Password   0x800'39a7    0x2e  Code  Gb  lcd_display.o [1]
Display_Check_Toggle     0x800'3815    0xac  Code  Gb  lcd_display.o [1]
Display_Check_Toggle::Hide
                        0x2000'2390    0xbc  Data  Lc  lcd_display.o [1]
Display_Check_Toggle::LandMarkToggle_u32
                        0x2000'1aa8   0x2e8  Data  Lc  lcd_display.o [1]
Display_Init             0x800'2c49   0x1ac  Code  Gb  lcd_display.o [1]
Display_Set_Screen       0x800'3971    0x36  Code  Gb  lcd_display.o [1]
Display_Set_Screen_Flag
                         0x800'3925    0x46  Code  Gb  lcd_display.o [1]
Display_Show_Oject       0x800'3475   0x3a0  Code  Gb  lcd_display.o [1]
Display_Show_Screen      0x800'38c5    0x52  Code  Gb  lcd_display.o [1]
Display_Show_State_Sensor_Network
                         0x800'39e9    0x34  Code  Gb  lcd_display.o [1]
Display_Show_State_Setting
                         0x800'3a21    0x5c  Code  Gb  lcd_display.o [1]
Display_Show_Static_Param
                         0x800'39d5    0x14  Code  Gb  lcd_display.o [1]
Display_Task             0x800'2df5    0x7e  Code  Gb  lcd_display.o [1]
Error_Handler            0x800'b379     0x4  Code  Gb  main.o [1]
FLASH_FlushCaches        0x800'cbaf    0x6a  Code  Gb  stm32l4xx_hal_flash_ex.o [1]
FLASH_PageErase          0x800'cb85    0x2a  Code  Gb  stm32l4xx_hal_flash_ex.o [1]
FLASH_Program_DoubleWord
                         0x800'cb13    0x1a  Code  Lc  stm32l4xx_hal_flash.o [1]
FLASH_Program_Fast       0x800'cb2d    0x32  Code  Lc  stm32l4xx_hal_flash.o [1]
FLASH_WaitForLastOperation
                         0x800'caad    0x66  Code  Gb  stm32l4xx_hal_flash.o [1]
Filter_Temp              0x800'4479     0x2  Code  Gb  user_app_sensor.o [1]
Filter_pH                0x800'43b9    0xc0  Code  Gb  user_app_sensor.o [1]
Filter_pH::P            0x2000'0974     0x4  Data  Lc  user_app_sensor.o [1]
Filter_pH::x_est        0x2000'2bf8     0x4  Data  Lc  user_app_sensor.o [1]
Filter_pH::x_est_last   0x2000'2bfc     0x4  Data  Lc  user_app_sensor.o [1]
Find_String_V2           0x800'f65f   0x130  Code  Gb  user_string.o [1]
Find_str_fix             0x800'f7b1    0x94  Code  Gb  user_string.o [1]
Flag_gettick            0x2000'2c2a     0x1  Data  Gb  stm32l4xx_it.o [1]
Font5x7                  0x801'02d8   0x214  Data  Lc  lcd_display.o [1]
Get_RTC                  0x800'ed79    0x4e  Code  Gb  user_time.o [1]
HAL_DMA_Abort            0x800'bac5    0x54  Code  Gb  stm32l4xx_hal_dma.o [1]
HAL_DMA_Abort_IT         0x800'bb19    0x5e  Code  Gb  stm32l4xx_hal_dma.o [1]
HAL_DMA_DeInit           0x800'b959    0xb8  Code  Gb  stm32l4xx_hal_dma.o [1]
HAL_DMA_IRQHandler       0x800'bb77    0xf2  Code  Gb  stm32l4xx_hal_dma.o [1]
HAL_DMA_Init             0x800'b879    0xe0  Code  Gb  stm32l4xx_hal_dma.o [1]
HAL_DMA_Start_IT         0x800'ba2d    0x98  Code  Gb  stm32l4xx_hal_dma.o [1]
HAL_Delay                0x800'7f3d    0x28  Code  Wk  stm32l4xx_hal.o [1]
HAL_FLASH_Lock           0x800'ca9f     0xe  Code  Gb  stm32l4xx_hal_flash.o [1]
HAL_FLASH_Program        0x800'c9cd    0xb0  Code  Gb  stm32l4xx_hal_flash.o [1]
HAL_FLASH_Unlock         0x800'ca7d    0x22  Code  Gb  stm32l4xx_hal_flash.o [1]
HAL_GPIO_DeInit          0x800'286f   0x166  Code  Gb  stm32l4xx_hal_gpio.o [1]
HAL_GPIO_Init            0x800'26ad   0x1c2  Code  Gb  stm32l4xx_hal_gpio.o [1]
HAL_GPIO_ReadPin         0x800'29d5    0x16  Code  Gb  stm32l4xx_hal_gpio.o [1]
HAL_GPIO_WritePin        0x800'29eb    0x18  Code  Gb  stm32l4xx_hal_gpio.o [1]
HAL_GetTick              0x800'6c75     0xc  Code  Wk  stm32l4xx_hal.o [1]
HAL_IncTick              0x801'06ed    0x18  Code  Wk  stm32l4xx_hal.o [1]
HAL_Init                 0x800'd4c9    0x24  Code  Gb  stm32l4xx_hal.o [1]
HAL_InitTick             0x800'e05d    0x60  Code  Wk  stm32l4xx_hal.o [1]
HAL_MspInit              0x800'e0c5    0x38  Code  Gb  stm32l4xx_hal_msp.o [1]
HAL_NVIC_DisableIRQ      0x800'bdf3     0xe  Code  Gb  stm32l4xx_hal_cortex.o [1]
HAL_NVIC_EnableIRQ       0x800'bde5     0xe  Code  Gb  stm32l4xx_hal_cortex.o [1]
HAL_NVIC_SetPriority     0x800'bdbb    0x2a  Code  Gb  stm32l4xx_hal_cortex.o [1]
HAL_NVIC_SetPriorityGrouping
                         0x800'bdaf     0xc  Code  Gb  stm32l4xx_hal_cortex.o [1]
HAL_PWREx_ControlVoltageScaling
                         0x800'dd29    0x76  Code  Gb  stm32l4xx_hal_pwr_ex.o [1]
HAL_PWREx_GetVoltageRange
                         0x800'dd1d     0xc  Code  Gb  stm32l4xx_hal_pwr_ex.o [1]
HAL_RCCEx_PeriphCLKConfig
                         0x800'b391   0x34c  Code  Gb  stm32l4xx_hal_rcc_ex.o [1]
HAL_RCC_ClockConfig      0x800'c655   0x17a  Code  Gb  stm32l4xx_hal_rcc.o [1]
HAL_RCC_GetHCLKFreq      0x800'c8a3     0x6  Code  Gb  stm32l4xx_hal_rcc.o [1]
HAL_RCC_GetPCLK1Freq     0x800'c8a9    0x1a  Code  Gb  stm32l4xx_hal_rcc.o [1]
HAL_RCC_GetPCLK2Freq     0x800'c8c3    0x1a  Code  Gb  stm32l4xx_hal_rcc.o [1]
HAL_RCC_GetResetSource   0x800'c8ed    0x12  Code  Gb  stm32l4xx_hal_rcc.o [1]
HAL_RCC_GetSysClockFreq
                         0x800'c7cf    0xd4  Code  Gb  stm32l4xx_hal_rcc.o [1]
HAL_RCC_OscConfig        0x800'bfcd   0x688  Code  Gb  stm32l4xx_hal_rcc.o [1]
HAL_RTCEx_AlarmBEventCallback
                         0x800'f65d     0x2  Code  Wk  stm32l4xx_hal_rtc_ex.o [1]
HAL_RTCEx_EnableBypassShadow
                         0x800'f845    0x48  Code  Gb  stm32l4xx_hal_rtc_ex.o [1]
HAL_RTC_AlarmAEventCallback
                         0x800'f3c5     0xc  Code  Gb  user_rtc.o [1]
HAL_RTC_AlarmIRQHandler
                         0x800'e701    0x60  Code  Gb  stm32l4xx_hal_rtc.o [1]
HAL_RTC_DeactivateAlarm
                         0x800'e627    0xda  Code  Gb  stm32l4xx_hal_rtc.o [1]
HAL_RTC_GetDate          0x800'e3ef    0x52  Code  Gb  stm32l4xx_hal_rtc.o [1]
HAL_RTC_GetTime          0x800'e2bd    0x66  Code  Gb  stm32l4xx_hal_rtc.o [1]
HAL_RTC_Init             0x800'e0fd    0xca  Code  Gb  stm32l4xx_hal_rtc.o [1]
HAL_RTC_MspInit          0x800'd811    0x50  Code  Gb  rtc.o [1]
HAL_RTC_SetAlarm_IT      0x800'e441   0x1e6  Code  Gb  stm32l4xx_hal_rtc.o [1]
HAL_RTC_SetDate          0x800'e323    0xcc  Code  Gb  stm32l4xx_hal_rtc.o [1]
HAL_RTC_SetTime          0x800'e1c7    0xf6  Code  Gb  stm32l4xx_hal_rtc.o [1]
HAL_RTC_WaitForSynchro   0x800'e761    0x2e  Code  Gb  stm32l4xx_hal_rtc.o [1]
HAL_SPI_Init             0x800'ad89    0xf8  Code  Gb  stm32l4xx_hal_spi.o [1]
HAL_SPI_MspInit          0x800'd451    0x62  Code  Gb  spi.o [1]
HAL_SPI_Transmit         0x800'ae81   0x1fe  Code  Gb  stm32l4xx_hal_spi.o [1]
HAL_SYSTICK_Config       0x800'be01     0xc  Code  Gb  stm32l4xx_hal_cortex.o [1]
HAL_UARTEx_ReceiveToIdle_DMA
                         0x800'bf59    0x70  Code  Gb  stm32l4xx_hal_uart_ex.o [1]
HAL_UARTEx_RxEventCallback
                         0x800'be67    0x3e  Code  Gb  user_uart.o [1]
HAL_UARTEx_WakeupCallback
                         0x800'bfc9     0x2  Code  Wk  stm32l4xx_hal_uart_ex.o [1]
HAL_UART_ErrorCallback   0x800'bea5    0x3e  Code  Gb  user_uart.o [1]
HAL_UART_IRQHandler      0x800'8109   0x35c  Code  Gb  stm32l4xx_hal_uart.o [1]
HAL_UART_Init            0x800'7f65    0x7a  Code  Gb  stm32l4xx_hal_uart.o [1]
HAL_UART_MspDeInit       0x800'7e01    0x80  Code  Gb  usart.o [1]
HAL_UART_MspInit         0x800'7bdd   0x224  Code  Gb  usart.o [1]
HAL_UART_Receive_IT      0x800'80ab    0x5e  Code  Gb  stm32l4xx_hal_uart.o [1]
HAL_UART_RxCpltCallback
                         0x800'be31    0x36  Code  Gb  user_uart.o [1]
HAL_UART_Transmit        0x800'7fdf    0xcc  Code  Gb  stm32l4xx_hal_uart.o [1]
Handle_Data_Measure      0x800'3de9   0x112  Code  Gb  user_app_sensor.o [1]
Handle_Data_Recv_SS_pH   0x800'4069   0x152  Code  Gb  user_app_sensor.o [1]
Handle_Data_Recv_Sensor
                         0x800'3f0d    0x20  Code  Gb  user_app_sensor.o [1]
Handle_Data_Trans_SS_pH
                         0x800'3f41   0x120  Code  Gb  user_app_sensor.o [1]
Handle_Data_Trans_Sensor
                         0x800'3efb    0x12  Code  Gb  user_app_sensor.o [1]
Handle_Float_To_hexUint32
                         0x800'6799    0x24  Code  Gb  user_convert_variable.o [1]
Handle_State_SS_pH       0x800'41bb    0x88  Code  Gb  user_app_sensor.o [1]
Handle_State_Sensor      0x800'3f2d    0x14  Code  Gb  user_app_sensor.o [1]
HardFault_Handler        0x801'061b     0x2  Code  Gb  stm32l4xx_it.o [1]
IndexUartError          0x2000'2c37     0x1  Data  Lc  user_uart.o [1]
Init_AppRs485            0x800'ee93    0x16  Code  Gb  user_app_rs485.o [1]
Init_AppSensor           0x800'585d    0x48  Code  Gb  user_app_sensor.o [1]
Init_CalibNH4            0x800'4ff1   0x2e4  Code  Gb  user_app_sensor.o [1]
Init_InforSlaveModbusRTU
                         0x800'5fd3    0x30  Code  Gb  user_app_modbus_rtu.o [1]
Init_MeasureRange        0x800'4a99   0x118  Code  Gb  user_app_sensor.o [1]
Init_ParamCalib          0x800'470d    0x96  Code  Gb  user_app_sensor.o [1]
Init_TempAlarm           0x800'4889    0xa2  Code  Gb  user_app_sensor.o [1]
Init_UartRs485           0x800'ee55    0x3e  Code  Gb  user_app_rs485.o [1]
Insert_String_To_String
                         0x800'65bd    0x2a  Code  Gb  user_convert_variable.o [1]
Kind_Trans_Calib        0x2000'2c2e     0x1  Data  Gb  user_app_sensor.o [1]
LPUART1_IRQHandler       0x801'06b5     0xa  Code  Gb  stm32l4xx_it.o [1]
Liberation_Sans15x21_Numbers
                         0x801'00b0   0x228  Data  Lc  lcd_display.o [1]
MSIRangeTable            0x801'07e4    0x30  Data  Gb  system_stm32l4xx.o [1]
MX_DMA_Init              0x800'd6bd    0x60  Code  Gb  dma.o [1]
MX_GPIO_Init             0x800'd4ed   0x1d0  Code  Gb  gpio.o [1]
MX_LPUART1_UART_Init     0x800'7b2d    0x38  Code  Gb  usart.o [1]
MX_RTC_Init              0x800'd71d    0xf4  Code  Gb  rtc.o [1]
MX_SPI2_Init             0x800'd401    0x50  Code  Gb  spi.o [1]
MX_USART1_UART_Init      0x800'7b65    0x3c  Code  Gb  usart.o [1]
MX_USART3_UART_Init      0x800'7ba1    0x3c  Code  Gb  usart.o [1]
Main_Task                0x800'd971    0x3c  Code  Gb  user_app_comm.o [1]
MemManage_Handler        0x801'061d     0x2  Code  Gb  stm32l4xx_it.o [1]
ModRTU_CRC               0x800'77dd    0x3c  Code  Gb  user_modbus_rtu.o [1]
ModRTU_Master_Read_Frame
                         0x800'7819    0x9c  Code  Gb  user_modbus_rtu.o [1]
ModRTU_Master_Write_Frame
                         0x800'78b5    0xe8  Code  Gb  user_modbus_rtu.o [1]
ModRTU_Slave_ACK_Read_Frame
                         0x800'799d    0xa2  Code  Gb  user_modbus_rtu.o [1]
ModRTU_Slave_ACK_Write_Frame
                         0x800'7a3f    0xee  Code  Gb  user_modbus_rtu.o [1]
Modem_Check_AT           0x800'eb9d   0x1dc  Code  Gb  user_at_serial.o [1]
Modem_Check_RTU          0x800'6003   0x37e  Code  Gb  user_app_modbus_rtu.o [1]
NMI_Handler              0x801'0619     0x2  Code  Gb  stm32l4xx_it.o [1]
NONE_Register_CallBack   0x800'5a7d     0x6  Code  Gb  user_app_modbus_rtu.o [1]
NVIC_EncodePriority      0x800'bd3f    0x40  Code  Lc  stm32l4xx_hal_cortex.o [1]
OldPosDMADebug          0x2000'2c1c     0x2  Data  Lc  user_app_comm.o [1]
On_Speaker               0x800'30c9    0x24  Code  Gb  lcd_display.o [1]
OnchipFlashPageErase     0x800'8fb9    0x5a  Code  Gb  onchipflash.o [1]
OnchipFlashWriteData     0x800'8f2d    0x8c  Code  Gb  onchipflash.o [1]
PendSV_Handler           0x801'0627     0x2  Code  Gb  stm32l4xx_it.o [1]
PortConfig              0x2000'2c31     0x1  Data  Gb  user_at_serial.o [1]
RC                       0x800'f78f    0x22  Code  Gb  user_string.o [1]
RCCEx_PLLSAI1_Config     0x800'b6f1   0x16e  Code  Lc  stm32l4xx_hal_rcc_ex.o [1]
RCC_SetFlashLatencyFromMSIRange
                         0x800'c905    0x8a  Code  Lc  stm32l4xx_hal_rcc.o [1]
RS485SS_Init_Data        0x800'7ec9    0x10  Code  Gb  user_connect_sensor.o [1]
RS485SS_Init_RX_Mode     0x800'7ed9    0x1e  Code  Gb  user_connect_sensor.o [1]
RS485SS_Rx_Callback      0x800'7ef9    0x34  Code  Gb  user_connect_sensor.o [1]
RS485SS_Stop_RX_Mode     0x800'7ef7     0x2  Code  Gb  user_connect_sensor.o [1]
RS485_Done_Calib         0x800'447b    0x1a  Code  Gb  user_app_sensor.o [1]
RS485_Enter_Calib        0x800'4495    0x1e  Code  Gb  user_app_sensor.o [1]
RS485_Init_RX_Mode       0x800'ddb1    0x1e  Code  Gb  user_rs485.o [1]
RS485_LogData_Calib_NH4
                         0x800'44b9    0x7e  Code  Gb  user_app_sensor.o [1]
RS485_Rx_Callback        0x800'ddd1    0x3c  Code  Gb  user_rs485.o [1]
RS485_Stop_RX_Mode       0x800'ddcf     0x2  Code  Gb  user_rs485.o [1]
RTC_AlarmStructure      0x2000'2a78    0x2c  Data  Lc  user_rtc.o [1]
RTC_Alarm_IRQHandler     0x801'06a1     0xa  Code  Gb  stm32l4xx_it.o [1]
RTC_Bcd2ToByte           0x800'e875    0x16  Code  Gb  stm32l4xx_hal_rtc.o [1]
RTC_ByteToBcd2           0x800'e859    0x1c  Code  Gb  stm32l4xx_hal_rtc.o [1]
RTC_EnterInitMode        0x800'e78f    0x4c  Code  Gb  stm32l4xx_hal_rtc.o [1]
RTC_ExitInitMode         0x800'e7db    0x58  Code  Gb  stm32l4xx_hal_rtc.o [1]
RTC_GetCalendarValue     0x800'f597    0x90  Code  Lc  user_rtc.o [1]
RTC_IF_Convert_Tick2ms   0x800'f3b5    0x10  Code  Gb  user_rtc.o [1]
RTC_IF_Convert_ms2Tick   0x800'f3a3    0x12  Code  Gb  user_rtc.o [1]
RTC_IF_GetMinimumTimeout
                         0x800'f39f     0x4  Code  Gb  user_rtc.o [1]
RTC_IF_GetTimerContext   0x800'f363     0x8  Code  Gb  user_rtc.o [1]
RTC_IF_GetTimerElapsedTime
                         0x800'f36b    0x16  Code  Gb  user_rtc.o [1]
RTC_IF_GetTimerValue     0x800'f381    0x1e  Code  Gb  user_rtc.o [1]
RTC_IF_Init              0x800'f2ed    0x30  Code  Gb  user_rtc.o [1]
RTC_IF_SetTimerContext   0x800'f34d    0x16  Code  Gb  user_rtc.o [1]
RTC_IF_StartTimer        0x800'f31d     0xe  Code  Gb  user_rtc.o [1]
RTC_IF_StopTimer         0x800'f32b    0x22  Code  Gb  user_rtc.o [1]
RTC_Initalized          0x2000'2c36     0x1  Data  Lc  user_rtc.o [1]
RTC_StartWakeUpAlarm     0x800'f3d1   0x1c6  Code  Lc  user_rtc.o [1]
ReInit_Rx_Mode_Uart_Error
                         0x800'bee3    0x5a  Code  Gb  user_uart.o [1]
Read_Register_Rs485_NH4
                         0x800'4541    0x66  Code  Gb  user_app_sensor.o [1]
Region$$Table$$Base      0x801'08dc           --   Gb  - Linker created -
Region$$Table$$Limit     0x801'08fc           --   Gb  - Linker created -
Reset_Buff               0x800'2abd    0x24  Code  Gb  user_util.o [1]
Rs485SSStatus_u8        0x2000'2c33     0x1  Data  Gb  user_connect_sensor.o [1]
Rs485Status_u8          0x2000'2c35     0x1  Data  Gb  user_rs485.o [1]
RtCountSystick_u32      0x2000'2c08     0x4  Data  Gb  user_util.o [1]
RtcTimerContext         0x2000'2b18    0x1c  Data  Lc  user_rtc.o [1]
SPI_EndRxTxTransaction   0x800'b249    0x6a  Code  Lc  stm32l4xx_hal_spi.o [1]
SPI_WaitFifoStateUntilTimeout
                         0x800'b157    0xee  Code  Lc  stm32l4xx_hal_spi.o [1]
SPI_WaitFlagStateUntilTimeout
                         0x800'b07f    0xd8  Code  Lc  stm32l4xx_hal_spi.o [1]
SVC_Handler              0x801'0623     0x2  Code  Gb  stm32l4xx_it.o [1]
Save_Array               0x800'9019    0x86  Code  Gb  onchipflash.o [1]
Save_CalibNH4            0x800'4bd1   0x40a  Code  Gb  user_app_sensor.o [1]
Save_InforSlaveModbusRTU
                         0x800'5f8f    0x44  Code  Gb  user_app_modbus_rtu.o [1]
Save_MeasureRange        0x800'492b   0x162  Code  Gb  user_app_sensor.o [1]
Save_ParamCalib          0x800'4645    0xba  Code  Gb  user_app_sensor.o [1]
Save_TempAlarm           0x800'47b5    0xce  Code  Gb  user_app_sensor.o [1]
Send_RS458_Master        0x800'5f57    0x38  Code  Gb  user_app_modbus_rtu.o [1]
Send_RS458_Sensor        0x800'45a7    0x40  Code  Gb  user_app_sensor.o [1]
SysApp_Init              0x800'd929     0xc  Code  Gb  user_app_comm.o [1]
SysApp_Setting           0x800'd935    0x3c  Code  Gb  user_app_comm.o [1]
SysTick_Config           0x800'bd7f    0x30  Code  Lc  stm32l4xx_hal_cortex.o [1]
SysTick_Handler          0x801'0629    0x50  Code  Gb  stm32l4xx_it.o [1]
SystemClock_Config       0x800'b2e7    0x92  Code  Gb  main.o [1]
SystemCoreClock         0x2000'0754     0x4  Data  Gb  system_stm32l4xx.o [1]
SystemInit               0x801'0ced     0xc  Code  Gb  system_stm32l4xx.o [1]
TRACE_AllocateBufer      0x800'df81    0xa2  Code  Lc  user_adv_trace.o [1]
TRACE_IsLocked           0x800'e037    0x10  Code  Lc  user_adv_trace.o [1]
TRACE_Lock               0x800'e023     0xa  Code  Lc  user_adv_trace.o [1]
TRACE_Send               0x800'defb    0x84  Code  Lc  user_adv_trace.o [1]
TRACE_UnLock             0x800'e02d     0xa  Code  Lc  user_adv_trace.o [1]
TimerExists              0x800'eb05    0x1a  Code  Gb  user_timer.o [1]
TimerInsertNewHeadTimer
                         0x800'eb79    0x1c  Code  Gb  user_timer.o [1]
TimerInsertTimer         0x800'eb4b    0x2e  Code  Gb  user_timer.o [1]
TimerListHead           0x2000'2c04     0x4  Data  Lc  user_timer.o [1]
TimerSetTimeout          0x800'eb1f    0x2c  Code  Gb  user_timer.o [1]
TimerTx                 0x2000'2b64    0x18  Data  Lc  user_app_comm.o [1]
TxCpltCallback          0x2000'2bf0     0x4  Data  Lc  user_app_comm.o [1]
UART_AdvFeatureConfig    0x800'8761    0xda  Code  Gb  stm32l4xx_hal_uart.o [1]
UART_CheckIdleState      0x800'883b    0xd2  Code  Gb  stm32l4xx_hal_uart.o [1]
UART_DMAAbortOnError     0x800'8ced    0x1a  Code  Lc  stm32l4xx_hal_uart.o [1]
UART_DMAError            0x800'8c9d    0x50  Code  Lc  stm32l4xx_hal_uart.o [1]
UART_DMAReceiveCplt      0x800'8bd1    0xa2  Code  Lc  stm32l4xx_hal_uart.o [1]
UART_DMARxHalfCplt       0x800'8c75    0x28  Code  Lc  stm32l4xx_hal_uart.o [1]
UART_EndRxTransfer       0x800'8b73    0x5e  Code  Lc  stm32l4xx_hal_uart.o [1]
UART_EndTransmit_IT      0x800'8d07    0x2a  Code  Lc  stm32l4xx_hal_uart.o [1]
UART_EndTxTransfer       0x800'8b57    0x1c  Code  Lc  stm32l4xx_hal_uart.o [1]
UART_RxISR_16BIT         0x800'8e25    0xee  Code  Lc  stm32l4xx_hal_uart.o [1]
UART_RxISR_8BIT          0x800'8d31    0xec  Code  Lc  stm32l4xx_hal_uart.o [1]
UART_SetConfig           0x800'8469   0x2ec  Code  Gb  stm32l4xx_hal_uart.o [1]
UART_Start_Receive_DMA   0x800'8a9b    0xbc  Code  Gb  stm32l4xx_hal_uart.o [1]
UART_Start_Receive_IT    0x800'89ab    0xf0  Code  Gb  stm32l4xx_hal_uart.o [1]
UART_WaitOnFlagUntilTimeout
                         0x800'890d    0x9e  Code  Gb  stm32l4xx_hal_uart.o [1]
USART1_IRQHandler        0x801'068d     0xa  Code  Gb  stm32l4xx_it.o [1]
USART3_IRQHandler        0x801'0697     0xa  Code  Gb  stm32l4xx_it.o [1]
UTIL_ADV_TRACE_COND_FSend
                         0x800'de21    0xda  Code  Gb  user_adv_trace.o [1]
UTIL_Log_Str             0x800'2b41    0x36  Code  Gb  user_util.o [1]
UTIL_MEM_cpy             0x800'2b7d    0x1e  Code  Gb  user_util.o [1]
UTIL_MEM_set             0x800'2ae1    0x18  Code  Gb  user_util.o [1]
UTIL_Printf              0x800'2af9    0x2c  Code  Gb  user_util.o [1]
UTIL_Printf_Str          0x800'2b25    0x1c  Code  Gb  user_util.o [1]
UTIL_TIMER_Create        0x800'e8a1    0x4c  Code  Gb  user_timer.o [1]
UTIL_TIMER_IRQ_Handler   0x800'ea53    0xb2  Code  Gb  user_timer.o [1]
UTIL_TIMER_Init          0x800'e88d    0x14  Code  Gb  user_timer.o [1]
UTIL_TIMER_SetPeriod     0x800'ea19    0x3a  Code  Gb  user_timer.o [1]
UTIL_TIMER_Start         0x800'e8ed    0x92  Code  Gb  user_timer.o [1]
UTIL_TIMER_Stop          0x800'e97f    0x9a  Code  Gb  user_timer.o [1]
UTIL_TimerDriver         0x801'0814    0x2c  Data  Gb  user_rtc.o [1]
UTIL_TraceDriver         0x801'0e28     0xc  Data  Gb  user_app_comm.o [1]
Uart485RxByte           0x2000'2c34     0x1  Data  Lc  user_rs485.o [1]
Uart485SSRxByte         0x2000'2c32     0x1  Data  Lc  user_connect_sensor.o [1]
UartDebugBuff           0x2000'0df8   0x4b0  Data  Gb  user_app_comm.o [1]
UartDebugCountFail      0x2000'2c24     0x2  Data  Lc  user_uart.o [1]
UartDebugRxByte         0x2000'2c2b     0x1  Data  Gb  user_app_comm.o [1]
Update_ParaDisplay       0x800'30ed   0x388  Code  Gb  lcd_display.o [1]
UsageFault_Handler       0x801'0621     0x2  Code  Gb  stm32l4xx_it.o [1]
User_RTC_Init            0x800'f2b5    0x38  Code  Lc  user_rtc.o [1]
UtilFloatToString        0x800'2bf9    0x2e  Code  Gb  user_util.o [1]
UtilIntToStringWithScale
                         0x800'2a5d    0x60  Code  Gb  user_util.o [1]
VLevelDebug             0x2000'0df4     0x1  Data  Gb  user_util.o [1]
_Cb_Display_Auto_SW      0x800'2fe9    0x7e  Code  Lc  lcd_display.o [1]
_Cb_Display_Auto_SW::MarkButtPressed
                        0x2000'2c29     0x1  Data  Lc  lcd_display.o [1]
_Cb_Display_Auto_SW::cNext
                        0x2000'2c1a     0x2  Data  Lc  lcd_display.o [1]
_Cb_Display_Init         0x800'2e73    0x52  Code  Lc  lcd_display.o [1]
_Cb_Display_Logo         0x800'2ec5    0xa8  Code  Lc  lcd_display.o [1]
_Cb_Display_Logo::step_u8
                        0x2000'2c27     0x1  Data  Lc  lcd_display.o [1]
_Cb_Display_Show         0x800'2f6d    0x7c  Code  Lc  lcd_display.o [1]
_Cb_Display_Show::LandMarkChange_u32
                        0x2000'2be4     0x4  Data  Lc  lcd_display.o [1]
_Cb_Display_Show::ScreenLast
                        0x2000'2c28     0x1  Data  Lc  lcd_display.o [1]
_Cb_HandLer_IDLE         0x800'd917     0x6  Code  Lc  user_app_comm.o [1]
_Cb_Off_Speaker          0x800'30b3    0x16  Code  Lc  lcd_display.o [1]
_Cb_R_ModbusRTU_REG_Alarm_Lower
                         0x800'5e3d    0x5a  Code  Gb  user_app_modbus_rtu.o [1]
_Cb_R_ModbusRTU_REG_Alarm_State
                         0x800'5c79    0x2e  Code  Gb  user_app_modbus_rtu.o [1]
_Cb_R_ModbusRTU_REG_Alarm_Upper
                         0x800'5d23    0x5a  Code  Gb  user_app_modbus_rtu.o [1]
_Cb_R_ModbusRTU_REG_Baudrate
                         0x800'5b29    0x2e  Code  Gb  user_app_modbus_rtu.o [1]
_Cb_R_ModbusRTU_REG_ID   0x800'5a83    0x2e  Code  Gb  user_app_modbus_rtu.o [1]
_Cb_R_ModbusRTU_REG_Temp_Measure
                         0x800'5c1f    0x5a  Code  Gb  user_app_modbus_rtu.o [1]
_Cb_R_ModbusRTU_REG_pH_Measure
                         0x800'5bc5    0x5a  Code  Gb  user_app_modbus_rtu.o [1]
_Cb_Save_Box             0x800'd923     0x6  Code  Lc  user_app_comm.o [1]
_Cb_Set_RTC              0x800'd8fb    0x1c  Code  Lc  user_app_comm.o [1]
_Cb_TX_Timer_Event       0x800'da79    0x1a  Code  Lc  user_app_comm.o [1]
_Cb_Timer_IRQ            0x800'd86d     0xc  Code  Lc  user_app_comm.o [1]
_Cb_Tx_Timer             0x800'd91d     0x6  Code  Lc  user_app_comm.o [1]
_Cb_Uart_Error           0x800'd8ef     0xc  Code  Lc  user_app_comm.o [1]
_Cb_Uart_Rx_Debug        0x800'd879    0x76  Code  Lc  user_app_comm.o [1]
_Cb_Uart_Rx_Debug::LastLengthRecv
                        0x2000'2c1e     0x2  Data  Lc  user_app_comm.o [1]
_Cb_Uart_Rx_Debug::MarkFirstRecvUart
                        0x2000'2c2c     0x1  Data  Lc  user_app_comm.o [1]
_Cb_W_ModbusRTU_REG_Alarm_Lower
                         0x800'5e97    0xc0  Code  Gb  user_app_modbus_rtu.o [1]
_Cb_W_ModbusRTU_REG_Alarm_State
                         0x800'5ca7    0x7c  Code  Gb  user_app_modbus_rtu.o [1]
_Cb_W_ModbusRTU_REG_Alarm_Upper
                         0x800'5d7d    0xc0  Code  Gb  user_app_modbus_rtu.o [1]
_Cb_W_ModbusRTU_REG_Baudrate
                         0x800'5b57    0x6e  Code  Gb  user_app_modbus_rtu.o [1]
_Cb_W_ModbusRTU_REG_ID   0x800'5ab1    0x78  Code  Gb  user_app_modbus_rtu.o [1]
_Cb_button_detect        0x800'309b    0x18  Code  Lc  lcd_display.o [1]
_Cb_button_scan          0x800'3067    0x34  Code  Lc  lcd_display.o [1]
_LitobFullNoMb           0x800'ab81   0x10a  Code  Lc  xprintffull_nomb.o [2]
_Locale_lconv           0x2000'0db8    0x38  Data  Lc  xlocale_c.o [2]
_PrintfFullNoMb          0x800'9dc1   0xd9c  Code  Gb  xprintffull_nomb.o [2]
_PutcharFullNoMb         0x800'acf1    0x20  Code  Lc  xprintffull_nomb.o [2]
_PutcharsFullNoMb        0x800'ad11    0x2e  Code  Lc  xprintffull_nomb.o [2]
_SProut                  0x800'684f     0xa  Code  Gb  xsprout.o [2]
__NVIC_DisableIRQ        0x800'bced    0x26  Code  Lc  stm32l4xx_hal_cortex.o [1]
__NVIC_EnableIRQ         0x800'bccd    0x20  Code  Lc  stm32l4xx_hal_cortex.o [1]
__NVIC_GetPriorityGrouping
                         0x800'bcbf     0xc  Code  Lc  stm32l4xx_hal_cortex.o [1]
__NVIC_SetPriority       0x800'bd13    0x2c  Code  Lc  stm32l4xx_hal_cortex.o [1]
__NVIC_SetPriorityGrouping
                         0x800'bc9d    0x22  Code  Lc  stm32l4xx_hal_cortex.o [1]
__aeabi_cdcmpeq          0x800'cd0d          Code  Gb  DblCmpEq.o [3]
__aeabi_cdcmple          0x800'cd9d          Code  Gb  DblCmpLe.o [3]
__aeabi_cdrcmple         0x800'cdcd          Code  Gb  DblCmpGe.o [3]
__aeabi_d2f              0x800'6ab9          Code  Gb  DblToFlt.o [3]
__aeabi_d2iz             0x800'9699          Code  Gb  DblToS32.o [3]
__aeabi_d2uiz            0x800'd3d1          Code  Gb  DblToU32.o [3]
__aeabi_dadd             0x800'951d          Code  Gb  DblAdd.o [3]
__aeabi_ddiv             0x800'6871          Code  Gb  DblDiv.o [3]
__aeabi_dmul             0x800'9379          Code  Gb  DblMul.o [3]
__aeabi_dsub             0x800'cc29          Code  Gb  DblSub.o [3]
__aeabi_f2d              0x800'6b3d          Code  Gb  FltToDbl.o [3]
__aeabi_i2d              0x800'682d          Code  Gb  S32ToDbl.o [3]
__aeabi_ldiv0            0x800'cc25          Code  Gb  I64DivZer.o [4]
__aeabi_memcpy           0x800'90a1          Code  Gb  ABImemcpy.o [4]
__aeabi_memcpy4          0x800'90c1          Code  Gb  ABImemcpy.o [4]
__aeabi_memcpy8          0x800'90c1          Code  Gb  ABImemcpy.o [4]
__aeabi_memset           0x800'71e5          Code  Gb  ABImemset.o [4]
__aeabi_ui2d             0x800'6b21          Code  Gb  U32ToDbl.o [3]
__aeabi_uldivmod         0x800'9149          Code  Gb  I64DivMod.o [4]
__cmain                  0x801'091d          Code  Gb  cmain.o [4]
__exit                   0x800'f2a1    0x14  Code  Gb  exit.o [5]
__iar_Exp64              0x800'cdfd   0x388  Code  Gb  iar_Exp64.o [3]
__iar_Fail_s             0x800'd1fd    0x1c  Code  Gb  xfail_s.o [2]
__iar_Memchr             0x800'd23d          Code  Gb  memchr.o [4]
__iar_Memset             0x800'71e5          Code  Gb  ABImemset.o [4]
__iar_Memset_word        0x800'71ed          Code  Gb  ABImemset.o [4]
__iar_Strchr             0x800'd1e5          Code  Gb  strchr.o [4]
__iar_dadd               0x800'cc39          Code  Gb  DblSub.o [3]
__iar_data_init3         0x801'0891    0x28  Code  Gb  data_init.o [4]
__iar_dsub               0x800'952d          Code  Gb  DblAdd.o [3]
__iar_dsubStart          0x800'953f          Code  Gb  DblAdd.o [3]
__iar_frexp              0x800'cd39          Code  Gb  frexp.o [3]
__iar_frexpl             0x800'cd39          Code  Gb  frexp.o [3]
__iar_init_vfp           0x801'08b9          Code  Gb  fpinit_M.o [3]
__iar_ldexp64            0x800'd295          Code  Gb  ldexp.o [3]
__iar_lz77_init_single3
                         0x801'0705    0x78  Code  Gb  lz77_init_single.o [4]
__iar_pow64              0x800'96d5   0x6ec  Code  Gb  pow64.o [3]
__iar_pow_medium         0x800'96d5   0x6ec  Code  Gb  pow64.o [3]
__iar_pow_medium64       0x800'96d5   0x6ec  Code  Gb  pow64.o [3]
__iar_pow_mediuml        0x800'96d5   0x6ec  Code  Gb  pow64.o [3]
__iar_program_start      0x801'1039          Code  Gb  cstartup_M.o [4]
__iar_scalbln64          0x800'd295          Code  Gb  ldexp.o [3]
__iar_scalbn64           0x800'd295          Code  Gb  ldexp.o [3]
__iar_softfp___iar_frexp64
                         0x800'cd2d          Code  Gb  frexp.o [3]
__iar_softfp_frexp       0x800'cd2d          Code  Gb  frexp.o [3]
__iar_softfp_frexpl      0x800'cd2d          Code  Gb  frexp.o [3]
__iar_vfp_pow            0x800'685f    0x10  Code  Gb  math_wrappers64.o [3]
__iar_zero_init3         0x800'67f3    0x3a  Code  Gb  zero_init3.o [4]
__low_level_init         0x801'093b     0x4  Code  Gb  low_level_init.o [2]
__vector_table           0x800'0000          Data  Gb  startup_stm32l433xx.o [1]
_call_main               0x801'0929          Code  Gb  cmain.o [4]
_exit                    0x801'0945          Code  Gb  cexit.o [4]
_main                    0x801'0937          Code  Gb  cmain.o [4]
aAT_CMD                 0x2000'27e4    0x80  Data  Lc  user_at_serial.o [1]
aBaudrate_value         0x2000'0878    0x2c  Data  Gb  user_app_modbus_rtu.o [1]
aDATA_CALIB             0x2000'2ba8     0xc  Data  Gb  user_app_sensor.o [1]
aDATA_CONFIG            0x2000'25e4    0x80  Data  Lc  user_app_modbus_rtu.o [1]
aDATA_CONFIG            0x2000'2764    0x80  Data  Lc  user_at_serial.o [1]
aDATA_LOG_REGISTER      0x2000'2664    0x80  Data  Lc  user_app_modbus_rtu.o [1]
aModeSelectONOFF        0x2000'0158     0x8  Data  Gb  lcd_display.o [1]
aPASSWORD               0x2000'0104     0x4  Data  Gb  lcd_display.o [1]
aSTT_SETTING_DONE       0x2000'0138    0x10  Data  Gb  lcd_display.o [1]
aSTT_SETTING_ENTER      0x2000'0118    0x10  Data  Gb  lcd_display.o [1]
aSTT_SETTING_ERROR      0x2000'0148    0x10  Data  Gb  lcd_display.o [1]
aSTT_SETTING_FREE       0x2000'0108    0x10  Data  Gb  lcd_display.o [1]
aSTT_SETTING_WAIT       0x2000'0128    0x10  Data  Gb  lcd_display.o [1]
aSampling_STT           0x2000'2aa4    0x28  Data  Gb  user_app_sensor.o [1]
aSampling_VALUE         0x2000'2acc    0x28  Data  Gb  user_app_sensor.o [1]
aTEST                   0x2000'0000     0xc  Data  Lc  button.o [1]
aUART_485SS_DATA        0x2000'1f90   0x200  Data  Lc  user_connect_sensor.o [1]
aUART_485_DATA          0x2000'2190   0x200  Data  Lc  user_rs485.o [1]
aUART_DBG_DMA_RX        0x2000'28c8    0x64  Data  Lc  user_app_comm.o [1]
abort                    0x800'e0bd     0x6  Code  Gb  abort.o [2]
abs                      0x800'b2b3     0x8  Code  Gb  abs.o [2]
aframe                  0x2000'26e4    0x80  Data  Gb  user_app_modbus_rtu.o [1]
bmp_SV_logo_12864        0x800'fcb0   0x400  Data  Gb  unit_tests.o [1]
charNotDetectPress      0x2000'0df2     0x1  Data  Lc  lcd_display.o [1]
count_gettick           0x2000'2bec     0x4  Data  Gb  stm32l4xx_it.o [1]
delay_ms                 0x800'6c69     0xc  Code  Gb  STM32L4.o [1]
ee_number                0x800'ef79   0x146  Code  Lc  user_tiny_vsnprintf.o [1]
ee_skip_atoi             0x800'ef51    0x28  Code  Lc  user_tiny_vsnprintf.o [1]
exit                     0x801'093f     0x4  Code  Gb  exit.o [2]
fevent_active            0x800'6f11    0x1e  Code  Gb  event_driven.o [1]
fevent_detect_salt_recv
                         0x800'3cb1     0x6  Code  Lc  user_app_sensor.o [1]
fevent_disable           0x800'6f53    0x12  Code  Gb  event_driven.o [1]
fevent_enable            0x800'6f2f    0x24  Code  Gb  event_driven.o [1]
fevent_rs485_entry       0x800'edd1    0x12  Code  Lc  user_app_rs485.o [1]
fevent_rs485_init_uart   0x800'ede3    0x2e  Code  Lc  user_app_rs485.o [1]
fevent_rs485_init_uart::stamp
                        0x2000'2c2d     0x1  Data  Lc  user_app_rs485.o [1]
fevent_rs485_receive_complete
                         0x800'ee11    0x24  Code  Lc  user_app_rs485.o [1]
fevent_rs485_refresh     0x800'ee35    0x20  Code  Lc  user_app_rs485.o [1]
fevent_sensor_entry      0x800'3b05    0x12  Code  Lc  user_app_sensor.o [1]
fevent_sensor_receive_complete
                         0x800'3be7    0xb6  Code  Lc  user_app_sensor.o [1]
fevent_sensor_receive_handle
                         0x800'3ba7    0x40  Code  Lc  user_app_sensor.o [1]
fevent_sensor_reset      0x800'3d65    0x84  Code  Lc  user_app_sensor.o [1]
fevent_sensor_reset::state
                        0x2000'2c2f     0x1  Data  Lc  user_app_sensor.o [1]
fevent_sensor_transmit   0x800'3b17    0x90  Code  Lc  user_app_sensor.o [1]
fevent_sensor_wait_calib
                         0x800'3c9d    0x14  Code  Lc  user_app_sensor.o [1]
fevent_temp_alarm        0x800'3cb7    0xae  Code  Lc  user_app_sensor.o [1]
font_current            0x2000'2b9c     0xc  Data  Gb  text.o [1]
glcd_ST7565R_init        0x800'7189    0x5c  Code  Gb  ST7565R.o [1]
glcd_bbox               0x2000'2bd8     0x4  Data  Gb  glcd.o [1]
glcd_bbox_refresh        0x800'700d    0x1c  Code  Gb  glcd.o [1]
glcd_bbox_selected      0x2000'2be0     0x4  Data  Gb  glcd.o [1]
glcd_buffer             0x2000'12a8   0x400  Data  Gb  glcd.o [1]
glcd_buffer_selected    0x2000'2bdc     0x4  Data  Gb  glcd.o [1]
glcd_clear               0x800'7029    0x28  Code  Gb  glcd.o [1]
glcd_clear_buffer        0x800'7051    0x24  Code  Gb  glcd.o [1]
glcd_command             0x800'7089    0x1a  Code  Gb  ST7565R.o [1]
glcd_data                0x800'70a3    0x1a  Code  Gb  ST7565R.o [1]
glcd_draw_bitmap         0x800'77b5    0x1e  Code  Gb  graphics.o [1]
glcd_draw_char_xy        0x800'7267   0x33a  Code  Gb  text.o [1]
glcd_draw_line           0x800'76a9   0x10c  Code  Gb  graphics.o [1]
glcd_draw_string_xy      0x800'75a1    0x38  Code  Gb  text.o [1]
glcd_enable_backlight    0x800'6bed     0x2  Code  Gb  STM32L4.o [1]
glcd_init                0x800'6bc5    0x28  Code  Gb  STM32L4.o [1]
glcd_reset               0x800'6c19    0x40  Code  Gb  STM32L4.o [1]
glcd_reset_bbox          0x800'6ff1    0x1c  Code  Gb  glcd.o [1]
glcd_select_screen       0x800'7075     0xa  Code  Gb  glcd.o [1]
glcd_set_column_lower    0x800'70fd     0xe  Code  Gb  ST7565R.o [1]
glcd_set_column_upper    0x800'70e7    0x16  Code  Gb  ST7565R.o [1]
glcd_set_font            0x800'724d    0x1a  Code  Gb  text.o [1]
glcd_set_pixel           0x800'75dd    0xcc  Code  Gb  graphics.o [1]
glcd_set_x_address       0x800'70d1    0x16  Code  Gb  ST7565R.o [1]
glcd_set_y_address       0x800'70bd    0x14  Code  Gb  ST7565R.o [1]
glcd_spi_write           0x800'6bef    0x2a  Code  Gb  STM32L4.o [1]
glcd_test_bitmap_128x64
                         0x800'6f65     0xe  Code  Gb  unit_tests.o [1]
glcd_tiny_draw_char      0x800'6c9b   0x21a  Code  Gb  text_tiny.o [1]
glcd_tiny_draw_string    0x800'6eb5    0x54  Code  Gb  text_tiny.o [1]
glcd_tiny_set_font       0x800'6c81    0x1a  Code  Gb  text_tiny.o [1]
glcd_update_bbox         0x800'6f79    0x78  Code  Gb  glcd.o [1]
glcd_write               0x800'710b    0x70  Code  Gb  ST7565R.o [1]
hdma_lpuart_rx          0x2000'292c    0x48  Data  Gb  usart.o [1]
hdma_usart1_rx          0x2000'2974    0x48  Data  Gb  usart.o [1]
hdma_usart3_rx          0x2000'29bc    0x48  Data  Gb  usart.o [1]
hlpuart1                0x2000'244c    0x88  Data  Gb  usart.o [1]
hrtc                    0x2000'2af4    0x24  Data  Gb  rtc.o [1]
hspi2                   0x2000'2864    0x64  Data  Gb  spi.o [1]
huart1                  0x2000'24d4    0x88  Data  Gb  usart.o [1]
huart3                  0x2000'255c    0x88  Data  Gb  usart.o [1]
ldexp                    0x800'd295          Code  Gb  ldexp.o [3]
ldexpl                   0x800'd295          Code  Gb  ldexp.o [3]
lnbias                   0x800'f890   0x420  Data  Lc  pow64.o [3]
localeconv               0x800'd3f9     0x4  Code  Gb  xlocale_c.o [2]
lower_digits            0x2000'0db0     0x4  Data  Lc  user_tiny_vsnprintf.o [1]
main                     0x800'b2bb    0x2c  Code  Gb  main.o [1]
memchr                   0x800'd23d          Code  Gb  memchr.o [4]
memset                   0x800'b37d    0x14  Code  Gb  memset.o [4]
pFlash                  0x2000'0734    0x20  Data  Gb  stm32l4xx_hal_flash.o [1]
pFunc_UTIL_Debug_Send   0x2000'2c10     0x4  Data  Gb  user_util.o [1]
pFunc_UTIL_Log_To_Mem   0x2000'2c0c     0x4  Data  Gb  user_util.o [1]
pModemProcessIRQTimer   0x2000'2c00     0x4  Data  Gb  user_rtc.o [1]
pow                      0x800'96d5   0x6ec  Code  Gb  pow64.o [3]
powl                     0x800'96d5   0x6ec  Code  Gb  pow64.o [3]
quickSort_Sampling       0x800'4243    0x9a  Code  Gb  user_app_sensor.o [1]
quickSort_Sampling_Value
                         0x800'42dd    0xdc  Code  Gb  user_app_sensor.o [1]
quickSort_Sampling_Value::Handle_Once
                        0x2000'2c30     0x1  Data  Lc  user_app_sensor.o [1]
sButton                 0x2000'2b34    0x18  Data  Gb  button.o [1]
sCheckList_Reg_Modbus_RTU
                        0x2000'07d8    0xa0  Data  Gb  user_app_modbus_rtu.o [1]
sData_Calib             0x2000'096c     0x8  Data  Gb  user_app_sensor.o [1]
sEventAppComm           0x2000'0758    0x70  Data  Gb  user_app_comm.o [1]
sEventAppRs485          0x2000'08ac    0x40  Data  Gb  user_app_rs485.o [1]
sEventAppSensor         0x2000'08ec    0x80  Data  Gb  user_app_sensor.o [1]
sEventDisplay           0x2000'000c    0x70  Data  Gb  lcd_display.o [1]
sFirmVersion            0x2000'07c8     0x8  Data  Gb  user_app_comm.o [1]
sHandleRs485            0x2000'2bf4     0x4  Data  Gb  user_app_sensor.o [1]
sKindMode485            0x2000'2c22     0x2  Data  Gb  user_app_sensor.o [1]
sLCD                    0x2000'2b7c    0x10  Data  Gb  lcd_display.o [1]
sLCDObject              0x2000'0160   0x5d0  Data  Gb  lcd_display.o [1]
sLogData_ModbusRTU      0x2000'08a4     0x8  Data  Gb  user_app_modbus_rtu.o [1]
sMeasureRange           0x2000'2b8c    0x10  Data  Gb  user_app_sensor.o [1]
sModelVersion           0x2000'00fc     0x8  Data  Gb  lcd_display.o [1]
sNH4Calib               0x2000'2a48    0x30  Data  Gb  user_app_sensor.o [1]
sParaDisplay            0x2000'007c    0x80  Data  Gb  lcd_display.o [1]
sRTC                    0x2000'2bc0     0xc  Data  Gb  user_util.o [1]
sSensor_NH4             0x2000'2a04    0x44  Data  Gb  user_app_sensor.o [1]
sSlave_ModbusRTU        0x2000'0df0     0x2  Data  Gb  user_app_modbus_rtu.o [1]
sTempAlarm              0x2000'2bb4     0xc  Data  Gb  user_app_sensor.o [1]
sUart485                0x2000'0da8     0x8  Data  Gb  user_rs485.o [1]
sUart485SS              0x2000'0da0     0x8  Data  Gb  user_connect_sensor.o [1]
sUartDebug              0x2000'07d0     0x8  Data  Gb  user_app_comm.o [1]
scalbln                  0x800'd295          Code  Gb  ldexp.o [3]
scalblnl                 0x800'd295          Code  Gb  ldexp.o [3]
scalbn                   0x800'd295          Code  Gb  ldexp.o [3]
scalbnl                  0x800'd295          Code  Gb  ldexp.o [3]
scale                    0x800'ac8b    0x46  Code  Lc  xprintffull_nomb.o [2]
sec_hand                0x2000'2c14     0x4  Data  Lc  xfail_s.o [2]
sprintf                  0x800'6b85    0x40  Code  Gb  sprintf.o [2]
strATcmd                0x2000'0978     0x8  Data  Gb  user_at_serial.o [1]
strchr                   0x800'd1e5          Code  Gb  strchr.o [4]
strlen                   0x800'67bd          Code  Gb  strlen.o [4]
sztmp                   0x2000'1d90   0x200  Data  Lc  user_adv_trace.o [1]
tiny_vsnprintf_like      0x800'f0bf   0x1d6  Code  Gb  user_tiny_vsnprintf.o [1]
upper_digits            0x2000'0db4     0x4  Data  Lc  user_tiny_vsnprintf.o [1]
uwTick                  0x2000'2be8     0x4  Data  Gb  stm32l4xx_hal.o [1]
uwTickFreq              0x2000'0df3     0x1  Data  Gb  stm32l4xx_hal.o [1]
uwTickPrio              0x2000'0730     0x4  Data  Gb  stm32l4xx_hal.o [1]
vcom_DeInit              0x800'dc93    0x1e  Code  Gb  user_app_comm.o [1]
vcom_Init                0x800'dc89     0xa  Code  Gb  user_app_comm.o [1]
vcom_Trace_DMA           0x800'dcb1    0x24  Code  Gb  user_app_comm.o [1]


[1] = D:\Saoviet_Git\Saoviet_Envirotrack_M_TNMT\Project_Slave_Winmore_NH4\Project_Slave_Sensor_EnviroTrack\EWARM\Project_Slave_Sensor_EnviroTrack\Obj
[2] = dl7M_tlf.a
[3] = m7M_tls.a
[4] = rt7M_tl.a
[5] = shb_l.a

  64'385 bytes of readonly  code memory
   7'281 bytes of readonly  data memory
  12'341 bytes of readwrite data memory

Errors: none
Warnings: none
