###############################################################################
#
# IAR ELF Linker V8.40.2.214/W32 for ARM                  29/May/2026  09:30:06
# Copyright 2007-2019 IAR Systems AB.
#
#    Output file  =
#        D:\Saoviet_Git\Saoviet_Envirotrack_M_TNMT\Project_Slave_Winmore_NH4\Project_Slave_Sensor_EnviroTrack\EWARM\Project_Slave_Sensor_EnviroTrack\Exe\Project_Slave_Sensor_EnviroTrack.out
#    Map file     =
#        D:\Saoviet_Git\Saoviet_Envirotrack_M_TNMT\Project_Slave_Winmore_NH4\Project_Slave_Sensor_EnviroTrack\EWARM\Project_Slave_Sensor_EnviroTrack\List\Project_Slave_Sensor_EnviroTrack.map
#    Command line =
#        -f C:\Users\PC\AppData\Local\Temp\EWC405.tmp
#        (D:\Saoviet_Git\Saoviet_Envirotrack_M_TNMT\Project_Slave_Winmore_NH4\Project_Slave_Sensor_EnviroTrack\EWARM\Project_Slave_Sensor_EnviroTrack\Obj\button.o
#        D:\Saoviet_Git\Saoviet_Envirotrack_M_TNMT\Project_Slave_Winmore_NH4\Project_Slave_Sensor_EnviroTrack\EWARM\Project_Slave_Sensor_EnviroTrack\Obj\dma.o
#        D:\Saoviet_Git\Saoviet_Envirotrack_M_TNMT\Project_Slave_Winmore_NH4\Project_Slave_Sensor_EnviroTrack\EWARM\Project_Slave_Sensor_EnviroTrack\Obj\event_driven.o
#        D:\Saoviet_Git\Saoviet_Envirotrack_M_TNMT\Project_Slave_Winmore_NH4\Project_Slave_Sensor_EnviroTrack\EWARM\Project_Slave_Sensor_EnviroTrack\Obj\glcd.o
#        D:\Saoviet_Git\Saoviet_Envirotrack_M_TNMT\Project_Slave_Winmore_NH4\Project_Slave_Sensor_EnviroTrack\EWARM\Project_Slave_Sensor_EnviroTrack\Obj\gpio.o
#        D:\Saoviet_Git\Saoviet_Envirotrack_M_TNMT\Project_Slave_Winmore_NH4\Project_Slave_Sensor_EnviroTrack\EWARM\Project_Slave_Sensor_EnviroTrack\Obj\graphics.o
#        D:\Saoviet_Git\Saoviet_Envirotrack_M_TNMT\Project_Slave_Winmore_NH4\Project_Slave_Sensor_EnviroTrack\EWARM\Project_Slave_Sensor_EnviroTrack\Obj\graphs.o
#        D:\Saoviet_Git\Saoviet_Envirotrack_M_TNMT\Project_Slave_Winmore_NH4\Project_Slave_Sensor_EnviroTrack\EWARM\Project_Slave_Sensor_EnviroTrack\Obj\lcd_display.o
#        D:\Saoviet_Git\Saoviet_Envirotrack_M_TNMT\Project_Slave_Winmore_NH4\Project_Slave_Sensor_EnviroTrack\EWARM\Project_Slave_Sensor_EnviroTrack\Obj\main.o
#        D:\Saoviet_Git\Saoviet_Envirotrack_M_TNMT\Project_Slave_Winmore_NH4\Project_Slave_Sensor_EnviroTrack\EWARM\Project_Slave_Sensor_EnviroTrack\Obj\NT75451.o
#        D:\Saoviet_Git\Saoviet_Envirotrack_M_TNMT\Project_Slave_Winmore_NH4\Project_Slave_Sensor_EnviroTrack\EWARM\Project_Slave_Sensor_EnviroTrack\Obj\onchipflash.o
#        D:\Saoviet_Git\Saoviet_Envirotrack_M_TNMT\Project_Slave_Winmore_NH4\Project_Slave_Sensor_EnviroTrack\EWARM\Project_Slave_Sensor_EnviroTrack\Obj\PCD8544.o
#        D:\Saoviet_Git\Saoviet_Envirotrack_M_TNMT\Project_Slave_Winmore_NH4\Project_Slave_Sensor_EnviroTrack\EWARM\Project_Slave_Sensor_EnviroTrack\Obj\queue_p.o
#        D:\Saoviet_Git\Saoviet_Envirotrack_M_TNMT\Project_Slave_Winmore_NH4\Project_Slave_Sensor_EnviroTrack\EWARM\Project_Slave_Sensor_EnviroTrack\Obj\rtc.o
#        D:\Saoviet_Git\Saoviet_Envirotrack_M_TNMT\Project_Slave_Winmore_NH4\Project_Slave_Sensor_EnviroTrack\EWARM\Project_Slave_Sensor_EnviroTrack\Obj\spi.o
#        D:\Saoviet_Git\Saoviet_Envirotrack_M_TNMT\Project_Slave_Winmore_NH4\Project_Slave_Sensor_EnviroTrack\EWARM\Project_Slave_Sensor_EnviroTrack\Obj\ST7565R.o
#        D:\Saoviet_Git\Saoviet_Envirotrack_M_TNMT\Project_Slave_Winmore_NH4\Project_Slave_Sensor_EnviroTrack\EWARM\Project_Slave_Sensor_EnviroTrack\Obj\startup_stm32l433xx.o
#        D:\Saoviet_Git\Saoviet_Envirotrack_M_TNMT\Project_Slave_Winmore_NH4\Project_Slave_Sensor_EnviroTrack\EWARM\Project_Slave_Sensor_EnviroTrack\Obj\STM32F0xx.o
#        D:\Saoviet_Git\Saoviet_Envirotrack_M_TNMT\Project_Slave_Winmore_NH4\Project_Slave_Sensor_EnviroTrack\EWARM\Project_Slave_Sensor_EnviroTrack\Obj\STM32F10x.o
#        D:\Saoviet_Git\Saoviet_Envirotrack_M_TNMT\Project_Slave_Winmore_NH4\Project_Slave_Sensor_EnviroTrack\EWARM\Project_Slave_Sensor_EnviroTrack\Obj\STM32F4.o
#        D:\Saoviet_Git\Saoviet_Envirotrack_M_TNMT\Project_Slave_Winmore_NH4\Project_Slave_Sensor_EnviroTrack\EWARM\Project_Slave_Sensor_EnviroTrack\Obj\STM32L4.o
#        D:\Saoviet_Git\Saoviet_Envirotrack_M_TNMT\Project_Slave_Winmore_NH4\Project_Slave_Sensor_EnviroTrack\EWARM\Project_Slave_Sensor_EnviroTrack\Obj\stm32l4xx_hal.o
#        D:\Saoviet_Git\Saoviet_Envirotrack_M_TNMT\Project_Slave_Winmore_NH4\Project_Slave_Sensor_EnviroTrack\EWARM\Project_Slave_Sensor_EnviroTrack\Obj\stm32l4xx_hal_cortex.o
#        D:\Saoviet_Git\Saoviet_Envirotrack_M_TNMT\Project_Slave_Winmore_NH4\Project_Slave_Sensor_EnviroTrack\EWARM\Project_Slave_Sensor_EnviroTrack\Obj\stm32l4xx_hal_dma.o
#        D:\Saoviet_Git\Saoviet_Envirotrack_M_TNMT\Project_Slave_Winmore_NH4\Project_Slave_Sensor_EnviroTrack\EWARM\Project_Slave_Sensor_EnviroTrack\Obj\stm32l4xx_hal_dma_ex.o
#        D:\Saoviet_Git\Saoviet_Envirotrack_M_TNMT\Project_Slave_Winmore_NH4\Project_Slave_Sensor_EnviroTrack\EWARM\Project_Slave_Sensor_EnviroTrack\Obj\stm32l4xx_hal_exti.o
#        D:\Saoviet_Git\Saoviet_Envirotrack_M_TNMT\Project_Slave_Winmore_NH4\Project_Slave_Sensor_EnviroTrack\EWARM\Project_Slave_Sensor_EnviroTrack\Obj\stm32l4xx_hal_flash.o
#        D:\Saoviet_Git\Saoviet_Envirotrack_M_TNMT\Project_Slave_Winmore_NH4\Project_Slave_Sensor_EnviroTrack\EWARM\Project_Slave_Sensor_EnviroTrack\Obj\stm32l4xx_hal_flash_ex.o
#        D:\Saoviet_Git\Saoviet_Envirotrack_M_TNMT\Project_Slave_Winmore_NH4\Project_Slave_Sensor_EnviroTrack\EWARM\Project_Slave_Sensor_EnviroTrack\Obj\stm32l4xx_hal_flash_ramfunc.o
#        D:\Saoviet_Git\Saoviet_Envirotrack_M_TNMT\Project_Slave_Winmore_NH4\Project_Slave_Sensor_EnviroTrack\EWARM\Project_Slave_Sensor_EnviroTrack\Obj\stm32l4xx_hal_gpio.o
#        D:\Saoviet_Git\Saoviet_Envirotrack_M_TNMT\Project_Slave_Winmore_NH4\Project_Slave_Sensor_EnviroTrack\EWARM\Project_Slave_Sensor_EnviroTrack\Obj\stm32l4xx_hal_i2c.o
#        D:\Saoviet_Git\Saoviet_Envirotrack_M_TNMT\Project_Slave_Winmore_NH4\Project_Slave_Sensor_EnviroTrack\EWARM\Project_Slave_Sensor_EnviroTrack\Obj\stm32l4xx_hal_i2c_ex.o
#        D:\Saoviet_Git\Saoviet_Envirotrack_M_TNMT\Project_Slave_Winmore_NH4\Project_Slave_Sensor_EnviroTrack\EWARM\Project_Slave_Sensor_EnviroTrack\Obj\stm32l4xx_hal_msp.o
#        D:\Saoviet_Git\Saoviet_Envirotrack_M_TNMT\Project_Slave_Winmore_NH4\Project_Slave_Sensor_EnviroTrack\EWARM\Project_Slave_Sensor_EnviroTrack\Obj\stm32l4xx_hal_pwr.o
#        D:\Saoviet_Git\Saoviet_Envirotrack_M_TNMT\Project_Slave_Winmore_NH4\Project_Slave_Sensor_EnviroTrack\EWARM\Project_Slave_Sensor_EnviroTrack\Obj\stm32l4xx_hal_pwr_ex.o
#        D:\Saoviet_Git\Saoviet_Envirotrack_M_TNMT\Project_Slave_Winmore_NH4\Project_Slave_Sensor_EnviroTrack\EWARM\Project_Slave_Sensor_EnviroTrack\Obj\stm32l4xx_hal_rcc.o
#        D:\Saoviet_Git\Saoviet_Envirotrack_M_TNMT\Project_Slave_Winmore_NH4\Project_Slave_Sensor_EnviroTrack\EWARM\Project_Slave_Sensor_EnviroTrack\Obj\stm32l4xx_hal_rcc_ex.o
#        D:\Saoviet_Git\Saoviet_Envirotrack_M_TNMT\Project_Slave_Winmore_NH4\Project_Slave_Sensor_EnviroTrack\EWARM\Project_Slave_Sensor_EnviroTrack\Obj\stm32l4xx_hal_rtc.o
#        D:\Saoviet_Git\Saoviet_Envirotrack_M_TNMT\Project_Slave_Winmore_NH4\Project_Slave_Sensor_EnviroTrack\EWARM\Project_Slave_Sensor_EnviroTrack\Obj\stm32l4xx_hal_rtc_ex.o
#        D:\Saoviet_Git\Saoviet_Envirotrack_M_TNMT\Project_Slave_Winmore_NH4\Project_Slave_Sensor_EnviroTrack\EWARM\Project_Slave_Sensor_EnviroTrack\Obj\stm32l4xx_hal_spi.o
#        D:\Saoviet_Git\Saoviet_Envirotrack_M_TNMT\Project_Slave_Winmore_NH4\Project_Slave_Sensor_EnviroTrack\EWARM\Project_Slave_Sensor_EnviroTrack\Obj\stm32l4xx_hal_spi_ex.o
#        D:\Saoviet_Git\Saoviet_Envirotrack_M_TNMT\Project_Slave_Winmore_NH4\Project_Slave_Sensor_EnviroTrack\EWARM\Project_Slave_Sensor_EnviroTrack\Obj\stm32l4xx_hal_uart.o
#        D:\Saoviet_Git\Saoviet_Envirotrack_M_TNMT\Project_Slave_Winmore_NH4\Project_Slave_Sensor_EnviroTrack\EWARM\Project_Slave_Sensor_EnviroTrack\Obj\stm32l4xx_hal_uart_ex.o
#        D:\Saoviet_Git\Saoviet_Envirotrack_M_TNMT\Project_Slave_Winmore_NH4\Project_Slave_Sensor_EnviroTrack\EWARM\Project_Slave_Sensor_EnviroTrack\Obj\stm32l4xx_it.o
#        D:\Saoviet_Git\Saoviet_Envirotrack_M_TNMT\Project_Slave_Winmore_NH4\Project_Slave_Sensor_EnviroTrack\EWARM\Project_Slave_Sensor_EnviroTrack\Obj\system_stm32l4xx.o
#        D:\Saoviet_Git\Saoviet_Envirotrack_M_TNMT\Project_Slave_Winmore_NH4\Project_Slave_Sensor_EnviroTrack\EWARM\Project_Slave_Sensor_EnviroTrack\Obj\text.o
#        D:\Saoviet_Git\Saoviet_Envirotrack_M_TNMT\Project_Slave_Winmore_NH4\Project_Slave_Sensor_EnviroTrack\EWARM\Project_Slave_Sensor_EnviroTrack\Obj\text_tiny.o
#        D:\Saoviet_Git\Saoviet_Envirotrack_M_TNMT\Project_Slave_Winmore_NH4\Project_Slave_Sensor_EnviroTrack\EWARM\Project_Slave_Sensor_EnviroTrack\Obj\unit_tests.o
#        D:\Saoviet_Git\Saoviet_Envirotrack_M_TNMT\Project_Slave_Winmore_NH4\Project_Slave_Sensor_EnviroTrack\EWARM\Project_Slave_Sensor_EnviroTrack\Obj\usart.o
#        D:\Saoviet_Git\Saoviet_Envirotrack_M_TNMT\Project_Slave_Winmore_NH4\Project_Slave_Sensor_EnviroTrack\EWARM\Project_Slave_Sensor_EnviroTrack\Obj\user_adv_trace.o
#        D:\Saoviet_Git\Saoviet_Envirotrack_M_TNMT\Project_Slave_Winmore_NH4\Project_Slave_Sensor_EnviroTrack\EWARM\Project_Slave_Sensor_EnviroTrack\Obj\user_app_comm.o
#        D:\Saoviet_Git\Saoviet_Envirotrack_M_TNMT\Project_Slave_Winmore_NH4\Project_Slave_Sensor_EnviroTrack\EWARM\Project_Slave_Sensor_EnviroTrack\Obj\user_app_modbus_rtu.o
#        D:\Saoviet_Git\Saoviet_Envirotrack_M_TNMT\Project_Slave_Winmore_NH4\Project_Slave_Sensor_EnviroTrack\EWARM\Project_Slave_Sensor_EnviroTrack\Obj\user_app_rs485.o
#        D:\Saoviet_Git\Saoviet_Envirotrack_M_TNMT\Project_Slave_Winmore_NH4\Project_Slave_Sensor_EnviroTrack\EWARM\Project_Slave_Sensor_EnviroTrack\Obj\user_app_sensor.o
#        D:\Saoviet_Git\Saoviet_Envirotrack_M_TNMT\Project_Slave_Winmore_NH4\Project_Slave_Sensor_EnviroTrack\EWARM\Project_Slave_Sensor_EnviroTrack\Obj\user_at_serial.o
#        D:\Saoviet_Git\Saoviet_Envirotrack_M_TNMT\Project_Slave_Winmore_NH4\Project_Slave_Sensor_EnviroTrack\EWARM\Project_Slave_Sensor_EnviroTrack\Obj\user_connect_sensor.o
#        D:\Saoviet_Git\Saoviet_Envirotrack_M_TNMT\Project_Slave_Winmore_NH4\Project_Slave_Sensor_EnviroTrack\EWARM\Project_Slave_Sensor_EnviroTrack\Obj\user_convert_variable.o
#        D:\Saoviet_Git\Saoviet_Envirotrack_M_TNMT\Project_Slave_Winmore_NH4\Project_Slave_Sensor_EnviroTrack\EWARM\Project_Slave_Sensor_EnviroTrack\Obj\user_internal_mem.o
#        D:\Saoviet_Git\Saoviet_Envirotrack_M_TNMT\Project_Slave_Winmore_NH4\Project_Slave_Sensor_EnviroTrack\EWARM\Project_Slave_Sensor_EnviroTrack\Obj\user_mem_comm.o
#        D:\Saoviet_Git\Saoviet_Envirotrack_M_TNMT\Project_Slave_Winmore_NH4\Project_Slave_Sensor_EnviroTrack\EWARM\Project_Slave_Sensor_EnviroTrack\Obj\user_modbus_rtu.o
#        D:\Saoviet_Git\Saoviet_Envirotrack_M_TNMT\Project_Slave_Winmore_NH4\Project_Slave_Sensor_EnviroTrack\EWARM\Project_Slave_Sensor_EnviroTrack\Obj\user_obis_sv.o
#        D:\Saoviet_Git\Saoviet_Envirotrack_M_TNMT\Project_Slave_Winmore_NH4\Project_Slave_Sensor_EnviroTrack\EWARM\Project_Slave_Sensor_EnviroTrack\Obj\user_rs485.o
#        D:\Saoviet_Git\Saoviet_Envirotrack_M_TNMT\Project_Slave_Winmore_NH4\Project_Slave_Sensor_EnviroTrack\EWARM\Project_Slave_Sensor_EnviroTrack\Obj\user_rtc.o
#        D:\Saoviet_Git\Saoviet_Envirotrack_M_TNMT\Project_Slave_Winmore_NH4\Project_Slave_Sensor_EnviroTrack\EWARM\Project_Slave_Sensor_EnviroTrack\Obj\user_string.o
#        D:\Saoviet_Git\Saoviet_Envirotrack_M_TNMT\Project_Slave_Winmore_NH4\Project_Slave_Sensor_EnviroTrack\EWARM\Project_Slave_Sensor_EnviroTrack\Obj\user_time.o
#        D:\Saoviet_Git\Saoviet_Envirotrack_M_TNMT\Project_Slave_Winmore_NH4\Project_Slave_Sensor_EnviroTrack\EWARM\Project_Slave_Sensor_EnviroTrack\Obj\user_timer.o
#        D:\Saoviet_Git\Saoviet_Envirotrack_M_TNMT\Project_Slave_Winmore_NH4\Project_Slave_Sensor_EnviroTrack\EWARM\Project_Slave_Sensor_EnviroTrack\Obj\user_tiny_vsnprintf.o
#        D:\Saoviet_Git\Saoviet_Envirotrack_M_TNMT\Project_Slave_Winmore_NH4\Project_Slave_Sensor_EnviroTrack\EWARM\Project_Slave_Sensor_EnviroTrack\Obj\user_uart.o
#        D:\Saoviet_Git\Saoviet_Envirotrack_M_TNMT\Project_Slave_Winmore_NH4\Project_Slave_Sensor_EnviroTrack\EWARM\Project_Slave_Sensor_EnviroTrack\Obj\user_util.o
#        --no_out_extension -o
#        D:\Saoviet_Git\Saoviet_Envirotrack_M_TNMT\Project_Slave_Winmore_NH4\Project_Slave_Sensor_EnviroTrack\EWARM\Project_Slave_Sensor_EnviroTrack\Exe\Project_Slave_Sensor_EnviroTrack.out
#        --redirect _Printf=_PrintfFullNoMb --redirect _Scanf=_ScanfFullNoMb
#        --map
#        D:\Saoviet_Git\Saoviet_Envirotrack_M_TNMT\Project_Slave_Winmore_NH4\Project_Slave_Sensor_EnviroTrack\EWARM\Project_Slave_Sensor_EnviroTrack\List\Project_Slave_Sensor_EnviroTrack.map
#        --config
#        D:\Saoviet_Git\Saoviet_Envirotrack_M_TNMT\Project_Slave_Winmore_NH4\Project_Slave_Sensor_EnviroTrack\EWARM/stm32l433xx_flash.icf
#        --semihosting --entry __iar_program_start --vfe --text_out locale)
#
###############################################################################

*******************************************************************************
*** RUNTIME MODEL ATTRIBUTES
***

CppFlavor       = *
__Heap_Handler  = DLMalloc
__SystemLibrary = DLib
__dlib_version  = 6


*******************************************************************************
*** HEAP SELECTION
***

The advanced heap was selected because the application calls memory
allocation functions outside of system library functions, and there
are calls to deallocation functions in the application.


*******************************************************************************
*** PLACEMENT SUMMARY
***

"A0":  place at address 0x800'0000 { ro section .intvec };
"P1":  place in [from 0x800'0000 to 0x803'ffff] { ro };
define block CSTACK with size = 1K, alignment = 8 { };
define block HEAP with size = 512, alignment = 8 { };
"P2":  place in [from 0x2000'0000 to 0x2000'ffff] {
          rw, block CSTACK, block HEAP };
initialize by copy { rw };

  Section            Kind         Address      Size  Object
  -------            ----         -------      ----  ------
"A0":                                         0x18c
  .intvec            ro code   0x800'0000     0x18c  startup_stm32l433xx.o [1]
                             - 0x800'018c     0x18c

"P1":                                      0x1'1d10
  .text              ro code   0x800'018c    0x2530  button.o [1]
  .text              ro code   0x800'26bc     0x380  stm32l4xx_hal_gpio.o [1]
  .text              ro code   0x800'2a3c     0x21c  user_util.o [1]
  .text              ro code   0x800'2c58     0xebc  lcd_display.o [1]
  .text              ro code   0x800'3b14    0x2108  user_app_sensor.o [1]
  .text              ro code   0x800'5c1c     0xacc  user_app_modbus_rtu.o [1]
  .text              ro code   0x800'66e8     0x40c  user_convert_variable.o [1]
  .text              ro code   0x800'6af4      0x36  strlen.o [4]
  .text              ro code   0x800'6b2a      0x3a  zero_init3.o [4]
  .text              ro code   0x800'6b64      0x22  S32ToDbl.o [3]
  .text              ro code   0x800'6b86       0xa  xsprout.o [2]
  .text              ro code   0x800'6b90      0x22  math_wrappers64.o [3]
  .rodata            const     0x800'6bb2       0x2  xlocale_c.o [2]
  .text              ro code   0x800'6bb4     0x246  DblDiv.o [3]
  .rodata            const     0x800'6dfa       0x1  xlocale_c.o [2]
  .text              ro code   0x800'6dfc      0x68  DblToFlt.o [3]
  .text              ro code   0x800'6e64      0x1a  U32ToDbl.o [3]
  .text              ro code   0x800'6e80      0x48  FltToDbl.o [3]
  .text              ro code   0x800'6ec8      0x40  sprintf.o [2]
  .text              ro code   0x800'6f08      0xb0  STM32L4.o [1]
  .text              ro code   0x800'6fb8       0xc  stm32l4xx_hal.o [1]
  .text              ro code   0x800'6fc4     0x290  text_tiny.o [1]
  .text              ro code   0x800'7254      0x54  event_driven.o [1]
  .text              ro code   0x800'72a8      0x14  unit_tests.o [1]
  .text              ro code   0x800'72bc     0x110  glcd.o [1]
  .text              ro code   0x800'73cc     0x15c  ST7565R.o [1]
  .text              ro code   0x800'7528      0x66  ABImemset.o [4]
  .text              ro code   0x800'7590     0x390  text.o [1]
  .text              ro code   0x800'7920     0x200  graphics.o [1]
  .text              ro code   0x800'7b20     0x350  user_modbus_rtu.o [1]
  .text              ro code   0x800'7e70     0x39c  usart.o [1]
  .text              ro code   0x800'820c      0x74  user_connect_sensor.o [1]
  .text              ro code   0x800'8280      0x28  stm32l4xx_hal.o [1]
  .text              ro code   0x800'82a8     0xfc8  stm32l4xx_hal_uart.o [1]
  .text              ro code   0x800'9270     0x172  onchipflash.o [1]
  .text              ro code   0x800'93e4      0xa6  ABImemcpy.o [4]
  .text              ro code   0x800'948c     0x230  I64DivMod.o [4]
  .text              ro code   0x800'96bc     0x1a2  DblMul.o [3]
  .text              ro code   0x800'9860     0x17a  DblAdd.o [3]
  .text              ro code   0x800'99dc      0x3a  DblToS32.o [3]
  .text              ro code   0x800'9a18     0x31c  logx64.o [3]
  .text              ro code   0x800'9d34     0x6ec  pow64.o [3]
  .text              ro code   0x800'a420     0xfc6  xprintffull_nomb.o [2]
  .text              ro code   0x800'b3e8     0x52a  stm32l4xx_hal_spi.o [1]
  .text              ro code   0x800'b912       0x8  abs.o [2]
  .text              ro code   0x800'b91a      0xc2  main.o [1]
  .text              ro code   0x800'b9dc      0x14  memset.o [4]
  .text              ro code   0x800'b9f0     0x4e8  stm32l4xx_hal_rcc_ex.o [1]
  .text              ro code   0x800'bed8     0x422  stm32l4xx_hal_dma.o [1]
  .text              ro code   0x800'c2fc     0x194  stm32l4xx_hal_cortex.o [1]
  .text              ro code   0x800'c490     0x128  user_uart.o [1]
  .text              ro code   0x800'c5b8      0x72  stm32l4xx_hal_uart_ex.o [1]
  .text              ro code   0x800'c62c     0x9fc  stm32l4xx_hal_rcc.o [1]
  .text              ro code   0x800'd028       0x2  stm32l4xx_hal_uart.o [1]
  .text              ro code   0x800'd02a       0x2  stm32l4xx_hal_uart.o [1]
  .text              ro code   0x800'd02c     0x1b8  stm32l4xx_hal_flash.o [1]
  .text              ro code   0x800'd1e4      0xa0  stm32l4xx_hal_flash_ex.o [1]
  .text              ro code   0x800'd284       0x2  I64DivZer.o [4]
  .text              ro code   0x800'd288      0xe2  DblSub.o [3]
  .text              ro code   0x800'd36c      0x70  frexp.o [3]
  .text              ro code   0x800'd3dc      0x2e  DblCmpLe.o [3]
  .text              ro code   0x800'd40c      0x20  DblCmpEq.o [3]
  .text              ro code   0x800'd42c      0x2e  DblCmpGe.o [3]
  .text              ro code   0x800'd45c     0x3e8  iar_Exp64.o [3]
  .text              ro code   0x800'd844      0x16  strchr.o [4]
  .text              ro code   0x800'd85c      0x40  xfail_s.o [2]
  .text              ro code   0x800'd89c      0x58  memchr.o [4]
  .text              ro code   0x800'd8f4     0x13a  ldexp.o [3]
  .text              ro code   0x800'da30      0x28  DblToU32.o [3]
  .text              ro code   0x800'da58       0x8  xlocale_c.o [2]
  .text              ro code   0x800'da60      0xc8  spi.o [1]
  .text              ro code   0x800'db28      0x24  stm32l4xx_hal.o [1]
  .text              ro code   0x800'db4c     0x1d0  gpio.o [1]
  .text              ro code   0x800'dd1c      0x60  dma.o [1]
  .text              ro code   0x800'dd7c     0x150  rtc.o [1]
  .text              ro code   0x800'decc     0x4b0  user_app_comm.o [1]
  .text              ro code   0x800'e37c      0x94  stm32l4xx_hal_pwr_ex.o [1]
  .text              ro code   0x800'e410      0x70  user_rs485.o [1]
  .text              ro code   0x800'e480     0x23a  user_adv_trace.o [1]
  .text              ro code   0x800'e6bc      0x60  stm32l4xx_hal.o [1]
  .text              ro code   0x800'e71c       0x6  abort.o [2]
  .text              ro code   0x800'e724      0x38  stm32l4xx_hal_msp.o [1]
  .text              ro code   0x800'e75c     0x78e  stm32l4xx_hal_rtc.o [1]
  .text              ro code   0x800'eeec     0x310  user_timer.o [1]
  .text              ro code   0x800'f1fc     0x1dc  user_at_serial.o [1]
  .text              ro code   0x800'f3d8      0x58  user_time.o [1]
  .text              ro code   0x800'f430     0x180  user_app_rs485.o [1]
  .text              ro code   0x800'f5b0     0x350  user_tiny_vsnprintf.o [1]
  .text              ro code   0x800'f900      0x14  exit.o [5]
  .text              ro code   0x800'f914     0x3a8  user_rtc.o [1]
  .text              ro code   0x800'fcbc       0x2  stm32l4xx_hal_rtc_ex.o [1]
  .text              ro code   0x800'fcbe     0x1e6  user_string.o [1]
  .text              ro code   0x800'fea4      0x48  stm32l4xx_hal_rtc_ex.o [1]
  .rodata            const     0x800'fef0     0x420  pow64.o [3]
  .rodata            const     0x801'0310     0x400  unit_tests.o [1]
  .rodata            const     0x801'0710     0x228  lcd_display.o [1]
  .rodata            const     0x801'0938     0x214  lcd_display.o [1]
  .rodata            const     0x801'0b4c     0x12c  user_app_sensor.o [1]
  .text              ro code   0x801'0c78      0xd4  stm32l4xx_it.o [1]
  .text              ro code   0x801'0d4c      0x18  stm32l4xx_hal.o [1]
  .text              ro code   0x801'0d64      0x78  lz77_init_single.o [4]
  .rodata            const     0x801'0ddc      0x34  user_app_sensor.o [1]
  .rodata            const     0x801'0e10      0x34  user_app_sensor.o [1]
  .rodata            const     0x801'0e44      0x30  system_stm32l4xx.o [1]
  .rodata            const     0x801'0e74      0x2c  user_rtc.o [1]
  .rodata            const     0x801'0ea0      0x28  user_tiny_vsnprintf.o [1]
  .rodata            const     0x801'0ec8      0x28  user_tiny_vsnprintf.o [1]
  .text              ro code   0x801'0ef0      0x28  data_init.o [4]
  .text              ro code   0x801'0f18      0x22  fpinit_M.o [3]
  .iar.init_table    const     0x801'0f3c      0x20  - Linker created -
  .rodata            const     0x801'0f5c      0x20  user_rtc.o [1]
  .text              ro code   0x801'0f7c      0x1e  cmain.o [4]
  .text              ro code   0x801'0f9a       0x4  low_level_init.o [2]
  .text              ro code   0x801'0f9e       0x4  exit.o [2]
  .text              ro code   0x801'0fa4       0xa  cexit.o [4]
  .rodata            const     0x801'0fb0      0x1c  user_app_comm.o [1]
  .rodata            const     0x801'0fcc      0x1c  user_uart.o [1]
  .rodata            const     0x801'0fe8      0x18  user_app_comm.o [1]
  .rodata            const     0x801'1000      0x14  lcd_display.o [1]
  .rodata            const     0x801'1014      0x14  user_app_comm.o [1]
  .rodata            const     0x801'1028      0x14  user_at_serial.o [1]
  .rodata            const     0x801'103c      0x14  user_at_serial.o [1]
  .rodata            const     0x801'1050      0x14  user_at_serial.o [1]
  .rodata            const     0x801'1064      0x14  user_at_serial.o [1]
  .rodata            const     0x801'1078      0x14  user_at_serial.o [1]
  .rodata            const     0x801'108c      0x10  lcd_display.o [1]
  .rodata            const     0x801'109c      0x10  lcd_display.o [1]
  .rodata            const     0x801'10ac      0x10  lcd_display.o [1]
  .rodata            const     0x801'10bc      0x10  lcd_display.o [1]
  .rodata            const     0x801'10cc      0x10  lcd_display.o [1]
  .rodata            const     0x801'10dc      0x10  lcd_display.o [1]
  .rodata            const     0x801'10ec      0x10  lcd_display.o [1]
  .rodata            const     0x801'10fc      0x10  lcd_display.o [1]
  .rodata            const     0x801'110c      0x10  lcd_display.o [1]
  .rodata            const     0x801'111c      0x10  lcd_display.o [1]
  .rodata            const     0x801'112c      0x10  lcd_display.o [1]
  .rodata            const     0x801'113c      0x10  lcd_display.o [1]
  .rodata            const     0x801'114c      0x10  system_stm32l4xx.o [1]
  .rodata            const     0x801'115c      0x10  user_app_sensor.o [1]
  .rodata            const     0x801'116c      0x10  user_at_serial.o [1]
  .rodata            const     0x801'117c      0x10  user_at_serial.o [1]
  .rodata            const     0x801'118c      0x10  user_at_serial.o [1]
  .rodata            const     0x801'119c      0x10  user_at_serial.o [1]
  .rodata            const     0x801'11ac      0x10  user_at_serial.o [1]
  .rodata            const     0x801'11bc      0x10  user_at_serial.o [1]
  .rodata            const     0x801'11cc      0x10  user_at_serial.o [1]
  .rodata            const     0x801'11dc      0x10  user_at_serial.o [1]
  .rodata            const     0x801'11ec      0x10  user_at_serial.o [1]
  .rodata            const     0x801'11fc      0x10  user_at_serial.o [1]
  .rodata            const     0x801'120c      0x10  user_at_serial.o [1]
  .rodata            const     0x801'121c      0x10  user_at_serial.o [1]
  .rodata            const     0x801'122c      0x10  user_at_serial.o [1]
  .rodata            const     0x801'123c      0x10  user_at_serial.o [1]
  .rodata            const     0x801'124c      0x10  user_at_serial.o [1]
  .rodata            const     0x801'125c      0x10  user_at_serial.o [1]
  .rodata            const     0x801'126c      0x10  user_at_serial.o [1]
  .rodata            const     0x801'127c      0x10  user_at_serial.o [1]
  .rodata            const     0x801'128c      0x10  user_at_serial.o [1]
  .rodata            const     0x801'129c      0x10  user_at_serial.o [1]
  .rodata            const     0x801'12ac      0x10  user_at_serial.o [1]
  .rodata            const     0x801'12bc      0x10  user_at_serial.o [1]
  .rodata            const     0x801'12cc      0x10  user_at_serial.o [1]
  .rodata            const     0x801'12dc      0x10  user_at_serial.o [1]
  .rodata            const     0x801'12ec      0x10  user_at_serial.o [1]
  .rodata            const     0x801'12fc      0x10  user_at_serial.o [1]
  .rodata            const     0x801'130c      0x10  user_at_serial.o [1]
  .rodata            const     0x801'131c      0x10  user_at_serial.o [1]
  .rodata            const     0x801'132c      0x10  user_at_serial.o [1]
  .text              ro code   0x801'133c      0x10  startup_stm32l433xx.o [1]
  .text              ro code   0x801'134c      0x10  system_stm32l4xx.o [1]
  .rodata            const     0x801'135c       0xc  lcd_display.o [1]
  .rodata            const     0x801'1368       0xc  lcd_display.o [1]
  .rodata            const     0x801'1374       0xc  lcd_display.o [1]
  .rodata            const     0x801'1380       0xc  lcd_display.o [1]
  .rodata            const     0x801'138c       0xc  lcd_display.o [1]
  .rodata            const     0x801'1398       0xc  lcd_display.o [1]
  .rodata            const     0x801'13a4       0xc  lcd_display.o [1]
  .rodata            const     0x801'13b0       0xc  lcd_display.o [1]
  .rodata            const     0x801'13bc       0xc  lcd_display.o [1]
  .rodata            const     0x801'13c8       0xc  lcd_display.o [1]
  .rodata            const     0x801'13d4       0xc  lcd_display.o [1]
  .rodata            const     0x801'13e0       0xc  lcd_display.o [1]
  .rodata            const     0x801'13ec       0xc  lcd_display.o [1]
  .rodata            const     0x801'13f8       0xc  lcd_display.o [1]
  .rodata            const     0x801'1404       0xc  lcd_display.o [1]
  .rodata            const     0x801'1410       0xc  lcd_display.o [1]
  .rodata            const     0x801'141c       0xc  lcd_display.o [1]
  .rodata            const     0x801'1428       0xc  lcd_display.o [1]
  .rodata            const     0x801'1434       0xc  lcd_display.o [1]
  .rodata            const     0x801'1440       0xc  lcd_display.o [1]
  .rodata            const     0x801'144c       0xc  lcd_display.o [1]
  .rodata            const     0x801'1458       0xc  lcd_display.o [1]
  .rodata            const     0x801'1464       0xc  lcd_display.o [1]
  .rodata            const     0x801'1470       0xc  lcd_display.o [1]
  .rodata            const     0x801'147c       0xc  lcd_display.o [1]
  .rodata            const     0x801'1488       0xc  user_app_comm.o [1]
  .rodata            const     0x801'1494       0xc  user_app_sensor.o [1]
  .rodata            const     0x801'14a0       0xc  user_app_sensor.o [1]
  .rodata            const     0x801'14ac       0xc  user_app_sensor.o [1]
  .rodata            const     0x801'14b8       0xc  user_app_sensor.o [1]
  .rodata            const     0x801'14c4       0xc  user_app_sensor.o [1]
  .rodata            const     0x801'14d0       0xc  user_app_sensor.o [1]
  .rodata            const     0x801'14dc       0xc  user_app_sensor.o [1]
  .rodata            const     0x801'14e8       0xc  user_app_sensor.o [1]
  .rodata            const     0x801'14f4       0xc  user_app_sensor.o [1]
  .rodata            const     0x801'1500       0xc  user_app_sensor.o [1]
  .rodata            const     0x801'150c       0xc  user_app_sensor.o [1]
  .rodata            const     0x801'1518       0xc  user_app_sensor.o [1]
  .rodata            const     0x801'1524       0xc  user_app_sensor.o [1]
  .rodata            const     0x801'1530       0xc  user_at_serial.o [1]
  .rodata            const     0x801'153c       0xc  user_at_serial.o [1]
  .rodata            const     0x801'1548       0xc  user_at_serial.o [1]
  .rodata            const     0x801'1554       0xc  user_at_serial.o [1]
  .rodata            const     0x801'1560       0xc  user_at_serial.o [1]
  .rodata            const     0x801'156c       0xc  user_at_serial.o [1]
  .rodata            const     0x801'1578       0xc  user_at_serial.o [1]
  .rodata            const     0x801'1584       0xc  user_at_serial.o [1]
  .rodata            const     0x801'1590       0xc  user_at_serial.o [1]
  .rodata            const     0x801'159c       0xc  user_at_serial.o [1]
  .rodata            const     0x801'15a8       0xc  user_at_serial.o [1]
  .rodata            const     0x801'15b4       0xc  user_at_serial.o [1]
  .rodata            const     0x801'15c0       0xc  user_at_serial.o [1]
  .rodata            const     0x801'15cc       0xc  user_at_serial.o [1]
  .rodata            const     0x801'15d8       0xc  user_at_serial.o [1]
  .rodata            const     0x801'15e4       0xc  user_at_serial.o [1]
  .rodata            const     0x801'15f0       0xc  user_at_serial.o [1]
  .rodata            const     0x801'15fc       0xc  user_at_serial.o [1]
  .rodata            const     0x801'1608       0xc  user_at_serial.o [1]
  .rodata            const     0x801'1614       0xc  user_at_serial.o [1]
  .rodata            const     0x801'1620       0xc  user_at_serial.o [1]
  .rodata            const     0x801'162c       0xc  user_at_serial.o [1]
  .rodata            const     0x801'1638       0xc  user_at_serial.o [1]
  .rodata            const     0x801'1644       0xc  user_at_serial.o [1]
  .rodata            const     0x801'1650       0xc  user_at_serial.o [1]
  .rodata            const     0x801'165c       0xc  user_at_serial.o [1]
  .rodata            const     0x801'1668       0xc  user_at_serial.o [1]
  .rodata            const     0x801'1674       0xc  user_at_serial.o [1]
  .rodata            const     0x801'1680       0xc  user_rtc.o [1]
  .rodata            const     0x801'168c       0xc  user_rtc.o [1]
  .text              ro code   0x801'1698       0xc  cstartup_M.o [4]
  .rodata            const     0x801'16a4       0x8  lcd_display.o [1]
  .rodata            const     0x801'16ac       0x8  lcd_display.o [1]
  .rodata            const     0x801'16b4       0x8  lcd_display.o [1]
  .rodata            const     0x801'16bc       0x8  lcd_display.o [1]
  .rodata            const     0x801'16c4       0x8  lcd_display.o [1]
  .rodata            const     0x801'16cc       0x8  lcd_display.o [1]
  .rodata            const     0x801'16d4       0x8  lcd_display.o [1]
  .rodata            const     0x801'16dc       0x8  lcd_display.o [1]
  .rodata            const     0x801'16e4       0x8  lcd_display.o [1]
  .rodata            const     0x801'16ec       0x8  lcd_display.o [1]
  .rodata            const     0x801'16f4       0x8  lcd_display.o [1]
  .rodata            const     0x801'16fc       0x8  lcd_display.o [1]
  .rodata            const     0x801'1704       0x8  lcd_display.o [1]
  .rodata            const     0x801'170c       0x8  lcd_display.o [1]
  .rodata            const     0x801'1714       0x8  system_stm32l4xx.o [1]
  .rodata            const     0x801'171c       0x8  user_app_modbus_rtu.o [1]
  .rodata            const     0x801'1724       0x8  user_app_modbus_rtu.o [1]
  .rodata            const     0x801'172c       0x8  user_app_sensor.o [1]
  .rodata            const     0x801'1734       0x8  user_app_sensor.o [1]
  .rodata            const     0x801'173c       0x8  user_app_sensor.o [1]
  .rodata            const     0x801'1744       0x8  user_app_sensor.o [1]
  .rodata            const     0x801'174c       0x8  user_at_serial.o [1]
  .rodata            const     0x801'1754       0x8  user_at_serial.o [1]
  .rodata            const     0x801'175c       0x8  user_at_serial.o [1]
  .rodata            const     0x801'1764       0x8  user_at_serial.o [1]
  .rodata            const     0x801'176c       0x8  user_at_serial.o [1]
  .rodata            const     0x801'1774       0x8  user_tiny_vsnprintf.o [1]
  .rodata            const     0x801'177c       0x8  user_util.o [1]
  .rodata            const     0x801'1784       0x8  xprintffull_nomb.o [2]
  .rodata            const     0x801'178c       0x4  lcd_display.o [1]
  .rodata            const     0x801'1790       0x4  lcd_display.o [1]
  .rodata            const     0x801'1794       0x4  lcd_display.o [1]
  .rodata            const     0x801'1798       0x4  lcd_display.o [1]
  .rodata            const     0x801'179c       0x4  lcd_display.o [1]
  .text              ro code   0x801'17a0       0x4  startup_stm32l433xx.o [1]
  .text              ro code   0x801'17a4       0x4  startup_stm32l433xx.o [1]
  .text              ro code   0x801'17a8       0x4  startup_stm32l433xx.o [1]
  .text              ro code   0x801'17ac       0x4  startup_stm32l433xx.o [1]
  .text              ro code   0x801'17b0       0x4  startup_stm32l433xx.o [1]
  .text              ro code   0x801'17b4       0x4  startup_stm32l433xx.o [1]
  .text              ro code   0x801'17b8       0x4  startup_stm32l433xx.o [1]
  .text              ro code   0x801'17bc       0x4  startup_stm32l433xx.o [1]
  .text              ro code   0x801'17c0       0x4  startup_stm32l433xx.o [1]
  .text              ro code   0x801'17c4       0x4  startup_stm32l433xx.o [1]
  .text              ro code   0x801'17c8       0x4  startup_stm32l433xx.o [1]
  .text              ro code   0x801'17cc       0x4  startup_stm32l433xx.o [1]
  .text              ro code   0x801'17d0       0x4  startup_stm32l433xx.o [1]
  .text              ro code   0x801'17d4       0x4  startup_stm32l433xx.o [1]
  .text              ro code   0x801'17d8       0x4  startup_stm32l433xx.o [1]
  .text              ro code   0x801'17dc       0x4  startup_stm32l433xx.o [1]
  .text              ro code   0x801'17e0       0x4  startup_stm32l433xx.o [1]
  .text              ro code   0x801'17e4       0x4  startup_stm32l433xx.o [1]
  .text              ro code   0x801'17e8       0x4  startup_stm32l433xx.o [1]
  .text              ro code   0x801'17ec       0x4  startup_stm32l433xx.o [1]
  .text              ro code   0x801'17f0       0x4  startup_stm32l433xx.o [1]
  .text              ro code   0x801'17f4       0x4  startup_stm32l433xx.o [1]
  .text              ro code   0x801'17f8       0x4  startup_stm32l433xx.o [1]
  .text              ro code   0x801'17fc       0x4  startup_stm32l433xx.o [1]
  .text              ro code   0x801'1800       0x4  startup_stm32l433xx.o [1]
  .text              ro code   0x801'1804       0x4  startup_stm32l433xx.o [1]
  .text              ro code   0x801'1808       0x4  startup_stm32l433xx.o [1]
  .text              ro code   0x801'180c       0x4  startup_stm32l433xx.o [1]
  .text              ro code   0x801'1810       0x4  startup_stm32l433xx.o [1]
  .text              ro code   0x801'1814       0x4  startup_stm32l433xx.o [1]
  .text              ro code   0x801'1818       0x4  startup_stm32l433xx.o [1]
  .text              ro code   0x801'181c       0x4  startup_stm32l433xx.o [1]
  .text              ro code   0x801'1820       0x4  startup_stm32l433xx.o [1]
  .text              ro code   0x801'1824       0x4  startup_stm32l433xx.o [1]
  .text              ro code   0x801'1828       0x4  startup_stm32l433xx.o [1]
  .text              ro code   0x801'182c       0x4  startup_stm32l433xx.o [1]
  .text              ro code   0x801'1830       0x4  startup_stm32l433xx.o [1]
  .text              ro code   0x801'1834       0x4  startup_stm32l433xx.o [1]
  .text              ro code   0x801'1838       0x4  startup_stm32l433xx.o [1]
  .text              ro code   0x801'183c       0x4  startup_stm32l433xx.o [1]
  .text              ro code   0x801'1840       0x4  startup_stm32l433xx.o [1]
  .text              ro code   0x801'1844       0x4  startup_stm32l433xx.o [1]
  .text              ro code   0x801'1848       0x4  startup_stm32l433xx.o [1]
  .text              ro code   0x801'184c       0x4  startup_stm32l433xx.o [1]
  .text              ro code   0x801'1850       0x4  startup_stm32l433xx.o [1]
  .text              ro code   0x801'1854       0x4  startup_stm32l433xx.o [1]
  .text              ro code   0x801'1858       0x4  startup_stm32l433xx.o [1]
  .text              ro code   0x801'185c       0x4  startup_stm32l433xx.o [1]
  .text              ro code   0x801'1860       0x4  startup_stm32l433xx.o [1]
  .text              ro code   0x801'1864       0x4  startup_stm32l433xx.o [1]
  .text              ro code   0x801'1868       0x4  startup_stm32l433xx.o [1]
  .text              ro code   0x801'186c       0x4  startup_stm32l433xx.o [1]
  .text              ro code   0x801'1870       0x4  startup_stm32l433xx.o [1]
  .text              ro code   0x801'1874       0x4  startup_stm32l433xx.o [1]
  .text              ro code   0x801'1878       0x4  startup_stm32l433xx.o [1]
  .text              ro code   0x801'187c       0x4  startup_stm32l433xx.o [1]
  .text              ro code   0x801'1880       0x4  startup_stm32l433xx.o [1]
  .text              ro code   0x801'1884       0x4  startup_stm32l433xx.o [1]
  .text              ro code   0x801'1888       0x4  startup_stm32l433xx.o [1]
  .rodata            const     0x801'188c       0x0  zero_init3.o [4]
  .rodata            const     0x801'188c       0x0  lz77_init_single.o [4]
  Initializer bytes  const     0x801'188c     0x610  <for P2-1>
                             - 0x801'1e9c  0x1'1d10

"P2", part 1 of 3:                            0xe91
  P2-1                        0x2000'0000     0xe91  <Init block>
    .data            inited   0x2000'0000       0xc  button.o [1]
    .data            inited   0x2000'000c      0x70  lcd_display.o [1]
    .data            inited   0x2000'007c      0x80  lcd_display.o [1]
    .data            inited   0x2000'00fc       0x8  lcd_display.o [1]
    .data            inited   0x2000'0104       0x4  lcd_display.o [1]
    .data            inited   0x2000'0108      0x10  lcd_display.o [1]
    .data            inited   0x2000'0118      0x10  lcd_display.o [1]
    .data            inited   0x2000'0128      0x10  lcd_display.o [1]
    .data            inited   0x2000'0138      0x10  lcd_display.o [1]
    .data            inited   0x2000'0148      0x10  lcd_display.o [1]
    .data            inited   0x2000'0158       0x8  lcd_display.o [1]
    .data            inited   0x2000'0160     0x5d0  lcd_display.o [1]
    .data            inited   0x2000'0730       0x4  stm32l4xx_hal.o [1]
    .data            inited   0x2000'0734      0x20  stm32l4xx_hal_flash.o [1]
    .data            inited   0x2000'0754       0x4  system_stm32l4xx.o [1]
    .data            inited   0x2000'0758      0x70  user_app_comm.o [1]
    .data            inited   0x2000'07c8       0x8  user_app_comm.o [1]
    .data            inited   0x2000'07d0       0x8  user_app_comm.o [1]
    .data            inited   0x2000'07d8     0x12c  user_app_modbus_rtu.o [1]
    .data            inited   0x2000'0904      0x2c  user_app_modbus_rtu.o [1]
    .data            inited   0x2000'0930       0x8  user_app_modbus_rtu.o [1]
    .data            inited   0x2000'0938      0x40  user_app_rs485.o [1]
    .data            inited   0x2000'0978      0x90  user_app_sensor.o [1]
    .data            inited   0x2000'0a08       0x8  user_app_sensor.o [1]
    .data            inited   0x2000'0a10       0x4  user_app_sensor.o [1]
    .data            inited   0x2000'0a14       0x8  user_at_serial.o [1]
    .data            inited   0x2000'0a1c     0x420  user_at_serial.o [1]
    .data            inited   0x2000'0e3c       0x8  user_connect_sensor.o [1]
    .data            inited   0x2000'0e44       0x8  user_rs485.o [1]
    .data            inited   0x2000'0e4c       0x4  user_tiny_vsnprintf.o [1]
    .data            inited   0x2000'0e50       0x4  user_tiny_vsnprintf.o [1]
    .data            inited   0x2000'0e54      0x38  xlocale_c.o [2]
    .data            inited   0x2000'0e8c       0x2  user_app_modbus_rtu.o [1]
    .data            inited   0x2000'0e8e       0x1  lcd_display.o [1]
    .data            inited   0x2000'0e8f       0x1  stm32l4xx_hal.o [1]
    .data            inited   0x2000'0e90       0x1  user_util.o [1]
                            - 0x2000'0e91     0xe91

"P2", part 2 of 3:                           0x1e44
  .bss               zero     0x2000'0e94     0x4b0  user_app_comm.o [1]
  .bss               zero     0x2000'1344     0x400  glcd.o [1]
  .bss               zero     0x2000'1744     0x400  user_adv_trace.o [1]
  .bss               zero     0x2000'1b44     0x2e8  lcd_display.o [1]
  .bss               zero     0x2000'1e2c     0x200  user_adv_trace.o [1]
  .bss               zero     0x2000'202c     0x200  user_connect_sensor.o [1]
  .bss               zero     0x2000'222c     0x200  user_rs485.o [1]
  .bss               zero     0x2000'242c      0xbc  lcd_display.o [1]
  .bss               zero     0x2000'24e8      0x88  usart.o [1]
  .bss               zero     0x2000'2570      0x88  usart.o [1]
  .bss               zero     0x2000'25f8      0x88  usart.o [1]
  .bss               zero     0x2000'2680      0x80  user_app_modbus_rtu.o [1]
  .bss               zero     0x2000'2700      0x80  user_app_modbus_rtu.o [1]
  .bss               zero     0x2000'2780      0x80  user_app_modbus_rtu.o [1]
  .bss               zero     0x2000'2800      0x80  user_at_serial.o [1]
  .bss               zero     0x2000'2880      0x80  user_at_serial.o [1]
  .bss               zero     0x2000'2900      0x64  spi.o [1]
  .bss               zero     0x2000'2964      0x64  user_app_comm.o [1]
  .bss               zero     0x2000'29c8      0x48  usart.o [1]
  .bss               zero     0x2000'2a10      0x48  usart.o [1]
  .bss               zero     0x2000'2a58      0x48  usart.o [1]
  .bss               zero     0x2000'2aa0      0x48  user_app_sensor.o [1]
  .bss               zero     0x2000'2ae8      0x30  user_app_sensor.o [1]
  .bss               zero     0x2000'2b18      0x2c  user_rtc.o [1]
  .bss               zero     0x2000'2b44      0x28  user_app_sensor.o [1]
  .bss               zero     0x2000'2b6c      0x28  user_app_sensor.o [1]
  .bss               zero     0x2000'2b94      0x24  rtc.o [1]
  .bss               zero     0x2000'2bb8      0x1c  user_rtc.o [1]
  .bss               zero     0x2000'2bd4      0x18  button.o [1]
  .bss               zero     0x2000'2bec      0x18  user_adv_trace.o [1]
  .bss               zero     0x2000'2c04      0x18  user_app_comm.o [1]
  .bss               zero     0x2000'2c1c      0x10  lcd_display.o [1]
  .bss               zero     0x2000'2c2c      0x10  user_app_sensor.o [1]
  .bss               zero     0x2000'2c3c       0xc  text.o [1]
  .bss               zero     0x2000'2c48       0xc  user_app_sensor.o [1]
  .bss               zero     0x2000'2c54       0xc  user_app_sensor.o [1]
  .bss               zero     0x2000'2c60       0xc  user_util.o [1]
  .bss               zero     0x2000'2c6c       0x4  button.o [1]
  .bss               zero     0x2000'2c70       0x4  button.o [1]
  .bss               zero     0x2000'2c74       0x4  button.o [1]
  .bss               zero     0x2000'2c78       0x4  glcd.o [1]
  .bss               zero     0x2000'2c7c       0x4  glcd.o [1]
  .bss               zero     0x2000'2c80       0x4  glcd.o [1]
  .bss               zero     0x2000'2c84       0x4  lcd_display.o [1]
  .bss               zero     0x2000'2c88       0x4  stm32l4xx_hal.o [1]
  .bss               zero     0x2000'2c8c       0x4  stm32l4xx_it.o [1]
  .bss               zero     0x2000'2c90       0x4  user_app_comm.o [1]
  .bss               zero     0x2000'2c94       0x4  user_app_sensor.o [1]
  .bss               zero     0x2000'2c98       0x4  user_app_sensor.o [1]
  .bss               zero     0x2000'2c9c       0x4  user_app_sensor.o [1]
  .bss               zero     0x2000'2ca0       0x4  user_rtc.o [1]
  .bss               zero     0x2000'2ca4       0x4  user_timer.o [1]
  .bss               zero     0x2000'2ca8       0x4  user_util.o [1]
  .bss               zero     0x2000'2cac       0x4  user_util.o [1]
  .bss               zero     0x2000'2cb0       0x4  user_util.o [1]
  .bss               zero     0x2000'2cb4       0x4  xfail_s.o [2]
  .bss               zero     0x2000'2cb8       0x2  button.o [1]
  .bss               zero     0x2000'2cba       0x2  lcd_display.o [1]
  .bss               zero     0x2000'2cbc       0x2  user_app_comm.o [1]
  .bss               zero     0x2000'2cbe       0x2  user_app_comm.o [1]
  .bss               zero     0x2000'2cc0       0x2  user_app_sensor.o [1]
  .bss               zero     0x2000'2cc2       0x2  user_app_sensor.o [1]
  .bss               zero     0x2000'2cc4       0x2  user_uart.o [1]
  .bss               zero     0x2000'2cc6       0x1  button.o [1]
  .bss               zero     0x2000'2cc7       0x1  lcd_display.o [1]
  .bss               zero     0x2000'2cc8       0x1  lcd_display.o [1]
  .bss               zero     0x2000'2cc9       0x1  lcd_display.o [1]
  .bss               zero     0x2000'2cca       0x1  stm32l4xx_it.o [1]
  .bss               zero     0x2000'2ccb       0x1  user_app_comm.o [1]
  .bss               zero     0x2000'2ccc       0x1  user_app_comm.o [1]
  .bss               zero     0x2000'2ccd       0x1  user_app_rs485.o [1]
  .bss               zero     0x2000'2cce       0x1  user_app_sensor.o [1]
  .bss               zero     0x2000'2ccf       0x1  user_app_sensor.o [1]
  .bss               zero     0x2000'2cd0       0x1  user_app_sensor.o [1]
  .bss               zero     0x2000'2cd1       0x1  user_at_serial.o [1]
  .bss               zero     0x2000'2cd2       0x1  user_connect_sensor.o [1]
  .bss               zero     0x2000'2cd3       0x1  user_connect_sensor.o [1]
  .bss               zero     0x2000'2cd4       0x1  user_rs485.o [1]
  .bss               zero     0x2000'2cd5       0x1  user_rs485.o [1]
  .bss               zero     0x2000'2cd6       0x1  user_rtc.o [1]
  .bss               zero     0x2000'2cd7       0x1  user_uart.o [1]
                            - 0x2000'2cd8    0x1e44

"P2", part 3 of 3:                            0x400
  CSTACK                      0x2000'2cd8     0x400  <Block>
    CSTACK           uninit   0x2000'2cd8     0x400  <Block tail>
                            - 0x2000'30d8     0x400

Unused ranges:

         From           To      Size
         ----           --      ----
   0x801'1e9c   0x803'ffff  0x2'e164
  0x2000'0e91  0x2000'0e93       0x3
  0x2000'30d8  0x2000'ffff    0xcf28


*******************************************************************************
*** INIT TABLE
***

          Address      Size
          -------      ----
Zero (__iar_zero_init3)
    1 destination range, total size 0x1e44:
          0x2000'0e94  0x1e44

Copy/lz77 (__iar_lz77_init_single3)
    1 source range, total size 0x610 (41% of destination):
           0x801'188c   0x610
    1 destination range, total size 0xe91:
          0x2000'0000   0xe91



*******************************************************************************
*** MODULE SUMMARY
***

    Module                    ro code  ro data  rw data
    ------                    -------  -------  -------
command line/config:
    ---------------------------------------------------
    Total:

D:\Saoviet_Git\Saoviet_Envirotrack_M_TNMT\Project_Slave_Winmore_NH4\Project_Slave_Sensor_EnviroTrack\EWARM\Project_Slave_Sensor_EnviroTrack\Obj: [1]
    ST7565R.o                     348
    STM32L4.o                     176
    button.o                    9'520        4       51
    dma.o                          96
    event_driven.o                 84
    glcd.o                        272             1'036
    gpio.o                        464
    graphics.o                    512
    lcd_display.o               3'772    2'490    2'786
    main.o                        194
    onchipflash.o                 370
    rtc.o                         336                36
    spi.o                         200               100
    startup_stm32l433xx.o         648
    stm32l4xx_hal.o               208        2        9
    stm32l4xx_hal_cortex.o        404
    stm32l4xx_hal_dma.o         1'058
    stm32l4xx_hal_flash.o         440       13       32
    stm32l4xx_hal_flash_ex.o      160
    stm32l4xx_hal_gpio.o          896
    stm32l4xx_hal_msp.o            56
    stm32l4xx_hal_pwr_ex.o        148
    stm32l4xx_hal_rcc.o         2'556
    stm32l4xx_hal_rcc_ex.o      1'256
    stm32l4xx_hal_rtc.o         1'934
    stm32l4xx_hal_rtc_ex.o         74
    stm32l4xx_hal_spi.o         1'322
    stm32l4xx_hal_uart.o        4'044
    stm32l4xx_hal_uart_ex.o       114
    stm32l4xx_it.o                212                 5
    system_stm32l4xx.o             16       74        4
    text.o                        912                12
    text_tiny.o                   656
    unit_tests.o                   20    1'024
    usart.o                       924               624
    user_adv_trace.o              570             1'560
    user_app_comm.o             1'200      137    1'462
    user_app_modbus_rtu.o       2'764      164      738
    user_app_rs485.o              384       26       65
    user_app_sensor.o           8'456      673      415
    user_at_serial.o              476    1'383    1'321
    user_connect_sensor.o         116        3      522
    user_convert_variable.o     1'036
    user_modbus_rtu.o             848
    user_rs485.o                  112        4      522
    user_rtc.o                    936      100       77
    user_string.o                 486
    user_time.o                    88
    user_timer.o                  784                 4
    user_tiny_vsnprintf.o         848       91        8
    user_uart.o                   296       28        3
    user_util.o                   540        9       25
    ---------------------------------------------------
    Total:                     54'342    6'225   11'417

dl7M_tlf.a: [2]
    abort.o                         6
    abs.o                           8
    exit.o                          4
    low_level_init.o                4
    sprintf.o                      64
    xfail_s.o                      64                 4
    xlocale_c.o                     8       26       56
    xprintffull_nomb.o          4'038        8
    xsprout.o                      10
    ---------------------------------------------------
    Total:                      4'206       34       60

m7M_tls.a: [3]
    DblAdd.o                      378
    DblCmpEq.o                     32
    DblCmpGe.o                     46
    DblCmpLe.o                     46
    DblDiv.o                      582
    DblMul.o                      418
    DblSub.o                      226
    DblToFlt.o                    104
    DblToS32.o                     58
    DblToU32.o                     40
    FltToDbl.o                     72
    S32ToDbl.o                     34
    U32ToDbl.o                     26
    fpinit_M.o                     34
    frexp.o                       112
    iar_Exp64.o                 1'000
    ldexp.o                       314
    logx64.o                      796
    math_wrappers64.o              34
    pow64.o                     1'772    1'056
    ---------------------------------------------------
    Total:                      6'124    1'056

rt7M_tl.a: [4]
    ABImemcpy.o                   166
    ABImemset.o                   102
    I64DivMod.o                   560
    I64DivZer.o                     2
    cexit.o                        10
    cmain.o                        30
    cstartup_M.o                   12
    data_init.o                    40
    lz77_init_single.o            120
    memchr.o                       88
    memset.o                       20
    strchr.o                       22
    strlen.o                       54
    zero_init3.o                   58
    ---------------------------------------------------
    Total:                      1'284

shb_l.a: [5]
    exit.o                         20
    ---------------------------------------------------
    Total:                         20

    Gaps                           41        8
    Linker created                          32    1'024
-------------------------------------------------------
    Grand Total:               66'017    7'355   12'501


*******************************************************************************
*** ENTRY LIST
***

Entry                       Address    Size  Type      Object
-----                       -------    ----  ----      ------
.iar.init_table$$Base    0x801'0f3c           --   Gb  - Linker created -
.iar.init_table$$Limit   0x801'0f5c           --   Gb  - Linker created -
?main                    0x801'0f7d          Code  Gb  cmain.o [4]
ADV_TRACE_Buffer        0x2000'1744   0x400  Data  Lc  user_adv_trace.o [1]
ADV_TRACE_Ctx           0x2000'2bec    0x18  Data  Lc  user_adv_trace.o [1]
AHBPrescTable            0x801'114c    0x10  Data  Gb  system_stm32l4xx.o [1]
APBPrescTable            0x801'1714     0x8  Data  Gb  system_stm32l4xx.o [1]
AT_CMD_Get_BR_Slave      0x800'5671    0x5a  Code  Gb  user_app_sensor.o [1]
AT_CMD_Get_Calib_Nh4     0x800'57c1   0x23c  Code  Gb  user_app_sensor.o [1]
AT_CMD_Get_ID_Slave      0x800'5545    0x5a  Code  Gb  user_app_sensor.o [1]
AT_CMD_Reset_Slave       0x800'548d    0x4a  Code  Gb  user_app_sensor.o [1]
AT_CMD_Restore_Slave     0x800'54e5    0x60  Code  Gb  user_app_sensor.o [1]
AT_CMD_Set_BR_Slave      0x800'56cb    0xa0  Code  Gb  user_app_sensor.o [1]
AT_CMD_Set_ID_Slave      0x800'55c9    0xa2  Code  Gb  user_app_sensor.o [1]
AppComm_DBG_Init_RX_Mode
                         0x800'e14d    0x1e  Code  Gb  user_app_comm.o [1]
AppComm_DBG_Init_Uart    0x800'e145     0x8  Code  Gb  user_app_comm.o [1]
AppComm_DBG_Rx_Callback
                         0x800'e173   0x176  Code  Gb  user_app_comm.o [1]
AppComm_DBG_Stop_RX_Mode
                         0x800'e171     0x2  Code  Gb  user_app_comm.o [1]
AppComm_Get_Reset_Source
                         0x800'e10d    0x38  Code  Gb  user_app_comm.o [1]
AppComm_IRQ_Timer_CallBack
                         0x800'e0cd     0xc  Code  Gb  user_app_comm.o [1]
AppComm_Init             0x800'e00d    0x20  Code  Gb  user_app_comm.o [1]
AppComm_Set_Next_TxTimer
                         0x800'e0f3     0x2  Code  Gb  user_app_comm.o [1]
AppComm_Task             0x800'e02d    0x9e  Code  Gb  user_app_comm.o [1]
AppComm_Uart_Debug_Send
                         0x800'e0f5    0x18  Code  Lc  user_app_comm.o [1]
AppRs485_Task            0x800'f509    0x84  Code  Gb  user_app_rs485.o [1]
AppSensor_Task           0x800'5a4d    0x84  Code  Gb  user_app_sensor.o [1]
BUTTON_Down_Process      0x800'19b1   0x488  Code  Gb  button.o [1]
BUTTON_ESC_Process       0x800'1e49   0x830  Code  Gb  button.o [1]
BUTTON_Enter_Process     0x800'02ed  0x124a  Code  Gb  button.o [1]
BUTTON_Process           0x800'018d    0x32  Code  Gb  button.o [1]
BUTTON_Up_Process        0x800'1541   0x456  Code  Gb  button.o [1]
BUTTON_scan              0x800'01bf   0x116  Code  Gb  button.o [1]
BUTTON_scan::block_time
                        0x2000'2cb8     0x2  Data  Lc  button.o [1]
BUTTON_scan::hold       0x2000'2c6c     0x4  Data  Lc  button.o [1]
BUTTON_scan::last_value
                        0x2000'2cc6     0x1  Data  Lc  button.o [1]
BusFault_Handler         0x801'0c7f     0x2  Code  Gb  stm32l4xx_it.o [1]
Button_B_Const_f        0x2000'2c74     0x4  Data  Gb  button.o [1]
Button_K_Const_f        0x2000'2c70     0x4  Data  Gb  button.o [1]
CSTACK$$Base            0x2000'2cd8           --   Gb  - Linker created -
CSTACK$$Limit           0x2000'30d8           --   Gb  - Linker created -
Cal_Calib_NH4            0x800'469d    0x38  Code  Gb  user_app_sensor.o [1]
Cal_Calib_NH4_Log        0x800'46d5   0x10a  Code  Gb  user_app_sensor.o [1]
Cal_Time                 0x800'2a5b    0x12  Code  Gb  user_util.o [1]
Calculator_Scale         0x800'66e9    0x54  Code  Gb  user_convert_variable.o [1]
CheckList_AT_CONFIG     0x2000'0a1c   0x420  Data  Gb  user_at_serial.o [1]
Check_Time_Out           0x800'2a3d    0x1e  Code  Gb  user_util.o [1]
Convert_Point_Int_To_String
                         0x800'673d    0xce  Code  Gb  user_convert_variable.o [1]
Convert_Point_Int_To_String_Scale
                         0x800'680b    0xea  Code  Gb  user_convert_variable.o [1]
Convert_Scale            0x800'2bad    0x5c  Code  Gb  user_util.o [1]
Convert_String_To_Dec    0x800'6a65    0x5c  Code  Gb  user_convert_variable.o [1]
Convert_uint32Hex_To_Float
                         0x800'6921   0x144  Code  Gb  user_convert_variable.o [1]
CountBufferHandleRecvSS
                        0x2000'2cc0     0x2  Data  Gb  user_app_sensor.o [1]
DMA1_Channel3_IRQHandler
                         0x801'0cd9     0xa  Code  Gb  stm32l4xx_it.o [1]
DMA1_Channel5_IRQHandler
                         0x801'0ce3     0xa  Code  Gb  stm32l4xx_it.o [1]
DMA2_Channel7_IRQHandler
                         0x801'0d0b     0xa  Code  Gb  stm32l4xx_it.o [1]
DMA_SetConfig            0x800'c2c9    0x32  Code  Lc  stm32l4xx_hal_dma.o [1]
DaysInMonth              0x801'1680     0xc  Data  Lc  user_rtc.o [1]
DaysInMonthLeapYear      0x801'168c     0xc  Data  Lc  user_rtc.o [1]
DebugMon_Handler         0x801'0c85     0x2  Code  Gb  stm32l4xx_it.o [1]
Display_Check_Password   0x800'39b7    0x2e  Code  Gb  lcd_display.o [1]
Display_Check_Toggle     0x800'3825    0xac  Code  Gb  lcd_display.o [1]
Display_Check_Toggle::Hide
                        0x2000'242c    0xbc  Data  Lc  lcd_display.o [1]
Display_Check_Toggle::LandMarkToggle_u32
                        0x2000'1b44   0x2e8  Data  Lc  lcd_display.o [1]
Display_Init             0x800'2c59   0x1ac  Code  Gb  lcd_display.o [1]
Display_Set_Screen       0x800'3981    0x36  Code  Gb  lcd_display.o [1]
Display_Set_Screen_Flag
                         0x800'3935    0x46  Code  Gb  lcd_display.o [1]
Display_Show_Oject       0x800'3485   0x3a0  Code  Gb  lcd_display.o [1]
Display_Show_Screen      0x800'38d5    0x52  Code  Gb  lcd_display.o [1]
Display_Show_State_Sensor_Network
                         0x800'39f9    0x34  Code  Gb  lcd_display.o [1]
Display_Show_State_Setting
                         0x800'3a31    0x5c  Code  Gb  lcd_display.o [1]
Display_Show_Static_Param
                         0x800'39e5    0x14  Code  Gb  lcd_display.o [1]
Display_Task             0x800'2e05    0x7e  Code  Gb  lcd_display.o [1]
Error_Handler            0x800'b9d9     0x4  Code  Gb  main.o [1]
FLASH_FlushCaches        0x800'd20f    0x6a  Code  Gb  stm32l4xx_hal_flash_ex.o [1]
FLASH_PageErase          0x800'd1e5    0x2a  Code  Gb  stm32l4xx_hal_flash_ex.o [1]
FLASH_Program_DoubleWord
                         0x800'd173    0x1a  Code  Lc  stm32l4xx_hal_flash.o [1]
FLASH_Program_Fast       0x800'd18d    0x32  Code  Lc  stm32l4xx_hal_flash.o [1]
FLASH_WaitForLastOperation
                         0x800'd10d    0x66  Code  Gb  stm32l4xx_hal_flash.o [1]
Filter_Temp              0x800'4509     0x2  Code  Gb  user_app_sensor.o [1]
Filter_pH                0x800'4449    0xc0  Code  Gb  user_app_sensor.o [1]
Filter_pH::P            0x2000'0a10     0x4  Data  Lc  user_app_sensor.o [1]
Filter_pH::x_est        0x2000'2c98     0x4  Data  Lc  user_app_sensor.o [1]
Filter_pH::x_est_last   0x2000'2c9c     0x4  Data  Lc  user_app_sensor.o [1]
Find_String_V2           0x800'fcbf   0x130  Code  Gb  user_string.o [1]
Find_str_fix             0x800'fe11    0x94  Code  Gb  user_string.o [1]
Flag_gettick            0x2000'2cca     0x1  Data  Gb  stm32l4xx_it.o [1]
Font5x7                  0x801'0938   0x214  Data  Lc  lcd_display.o [1]
Get_RTC                  0x800'f3d9    0x4e  Code  Gb  user_time.o [1]
HAL_DMA_Abort            0x800'c125    0x54  Code  Gb  stm32l4xx_hal_dma.o [1]
HAL_DMA_Abort_IT         0x800'c179    0x5e  Code  Gb  stm32l4xx_hal_dma.o [1]
HAL_DMA_DeInit           0x800'bfb9    0xb8  Code  Gb  stm32l4xx_hal_dma.o [1]
HAL_DMA_IRQHandler       0x800'c1d7    0xf2  Code  Gb  stm32l4xx_hal_dma.o [1]
HAL_DMA_Init             0x800'bed9    0xe0  Code  Gb  stm32l4xx_hal_dma.o [1]
HAL_DMA_Start_IT         0x800'c08d    0x98  Code  Gb  stm32l4xx_hal_dma.o [1]
HAL_Delay                0x800'8281    0x28  Code  Wk  stm32l4xx_hal.o [1]
HAL_FLASH_Lock           0x800'd0ff     0xe  Code  Gb  stm32l4xx_hal_flash.o [1]
HAL_FLASH_Program        0x800'd02d    0xb0  Code  Gb  stm32l4xx_hal_flash.o [1]
HAL_FLASH_Unlock         0x800'd0dd    0x22  Code  Gb  stm32l4xx_hal_flash.o [1]
HAL_GPIO_DeInit          0x800'287f   0x166  Code  Gb  stm32l4xx_hal_gpio.o [1]
HAL_GPIO_Init            0x800'26bd   0x1c2  Code  Gb  stm32l4xx_hal_gpio.o [1]
HAL_GPIO_ReadPin         0x800'29e5    0x16  Code  Gb  stm32l4xx_hal_gpio.o [1]
HAL_GPIO_WritePin        0x800'29fb    0x18  Code  Gb  stm32l4xx_hal_gpio.o [1]
HAL_GetTick              0x800'6fb9     0xc  Code  Wk  stm32l4xx_hal.o [1]
HAL_IncTick              0x801'0d4d    0x18  Code  Wk  stm32l4xx_hal.o [1]
HAL_Init                 0x800'db29    0x24  Code  Gb  stm32l4xx_hal.o [1]
HAL_InitTick             0x800'e6bd    0x60  Code  Wk  stm32l4xx_hal.o [1]
HAL_MspInit              0x800'e725    0x38  Code  Gb  stm32l4xx_hal_msp.o [1]
HAL_NVIC_DisableIRQ      0x800'c453     0xe  Code  Gb  stm32l4xx_hal_cortex.o [1]
HAL_NVIC_EnableIRQ       0x800'c445     0xe  Code  Gb  stm32l4xx_hal_cortex.o [1]
HAL_NVIC_SetPriority     0x800'c41b    0x2a  Code  Gb  stm32l4xx_hal_cortex.o [1]
HAL_NVIC_SetPriorityGrouping
                         0x800'c40f     0xc  Code  Gb  stm32l4xx_hal_cortex.o [1]
HAL_PWREx_ControlVoltageScaling
                         0x800'e389    0x76  Code  Gb  stm32l4xx_hal_pwr_ex.o [1]
HAL_PWREx_GetVoltageRange
                         0x800'e37d     0xc  Code  Gb  stm32l4xx_hal_pwr_ex.o [1]
HAL_RCCEx_PeriphCLKConfig
                         0x800'b9f1   0x34c  Code  Gb  stm32l4xx_hal_rcc_ex.o [1]
HAL_RCC_ClockConfig      0x800'ccb5   0x17a  Code  Gb  stm32l4xx_hal_rcc.o [1]
HAL_RCC_GetHCLKFreq      0x800'cf03     0x6  Code  Gb  stm32l4xx_hal_rcc.o [1]
HAL_RCC_GetPCLK1Freq     0x800'cf09    0x1a  Code  Gb  stm32l4xx_hal_rcc.o [1]
HAL_RCC_GetPCLK2Freq     0x800'cf23    0x1a  Code  Gb  stm32l4xx_hal_rcc.o [1]
HAL_RCC_GetResetSource   0x800'cf4d    0x12  Code  Gb  stm32l4xx_hal_rcc.o [1]
HAL_RCC_GetSysClockFreq
                         0x800'ce2f    0xd4  Code  Gb  stm32l4xx_hal_rcc.o [1]
HAL_RCC_OscConfig        0x800'c62d   0x688  Code  Gb  stm32l4xx_hal_rcc.o [1]
HAL_RTCEx_AlarmBEventCallback
                         0x800'fcbd     0x2  Code  Wk  stm32l4xx_hal_rtc_ex.o [1]
HAL_RTCEx_EnableBypassShadow
                         0x800'fea5    0x48  Code  Gb  stm32l4xx_hal_rtc_ex.o [1]
HAL_RTC_AlarmAEventCallback
                         0x800'fa25     0xc  Code  Gb  user_rtc.o [1]
HAL_RTC_AlarmIRQHandler
                         0x800'ed61    0x60  Code  Gb  stm32l4xx_hal_rtc.o [1]
HAL_RTC_DeactivateAlarm
                         0x800'ec87    0xda  Code  Gb  stm32l4xx_hal_rtc.o [1]
HAL_RTC_GetDate          0x800'ea4f    0x52  Code  Gb  stm32l4xx_hal_rtc.o [1]
HAL_RTC_GetTime          0x800'e91d    0x66  Code  Gb  stm32l4xx_hal_rtc.o [1]
HAL_RTC_Init             0x800'e75d    0xca  Code  Gb  stm32l4xx_hal_rtc.o [1]
HAL_RTC_MspInit          0x800'de71    0x50  Code  Gb  rtc.o [1]
HAL_RTC_SetAlarm_IT      0x800'eaa1   0x1e6  Code  Gb  stm32l4xx_hal_rtc.o [1]
HAL_RTC_SetDate          0x800'e983    0xcc  Code  Gb  stm32l4xx_hal_rtc.o [1]
HAL_RTC_SetTime          0x800'e827    0xf6  Code  Gb  stm32l4xx_hal_rtc.o [1]
HAL_RTC_WaitForSynchro   0x800'edc1    0x2e  Code  Gb  stm32l4xx_hal_rtc.o [1]
HAL_SPI_Init             0x800'b3e9    0xf8  Code  Gb  stm32l4xx_hal_spi.o [1]
HAL_SPI_MspInit          0x800'dab1    0x62  Code  Gb  spi.o [1]
HAL_SPI_Transmit         0x800'b4e1   0x1fe  Code  Gb  stm32l4xx_hal_spi.o [1]
HAL_SYSTICK_Config       0x800'c461     0xc  Code  Gb  stm32l4xx_hal_cortex.o [1]
HAL_UARTEx_ReceiveToIdle_DMA
                         0x800'c5b9    0x70  Code  Gb  stm32l4xx_hal_uart_ex.o [1]
HAL_UARTEx_RxEventCallback
                         0x800'c4c7    0x3e  Code  Gb  user_uart.o [1]
HAL_UARTEx_WakeupCallback
                         0x800'c629     0x2  Code  Wk  stm32l4xx_hal_uart_ex.o [1]
HAL_UART_ErrorCallback   0x800'c505    0x3e  Code  Gb  user_uart.o [1]
HAL_UART_IRQHandler      0x800'844d   0x35c  Code  Gb  stm32l4xx_hal_uart.o [1]
HAL_UART_Init            0x800'82a9    0x7a  Code  Gb  stm32l4xx_hal_uart.o [1]
HAL_UART_MspDeInit       0x800'8145    0x80  Code  Gb  usart.o [1]
HAL_UART_MspInit         0x800'7f21   0x224  Code  Gb  usart.o [1]
HAL_UART_Receive_IT      0x800'83ef    0x5e  Code  Gb  stm32l4xx_hal_uart.o [1]
HAL_UART_RxCpltCallback
                         0x800'c491    0x36  Code  Gb  user_uart.o [1]
HAL_UART_Transmit        0x800'8323    0xcc  Code  Gb  stm32l4xx_hal_uart.o [1]
Handle_Data_Measure      0x800'3e79   0x112  Code  Gb  user_app_sensor.o [1]
Handle_Data_Recv_SS_pH   0x800'40f9   0x152  Code  Gb  user_app_sensor.o [1]
Handle_Data_Recv_Sensor
                         0x800'3f9d    0x20  Code  Gb  user_app_sensor.o [1]
Handle_Data_Trans_SS_pH
                         0x800'3fd1   0x120  Code  Gb  user_app_sensor.o [1]
Handle_Data_Trans_Sensor
                         0x800'3f8b    0x12  Code  Gb  user_app_sensor.o [1]
Handle_Float_To_hexUint32
                         0x800'6ad1    0x24  Code  Gb  user_convert_variable.o [1]
Handle_State_SS_pH       0x800'424b    0x88  Code  Gb  user_app_sensor.o [1]
Handle_State_Sensor      0x800'3fbd    0x14  Code  Gb  user_app_sensor.o [1]
HardFault_Handler        0x801'0c7b     0x2  Code  Gb  stm32l4xx_it.o [1]
IndexUartError          0x2000'2cd7     0x1  Data  Lc  user_uart.o [1]
Init_AppRs485            0x800'f4f3    0x16  Code  Gb  user_app_rs485.o [1]
Init_AppSensor           0x800'59fd    0x48  Code  Gb  user_app_sensor.o [1]
Init_CalibNH4            0x800'5195   0x2e4  Code  Gb  user_app_sensor.o [1]
Init_InforSlaveModbusRTU
                         0x800'630b    0x30  Code  Gb  user_app_modbus_rtu.o [1]
Init_MeasureRange        0x800'4c39   0x118  Code  Gb  user_app_sensor.o [1]
Init_ParamCalib          0x800'48b5    0x96  Code  Gb  user_app_sensor.o [1]
Init_TempAlarm           0x800'4a29    0xa2  Code  Gb  user_app_sensor.o [1]
Init_UartRs485           0x800'f4b5    0x3e  Code  Gb  user_app_rs485.o [1]
Insert_String_To_String
                         0x800'68f5    0x2a  Code  Gb  user_convert_variable.o [1]
Kind_Trans_Calib        0x2000'2cce     0x1  Data  Gb  user_app_sensor.o [1]
LPUART1_IRQHandler       0x801'0d15     0xa  Code  Gb  stm32l4xx_it.o [1]
Liberation_Sans15x21_Numbers
                         0x801'0710   0x228  Data  Lc  lcd_display.o [1]
MSIRangeTable            0x801'0e44    0x30  Data  Gb  system_stm32l4xx.o [1]
MX_DMA_Init              0x800'dd1d    0x60  Code  Gb  dma.o [1]
MX_GPIO_Init             0x800'db4d   0x1d0  Code  Gb  gpio.o [1]
MX_LPUART1_UART_Init     0x800'7e71    0x38  Code  Gb  usart.o [1]
MX_RTC_Init              0x800'dd7d    0xf4  Code  Gb  rtc.o [1]
MX_SPI2_Init             0x800'da61    0x50  Code  Gb  spi.o [1]
MX_USART1_UART_Init      0x800'7ea9    0x3c  Code  Gb  usart.o [1]
MX_USART3_UART_Init      0x800'7ee5    0x3c  Code  Gb  usart.o [1]
Main_Task                0x800'dfd1    0x3c  Code  Gb  user_app_comm.o [1]
MemManage_Handler        0x801'0c7d     0x2  Code  Gb  stm32l4xx_it.o [1]
ModRTU_CRC               0x800'7b21    0x3c  Code  Gb  user_modbus_rtu.o [1]
ModRTU_Master_Read_Frame
                         0x800'7b5d    0x9c  Code  Gb  user_modbus_rtu.o [1]
ModRTU_Master_Write_Frame
                         0x800'7bf9    0xe8  Code  Gb  user_modbus_rtu.o [1]
ModRTU_Slave_ACK_Read_Frame
                         0x800'7ce1    0xa2  Code  Gb  user_modbus_rtu.o [1]
ModRTU_Slave_ACK_Write_Frame
                         0x800'7d83    0xee  Code  Gb  user_modbus_rtu.o [1]
Modem_Check_AT           0x800'f1fd   0x1dc  Code  Gb  user_at_serial.o [1]
Modem_Check_RTU          0x800'633b   0x37e  Code  Gb  user_app_modbus_rtu.o [1]
NMI_Handler              0x801'0c79     0x2  Code  Gb  stm32l4xx_it.o [1]
NONE_Register_CallBack   0x800'5c1d     0x6  Code  Gb  user_app_modbus_rtu.o [1]
NVIC_EncodePriority      0x800'c39f    0x40  Code  Lc  stm32l4xx_hal_cortex.o [1]
OldPosDMADebug          0x2000'2cbc     0x2  Data  Lc  user_app_comm.o [1]
On_Speaker               0x800'30d9    0x24  Code  Gb  lcd_display.o [1]
OnchipFlashPageErase     0x800'92fd    0x5a  Code  Gb  onchipflash.o [1]
OnchipFlashWriteData     0x800'9271    0x8c  Code  Gb  onchipflash.o [1]
PendSV_Handler           0x801'0c87     0x2  Code  Gb  stm32l4xx_it.o [1]
PortConfig              0x2000'2cd1     0x1  Data  Gb  user_at_serial.o [1]
RC                       0x800'fdef    0x22  Code  Gb  user_string.o [1]
RCCEx_PLLSAI1_Config     0x800'bd51   0x16e  Code  Lc  stm32l4xx_hal_rcc_ex.o [1]
RCC_SetFlashLatencyFromMSIRange
                         0x800'cf65    0x8a  Code  Lc  stm32l4xx_hal_rcc.o [1]
RS485SS_Init_Data        0x800'820d    0x10  Code  Gb  user_connect_sensor.o [1]
RS485SS_Init_RX_Mode     0x800'821d    0x1e  Code  Gb  user_connect_sensor.o [1]
RS485SS_Rx_Callback      0x800'823d    0x34  Code  Gb  user_connect_sensor.o [1]
RS485SS_Stop_RX_Mode     0x800'823b     0x2  Code  Gb  user_connect_sensor.o [1]
RS485_Done_Calib         0x800'450b    0x1a  Code  Gb  user_app_sensor.o [1]
RS485_Enter_Calib        0x800'4525    0x1e  Code  Gb  user_app_sensor.o [1]
RS485_Init_RX_Mode       0x800'e411    0x1e  Code  Gb  user_rs485.o [1]
RS485_LogData_Calib_NH4
                         0x800'4549    0x7e  Code  Gb  user_app_sensor.o [1]
RS485_Rx_Callback        0x800'e431    0x3c  Code  Gb  user_rs485.o [1]
RS485_Stop_RX_Mode       0x800'e42f     0x2  Code  Gb  user_rs485.o [1]
RTC_AlarmStructure      0x2000'2b18    0x2c  Data  Lc  user_rtc.o [1]
RTC_Alarm_IRQHandler     0x801'0d01     0xa  Code  Gb  stm32l4xx_it.o [1]
RTC_Bcd2ToByte           0x800'eed5    0x16  Code  Gb  stm32l4xx_hal_rtc.o [1]
RTC_ByteToBcd2           0x800'eeb9    0x1c  Code  Gb  stm32l4xx_hal_rtc.o [1]
RTC_EnterInitMode        0x800'edef    0x4c  Code  Gb  stm32l4xx_hal_rtc.o [1]
RTC_ExitInitMode         0x800'ee3b    0x58  Code  Gb  stm32l4xx_hal_rtc.o [1]
RTC_GetCalendarValue     0x800'fbf7    0x90  Code  Lc  user_rtc.o [1]
RTC_IF_Convert_Tick2ms   0x800'fa15    0x10  Code  Gb  user_rtc.o [1]
RTC_IF_Convert_ms2Tick   0x800'fa03    0x12  Code  Gb  user_rtc.o [1]
RTC_IF_GetMinimumTimeout
                         0x800'f9ff     0x4  Code  Gb  user_rtc.o [1]
RTC_IF_GetTimerContext   0x800'f9c3     0x8  Code  Gb  user_rtc.o [1]
RTC_IF_GetTimerElapsedTime
                         0x800'f9cb    0x16  Code  Gb  user_rtc.o [1]
RTC_IF_GetTimerValue     0x800'f9e1    0x1e  Code  Gb  user_rtc.o [1]
RTC_IF_Init              0x800'f94d    0x30  Code  Gb  user_rtc.o [1]
RTC_IF_SetTimerContext   0x800'f9ad    0x16  Code  Gb  user_rtc.o [1]
RTC_IF_StartTimer        0x800'f97d     0xe  Code  Gb  user_rtc.o [1]
RTC_IF_StopTimer         0x800'f98b    0x22  Code  Gb  user_rtc.o [1]
RTC_Initalized          0x2000'2cd6     0x1  Data  Lc  user_rtc.o [1]
RTC_StartWakeUpAlarm     0x800'fa31   0x1c6  Code  Lc  user_rtc.o [1]
ReInit_Rx_Mode_Uart_Error
                         0x800'c543    0x5a  Code  Gb  user_uart.o [1]
Read_Register_Rs485_NH4
                         0x800'45d9    0x66  Code  Gb  user_app_sensor.o [1]
Region$$Table$$Base      0x801'0f3c           --   Gb  - Linker created -
Region$$Table$$Limit     0x801'0f5c           --   Gb  - Linker created -
Reset_Buff               0x800'2acd    0x24  Code  Gb  user_util.o [1]
Rs485SSStatus_u8        0x2000'2cd3     0x1  Data  Gb  user_connect_sensor.o [1]
Rs485Status_u8          0x2000'2cd5     0x1  Data  Gb  user_rs485.o [1]
RtCountSystick_u32      0x2000'2ca8     0x4  Data  Gb  user_util.o [1]
RtcTimerContext         0x2000'2bb8    0x1c  Data  Lc  user_rtc.o [1]
SPI_EndRxTxTransaction   0x800'b8a9    0x6a  Code  Lc  stm32l4xx_hal_spi.o [1]
SPI_WaitFifoStateUntilTimeout
                         0x800'b7b7    0xee  Code  Lc  stm32l4xx_hal_spi.o [1]
SPI_WaitFlagStateUntilTimeout
                         0x800'b6df    0xd8  Code  Lc  stm32l4xx_hal_spi.o [1]
SVC_Handler              0x801'0c83     0x2  Code  Gb  stm32l4xx_it.o [1]
Save_Array               0x800'935d    0x86  Code  Gb  onchipflash.o [1]
Save_CalibNH4            0x800'4d71   0x40a  Code  Gb  user_app_sensor.o [1]
Save_InforSlaveModbusRTU
                         0x800'62c7    0x44  Code  Gb  user_app_modbus_rtu.o [1]
Save_MeasureRange        0x800'4acb   0x162  Code  Gb  user_app_sensor.o [1]
Save_ParamCalib          0x800'47ed    0xba  Code  Gb  user_app_sensor.o [1]
Save_TempAlarm           0x800'4951    0xce  Code  Gb  user_app_sensor.o [1]
Send_RS458_Master        0x800'628f    0x38  Code  Gb  user_app_modbus_rtu.o [1]
Send_RS458_Sensor        0x800'463f    0x40  Code  Gb  user_app_sensor.o [1]
SysApp_Init              0x800'df89     0xc  Code  Gb  user_app_comm.o [1]
SysApp_Setting           0x800'df95    0x3c  Code  Gb  user_app_comm.o [1]
SysTick_Config           0x800'c3df    0x30  Code  Lc  stm32l4xx_hal_cortex.o [1]
SysTick_Handler          0x801'0c89    0x50  Code  Gb  stm32l4xx_it.o [1]
SystemClock_Config       0x800'b947    0x92  Code  Gb  main.o [1]
SystemCoreClock         0x2000'0754     0x4  Data  Gb  system_stm32l4xx.o [1]
SystemInit               0x801'134d     0xc  Code  Gb  system_stm32l4xx.o [1]
TRACE_AllocateBufer      0x800'e5e1    0xa2  Code  Lc  user_adv_trace.o [1]
TRACE_IsLocked           0x800'e697    0x10  Code  Lc  user_adv_trace.o [1]
TRACE_Lock               0x800'e683     0xa  Code  Lc  user_adv_trace.o [1]
TRACE_Send               0x800'e55b    0x84  Code  Lc  user_adv_trace.o [1]
TRACE_UnLock             0x800'e68d     0xa  Code  Lc  user_adv_trace.o [1]
TimerExists              0x800'f165    0x1a  Code  Gb  user_timer.o [1]
TimerInsertNewHeadTimer
                         0x800'f1d9    0x1c  Code  Gb  user_timer.o [1]
TimerInsertTimer         0x800'f1ab    0x2e  Code  Gb  user_timer.o [1]
TimerListHead           0x2000'2ca4     0x4  Data  Lc  user_timer.o [1]
TimerSetTimeout          0x800'f17f    0x2c  Code  Gb  user_timer.o [1]
TimerTx                 0x2000'2c04    0x18  Data  Lc  user_app_comm.o [1]
TxCpltCallback          0x2000'2c90     0x4  Data  Lc  user_app_comm.o [1]
UART_AdvFeatureConfig    0x800'8aa5    0xda  Code  Gb  stm32l4xx_hal_uart.o [1]
UART_CheckIdleState      0x800'8b7f    0xd2  Code  Gb  stm32l4xx_hal_uart.o [1]
UART_DMAAbortOnError     0x800'9031    0x1a  Code  Lc  stm32l4xx_hal_uart.o [1]
UART_DMAError            0x800'8fe1    0x50  Code  Lc  stm32l4xx_hal_uart.o [1]
UART_DMAReceiveCplt      0x800'8f15    0xa2  Code  Lc  stm32l4xx_hal_uart.o [1]
UART_DMARxHalfCplt       0x800'8fb9    0x28  Code  Lc  stm32l4xx_hal_uart.o [1]
UART_EndRxTransfer       0x800'8eb7    0x5e  Code  Lc  stm32l4xx_hal_uart.o [1]
UART_EndTransmit_IT      0x800'904b    0x2a  Code  Lc  stm32l4xx_hal_uart.o [1]
UART_EndTxTransfer       0x800'8e9b    0x1c  Code  Lc  stm32l4xx_hal_uart.o [1]
UART_RxISR_16BIT         0x800'9169    0xee  Code  Lc  stm32l4xx_hal_uart.o [1]
UART_RxISR_8BIT          0x800'9075    0xec  Code  Lc  stm32l4xx_hal_uart.o [1]
UART_SetConfig           0x800'87ad   0x2ec  Code  Gb  stm32l4xx_hal_uart.o [1]
UART_Start_Receive_DMA   0x800'8ddf    0xbc  Code  Gb  stm32l4xx_hal_uart.o [1]
UART_Start_Receive_IT    0x800'8cef    0xf0  Code  Gb  stm32l4xx_hal_uart.o [1]
UART_WaitOnFlagUntilTimeout
                         0x800'8c51    0x9e  Code  Gb  stm32l4xx_hal_uart.o [1]
USART1_IRQHandler        0x801'0ced     0xa  Code  Gb  stm32l4xx_it.o [1]
USART3_IRQHandler        0x801'0cf7     0xa  Code  Gb  stm32l4xx_it.o [1]
UTIL_ADV_TRACE_COND_FSend
                         0x800'e481    0xda  Code  Gb  user_adv_trace.o [1]
UTIL_Log_Str             0x800'2b51    0x36  Code  Gb  user_util.o [1]
UTIL_MEM_cpy             0x800'2b8d    0x1e  Code  Gb  user_util.o [1]
UTIL_MEM_set             0x800'2af1    0x18  Code  Gb  user_util.o [1]
UTIL_Printf              0x800'2b09    0x2c  Code  Gb  user_util.o [1]
UTIL_Printf_Str          0x800'2b35    0x1c  Code  Gb  user_util.o [1]
UTIL_TIMER_Create        0x800'ef01    0x4c  Code  Gb  user_timer.o [1]
UTIL_TIMER_IRQ_Handler   0x800'f0b3    0xb2  Code  Gb  user_timer.o [1]
UTIL_TIMER_Init          0x800'eeed    0x14  Code  Gb  user_timer.o [1]
UTIL_TIMER_SetPeriod     0x800'f079    0x3a  Code  Gb  user_timer.o [1]
UTIL_TIMER_Start         0x800'ef4d    0x92  Code  Gb  user_timer.o [1]
UTIL_TIMER_Stop          0x800'efdf    0x9a  Code  Gb  user_timer.o [1]
UTIL_TimerDriver         0x801'0e74    0x2c  Data  Gb  user_rtc.o [1]
UTIL_TraceDriver         0x801'1488     0xc  Data  Gb  user_app_comm.o [1]
Uart485RxByte           0x2000'2cd4     0x1  Data  Lc  user_rs485.o [1]
Uart485SSRxByte         0x2000'2cd2     0x1  Data  Lc  user_connect_sensor.o [1]
UartDebugBuff           0x2000'0e94   0x4b0  Data  Gb  user_app_comm.o [1]
UartDebugCountFail      0x2000'2cc4     0x2  Data  Lc  user_uart.o [1]
UartDebugRxByte         0x2000'2ccb     0x1  Data  Gb  user_app_comm.o [1]
Update_ParaDisplay       0x800'30fd   0x388  Code  Gb  lcd_display.o [1]
UsageFault_Handler       0x801'0c81     0x2  Code  Gb  stm32l4xx_it.o [1]
User_RTC_Init            0x800'f915    0x38  Code  Lc  user_rtc.o [1]
UtilFloatToString        0x800'2c09    0x2e  Code  Gb  user_util.o [1]
UtilIntToStringWithScale
                         0x800'2a6d    0x60  Code  Gb  user_util.o [1]
VLevelDebug             0x2000'0e90     0x1  Data  Gb  user_util.o [1]
_Cb_Display_Auto_SW      0x800'2ff9    0x7e  Code  Lc  lcd_display.o [1]
_Cb_Display_Auto_SW::MarkButtPressed
                        0x2000'2cc9     0x1  Data  Lc  lcd_display.o [1]
_Cb_Display_Auto_SW::cNext
                        0x2000'2cba     0x2  Data  Lc  lcd_display.o [1]
_Cb_Display_Init         0x800'2e83    0x52  Code  Lc  lcd_display.o [1]
_Cb_Display_Logo         0x800'2ed5    0xa8  Code  Lc  lcd_display.o [1]
_Cb_Display_Logo::step_u8
[...]
_Cb_Display_Show::LandMarkChange_u32
                        0x2000'2c84     0x4  Data  Lc  lcd_display.o [1]
_Cb_Display_Show::ScreenLast
                        0x2000'2cc8     0x1  Data  Lc  lcd_display.o [1]
_Cb_HandLer_IDLE         0x800'df77     0x6  Code  Lc  user_app_comm.o [1]
_Cb_Off_Speaker          0x800'30c3    0x16  Code  Lc  lcd_display.o [1]
_Cb_R_ModbusRTU_REG_Alarm_Lower
                         0x800'6175    0x5a  Code  Gb  user_app_modbus_rtu.o [1]
_Cb_R_ModbusRTU_REG_Alarm_State
                         0x800'5fab    0x2e  Code  Gb  user_app_modbus_rtu.o [1]
_Cb_R_ModbusRTU_REG_Alarm_Upper
                         0x800'6055    0x5a  Code  Gb  user_app_modbus_rtu.o [1]
_Cb_R_ModbusRTU_REG_Baudrate
                         0x800'5cc9    0x2e  Code  Gb  user_app_modbus_rtu.o [1]
_Cb_R_ModbusRTU_REG_ID   0x800'5c23    0x2e  Code  Gb  user_app_modbus_rtu.o [1]
_Cb_R_ModbusRTU_REG_State_Sensor
                         0x800'5ec7    0x30  Code  Gb  user_app_modbus_rtu.o [1]
_Cb_R_ModbusRTU_REG_State_Value_1
                         0x800'5ef7    0x30  Code  Gb  user_app_modbus_rtu.o [1]
_Cb_R_ModbusRTU_REG_State_Value_2
                         0x800'5f27    0x30  Code  Gb  user_app_modbus_rtu.o [1]
_Cb_R_ModbusRTU_REG_State_Value_3
                         0x800'5f57    0x2a  Code  Gb  user_app_modbus_rtu.o [1]
_Cb_R_ModbusRTU_REG_State_Value_4
                         0x800'5f81    0x2a  Code  Gb  user_app_modbus_rtu.o [1]
_Cb_R_ModbusRTU_REG_Value_Measure_1
                         0x800'5d65    0x5a  Code  Gb  user_app_modbus_rtu.o [1]
_Cb_R_ModbusRTU_REG_Value_Measure_2
                         0x800'5dbf    0x5a  Code  Gb  user_app_modbus_rtu.o [1]
_Cb_R_ModbusRTU_REG_Value_Measure_3
                         0x800'5e19    0x56  Code  Gb  user_app_modbus_rtu.o [1]
_Cb_R_ModbusRTU_REG_Value_Measure_4
                         0x800'5e71    0x56  Code  Gb  user_app_modbus_rtu.o [1]
_Cb_Save_Box             0x800'df83     0x6  Code  Lc  user_app_comm.o [1]
_Cb_Set_RTC              0x800'df5b    0x1c  Code  Lc  user_app_comm.o [1]
_Cb_TX_Timer_Event       0x800'e0d9    0x1a  Code  Lc  user_app_comm.o [1]
_Cb_Timer_IRQ            0x800'decd     0xc  Code  Lc  user_app_comm.o [1]
_Cb_Tx_Timer             0x800'df7d     0x6  Code  Lc  user_app_comm.o [1]
_Cb_Uart_Error           0x800'df4f     0xc  Code  Lc  user_app_comm.o [1]
_Cb_Uart_Rx_Debug        0x800'ded9    0x76  Code  Lc  user_app_comm.o [1]
_Cb_Uart_Rx_Debug::LastLengthRecv
                        0x2000'2cbe     0x2  Data  Lc  user_app_comm.o [1]
_Cb_Uart_Rx_Debug::MarkFirstRecvUart
                        0x2000'2ccc     0x1  Data  Lc  user_app_comm.o [1]
_Cb_W_ModbusRTU_REG_Alarm_Lower
                         0x800'61cf    0xc0  Code  Gb  user_app_modbus_rtu.o [1]
_Cb_W_ModbusRTU_REG_Alarm_State
                         0x800'5fd9    0x7c  Code  Gb  user_app_modbus_rtu.o [1]
_Cb_W_ModbusRTU_REG_Alarm_Upper
                         0x800'60b5    0xc0  Code  Gb  user_app_modbus_rtu.o [1]
_Cb_W_ModbusRTU_REG_Baudrate
                         0x800'5cf7    0x6e  Code  Gb  user_app_modbus_rtu.o [1]
_Cb_W_ModbusRTU_REG_ID   0x800'5c51    0x78  Code  Gb  user_app_modbus_rtu.o [1]
_Cb_button_detect        0x800'30ab    0x18  Code  Lc  lcd_display.o [1]
_Cb_button_scan          0x800'3077    0x34  Code  Lc  lcd_display.o [1]
_LitobFullNoMb           0x800'b1e1   0x10a  Code  Lc  xprintffull_nomb.o [2]
_Locale_lconv           0x2000'0e54    0x38  Data  Lc  xlocale_c.o [2]
_PrintfFullNoMb          0x800'a421   0xd9c  Code  Gb  xprintffull_nomb.o [2]
_PutcharFullNoMb         0x800'b351    0x20  Code  Lc  xprintffull_nomb.o [2]
_PutcharsFullNoMb        0x800'b371    0x2e  Code  Lc  xprintffull_nomb.o [2]
_SProut                  0x800'6b87     0xa  Code  Gb  xsprout.o [2]
__NVIC_DisableIRQ        0x800'c34d    0x26  Code  Lc  stm32l4xx_hal_cortex.o [1]
__NVIC_EnableIRQ         0x800'c32d    0x20  Code  Lc  stm32l4xx_hal_cortex.o [1]
__NVIC_GetPriorityGrouping
                         0x800'c31f     0xc  Code  Lc  stm32l4xx_hal_cortex.o [1]
__NVIC_SetPriority       0x800'c373    0x2c  Code  Lc  stm32l4xx_hal_cortex.o [1]
__NVIC_SetPriorityGrouping
                         0x800'c2fd    0x22  Code  Lc  stm32l4xx_hal_cortex.o [1]
__aeabi_cdcmpeq          0x800'd40d          Code  Gb  DblCmpEq.o [3]
__aeabi_cdcmple          0x800'd3dd          Code  Gb  DblCmpLe.o [3]
__aeabi_cdrcmple         0x800'd42d          Code  Gb  DblCmpGe.o [3]
__aeabi_d2f              0x800'6dfd          Code  Gb  DblToFlt.o [3]
__aeabi_d2iz             0x800'99dd          Code  Gb  DblToS32.o [3]
__aeabi_d2uiz            0x800'da31          Code  Gb  DblToU32.o [3]
__aeabi_dadd             0x800'9861          Code  Gb  DblAdd.o [3]
__aeabi_ddiv             0x800'6bb5          Code  Gb  DblDiv.o [3]
__aeabi_dmul             0x800'96bd          Code  Gb  DblMul.o [3]
__aeabi_dsub             0x800'd289          Code  Gb  DblSub.o [3]
__aeabi_f2d              0x800'6e81          Code  Gb  FltToDbl.o [3]
__aeabi_i2d              0x800'6b65          Code  Gb  S32ToDbl.o [3]
__aeabi_ldiv0            0x800'd285          Code  Gb  I64DivZer.o [4]
__aeabi_memcpy           0x800'93e5          Code  Gb  ABImemcpy.o [4]
__aeabi_memcpy4          0x800'9405          Code  Gb  ABImemcpy.o [4]
__aeabi_memcpy8          0x800'9405          Code  Gb  ABImemcpy.o [4]
__aeabi_memset           0x800'7529          Code  Gb  ABImemset.o [4]
__aeabi_ui2d             0x800'6e65          Code  Gb  U32ToDbl.o [3]
__aeabi_uldivmod         0x800'948d          Code  Gb  I64DivMod.o [4]
__cmain                  0x801'0f7d          Code  Gb  cmain.o [4]
__exit                   0x800'f901    0x14  Code  Gb  exit.o [5]
__iar_Exp64              0x800'd45d   0x388  Code  Gb  iar_Exp64.o [3]
__iar_Fail_s             0x800'd85d    0x1c  Code  Gb  xfail_s.o [2]
__iar_Log64              0x800'9a19   0x280  Code  Lc  logx64.o [3]
__iar_Memchr             0x800'd89d          Code  Gb  memchr.o [4]
__iar_Memset             0x800'7529          Code  Gb  ABImemset.o [4]
__iar_Memset_word        0x800'7531          Code  Gb  ABImemset.o [4]
__iar_Strchr             0x800'd845          Code  Gb  strchr.o [4]
__iar_dadd               0x800'd299          Code  Gb  DblSub.o [3]
__iar_data_init3         0x801'0ef1    0x28  Code  Gb  data_init.o [4]
__iar_dsub               0x800'9871          Code  Gb  DblAdd.o [3]
__iar_dsubStart          0x800'9883          Code  Gb  DblAdd.o [3]
__iar_frexp              0x800'd379          Code  Gb  frexp.o [3]
__iar_frexpl             0x800'd379          Code  Gb  frexp.o [3]
__iar_init_vfp           0x801'0f19          Code  Gb  fpinit_M.o [3]
__iar_ldexp64            0x800'd8f5          Code  Gb  ldexp.o [3]
__iar_log10_64           0x800'9d31     0x4  Code  Gb  logx64.o [3]
__iar_log10_medium       0x800'9d31     0x4  Code  Gb  logx64.o [3]
__iar_log10_medium64     0x800'9d31     0x4  Code  Gb  logx64.o [3]
__iar_log10_mediuml      0x800'9d31     0x4  Code  Gb  logx64.o [3]
__iar_lz77_init_single3
                         0x801'0d65    0x78  Code  Gb  lz77_init_single.o [4]
__iar_pow64              0x800'9d35   0x6ec  Code  Gb  pow64.o [3]
__iar_pow_medium         0x800'9d35   0x6ec  Code  Gb  pow64.o [3]
__iar_pow_medium64       0x800'9d35   0x6ec  Code  Gb  pow64.o [3]
__iar_pow_mediuml        0x800'9d35   0x6ec  Code  Gb  pow64.o [3]
__iar_program_start      0x801'1699          Code  Gb  cstartup_M.o [4]
__iar_scalbln64          0x800'd8f5          Code  Gb  ldexp.o [3]
__iar_scalbn64           0x800'd8f5          Code  Gb  ldexp.o [3]
__iar_softfp___iar_frexp64
                         0x800'd36d          Code  Gb  frexp.o [3]
__iar_softfp_frexp       0x800'd36d          Code  Gb  frexp.o [3]
__iar_softfp_frexpl      0x800'd36d          Code  Gb  frexp.o [3]
__iar_vfp_log10          0x800'6b97     0xc  Code  Gb  math_wrappers64.o [3]
__iar_vfp_pow            0x800'6ba3    0x10  Code  Gb  math_wrappers64.o [3]
__iar_zero_init3         0x800'6b2b    0x3a  Code  Gb  zero_init3.o [4]
__low_level_init         0x801'0f9b     0x4  Code  Gb  low_level_init.o [2]
__vector_table           0x800'0000          Data  Gb  startup_stm32l433xx.o [1]
_call_main               0x801'0f89          Code  Gb  cmain.o [4]
_exit                    0x801'0fa5          Code  Gb  cexit.o [4]
_main                    0x801'0f97          Code  Gb  cmain.o [4]
aAT_CMD                 0x2000'2880    0x80  Data  Lc  user_at_serial.o [1]
aBaudrate_value         0x2000'0904    0x2c  Data  Gb  user_app_modbus_rtu.o [1]
aDATA_CALIB             0x2000'2c48     0xc  Data  Gb  user_app_sensor.o [1]
aDATA_CONFIG            0x2000'2680    0x80  Data  Lc  user_app_modbus_rtu.o [1]
aDATA_CONFIG            0x2000'2800    0x80  Data  Lc  user_at_serial.o [1]
aDATA_LOG_REGISTER      0x2000'2700    0x80  Data  Lc  user_app_modbus_rtu.o [1]
aModeSelectONOFF        0x2000'0158     0x8  Data  Gb  lcd_display.o [1]
aPASSWORD               0x2000'0104     0x4  Data  Gb  lcd_display.o [1]
aSTT_SETTING_DONE       0x2000'0138    0x10  Data  Gb  lcd_display.o [1]
aSTT_SETTING_ENTER      0x2000'0118    0x10  Data  Gb  lcd_display.o [1]
aSTT_SETTING_ERROR      0x2000'0148    0x10  Data  Gb  lcd_display.o [1]
aSTT_SETTING_FREE       0x2000'0108    0x10  Data  Gb  lcd_display.o [1]
aSTT_SETTING_WAIT       0x2000'0128    0x10  Data  Gb  lcd_display.o [1]
aSampling_STT           0x2000'2b44    0x28  Data  Gb  user_app_sensor.o [1]
aSampling_VALUE         0x2000'2b6c    0x28  Data  Gb  user_app_sensor.o [1]
aTEST                   0x2000'0000     0xc  Data  Lc  button.o [1]
aUART_485SS_DATA        0x2000'202c   0x200  Data  Lc  user_connect_sensor.o [1]
aUART_485_DATA          0x2000'222c   0x200  Data  Lc  user_rs485.o [1]
aUART_DBG_DMA_RX        0x2000'2964    0x64  Data  Lc  user_app_comm.o [1]
abort                    0x800'e71d     0x6  Code  Gb  abort.o [2]
abs                      0x800'b913     0x8  Code  Gb  abs.o [2]
aframe                  0x2000'2780    0x80  Data  Gb  user_app_modbus_rtu.o [1]
bmp_SV_logo_12864        0x801'0310   0x400  Data  Gb  unit_tests.o [1]
charNotDetectPress      0x2000'0e8e     0x1  Data  Lc  lcd_display.o [1]
count_gettick           0x2000'2c8c     0x4  Data  Gb  stm32l4xx_it.o [1]
delay_ms                 0x800'6fad     0xc  Code  Gb  STM32L4.o [1]
ee_number                0x800'f5d9   0x146  Code  Lc  user_tiny_vsnprintf.o [1]
ee_skip_atoi             0x800'f5b1    0x28  Code  Lc  user_tiny_vsnprintf.o [1]
exit                     0x801'0f9f     0x4  Code  Gb  exit.o [2]
fevent_active            0x800'7255    0x1e  Code  Gb  event_driven.o [1]
fevent_detect_salt_recv
                         0x800'3cc1     0x6  Code  Lc  user_app_sensor.o [1]
fevent_disable           0x800'7297    0x12  Code  Gb  event_driven.o [1]
fevent_enable            0x800'7273    0x24  Code  Gb  event_driven.o [1]
fevent_handle_state_sensor
                         0x800'3df9    0x80  Code  Lc  user_app_sensor.o [1]
fevent_rs485_entry       0x800'f431    0x12  Code  Lc  user_app_rs485.o [1]
fevent_rs485_init_uart   0x800'f443    0x2e  Code  Lc  user_app_rs485.o [1]
fevent_rs485_init_uart::stamp
                        0x2000'2ccd     0x1  Data  Lc  user_app_rs485.o [1]
fevent_rs485_receive_complete
                         0x800'f471    0x24  Code  Lc  user_app_rs485.o [1]
fevent_rs485_refresh     0x800'f495    0x20  Code  Lc  user_app_rs485.o [1]
fevent_sensor_entry      0x800'3b15    0x12  Code  Lc  user_app_sensor.o [1]
fevent_sensor_receive_complete
                         0x800'3bf7    0xb6  Code  Lc  user_app_sensor.o [1]
fevent_sensor_receive_handle
                         0x800'3bb7    0x40  Code  Lc  user_app_sensor.o [1]
fevent_sensor_reset      0x800'3d75    0x84  Code  Lc  user_app_sensor.o [1]
fevent_sensor_reset::state
                        0x2000'2ccf     0x1  Data  Lc  user_app_sensor.o [1]
fevent_sensor_transmit   0x800'3b27    0x90  Code  Lc  user_app_sensor.o [1]
fevent_sensor_wait_calib
                         0x800'3cad    0x14  Code  Lc  user_app_sensor.o [1]
fevent_temp_alarm        0x800'3cc7    0xae  Code  Lc  user_app_sensor.o [1]
font_current            0x2000'2c3c     0xc  Data  Gb  text.o [1]
glcd_ST7565R_init        0x800'74cd    0x5c  Code  Gb  ST7565R.o [1]
glcd_bbox               0x2000'2c78     0x4  Data  Gb  glcd.o [1]
glcd_bbox_refresh        0x800'7351    0x1c  Code  Gb  glcd.o [1]
glcd_bbox_selected      0x2000'2c80     0x4  Data  Gb  glcd.o [1]
glcd_buffer             0x2000'1344   0x400  Data  Gb  glcd.o [1]
glcd_buffer_selected    0x2000'2c7c     0x4  Data  Gb  glcd.o [1]
glcd_clear               0x800'736d    0x28  Code  Gb  glcd.o [1]
glcd_clear_buffer        0x800'7395    0x24  Code  Gb  glcd.o [1]
glcd_command             0x800'73cd    0x1a  Code  Gb  ST7565R.o [1]
glcd_data                0x800'73e7    0x1a  Code  Gb  ST7565R.o [1]
glcd_draw_bitmap         0x800'7af9    0x1e  Code  Gb  graphics.o [1]
glcd_draw_char_xy        0x800'75ab   0x33a  Code  Gb  text.o [1]
glcd_draw_line           0x800'79ed   0x10c  Code  Gb  graphics.o [1]
glcd_draw_string_xy      0x800'78e5    0x38  Code  Gb  text.o [1]
glcd_enable_backlight    0x800'6f31     0x2  Code  Gb  STM32L4.o [1]
glcd_init                0x800'6f09    0x28  Code  Gb  STM32L4.o [1]
glcd_reset               0x800'6f5d    0x40  Code  Gb  STM32L4.o [1]
glcd_reset_bbox          0x800'7335    0x1c  Code  Gb  glcd.o [1]
glcd_select_screen       0x800'73b9     0xa  Code  Gb  glcd.o [1]
glcd_set_column_lower    0x800'7441     0xe  Code  Gb  ST7565R.o [1]
glcd_set_column_upper    0x800'742b    0x16  Code  Gb  ST7565R.o [1]
glcd_set_font            0x800'7591    0x1a  Code  Gb  text.o [1]
glcd_set_pixel           0x800'7921    0xcc  Code  Gb  graphics.o [1]
glcd_set_x_address       0x800'7415    0x16  Code  Gb  ST7565R.o [1]
glcd_set_y_address       0x800'7401    0x14  Code  Gb  ST7565R.o [1]
glcd_spi_write           0x800'6f33    0x2a  Code  Gb  STM32L4.o [1]
glcd_test_bitmap_128x64
                         0x800'72a9     0xe  Code  Gb  unit_tests.o [1]
glcd_tiny_draw_char      0x800'6fdf   0x21a  Code  Gb  text_tiny.o [1]
glcd_tiny_draw_string    0x800'71f9    0x54  Code  Gb  text_tiny.o [1]
glcd_tiny_set_font       0x800'6fc5    0x1a  Code  Gb  text_tiny.o [1]
glcd_update_bbox         0x800'72bd    0x78  Code  Gb  glcd.o [1]
glcd_write               0x800'744f    0x70  Code  Gb  ST7565R.o [1]
hdma_lpuart_rx          0x2000'29c8    0x48  Data  Gb  usart.o [1]
hdma_usart1_rx          0x2000'2a10    0x48  Data  Gb  usart.o [1]
hdma_usart3_rx          0x2000'2a58    0x48  Data  Gb  usart.o [1]
hlpuart1                0x2000'24e8    0x88  Data  Gb  usart.o [1]
hrtc                    0x2000'2b94    0x24  Data  Gb  rtc.o [1]
hspi2                   0x2000'2900    0x64  Data  Gb  spi.o [1]
huart1                  0x2000'2570    0x88  Data  Gb  usart.o [1]
huart3                  0x2000'25f8    0x88  Data  Gb  usart.o [1]
ldexp                    0x800'd8f5          Code  Gb  ldexp.o [3]
ldexpl                   0x800'd8f5          Code  Gb  ldexp.o [3]
lnbias                   0x800'fef0   0x420  Data  Lc  pow64.o [3]
localeconv               0x800'da59     0x4  Code  Gb  xlocale_c.o [2]
log10                    0x800'9d31     0x4  Code  Gb  logx64.o [3]
log10l                   0x800'9d31     0x4  Code  Gb  logx64.o [3]
lower_digits            0x2000'0e4c     0x4  Data  Lc  user_tiny_vsnprintf.o [1]
main                     0x800'b91b    0x2c  Code  Gb  main.o [1]
memchr                   0x800'd89d          Code  Gb  memchr.o [4]
memset                   0x800'b9dd    0x14  Code  Gb  memset.o [4]
pFlash                  0x2000'0734    0x20  Data  Gb  stm32l4xx_hal_flash.o [1]
pFunc_UTIL_Debug_Send   0x2000'2cb0     0x4  Data  Gb  user_util.o [1]
pFunc_UTIL_Log_To_Mem   0x2000'2cac     0x4  Data  Gb  user_util.o [1]
pModemProcessIRQTimer   0x2000'2ca0     0x4  Data  Gb  user_rtc.o [1]
pow                      0x800'9d35   0x6ec  Code  Gb  pow64.o [3]
powl                     0x800'9d35   0x6ec  Code  Gb  pow64.o [3]
quickSort_Sampling       0x800'42d3    0x9a  Code  Gb  user_app_sensor.o [1]
quickSort_Sampling_Value
                         0x800'436d    0xdc  Code  Gb  user_app_sensor.o [1]
quickSort_Sampling_Value::Handle_Once
                        0x2000'2cd0     0x1  Data  Lc  user_app_sensor.o [1]
sButton                 0x2000'2bd4    0x18  Data  Gb  button.o [1]
sCheckList_Reg_Modbus_RTU
                        0x2000'07d8   0x12c  Data  Gb  user_app_modbus_rtu.o [1]
sData_Calib             0x2000'0a08     0x8  Data  Gb  user_app_sensor.o [1]
sEventAppComm           0x2000'0758    0x70  Data  Gb  user_app_comm.o [1]
sEventAppRs485          0x2000'0938    0x40  Data  Gb  user_app_rs485.o [1]
sEventAppSensor         0x2000'0978    0x90  Data  Gb  user_app_sensor.o [1]
sEventDisplay           0x2000'000c    0x70  Data  Gb  lcd_display.o [1]
sFirmVersion            0x2000'07c8     0x8  Data  Gb  user_app_comm.o [1]
sHandleRs485            0x2000'2c94     0x4  Data  Gb  user_app_sensor.o [1]
sKindMode485            0x2000'2cc2     0x2  Data  Gb  user_app_sensor.o [1]
sLCD                    0x2000'2c1c    0x10  Data  Gb  lcd_display.o [1]
sLCDObject              0x2000'0160   0x5d0  Data  Gb  lcd_display.o [1]
sLogData_ModbusRTU      0x2000'0930     0x8  Data  Gb  user_app_modbus_rtu.o [1]
sMeasureRange           0x2000'2c2c    0x10  Data  Gb  user_app_sensor.o [1]
sModelVersion           0x2000'00fc     0x8  Data  Gb  lcd_display.o [1]
sNH4Calib               0x2000'2ae8    0x30  Data  Gb  user_app_sensor.o [1]
sParaDisplay            0x2000'007c    0x80  Data  Gb  lcd_display.o [1]
sRTC                    0x2000'2c60     0xc  Data  Gb  user_util.o [1]
sSensor_NH4             0x2000'2aa0    0x48  Data  Gb  user_app_sensor.o [1]
sSlave_ModbusRTU        0x2000'0e8c     0x2  Data  Gb  user_app_modbus_rtu.o [1]
sTempAlarm              0x2000'2c54     0xc  Data  Gb  user_app_sensor.o [1]
sUart485                0x2000'0e44     0x8  Data  Gb  user_rs485.o [1]
sUart485SS              0x2000'0e3c     0x8  Data  Gb  user_connect_sensor.o [1]
sUartDebug              0x2000'07d0     0x8  Data  Gb  user_app_comm.o [1]
scalbln                  0x800'd8f5          Code  Gb  ldexp.o [3]
scalblnl                 0x800'd8f5          Code  Gb  ldexp.o [3]
scalbn                   0x800'd8f5          Code  Gb  ldexp.o [3]
scalbnl                  0x800'd8f5          Code  Gb  ldexp.o [3]
scale                    0x800'b2eb    0x46  Code  Lc  xprintffull_nomb.o [2]
sec_hand                0x2000'2cb4     0x4  Data  Lc  xfail_s.o [2]
sprintf                  0x800'6ec9    0x40  Code  Gb  sprintf.o [2]
strATcmd                0x2000'0a14     0x8  Data  Gb  user_at_serial.o [1]
strchr                   0x800'd845          Code  Gb  strchr.o [4]
strlen                   0x800'6af5          Code  Gb  strlen.o [4]
sztmp                   0x2000'1e2c   0x200  Data  Lc  user_adv_trace.o [1]
tiny_vsnprintf_like      0x800'f71f   0x1d6  Code  Gb  user_tiny_vsnprintf.o [1]
upper_digits            0x2000'0e50     0x4  Data  Lc  user_tiny_vsnprintf.o [1]
uwTick                  0x2000'2c88     0x4  Data  Gb  stm32l4xx_hal.o [1]
uwTickFreq              0x2000'0e8f     0x1  Data  Gb  stm32l4xx_hal.o [1]
uwTickPrio              0x2000'0730     0x4  Data  Gb  stm32l4xx_hal.o [1]
vcom_DeInit              0x800'e2f3    0x1e  Code  Gb  user_app_comm.o [1]
vcom_Init                0x800'e2e9     0xa  Code  Gb  user_app_comm.o [1]
vcom_Trace_DMA           0x800'e311    0x24  Code  Gb  user_app_comm.o [1]


[1] = D:\Saoviet_Git\Saoviet_Envirotrack_M_TNMT\Project_Slave_Winmore_NH4\Project_Slave_Sensor_EnviroTrack\EWARM\Project_Slave_Sensor_EnviroTrack\Obj
[2] = dl7M_tlf.a
[3] = m7M_tls.a
[4] = rt7M_tl.a
[5] = shb_l.a

  66'017 bytes of readonly  code memory
   7'355 bytes of readonly  data memory
  12'501 bytes of readwrite data memory

Errors: none
Warnings: none
