###############################################################################
#
# IAR ELF Linker V8.40.2.214/W32 for ARM                  11/Mar/2026  11:06:40
# Copyright 2007-2019 IAR Systems AB.
#
#    Output file  =
#        D:\Saoviet_Git\Saoviet_Envirotrack_M_TNMT\Project_Slave_Winmore_NH4\Project_Slave_Sensor_EnviroTrack\EWARM\Project_Slave_Sensor_EnviroTrack\Exe\Project_Slave_Sensor_EnviroTrack.out
#    Map file     =
#        D:\Saoviet_Git\Saoviet_Envirotrack_M_TNMT\Project_Slave_Winmore_NH4\Project_Slave_Sensor_EnviroTrack\EWARM\Project_Slave_Sensor_EnviroTrack\List\Project_Slave_Sensor_EnviroTrack.map
#    Command line =
#        -f C:\Users\PC\AppData\Local\Temp\EWD5DE.tmp
#        (D:\Saoviet_Git\Saoviet_Envirotrack_M_TNMT\Project_Slave_Winmore_NH4\Project_Slave_Sensor_EnviroTrack\EWARM\Project_Slave_Sensor_EnviroTrack\Obj\button.o
#        D:\Saoviet_Git\Saoviet_Envirotrack_M_TNMT\Project_Slave_Winmore_NH4\Project_Slave_Sensor_EnviroTrack\EWARM\Project_Slave_Sensor_EnviroTrack\Obj\dma.o
#        D:\Saoviet_Git\Saoviet_Envirotrack_M_TNMT\Project_Slave_Winmore_NH4\Project_Slave_Sensor_EnviroTrack\EWARM\Project_Slave_Sensor_EnviroTrack\Obj\event_driven.o
#        D:\Saoviet_Git\Saoviet_Envirotrack_M_TNMT\Project_Slave_Winmore_NH4\Project_Slave_Sensor_EnviroTrack\EWARM\Project_Slave_Sensor_EnviroTrack\Obj\glcd.o
#        D:\Saoviet_Git\Saoviet_Envirotrack_M_TNMT\Project_Slave_Winmore_NH4\Project_Slave_Sensor_EnviroTrack\EWARM\Project_Slave_Sensor_EnviroTrack\Obj\gpio.o
#        D:\Saoviet_Git\Saoviet_Envirotrack_M_TNMT\Project_Slave_Winmore_NH4\Project_Slave_Sensor_EnviroTrack\EWARM\Project_Slave_Sensor_EnviroTrack\Obj\graphics.o
#        D:\Saoviet_Git\Saoviet_Envirotrack_M_TNMT\Project_Slave_Winmore_NH4\Project_Slave_Sensor_EnviroTrack\EWARM\Project_Slave_Sensor_EnviroTrack\Obj\graphs.o
#        D:\Saoviet_Git\Saoviet_Envirotrack_M_TNMT\Project_Slave_Winmore_NH4\Project_Slave_Sensor_EnviroTrack\EWARM\Project_Slave_Sensor_EnviroTrack\Obj\lcd_display.o
#        D:\Saoviet_Git\Saoviet_Envirotrack_M_TNMT\Project_Slave_Winmore_NH4\Project_Slave_Sensor_EnviroTrack\EWARM\Project_Slave_Sensor_EnviroTrack\Obj\main.o
#        D:\Saoviet_Git\Saoviet_Envirotrack_M_TNMT\Project_Slave_Winmore_NH4\Project_Slave_Sensor_EnviroTrack\EWARM\Project_Slave_Sensor_EnviroTrack\Obj\NT75451.o
#        D:\Saoviet_Git\Saoviet_Envirotrack_M_TNMT\Project_Slave_Winmore_NH4\Project_Slave_Sensor_EnviroTrack\EWARM\Project_Slave_Sensor_EnviroTrack\Obj\onchipflash.o
#        D:\Saoviet_Git\Saoviet_Envirotrack_M_TNMT\Project_Slave_Winmore_NH4\Project_Slave_Sensor_EnviroTrack\EWARM\Project_Slave_Sensor_EnviroTrack\Obj\PCD8544.o
#        D:\Saoviet_Git\Saoviet_Envirotrack_M_TNMT\Project_Slave_Winmore_NH4\Project_Slave_Sensor_EnviroTrack\EWARM\Project_Slave_Sensor_EnviroTrack\Obj\queue_p.o
#        D:\Saoviet_Git\Saoviet_Envirotrack_M_TNMT\Project_Slave_Winmore_NH4\Project_Slave_Sensor_EnviroTrack\EWARM\Project_Slave_Sensor_EnviroTrack\Obj\rtc.o
#        D:\Saoviet_Git\Saoviet_Envirotrack_M_TNMT\Project_Slave_Winmore_NH4\Project_Slave_Sensor_EnviroTrack\EWARM\Project_Slave_Sensor_EnviroTrack\Obj\spi.o
#        D:\Saoviet_Git\Saoviet_Envirotrack_M_TNMT\Project_Slave_Winmore_NH4\Project_Slave_Sensor_EnviroTrack\EWARM\Project_Slave_Sensor_EnviroTrack\Obj\ST7565R.o
#        D:\Saoviet_Git\Saoviet_Envirotrack_M_TNMT\Project_Slave_Winmore_NH4\Project_Slave_Sensor_EnviroTrack\EWARM\Project_Slave_Sensor_EnviroTrack\Obj\startup_stm32l433xx.o
#        D:\Saoviet_Git\Saoviet_Envirotrack_M_TNMT\Project_Slave_Winmore_NH4\Project_Slave_Sensor_EnviroTrack\EWARM\Project_Slave_Sensor_EnviroTrack\Obj\STM32F0xx.o
#        D:\Saoviet_Git\Saoviet_Envirotrack_M_TNMT\Project_Slave_Winmore_NH4\Project_Slave_Sensor_EnviroTrack\EWARM\Project_Slave_Sensor_EnviroTrack\Obj\STM32F10x.o
#        D:\Saoviet_Git\Saoviet_Envirotrack_M_TNMT\Project_Slave_Winmore_NH4\Project_Slave_Sensor_EnviroTrack\EWARM\Project_Slave_Sensor_EnviroTrack\Obj\STM32F4.o
#        D:\Saoviet_Git\Saoviet_Envirotrack_M_TNMT\Project_Slave_Winmore_NH4\Project_Slave_Sensor_EnviroTrack\EWARM\Project_Slave_Sensor_EnviroTrack\Obj\STM32L4.o
#        D:\Saoviet_Git\Saoviet_Envirotrack_M_TNMT\Project_Slave_Winmore_NH4\Project_Slave_Sensor_EnviroTrack\EWARM\Project_Slave_Sensor_EnviroTrack\Obj\stm32l4xx_hal.o
#        D:\Saoviet_Git\Saoviet_Envirotrack_M_TNMT\Project_Slave_Winmore_NH4\Project_Slave_Sensor_EnviroTrack\EWARM\Project_Slave_Sensor_EnviroTrack\Obj\stm32l4xx_hal_cortex.o
#        D:\Saoviet_Git\Saoviet_Envirotrack_M_TNMT\Project_Slave_Winmore_NH4\Project_Slave_Sensor_EnviroTrack\EWARM\Project_Slave_Sensor_EnviroTrack\Obj\stm32l4xx_hal_dma.o
#        D:\Saoviet_Git\Saoviet_Envirotrack_M_TNMT\Project_Slave_Winmore_NH4\Project_Slave_Sensor_EnviroTrack\EWARM\Project_Slave_Sensor_EnviroTrack\Obj\stm32l4xx_hal_dma_ex.o
#        D:\Saoviet_Git\Saoviet_Envirotrack_M_TNMT\Project_Slave_Winmore_NH4\Project_Slave_Sensor_EnviroTrack\EWARM\Project_Slave_Sensor_EnviroTrack\Obj\stm32l4xx_hal_exti.o
#        D:\Saoviet_Git\Saoviet_Envirotrack_M_TNMT\Project_Slave_Winmore_NH4\Project_Slave_Sensor_EnviroTrack\EWARM\Project_Slave_Sensor_EnviroTrack\Obj\stm32l4xx_hal_flash.o
#        D:\Saoviet_Git\Saoviet_Envirotrack_M_TNMT\Project_Slave_Winmore_NH4\Project_Slave_Sensor_EnviroTrack\EWARM\Project_Slave_Sensor_EnviroTrack\Obj\stm32l4xx_hal_flash_ex.o
#        D:\Saoviet_Git\Saoviet_Envirotrack_M_TNMT\Project_Slave_Winmore_NH4\Project_Slave_Sensor_EnviroTrack\EWARM\Project_Slave_Sensor_EnviroTrack\Obj\stm32l4xx_hal_flash_ramfunc.o
#        D:\Saoviet_Git\Saoviet_Envirotrack_M_TNMT\Project_Slave_Winmore_NH4\Project_Slave_Sensor_EnviroTrack\EWARM\Project_Slave_Sensor_EnviroTrack\Obj\stm32l4xx_hal_gpio.o
#        D:\Saoviet_Git\Saoviet_Envirotrack_M_TNMT\Project_Slave_Winmore_NH4\Project_Slave_Sensor_EnviroTrack\EWARM\Project_Slave_Sensor_EnviroTrack\Obj\stm32l4xx_hal_i2c.o
#        D:\Saoviet_Git\Saoviet_Envirotrack_M_TNMT\Project_Slave_Winmore_NH4\Project_Slave_Sensor_EnviroTrack\EWARM\Project_Slave_Sensor_EnviroTrack\Obj\stm32l4xx_hal_i2c_ex.o
#        D:\Saoviet_Git\Saoviet_Envirotrack_M_TNMT\Project_Slave_Winmore_NH4\Project_Slave_Sensor_EnviroTrack\EWARM\Project_Slave_Sensor_EnviroTrack\Obj\stm32l4xx_hal_msp.o
#        D:\Saoviet_Git\Saoviet_Envirotrack_M_TNMT\Project_Slave_Winmore_NH4\Project_Slave_Sensor_EnviroTrack\EWARM\Project_Slave_Sensor_EnviroTrack\Obj\stm32l4xx_hal_pwr.o
#        D:\Saoviet_Git\Saoviet_Envirotrack_M_TNMT\Project_Slave_Winmore_NH4\Project_Slave_Sensor_EnviroTrack\EWARM\Project_Slave_Sensor_EnviroTrack\Obj\stm32l4xx_hal_pwr_ex.o
#        D:\Saoviet_Git\Saoviet_Envirotrack_M_TNMT\Project_Slave_Winmore_NH4\Project_Slave_Sensor_EnviroTrack\EWARM\Project_Slave_Sensor_EnviroTrack\Obj\stm32l4xx_hal_rcc.o
#        D:\Saoviet_Git\Saoviet_Envirotrack_M_TNMT\Project_Slave_Winmore_NH4\Project_Slave_Sensor_EnviroTrack\EWARM\Project_Slave_Sensor_EnviroTrack\Obj\stm32l4xx_hal_rcc_ex.o
#        D:\Saoviet_Git\Saoviet_Envirotrack_M_TNMT\Project_Slave_Winmore_NH4\Project_Slave_Sensor_EnviroTrack\EWARM\Project_Slave_Sensor_EnviroTrack\Obj\stm32l4xx_hal_rtc.o
#        D:\Saoviet_Git\Saoviet_Envirotrack_M_TNMT\Project_Slave_Winmore_NH4\Project_Slave_Sensor_EnviroTrack\EWARM\Project_Slave_Sensor_EnviroTrack\Obj\stm32l4xx_hal_rtc_ex.o
#        D:\Saoviet_Git\Saoviet_Envirotrack_M_TNMT\Project_Slave_Winmore_NH4\Project_Slave_Sensor_EnviroTrack\EWARM\Project_Slave_Sensor_EnviroTrack\Obj\stm32l4xx_hal_spi.o
#        D:\Saoviet_Git\Saoviet_Envirotrack_M_TNMT\Project_Slave_Winmore_NH4\Project_Slave_Sensor_EnviroTrack\EWARM\Project_Slave_Sensor_EnviroTrack\Obj\stm32l4xx_hal_spi_ex.o
#        D:\Saoviet_Git\Saoviet_Envirotrack_M_TNMT\Project_Slave_Winmore_NH4\Project_Slave_Sensor_EnviroTrack\EWARM\Project_Slave_Sensor_EnviroTrack\Obj\stm32l4xx_hal_uart.o
#        D:\Saoviet_Git\Saoviet_Envirotrack_M_TNMT\Project_Slave_Winmore_NH4\Project_Slave_Sensor_EnviroTrack\EWARM\Project_Slave_Sensor_EnviroTrack\Obj\stm32l4xx_hal_uart_ex.o
#        D:\Saoviet_Git\Saoviet_Envirotrack_M_TNMT\Project_Slave_Winmore_NH4\Project_Slave_Sensor_EnviroTrack\EWARM\Project_Slave_Sensor_EnviroTrack\Obj\stm32l4xx_it.o
#        D:\Saoviet_Git\Saoviet_Envirotrack_M_TNMT\Project_Slave_Winmore_NH4\Project_Slave_Sensor_EnviroTrack\EWARM\Project_Slave_Sensor_EnviroTrack\Obj\system_stm32l4xx.o
#        D:\Saoviet_Git\Saoviet_Envirotrack_M_TNMT\Project_Slave_Winmore_NH4\Project_Slave_Sensor_EnviroTrack\EWARM\Project_Slave_Sensor_EnviroTrack\Obj\text.o
#        D:\Saoviet_Git\Saoviet_Envirotrack_M_TNMT\Project_Slave_Winmore_NH4\Project_Slave_Sensor_EnviroTrack\EWARM\Project_Slave_Sensor_EnviroTrack\Obj\text_tiny.o
#        D:\Saoviet_Git\Saoviet_Envirotrack_M_TNMT\Project_Slave_Winmore_NH4\Project_Slave_Sensor_EnviroTrack\EWARM\Project_Slave_Sensor_EnviroTrack\Obj\unit_tests.o
#        D:\Saoviet_Git\Saoviet_Envirotrack_M_TNMT\Project_Slave_Winmore_NH4\Project_Slave_Sensor_EnviroTrack\EWARM\Project_Slave_Sensor_EnviroTrack\Obj\usart.o
#        D:\Saoviet_Git\Saoviet_Envirotrack_M_TNMT\Project_Slave_Winmore_NH4\Project_Slave_Sensor_EnviroTrack\EWARM\Project_Slave_Sensor_EnviroTrack\Obj\user_adv_trace.o
#        D:\Saoviet_Git\Saoviet_Envirotrack_M_TNMT\Project_Slave_Winmore_NH4\Project_Slave_Sensor_EnviroTrack\EWARM\Project_Slave_Sensor_EnviroTrack\Obj\user_app_comm.o
#        D:\Saoviet_Git\Saoviet_Envirotrack_M_TNMT\Project_Slave_Winmore_NH4\Project_Slave_Sensor_EnviroTrack\EWARM\Project_Slave_Sensor_EnviroTrack\Obj\user_app_modbus_rtu.o
#        D:\Saoviet_Git\Saoviet_Envirotrack_M_TNMT\Project_Slave_Winmore_NH4\Project_Slave_Sensor_EnviroTrack\EWARM\Project_Slave_Sensor_EnviroTrack\Obj\user_app_rs485.o
#        D:\Saoviet_Git\Saoviet_Envirotrack_M_TNMT\Project_Slave_Winmore_NH4\Project_Slave_Sensor_EnviroTrack\EWARM\Project_Slave_Sensor_EnviroTrack\Obj\user_app_sensor.o
#        D:\Saoviet_Git\Saoviet_Envirotrack_M_TNMT\Project_Slave_Winmore_NH4\Project_Slave_Sensor_EnviroTrack\EWARM\Project_Slave_Sensor_EnviroTrack\Obj\user_at_serial.o
#        D:\Saoviet_Git\Saoviet_Envirotrack_M_TNMT\Project_Slave_Winmore_NH4\Project_Slave_Sensor_EnviroTrack\EWARM\Project_Slave_Sensor_EnviroTrack\Obj\user_connect_sensor.o
#        D:\Saoviet_Git\Saoviet_Envirotrack_M_TNMT\Project_Slave_Winmore_NH4\Project_Slave_Sensor_EnviroTrack\EWARM\Project_Slave_Sensor_EnviroTrack\Obj\user_convert_variable.o
#        D:\Saoviet_Git\Saoviet_Envirotrack_M_TNMT\Project_Slave_Winmore_NH4\Project_Slave_Sensor_EnviroTrack\EWARM\Project_Slave_Sensor_EnviroTrack\Obj\user_internal_mem.o
#        D:\Saoviet_Git\Saoviet_Envirotrack_M_TNMT\Project_Slave_Winmore_NH4\Project_Slave_Sensor_EnviroTrack\EWARM\Project_Slave_Sensor_EnviroTrack\Obj\user_mem_comm.o
#        D:\Saoviet_Git\Saoviet_Envirotrack_M_TNMT\Project_Slave_Winmore_NH4\Project_Slave_Sensor_EnviroTrack\EWARM\Project_Slave_Sensor_EnviroTrack\Obj\user_modbus_rtu.o
#        D:\Saoviet_Git\Saoviet_Envirotrack_M_TNMT\Project_Slave_Winmore_NH4\Project_Slave_Sensor_EnviroTrack\EWARM\Project_Slave_Sensor_EnviroTrack\Obj\user_obis_sv.o
#        D:\Saoviet_Git\Saoviet_Envirotrack_M_TNMT\Project_Slave_Winmore_NH4\Project_Slave_Sensor_EnviroTrack\EWARM\Project_Slave_Sensor_EnviroTrack\Obj\user_rs485.o
#        D:\Saoviet_Git\Saoviet_Envirotrack_M_TNMT\Project_Slave_Winmore_NH4\Project_Slave_Sensor_EnviroTrack\EWARM\Project_Slave_Sensor_EnviroTrack\Obj\user_rtc.o
#        D:\Saoviet_Git\Saoviet_Envirotrack_M_TNMT\Project_Slave_Winmore_NH4\Project_Slave_Sensor_EnviroTrack\EWARM\Project_Slave_Sensor_EnviroTrack\Obj\user_string.o
#        D:\Saoviet_Git\Saoviet_Envirotrack_M_TNMT\Project_Slave_Winmore_NH4\Project_Slave_Sensor_EnviroTrack\EWARM\Project_Slave_Sensor_EnviroTrack\Obj\user_time.o
#        D:\Saoviet_Git\Saoviet_Envirotrack_M_TNMT\Project_Slave_Winmore_NH4\Project_Slave_Sensor_EnviroTrack\EWARM\Project_Slave_Sensor_EnviroTrack\Obj\user_timer.o
#        D:\Saoviet_Git\Saoviet_Envirotrack_M_TNMT\Project_Slave_Winmore_NH4\Project_Slave_Sensor_EnviroTrack\EWARM\Project_Slave_Sensor_EnviroTrack\Obj\user_tiny_vsnprintf.o
#        D:\Saoviet_Git\Saoviet_Envirotrack_M_TNMT\Project_Slave_Winmore_NH4\Project_Slave_Sensor_EnviroTrack\EWARM\Project_Slave_Sensor_EnviroTrack\Obj\user_uart.o
#        D:\Saoviet_Git\Saoviet_Envirotrack_M_TNMT\Project_Slave_Winmore_NH4\Project_Slave_Sensor_EnviroTrack\EWARM\Project_Slave_Sensor_EnviroTrack\Obj\user_util.o
#        --no_out_extension -o
#        D:\Saoviet_Git\Saoviet_Envirotrack_M_TNMT\Project_Slave_Winmore_NH4\Project_Slave_Sensor_EnviroTrack\EWARM\Project_Slave_Sensor_EnviroTrack\Exe\Project_Slave_Sensor_EnviroTrack.out
#        --redirect _Printf=_PrintfFullNoMb --redirect _Scanf=_ScanfFullNoMb
#        --map
#        D:\Saoviet_Git\Saoviet_Envirotrack_M_TNMT\Project_Slave_Winmore_NH4\Project_Slave_Sensor_EnviroTrack\EWARM\Project_Slave_Sensor_EnviroTrack\List\Project_Slave_Sensor_EnviroTrack.map
#        --config
#        D:\Saoviet_Git\Saoviet_Envirotrack_M_TNMT\Project_Slave_Winmore_NH4\Project_Slave_Sensor_EnviroTrack\EWARM/stm32l433xx_flash.icf
#        --semihosting --entry __iar_program_start --vfe --text_out locale)
#
###############################################################################

*******************************************************************************
*** RUNTIME MODEL ATTRIBUTES
***

CppFlavor       = *
__Heap_Handler  = DLMalloc
__SystemLibrary = DLib
__dlib_version  = 6


*******************************************************************************
*** HEAP SELECTION
***

The advanced heap was selected because the application calls memory
allocation functions outside of system library functions, and there
are calls to deallocation functions in the application.


*******************************************************************************
*** PLACEMENT SUMMARY
***

"A0":  place at address 0x800'0000 { ro section .intvec };
"P1":  place in [from 0x800'0000 to 0x803'ffff] { ro };
define block CSTACK with size = 1K, alignment = 8 { };
define block HEAP with size = 512, alignment = 8 { };
"P2":  place in [from 0x2000'0000 to 0x2000'ffff] {
          rw, block CSTACK, block HEAP };
initialize by copy { rw };

  Section            Kind         Address      Size  Object
  -------            ----         -------      ----  ------
"A0":                                         0x18c
  .intvec            ro code   0x800'0000     0x18c  startup_stm32l433xx.o [1]
                             - 0x800'018c     0x18c

"P1":                                      0x1'1173
  .text              ro code   0x800'018c    0x2600  button.o [1]
  .text              ro code   0x800'278c     0x380  stm32l4xx_hal_gpio.o [1]
  .text              ro code   0x800'2b0c     0x21c  user_util.o [1]
  .text              ro code   0x800'2d28     0xea0  lcd_display.o [1]
  .text              ro code   0x800'3bc8    0x1b7c  user_app_sensor.o [1]
  .text              ro code   0x800'5744     0x934  user_app_modbus_rtu.o [1]
  .text              ro code   0x800'6078     0x40c  user_convert_variable.o [1]
  .text              ro code   0x800'6484      0x36  strlen.o [4]
  .text              ro code   0x800'64ba      0x3a  zero_init3.o [4]
  .text              ro code   0x800'64f4      0x22  S32ToDbl.o [3]
  .text              ro code   0x800'6516       0xa  xsprout.o [2]
  .text              ro code   0x800'6520      0x16  math_wrappers64.o [3]
  .rodata            const     0x800'6536       0x2  xlocale_c.o [2]
  .text              ro code   0x800'6538     0x246  DblDiv.o [3]
  .rodata            const     0x800'677e       0x1  xlocale_c.o [2]
  .text              ro code   0x800'6780      0x68  DblToFlt.o [3]
  .text              ro code   0x800'67e8      0x1a  U32ToDbl.o [3]
  .text              ro code   0x800'6804      0x48  FltToDbl.o [3]
  .text              ro code   0x800'684c      0x40  sprintf.o [2]
  .text              ro code   0x800'688c      0xb0  STM32L4.o [1]
  .text              ro code   0x800'693c       0xc  stm32l4xx_hal.o [1]
  .text              ro code   0x800'6948     0x290  text_tiny.o [1]
  .text              ro code   0x800'6bd8      0x54  event_driven.o [1]
  .text              ro code   0x800'6c2c      0x14  unit_tests.o [1]
  .text              ro code   0x800'6c40     0x110  glcd.o [1]
  .text              ro code   0x800'6d50     0x15c  ST7565R.o [1]
  .text              ro code   0x800'6eac      0x66  ABImemset.o [4]
  .text              ro code   0x800'6f14     0x390  text.o [1]
  .text              ro code   0x800'72a4     0x200  graphics.o [1]
  .text              ro code   0x800'74a4     0x350  user_modbus_rtu.o [1]
  .text              ro code   0x800'77f4     0x39c  usart.o [1]
  .text              ro code   0x800'7b90      0x74  user_connect_sensor.o [1]
  .text              ro code   0x800'7c04      0x28  stm32l4xx_hal.o [1]
  .text              ro code   0x800'7c2c     0xfc8  stm32l4xx_hal_uart.o [1]
  .text              ro code   0x800'8bf4     0x172  onchipflash.o [1]
  .text              ro code   0x800'8d68      0xa6  ABImemcpy.o [4]
  .text              ro code   0x800'8e10     0x230  I64DivMod.o [4]
  .text              ro code   0x800'9040     0x1a2  DblMul.o [3]
  .text              ro code   0x800'91e4     0x17a  DblAdd.o [3]
  .text              ro code   0x800'9360      0x3a  DblToS32.o [3]
  .text              ro code   0x800'939c     0x6ec  pow64.o [3]
  .text              ro code   0x800'9a88     0xfc6  xprintffull_nomb.o [2]
  .text              ro code   0x800'aa50     0x52a  stm32l4xx_hal_spi.o [1]
  .text              ro code   0x800'af7a       0x8  abs.o [2]
  .text              ro code   0x800'af82      0xc2  main.o [1]
  .text              ro code   0x800'b044      0x14  memset.o [4]
  .text              ro code   0x800'b058     0x4e8  stm32l4xx_hal_rcc_ex.o [1]
  .text              ro code   0x800'b540     0x422  stm32l4xx_hal_dma.o [1]
  .text              ro code   0x800'b964     0x194  stm32l4xx_hal_cortex.o [1]
  .text              ro code   0x800'baf8     0x128  user_uart.o [1]
  .text              ro code   0x800'bc20      0x72  stm32l4xx_hal_uart_ex.o [1]
  .text              ro code   0x800'bc94     0x9fc  stm32l4xx_hal_rcc.o [1]
  .text              ro code   0x800'c690       0x2  stm32l4xx_hal_uart.o [1]
  .text              ro code   0x800'c692       0x2  stm32l4xx_hal_uart.o [1]
  .text              ro code   0x800'c694     0x1b8  stm32l4xx_hal_flash.o [1]
  .text              ro code   0x800'c84c      0xa0  stm32l4xx_hal_flash_ex.o [1]
  .text              ro code   0x800'c8ec       0x2  I64DivZer.o [4]
  .text              ro code   0x800'c8f0      0xe2  DblSub.o [3]
  .text              ro code   0x800'c9d4      0x20  DblCmpEq.o [3]
  .text              ro code   0x800'c9f4      0x70  frexp.o [3]
  .text              ro code   0x800'ca64      0x2e  DblCmpLe.o [3]
  .text              ro code   0x800'ca94      0x2e  DblCmpGe.o [3]
  .text              ro code   0x800'cac4     0x3e8  iar_Exp64.o [3]
  .text              ro code   0x800'ceac      0x16  strchr.o [4]
  .text              ro code   0x800'cec4      0x40  xfail_s.o [2]
  .text              ro code   0x800'cf04      0x58  memchr.o [4]
  .text              ro code   0x800'cf5c     0x13a  ldexp.o [3]
  .text              ro code   0x800'd098      0x28  DblToU32.o [3]
  .text              ro code   0x800'd0c0       0x8  xlocale_c.o [2]
  .text              ro code   0x800'd0c8      0xc8  spi.o [1]
  .text              ro code   0x800'd190      0x24  stm32l4xx_hal.o [1]
  .text              ro code   0x800'd1b4     0x1d0  gpio.o [1]
  .text              ro code   0x800'd384      0x60  dma.o [1]
  .text              ro code   0x800'd3e4     0x150  rtc.o [1]
  .text              ro code   0x800'd534     0x4b0  user_app_comm.o [1]
  .text              ro code   0x800'd9e4      0x94  stm32l4xx_hal_pwr_ex.o [1]
  .text              ro code   0x800'da78      0x70  user_rs485.o [1]
  .text              ro code   0x800'dae8     0x23a  user_adv_trace.o [1]
  .text              ro code   0x800'dd24      0x60  stm32l4xx_hal.o [1]
  .text              ro code   0x800'dd84       0x6  abort.o [2]
  .text              ro code   0x800'dd8c      0x38  stm32l4xx_hal_msp.o [1]
  .text              ro code   0x800'ddc4     0x78e  stm32l4xx_hal_rtc.o [1]
  .text              ro code   0x800'e554     0x310  user_timer.o [1]
  .text              ro code   0x800'e864     0x1dc  user_at_serial.o [1]
  .text              ro code   0x800'ea40      0x58  user_time.o [1]
  .text              ro code   0x800'ea98     0x180  user_app_rs485.o [1]
  .text              ro code   0x800'ec18     0x350  user_tiny_vsnprintf.o [1]
  .text              ro code   0x800'ef68      0x14  exit.o [5]
  .text              ro code   0x800'ef7c     0x3a8  user_rtc.o [1]
  .text              ro code   0x800'f324       0x2  stm32l4xx_hal_rtc_ex.o [1]
  .text              ro code   0x800'f326     0x1e6  user_string.o [1]
  .text              ro code   0x800'f50c      0x48  stm32l4xx_hal_rtc_ex.o [1]
  .rodata            const     0x800'f558     0x420  pow64.o [3]
  .rodata            const     0x800'f978     0x400  unit_tests.o [1]
  .rodata            const     0x800'fd78     0x228  lcd_display.o [1]
  .rodata            const     0x800'ffa0     0x214  lcd_display.o [1]
  .text              ro code   0x801'01b4      0xd4  stm32l4xx_it.o [1]
  .text              ro code   0x801'0288      0x18  stm32l4xx_hal.o [1]
  .text              ro code   0x801'02a0      0x78  lz77_init_single.o [4]
  .rodata            const     0x801'0318      0x34  user_app_sensor.o [1]
  .rodata            const     0x801'034c      0x34  user_app_sensor.o [1]
  .rodata            const     0x801'0380      0x30  system_stm32l4xx.o [1]
  .rodata            const     0x801'03b0      0x2c  user_rtc.o [1]
  .rodata            const     0x801'03dc      0x28  user_tiny_vsnprintf.o [1]
  .rodata            const     0x801'0404      0x28  user_tiny_vsnprintf.o [1]
  .text              ro code   0x801'042c      0x28  data_init.o [4]
  .text              ro code   0x801'0454      0x22  fpinit_M.o [3]
  .iar.init_table    const     0x801'0478      0x20  - Linker created -
  .rodata            const     0x801'0498      0x20  user_rtc.o [1]
  .text              ro code   0x801'04b8      0x1e  cmain.o [4]
  .text              ro code   0x801'04d6       0x4  low_level_init.o [2]
  .text              ro code   0x801'04da       0x4  exit.o [2]
  .text              ro code   0x801'04e0       0xa  cexit.o [4]
  .rodata            const     0x801'04ec      0x1c  user_app_comm.o [1]
  .rodata            const     0x801'0508      0x1c  user_uart.o [1]
  .rodata            const     0x801'0524      0x18  user_app_comm.o [1]
  .rodata            const     0x801'053c      0x14  lcd_display.o [1]
  .rodata            const     0x801'0550      0x14  user_app_comm.o [1]
  .rodata            const     0x801'0564      0x14  user_at_serial.o [1]
  .rodata            const     0x801'0578      0x14  user_at_serial.o [1]
  .rodata            const     0x801'058c      0x14  user_at_serial.o [1]
  .rodata            const     0x801'05a0      0x14  user_at_serial.o [1]
  .rodata            const     0x801'05b4      0x14  user_at_serial.o [1]
  .rodata            const     0x801'05c8      0x10  lcd_display.o [1]
  .rodata            const     0x801'05d8      0x10  lcd_display.o [1]
  .rodata            const     0x801'05e8      0x10  lcd_display.o [1]
  .rodata            const     0x801'05f8      0x10  lcd_display.o [1]
  .rodata            const     0x801'0608      0x10  lcd_display.o [1]
  .rodata            const     0x801'0618      0x10  lcd_display.o [1]
  .rodata            const     0x801'0628      0x10  lcd_display.o [1]
  .rodata            const     0x801'0638      0x10  lcd_display.o [1]
  .rodata            const     0x801'0648      0x10  lcd_display.o [1]
  .rodata            const     0x801'0658      0x10  lcd_display.o [1]
  .rodata            const     0x801'0668      0x10  lcd_display.o [1]
  .rodata            const     0x801'0678      0x10  system_stm32l4xx.o [1]
  .rodata            const     0x801'0688      0x10  user_app_sensor.o [1]
  .rodata            const     0x801'0698      0x10  user_at_serial.o [1]
  .rodata            const     0x801'06a8      0x10  user_at_serial.o [1]
  .rodata            const     0x801'06b8      0x10  user_at_serial.o [1]
  .rodata            const     0x801'06c8      0x10  user_at_serial.o [1]
  .rodata            const     0x801'06d8      0x10  user_at_serial.o [1]
  .rodata            const     0x801'06e8      0x10  user_at_serial.o [1]
  .rodata            const     0x801'06f8      0x10  user_at_serial.o [1]
  .rodata            const     0x801'0708      0x10  user_at_serial.o [1]
  .rodata            const     0x801'0718      0x10  user_at_serial.o [1]
  .rodata            const     0x801'0728      0x10  user_at_serial.o [1]
  .rodata            const     0x801'0738      0x10  user_at_serial.o [1]
  .rodata            const     0x801'0748      0x10  user_at_serial.o [1]
  .rodata            const     0x801'0758      0x10  user_at_serial.o [1]
  .rodata            const     0x801'0768      0x10  user_at_serial.o [1]
  .rodata            const     0x801'0778      0x10  user_at_serial.o [1]
  .rodata            const     0x801'0788      0x10  user_at_serial.o [1]
  .rodata            const     0x801'0798      0x10  user_at_serial.o [1]
  .rodata            const     0x801'07a8      0x10  user_at_serial.o [1]
  .rodata            const     0x801'07b8      0x10  user_at_serial.o [1]
  .rodata            const     0x801'07c8      0x10  user_at_serial.o [1]
  .rodata            const     0x801'07d8      0x10  user_at_serial.o [1]
  .rodata            const     0x801'07e8      0x10  user_at_serial.o [1]
  .rodata            const     0x801'07f8      0x10  user_at_serial.o [1]
  .rodata            const     0x801'0808      0x10  user_at_serial.o [1]
  .rodata            const     0x801'0818      0x10  user_at_serial.o [1]
  .rodata            const     0x801'0828      0x10  user_at_serial.o [1]
  .rodata            const     0x801'0838      0x10  user_at_serial.o [1]
  .rodata            const     0x801'0848      0x10  user_at_serial.o [1]
  .text              ro code   0x801'0858      0x10  startup_stm32l433xx.o [1]
  .text              ro code   0x801'0868      0x10  system_stm32l4xx.o [1]
  .rodata            const     0x801'0878       0xc  lcd_display.o [1]
  .rodata            const     0x801'0884       0xc  lcd_display.o [1]
  .rodata            const     0x801'0890       0xc  lcd_display.o [1]
  .rodata            const     0x801'089c       0xc  lcd_display.o [1]
  .rodata            const     0x801'08a8       0xc  lcd_display.o [1]
  .rodata            const     0x801'08b4       0xc  lcd_display.o [1]
  .rodata            const     0x801'08c0       0xc  lcd_display.o [1]
  .rodata            const     0x801'08cc       0xc  lcd_display.o [1]
  .rodata            const     0x801'08d8       0xc  lcd_display.o [1]
  .rodata            const     0x801'08e4       0xc  lcd_display.o [1]
  .rodata            const     0x801'08f0       0xc  lcd_display.o [1]
  .rodata            const     0x801'08fc       0xc  lcd_display.o [1]
  .rodata            const     0x801'0908       0xc  lcd_display.o [1]
  .rodata            const     0x801'0914       0xc  lcd_display.o [1]
  .rodata            const     0x801'0920       0xc  lcd_display.o [1]
  .rodata            const     0x801'092c       0xc  lcd_display.o [1]
  .rodata            const     0x801'0938       0xc  lcd_display.o [1]
  .rodata            const     0x801'0944       0xc  lcd_display.o [1]
  .rodata            const     0x801'0950       0xc  lcd_display.o [1]
  .rodata            const     0x801'095c       0xc  lcd_display.o [1]
  .rodata            const     0x801'0968       0xc  lcd_display.o [1]
  .rodata            const     0x801'0974       0xc  lcd_display.o [1]
  .rodata            const     0x801'0980       0xc  lcd_display.o [1]
  .rodata            const     0x801'098c       0xc  lcd_display.o [1]
  .rodata            const     0x801'0998       0xc  lcd_display.o [1]
  .rodata            const     0x801'09a4       0xc  lcd_display.o [1]
  .rodata            const     0x801'09b0       0xc  lcd_display.o [1]
  .rodata            const     0x801'09bc       0xc  user_app_comm.o [1]
  .rodata            const     0x801'09c8       0xc  user_app_sensor.o [1]
  .rodata            const     0x801'09d4       0xc  user_at_serial.o [1]
  .rodata            const     0x801'09e0       0xc  user_at_serial.o [1]
  .rodata            const     0x801'09ec       0xc  user_at_serial.o [1]
  .rodata            const     0x801'09f8       0xc  user_at_serial.o [1]
  .rodata            const     0x801'0a04       0xc  user_at_serial.o [1]
  .rodata            const     0x801'0a10       0xc  user_at_serial.o [1]
  .rodata            const     0x801'0a1c       0xc  user_at_serial.o [1]
  .rodata            const     0x801'0a28       0xc  user_at_serial.o [1]
  .rodata            const     0x801'0a34       0xc  user_at_serial.o [1]
  .rodata            const     0x801'0a40       0xc  user_at_serial.o [1]
  .rodata            const     0x801'0a4c       0xc  user_at_serial.o [1]
  .rodata            const     0x801'0a58       0xc  user_at_serial.o [1]
  .rodata            const     0x801'0a64       0xc  user_at_serial.o [1]
  .rodata            const     0x801'0a70       0xc  user_at_serial.o [1]
  .rodata            const     0x801'0a7c       0xc  user_at_serial.o [1]
  .rodata            const     0x801'0a88       0xc  user_at_serial.o [1]
  .rodata            const     0x801'0a94       0xc  user_at_serial.o [1]
  .rodata            const     0x801'0aa0       0xc  user_at_serial.o [1]
  .rodata            const     0x801'0aac       0xc  user_at_serial.o [1]
  .rodata            const     0x801'0ab8       0xc  user_at_serial.o [1]
  .rodata            const     0x801'0ac4       0xc  user_at_serial.o [1]
  .rodata            const     0x801'0ad0       0xc  user_at_serial.o [1]
  .rodata            const     0x801'0adc       0xc  user_at_serial.o [1]
  .rodata            const     0x801'0ae8       0xc  user_at_serial.o [1]
  .rodata            const     0x801'0af4       0xc  user_at_serial.o [1]
  .rodata            const     0x801'0b00       0xc  user_at_serial.o [1]
  .rodata            const     0x801'0b0c       0xc  user_at_serial.o [1]
  .rodata            const     0x801'0b18       0xc  user_at_serial.o [1]
  .rodata            const     0x801'0b24       0xc  user_rtc.o [1]
  .rodata            const     0x801'0b30       0xc  user_rtc.o [1]
  .text              ro code   0x801'0b3c       0xc  cstartup_M.o [4]
  .rodata            const     0x801'0b48       0x8  lcd_display.o [1]
  .rodata            const     0x801'0b50       0x8  lcd_display.o [1]
  .rodata            const     0x801'0b58       0x8  lcd_display.o [1]
  .rodata            const     0x801'0b60       0x8  lcd_display.o [1]
  .rodata            const     0x801'0b68       0x8  lcd_display.o [1]
  .rodata            const     0x801'0b70       0x8  lcd_display.o [1]
  .rodata            const     0x801'0b78       0x8  lcd_display.o [1]
  .rodata            const     0x801'0b80       0x8  lcd_display.o [1]
  .rodata            const     0x801'0b88       0x8  lcd_display.o [1]
  .rodata            const     0x801'0b90       0x8  lcd_display.o [1]
  .rodata            const     0x801'0b98       0x8  lcd_display.o [1]
  .rodata            const     0x801'0ba0       0x8  lcd_display.o [1]
  .rodata            const     0x801'0ba8       0x8  system_stm32l4xx.o [1]
  .rodata            const     0x801'0bb0       0x8  user_app_modbus_rtu.o [1]
  .rodata            const     0x801'0bb8       0x8  user_app_modbus_rtu.o [1]
  .rodata            const     0x801'0bc0       0x8  user_app_sensor.o [1]
  .rodata            const     0x801'0bc8       0x8  user_app_sensor.o [1]
  .rodata            const     0x801'0bd0       0x8  user_app_sensor.o [1]
  .rodata            const     0x801'0bd8       0x8  user_app_sensor.o [1]
  .rodata            const     0x801'0be0       0x8  user_at_serial.o [1]
  .rodata            const     0x801'0be8       0x8  user_at_serial.o [1]
  .rodata            const     0x801'0bf0       0x8  user_at_serial.o [1]
  .rodata            const     0x801'0bf8       0x8  user_at_serial.o [1]
  .rodata            const     0x801'0c00       0x8  user_at_serial.o [1]
  .rodata            const     0x801'0c08       0x8  user_tiny_vsnprintf.o [1]
  .rodata            const     0x801'0c10       0x8  user_util.o [1]
  .rodata            const     0x801'0c18       0x8  xprintffull_nomb.o [2]
  .rodata            const     0x801'0c20       0x4  lcd_display.o [1]
  .rodata            const     0x801'0c24       0x4  lcd_display.o [1]
  .rodata            const     0x801'0c28       0x4  lcd_display.o [1]
  .rodata            const     0x801'0c2c       0x4  lcd_display.o [1]
  .rodata            const     0x801'0c30       0x4  lcd_display.o [1]
  .rodata            const     0x801'0c34       0x4  lcd_display.o [1]
  .rodata            const     0x801'0c38       0x4  lcd_display.o [1]
  .rodata            const     0x801'0c3c       0x4  lcd_display.o [1]
  .text              ro code   0x801'0c40       0x4  startup_stm32l433xx.o [1]
  .text              ro code   0x801'0c44       0x4  startup_stm32l433xx.o [1]
  .text              ro code   0x801'0c48       0x4  startup_stm32l433xx.o [1]
  .text              ro code   0x801'0c4c       0x4  startup_stm32l433xx.o [1]
  .text              ro code   0x801'0c50       0x4  startup_stm32l433xx.o [1]
  .text              ro code   0x801'0c54       0x4  startup_stm32l433xx.o [1]
  .text              ro code   0x801'0c58       0x4  startup_stm32l433xx.o [1]
  .text              ro code   0x801'0c5c       0x4  startup_stm32l433xx.o [1]
  .text              ro code   0x801'0c60       0x4  startup_stm32l433xx.o [1]
  .text              ro code   0x801'0c64       0x4  startup_stm32l433xx.o [1]
  .text              ro code   0x801'0c68       0x4  startup_stm32l433xx.o [1]
  .text              ro code   0x801'0c6c       0x4  startup_stm32l433xx.o [1]
  .text              ro code   0x801'0c70       0x4  startup_stm32l433xx.o [1]
  .text              ro code   0x801'0c74       0x4  startup_stm32l433xx.o [1]
  .text              ro code   0x801'0c78       0x4  startup_stm32l433xx.o [1]
  .text              ro code   0x801'0c7c       0x4  startup_stm32l433xx.o [1]
  .text              ro code   0x801'0c80       0x4  startup_stm32l433xx.o [1]
  .text              ro code   0x801'0c84       0x4  startup_stm32l433xx.o [1]
  .text              ro code   0x801'0c88       0x4  startup_stm32l433xx.o [1]
  .text              ro code   0x801'0c8c       0x4  startup_stm32l433xx.o [1]
  .text              ro code   0x801'0c90       0x4  startup_stm32l433xx.o [1]
  .text              ro code   0x801'0c94       0x4  startup_stm32l433xx.o [1]
  .text              ro code   0x801'0c98       0x4  startup_stm32l433xx.o [1]
  .text              ro code   0x801'0c9c       0x4  startup_stm32l433xx.o [1]
  .text              ro code   0x801'0ca0       0x4  startup_stm32l433xx.o [1]
  .text              ro code   0x801'0ca4       0x4  startup_stm32l433xx.o [1]
  .text              ro code   0x801'0ca8       0x4  startup_stm32l433xx.o [1]
  .text              ro code   0x801'0cac       0x4  startup_stm32l433xx.o [1]
  .text              ro code   0x801'0cb0       0x4  startup_stm32l433xx.o [1]
  .text              ro code   0x801'0cb4       0x4  startup_stm32l433xx.o [1]
  .text              ro code   0x801'0cb8       0x4  startup_stm32l433xx.o [1]
  .text              ro code   0x801'0cbc       0x4  startup_stm32l433xx.o [1]
  .text              ro code   0x801'0cc0       0x4  startup_stm32l433xx.o [1]
  .text              ro code   0x801'0cc4       0x4  startup_stm32l433xx.o [1]
  .text              ro code   0x801'0cc8       0x4  startup_stm32l433xx.o [1]
  .text              ro code   0x801'0ccc       0x4  startup_stm32l433xx.o [1]
  .text              ro code   0x801'0cd0       0x4  startup_stm32l433xx.o [1]
  .text              ro code   0x801'0cd4       0x4  startup_stm32l433xx.o [1]
  .text              ro code   0x801'0cd8       0x4  startup_stm32l433xx.o [1]
  .text              ro code   0x801'0cdc       0x4  startup_stm32l433xx.o [1]
  .text              ro code   0x801'0ce0       0x4  startup_stm32l433xx.o [1]
  .text              ro code   0x801'0ce4       0x4  startup_stm32l433xx.o [1]
  .text              ro code   0x801'0ce8       0x4  startup_stm32l433xx.o [1]
  .text              ro code   0x801'0cec       0x4  startup_stm32l433xx.o [1]
  .text              ro code   0x801'0cf0       0x4  startup_stm32l433xx.o [1]
  .text              ro code   0x801'0cf4       0x4  startup_stm32l433xx.o [1]
  .text              ro code   0x801'0cf8       0x4  startup_stm32l433xx.o [1]
  .text              ro code   0x801'0cfc       0x4  startup_stm32l433xx.o [1]
  .text              ro code   0x801'0d00       0x4  startup_stm32l433xx.o [1]
  .text              ro code   0x801'0d04       0x4  startup_stm32l433xx.o [1]
  .text              ro code   0x801'0d08       0x4  startup_stm32l433xx.o [1]
  .text              ro code   0x801'0d0c       0x4  startup_stm32l433xx.o [1]
  .text              ro code   0x801'0d10       0x4  startup_stm32l433xx.o [1]
  .text              ro code   0x801'0d14       0x4  startup_stm32l433xx.o [1]
  .text              ro code   0x801'0d18       0x4  startup_stm32l433xx.o [1]
  .text              ro code   0x801'0d1c       0x4  startup_stm32l433xx.o [1]
  .text              ro code   0x801'0d20       0x4  startup_stm32l433xx.o [1]
  .text              ro code   0x801'0d24       0x4  startup_stm32l433xx.o [1]
  .text              ro code   0x801'0d28       0x4  startup_stm32l433xx.o [1]
  .rodata            const     0x801'0d2c       0x0  zero_init3.o [4]
  .rodata            const     0x801'0d2c       0x0  lz77_init_single.o [4]
  Initializer bytes  const     0x801'0d2c     0x5d3  <for P2-1>
                             - 0x801'12ff  0x1'1173

"P2", part 1 of 3:                            0xdf9
  P2-1                        0x2000'0000     0xdf9  <Init block>
    .data            inited   0x2000'0000       0xc  button.o [1]
    .data            inited   0x2000'000c      0x70  lcd_display.o [1]
    .data            inited   0x2000'007c      0x7c  lcd_display.o [1]
    .data            inited   0x2000'00f8       0x8  lcd_display.o [1]
    .data            inited   0x2000'0100       0x4  lcd_display.o [1]
    .data            inited   0x2000'0104      0x10  lcd_display.o [1]
    .data            inited   0x2000'0114      0x10  lcd_display.o [1]
    .data            inited   0x2000'0124      0x10  lcd_display.o [1]
    .data            inited   0x2000'0134      0x10  lcd_display.o [1]
    .data            inited   0x2000'0144      0x10  lcd_display.o [1]
    .data            inited   0x2000'0154       0x8  lcd_display.o [1]
    .data            inited   0x2000'015c     0x5e8  lcd_display.o [1]
    .data            inited   0x2000'0744       0x4  stm32l4xx_hal.o [1]
    .data            inited   0x2000'0748      0x20  stm32l4xx_hal_flash.o [1]
    .data            inited   0x2000'0768       0x4  system_stm32l4xx.o [1]
    .data            inited   0x2000'076c      0x70  user_app_comm.o [1]
    .data            inited   0x2000'07dc       0x8  user_app_comm.o [1]
    .data            inited   0x2000'07e4       0x8  user_app_comm.o [1]
    .data            inited   0x2000'07ec      0xa0  user_app_modbus_rtu.o [1]
    .data            inited   0x2000'088c      0x2c  user_app_modbus_rtu.o [1]
    .data            inited   0x2000'08b8       0x8  user_app_modbus_rtu.o [1]
    .data            inited   0x2000'08c0      0x40  user_app_rs485.o [1]
    .data            inited   0x2000'0900      0x80  user_app_sensor.o [1]
    .data            inited   0x2000'0980       0x8  user_app_sensor.o [1]
    .data            inited   0x2000'0988       0x4  user_app_sensor.o [1]
    .data            inited   0x2000'098c       0x8  user_at_serial.o [1]
    .data            inited   0x2000'0994     0x410  user_at_serial.o [1]
    .data            inited   0x2000'0da4       0x8  user_connect_sensor.o [1]
    .data            inited   0x2000'0dac       0x8  user_rs485.o [1]
    .data            inited   0x2000'0db4       0x4  user_tiny_vsnprintf.o [1]
    .data            inited   0x2000'0db8       0x4  user_tiny_vsnprintf.o [1]
    .data            inited   0x2000'0dbc      0x38  xlocale_c.o [2]
    .data            inited   0x2000'0df4       0x2  user_app_modbus_rtu.o [1]
    .data            inited   0x2000'0df6       0x1  lcd_display.o [1]
    .data            inited   0x2000'0df7       0x1  stm32l4xx_hal.o [1]
    .data            inited   0x2000'0df8       0x1  user_util.o [1]
                            - 0x2000'0df9     0xdf9

"P2", part 2 of 3:                           0x1e44
  .bss               zero     0x2000'0dfc     0x4b0  user_app_comm.o [1]
  .bss               zero     0x2000'12ac     0x400  glcd.o [1]
  .bss               zero     0x2000'16ac     0x400  user_adv_trace.o [1]
  .bss               zero     0x2000'1aac     0x2f4  lcd_display.o [1]
  .bss               zero     0x2000'1da0     0x200  user_adv_trace.o [1]
  .bss               zero     0x2000'1fa0     0x200  user_connect_sensor.o [1]
  .bss               zero     0x2000'21a0     0x200  user_rs485.o [1]
  .bss               zero     0x2000'23a0      0xc0  lcd_display.o [1]
  .bss               zero     0x2000'2460      0x88  usart.o [1]
  .bss               zero     0x2000'24e8      0x88  usart.o [1]
  .bss               zero     0x2000'2570      0x88  usart.o [1]
  .bss               zero     0x2000'25f8      0x80  user_app_modbus_rtu.o [1]
  .bss               zero     0x2000'2678      0x80  user_app_modbus_rtu.o [1]
  .bss               zero     0x2000'26f8      0x80  user_app_modbus_rtu.o [1]
  .bss               zero     0x2000'2778      0x80  user_at_serial.o [1]
  .bss               zero     0x2000'27f8      0x80  user_at_serial.o [1]
  .bss               zero     0x2000'2878      0x64  spi.o [1]
  .bss               zero     0x2000'28dc      0x64  user_app_comm.o [1]
  .bss               zero     0x2000'2940      0x48  usart.o [1]
  .bss               zero     0x2000'2988      0x48  usart.o [1]
  .bss               zero     0x2000'29d0      0x48  usart.o [1]
  .bss               zero     0x2000'2a18      0x44  user_app_sensor.o [1]
  .bss               zero     0x2000'2a5c      0x30  user_app_sensor.o [1]
  .bss               zero     0x2000'2a8c      0x2c  user_rtc.o [1]
  .bss               zero     0x2000'2ab8      0x28  user_app_sensor.o [1]
  .bss               zero     0x2000'2ae0      0x28  user_app_sensor.o [1]
  .bss               zero     0x2000'2b08      0x24  rtc.o [1]
  .bss               zero     0x2000'2b2c      0x1c  user_rtc.o [1]
  .bss               zero     0x2000'2b48      0x18  button.o [1]
  .bss               zero     0x2000'2b60      0x18  user_adv_trace.o [1]
  .bss               zero     0x2000'2b78      0x18  user_app_comm.o [1]
  .bss               zero     0x2000'2b90      0x10  lcd_display.o [1]
  .bss               zero     0x2000'2ba0      0x10  user_app_sensor.o [1]
  .bss               zero     0x2000'2bb0       0xc  text.o [1]
  .bss               zero     0x2000'2bbc       0xc  user_app_sensor.o [1]
  .bss               zero     0x2000'2bc8       0xc  user_util.o [1]
  .bss               zero     0x2000'2bd4       0x4  button.o [1]
  .bss               zero     0x2000'2bd8       0x4  glcd.o [1]
  .bss               zero     0x2000'2bdc       0x4  glcd.o [1]
  .bss               zero     0x2000'2be0       0x4  glcd.o [1]
  .bss               zero     0x2000'2be4       0x4  lcd_display.o [1]
  .bss               zero     0x2000'2be8       0x4  stm32l4xx_hal.o [1]
  .bss               zero     0x2000'2bec       0x4  stm32l4xx_it.o [1]
  .bss               zero     0x2000'2bf0       0x4  user_app_comm.o [1]
  .bss               zero     0x2000'2bf4       0x4  user_app_sensor.o [1]
  .bss               zero     0x2000'2bf8       0x4  user_app_sensor.o [1]
  .bss               zero     0x2000'2bfc       0x4  user_app_sensor.o [1]
  .bss               zero     0x2000'2c00       0x4  user_app_sensor.o [1]
  .bss               zero     0x2000'2c04       0x4  user_rtc.o [1]
  .bss               zero     0x2000'2c08       0x4  user_timer.o [1]
  .bss               zero     0x2000'2c0c       0x4  user_util.o [1]
  .bss               zero     0x2000'2c10       0x4  user_util.o [1]
  .bss               zero     0x2000'2c14       0x4  user_util.o [1]
  .bss               zero     0x2000'2c18       0x4  xfail_s.o [2]
  .bss               zero     0x2000'2c1c       0x2  button.o [1]
  .bss               zero     0x2000'2c1e       0x2  button.o [1]
  .bss               zero     0x2000'2c20       0x2  lcd_display.o [1]
  .bss               zero     0x2000'2c22       0x2  user_app_comm.o [1]
  .bss               zero     0x2000'2c24       0x2  user_app_comm.o [1]
  .bss               zero     0x2000'2c26       0x2  user_app_sensor.o [1]
  .bss               zero     0x2000'2c28       0x2  user_app_sensor.o [1]
  .bss               zero     0x2000'2c2a       0x2  user_uart.o [1]
  .bss               zero     0x2000'2c2c       0x1  button.o [1]
  .bss               zero     0x2000'2c2d       0x1  lcd_display.o [1]
  .bss               zero     0x2000'2c2e       0x1  lcd_display.o [1]
  .bss               zero     0x2000'2c2f       0x1  lcd_display.o [1]
  .bss               zero     0x2000'2c30       0x1  stm32l4xx_it.o [1]
  .bss               zero     0x2000'2c31       0x1  user_app_comm.o [1]
  .bss               zero     0x2000'2c32       0x1  user_app_comm.o [1]
  .bss               zero     0x2000'2c33       0x1  user_app_rs485.o [1]
  .bss               zero     0x2000'2c34       0x1  user_app_sensor.o [1]
  .bss               zero     0x2000'2c35       0x1  user_app_sensor.o [1]
  .bss               zero     0x2000'2c36       0x1  user_app_sensor.o [1]
  .bss               zero     0x2000'2c37       0x1  user_at_serial.o [1]
  .bss               zero     0x2000'2c38       0x1  user_connect_sensor.o [1]
  .bss               zero     0x2000'2c39       0x1  user_connect_sensor.o [1]
  .bss               zero     0x2000'2c3a       0x1  user_rs485.o [1]
  .bss               zero     0x2000'2c3b       0x1  user_rs485.o [1]
  .bss               zero     0x2000'2c3c       0x1  user_rtc.o [1]
  .bss               zero     0x2000'2c3d       0x1  user_uart.o [1]
                            - 0x2000'2c3e    0x1e42

"P2", part 3 of 3:                            0x400
  CSTACK                      0x2000'2c40     0x400  <Block>
    CSTACK           uninit   0x2000'2c40     0x400  <Block tail>
                            - 0x2000'3040     0x400

Unused ranges:

         From           To      Size
         ----           --      ----
   0x801'12ff   0x803'ffff  0x2'ed01
  0x2000'0df9  0x2000'0dfb       0x3
  0x2000'3040  0x2000'ffff    0xcfc0


*******************************************************************************
*** INIT TABLE
***

          Address      Size
          -------      ----
Zero (__iar_zero_init3)
    1 destination range, total size 0x1e42:
          0x2000'0dfc  0x1e42

Copy/lz77 (__iar_lz77_init_single3)
    1 source range, total size 0x5d3 (41% of destination):
           0x801'0d2c   0x5d3
    1 destination range, total size 0xdf9:
          0x2000'0000   0xdf9



*******************************************************************************
*** MODULE SUMMARY
***

    Module                    ro code  ro data  rw data
    ------                    -------  -------  -------
command line/config:
    ---------------------------------------------------
    Total:

D:\Saoviet_Git\Saoviet_Envirotrack_M_TNMT\Project_Slave_Winmore_NH4\Project_Slave_Sensor_EnviroTrack\EWARM\Project_Slave_Sensor_EnviroTrack\Obj: [1]
    ST7565R.o                     348
    STM32L4.o                     176
    button.o                    9'728        5       45
    dma.o                          96
    event_driven.o                 84
    glcd.o                        272             1'036
    gpio.o                        464
    graphics.o                    512
    lcd_display.o               3'744    2'503    2'822
    main.o                        194
    onchipflash.o                 370
    rtc.o                         336                36
    spi.o                         200               100
    startup_stm32l433xx.o         648
    stm32l4xx_hal.o               208        1        9
    stm32l4xx_hal_cortex.o        404
    stm32l4xx_hal_dma.o         1'058
    stm32l4xx_hal_flash.o         440       14       32
    stm32l4xx_hal_flash_ex.o      160
    stm32l4xx_hal_gpio.o          896
    stm32l4xx_hal_msp.o            56
    stm32l4xx_hal_pwr_ex.o        148
    stm32l4xx_hal_rcc.o         2'556
    stm32l4xx_hal_rcc_ex.o      1'256
    stm32l4xx_hal_rtc.o         1'934
    stm32l4xx_hal_rtc_ex.o         74
    stm32l4xx_hal_spi.o         1'322
    stm32l4xx_hal_uart.o        4'044
    stm32l4xx_hal_uart_ex.o       114
    stm32l4xx_it.o                212                 5
    system_stm32l4xx.o             16       73        4
    text.o                        912                12
    text_tiny.o                   656
    unit_tests.o                   20    1'024
    usart.o                       924               624
    user_adv_trace.o              570             1'560
    user_app_comm.o             1'200      138    1'462
    user_app_modbus_rtu.o       2'356      105      598
    user_app_rs485.o              384       27       65
    user_app_sensor.o           7'036      222      387
    user_at_serial.o              476    1'361    1'305
    user_connect_sensor.o         116        3      522
    user_convert_variable.o     1'036
    user_modbus_rtu.o             848
    user_rs485.o                  112        4      522
    user_rtc.o                    936      100       77
    user_string.o                 486
    user_time.o                    88
    user_timer.o                  784                 4
    user_tiny_vsnprintf.o         848       91        8
    user_uart.o                   296       28        3
    user_util.o                   540        9       25
    ---------------------------------------------------
    Total:                     52'694    5'708   11'263

dl7M_tlf.a: [2]
    abort.o                         6
    abs.o                           8
    exit.o                          4
    low_level_init.o                4
    sprintf.o                      64
    xfail_s.o                      64                 4
    xlocale_c.o                     8       26       56
    xprintffull_nomb.o          4'038        8
    xsprout.o                      10
    ---------------------------------------------------
    Total:                      4'206       34       60

m7M_tls.a: [3]
    DblAdd.o                      378
    DblCmpEq.o                     32
    DblCmpGe.o                     46
    DblCmpLe.o                     46
    DblDiv.o                      582
    DblMul.o                      418
    DblSub.o                      226
    DblToFlt.o                    104
    DblToS32.o                     58
    DblToU32.o                     40
    FltToDbl.o                     72
    S32ToDbl.o                     34
    U32ToDbl.o                     26
    fpinit_M.o                     34
    frexp.o                       112
    iar_Exp64.o                 1'000
    ldexp.o                       314
    math_wrappers64.o              22
    pow64.o                     1'772    1'056
    ---------------------------------------------------
    Total:                      5'316    1'056

rt7M_tl.a: [4]
    ABImemcpy.o                   166
    ABImemset.o                   102
    I64DivMod.o                   560
    I64DivZer.o                     2
    cexit.o                        10
    cmain.o                        30
    cstartup_M.o                   12
    data_init.o                    40
    lz77_init_single.o            120
    memchr.o                       88
    memset.o                       20
    strchr.o                       22
    strlen.o                       54
    zero_init3.o                   58
    ---------------------------------------------------
    Total:                      1'284

shb_l.a: [5]
    exit.o                         20
    ---------------------------------------------------
    Total:                         20

    Gaps                           41        8
    Linker created                          32    1'024
-------------------------------------------------------
    Grand Total:               63'561    6'838   12'347


*******************************************************************************
*** ENTRY LIST
***

Entry                       Address    Size  Type      Object
-----                       -------    ----  ----      ------
.iar.init_table$$Base    0x801'0478           --   Gb  - Linker created -
.iar.init_table$$Limit   0x801'0498           --   Gb  - Linker created -
?main                    0x801'04b9          Code  Gb  cmain.o [4]
ADV_TRACE_Buffer        0x2000'16ac   0x400  Data  Lc  user_adv_trace.o [1]
ADV_TRACE_Ctx           0x2000'2b60    0x18  Data  Lc  user_adv_trace.o [1]
AHBPrescTable            0x801'0678    0x10  Data  Gb  system_stm32l4xx.o [1]
APBPrescTable            0x801'0ba8     0x8  Data  Gb  system_stm32l4xx.o [1]
AT_CMD_Get_BR_Slave      0x800'542f    0x52  Code  Gb  user_app_sensor.o [1]
AT_CMD_Get_ID_Slave      0x800'5311    0x5a  Code  Gb  user_app_sensor.o [1]
AT_CMD_Reset_Slave       0x800'5265    0x4a  Code  Gb  user_app_sensor.o [1]
AT_CMD_Restore_Slave     0x800'52af    0x5e  Code  Gb  user_app_sensor.o [1]
AT_CMD_Set_BR_Slave      0x800'5481    0x94  Code  Gb  user_app_sensor.o [1]
AT_CMD_Set_ID_Slave      0x800'5399    0x96  Code  Gb  user_app_sensor.o [1]
AppComm_DBG_Init_RX_Mode
                         0x800'd7b5    0x1e  Code  Gb  user_app_comm.o [1]
AppComm_DBG_Init_Uart    0x800'd7ad     0x8  Code  Gb  user_app_comm.o [1]
AppComm_DBG_Rx_Callback
                         0x800'd7db   0x176  Code  Gb  user_app_comm.o [1]
AppComm_DBG_Stop_RX_Mode
                         0x800'd7d9     0x2  Code  Gb  user_app_comm.o [1]
AppComm_Get_Reset_Source
                         0x800'd775    0x38  Code  Gb  user_app_comm.o [1]
AppComm_IRQ_Timer_CallBack
                         0x800'd735     0xc  Code  Gb  user_app_comm.o [1]
AppComm_Init             0x800'd675    0x20  Code  Gb  user_app_comm.o [1]
AppComm_Set_Next_TxTimer
                         0x800'd75b     0x2  Code  Gb  user_app_comm.o [1]
AppComm_Task             0x800'd695    0x9e  Code  Gb  user_app_comm.o [1]
AppComm_Uart_Debug_Send
                         0x800'd75d    0x18  Code  Lc  user_app_comm.o [1]
AppRs485_Task            0x800'eb71    0x84  Code  Gb  user_app_rs485.o [1]
AppSensor_Task           0x800'559d    0x84  Code  Gb  user_app_sensor.o [1]
BUTTON_Down_Process      0x800'1929   0x488  Code  Gb  button.o [1]
BUTTON_ESC_Process       0x800'1dc1   0x980  Code  Gb  button.o [1]
BUTTON_Enter_Process     0x800'02ed  0x11c6  Code  Gb  button.o [1]
BUTTON_Process           0x800'018d    0x32  Code  Gb  button.o [1]
BUTTON_Up_Process        0x800'14b9   0x458  Code  Gb  button.o [1]
BUTTON_scan              0x800'01bf   0x116  Code  Gb  button.o [1]
BUTTON_scan::block_time
                        0x2000'2c1c     0x2  Data  Lc  button.o [1]
BUTTON_scan::hold       0x2000'2bd4     0x4  Data  Lc  button.o [1]
BUTTON_scan::last_value
                        0x2000'2c2c     0x1  Data  Lc  button.o [1]
BusFault_Handler         0x801'01bb     0x2  Code  Gb  stm32l4xx_it.o [1]
CSTACK$$Base            0x2000'2c40           --   Gb  - Linker created -
CSTACK$$Limit           0x2000'3040           --   Gb  - Linker created -
Cal_Time                 0x800'2b2b    0x12  Code  Gb  user_util.o [1]
Calculator_Scale         0x800'6079    0x54  Code  Gb  user_convert_variable.o [1]
CheckList_AT_CONFIG     0x2000'0994   0x410  Data  Gb  user_at_serial.o [1]
Check_Time_Out           0x800'2b0d    0x1e  Code  Gb  user_util.o [1]
Convert_Point_Int_To_String
                         0x800'60cd    0xce  Code  Gb  user_convert_variable.o [1]
Convert_Point_Int_To_String_Scale
                         0x800'619b    0xea  Code  Gb  user_convert_variable.o [1]
Convert_Scale            0x800'2c7d    0x5c  Code  Gb  user_util.o [1]
Convert_String_To_Dec    0x800'63f5    0x5c  Code  Gb  user_convert_variable.o [1]
Convert_uint32Hex_To_Float
                         0x800'62b1   0x144  Code  Gb  user_convert_variable.o [1]
CountBufferHandleRecvSS
                        0x2000'2c26     0x2  Data  Gb  user_app_sensor.o [1]
DMA1_Channel3_IRQHandler
                         0x801'0215     0xa  Code  Gb  stm32l4xx_it.o [1]
DMA1_Channel5_IRQHandler
                         0x801'021f     0xa  Code  Gb  stm32l4xx_it.o [1]
DMA2_Channel7_IRQHandler
                         0x801'0247     0xa  Code  Gb  stm32l4xx_it.o [1]
DMA_SetConfig            0x800'b931    0x32  Code  Lc  stm32l4xx_hal_dma.o [1]
DaysInMonth              0x801'0b24     0xc  Data  Lc  user_rtc.o [1]
DaysInMonthLeapYear      0x801'0b30     0xc  Data  Lc  user_rtc.o [1]
DebugMon_Handler         0x801'01c1     0x2  Code  Gb  stm32l4xx_it.o [1]
Display_Check_Password   0x800'3a65    0x2e  Code  Gb  lcd_display.o [1]
Display_Check_Toggle     0x800'38d7    0xae  Code  Gb  lcd_display.o [1]
Display_Check_Toggle::Hide
                        0x2000'23a0    0xc0  Data  Lc  lcd_display.o [1]
Display_Check_Toggle::LandMarkToggle_u32
                        0x2000'1aac   0x2f4  Data  Lc  lcd_display.o [1]
Display_Init             0x800'2d29   0x1ac  Code  Gb  lcd_display.o [1]
Display_Set_Screen       0x800'3a2f    0x36  Code  Gb  lcd_display.o [1]
Display_Set_Screen_Flag
                         0x800'39e9    0x46  Code  Gb  lcd_display.o [1]
Display_Show_Oject       0x800'3537   0x3a0  Code  Gb  lcd_display.o [1]
Display_Show_Screen      0x800'3985    0x52  Code  Gb  lcd_display.o [1]
Display_Show_State_Sensor_Network
                         0x800'3aad    0x34  Code  Gb  lcd_display.o [1]
Display_Show_State_Setting
                         0x800'3ae5    0x5c  Code  Gb  lcd_display.o [1]
Display_Show_Static_Param
                         0x800'3a99    0x14  Code  Gb  lcd_display.o [1]
Display_Task             0x800'2ed5    0x7e  Code  Gb  lcd_display.o [1]
Error_Handler            0x800'b041     0x4  Code  Gb  main.o [1]
FLASH_FlushCaches        0x800'c877    0x6a  Code  Gb  stm32l4xx_hal_flash_ex.o [1]
FLASH_PageErase          0x800'c84d    0x2a  Code  Gb  stm32l4xx_hal_flash_ex.o [1]
FLASH_Program_DoubleWord
                         0x800'c7db    0x1a  Code  Lc  stm32l4xx_hal_flash.o [1]
FLASH_Program_Fast       0x800'c7f5    0x32  Code  Lc  stm32l4xx_hal_flash.o [1]
FLASH_WaitForLastOperation
                         0x800'c775    0x66  Code  Gb  stm32l4xx_hal_flash.o [1]
Filter_Temp              0x800'4439     0x2  Code  Gb  user_app_sensor.o [1]
Filter_pH                0x800'4379    0xc0  Code  Gb  user_app_sensor.o [1]
Filter_pH::P            0x2000'0988     0x4  Data  Lc  user_app_sensor.o [1]
Filter_pH::x_est        0x2000'2bfc     0x4  Data  Lc  user_app_sensor.o [1]
Filter_pH::x_est_last   0x2000'2c00     0x4  Data  Lc  user_app_sensor.o [1]
Find_String_V2           0x800'f327   0x130  Code  Gb  user_string.o [1]
Find_str_fix             0x800'f479    0x94  Code  Gb  user_string.o [1]
Flag_gettick            0x2000'2c30     0x1  Data  Gb  stm32l4xx_it.o [1]
Font5x7                  0x800'ffa0   0x214  Data  Lc  lcd_display.o [1]
Get_RTC                  0x800'ea41    0x4e  Code  Gb  user_time.o [1]
HAL_DMA_Abort            0x800'b78d    0x54  Code  Gb  stm32l4xx_hal_dma.o [1]
HAL_DMA_Abort_IT         0x800'b7e1    0x5e  Code  Gb  stm32l4xx_hal_dma.o [1]
HAL_DMA_DeInit           0x800'b621    0xb8  Code  Gb  stm32l4xx_hal_dma.o [1]
HAL_DMA_IRQHandler       0x800'b83f    0xf2  Code  Gb  stm32l4xx_hal_dma.o [1]
HAL_DMA_Init             0x800'b541    0xe0  Code  Gb  stm32l4xx_hal_dma.o [1]
HAL_DMA_Start_IT         0x800'b6f5    0x98  Code  Gb  stm32l4xx_hal_dma.o [1]
HAL_Delay                0x800'7c05    0x28  Code  Wk  stm32l4xx_hal.o [1]
HAL_FLASH_Lock           0x800'c767     0xe  Code  Gb  stm32l4xx_hal_flash.o [1]
HAL_FLASH_Program        0x800'c695    0xb0  Code  Gb  stm32l4xx_hal_flash.o [1]
HAL_FLASH_Unlock         0x800'c745    0x22  Code  Gb  stm32l4xx_hal_flash.o [1]
HAL_GPIO_DeInit          0x800'294f   0x166  Code  Gb  stm32l4xx_hal_gpio.o [1]
HAL_GPIO_Init            0x800'278d   0x1c2  Code  Gb  stm32l4xx_hal_gpio.o [1]
HAL_GPIO_ReadPin         0x800'2ab5    0x16  Code  Gb  stm32l4xx_hal_gpio.o [1]
HAL_GPIO_WritePin        0x800'2acb    0x18  Code  Gb  stm32l4xx_hal_gpio.o [1]
HAL_GetTick              0x800'693d     0xc  Code  Wk  stm32l4xx_hal.o [1]
HAL_IncTick              0x801'0289    0x18  Code  Wk  stm32l4xx_hal.o [1]
HAL_Init                 0x800'd191    0x24  Code  Gb  stm32l4xx_hal.o [1]
HAL_InitTick             0x800'dd25    0x60  Code  Wk  stm32l4xx_hal.o [1]
HAL_MspInit              0x800'dd8d    0x38  Code  Gb  stm32l4xx_hal_msp.o [1]
HAL_NVIC_DisableIRQ      0x800'babb     0xe  Code  Gb  stm32l4xx_hal_cortex.o [1]
HAL_NVIC_EnableIRQ       0x800'baad     0xe  Code  Gb  stm32l4xx_hal_cortex.o [1]
HAL_NVIC_SetPriority     0x800'ba83    0x2a  Code  Gb  stm32l4xx_hal_cortex.o [1]
HAL_NVIC_SetPriorityGrouping
                         0x800'ba77     0xc  Code  Gb  stm32l4xx_hal_cortex.o [1]
HAL_PWREx_ControlVoltageScaling
                         0x800'd9f1    0x76  Code  Gb  stm32l4xx_hal_pwr_ex.o [1]
HAL_PWREx_GetVoltageRange
                         0x800'd9e5     0xc  Code  Gb  stm32l4xx_hal_pwr_ex.o [1]
HAL_RCCEx_PeriphCLKConfig
                         0x800'b059   0x34c  Code  Gb  stm32l4xx_hal_rcc_ex.o [1]
HAL_RCC_ClockConfig      0x800'c31d   0x17a  Code  Gb  stm32l4xx_hal_rcc.o [1]
HAL_RCC_GetHCLKFreq      0x800'c56b     0x6  Code  Gb  stm32l4xx_hal_rcc.o [1]
HAL_RCC_GetPCLK1Freq     0x800'c571    0x1a  Code  Gb  stm32l4xx_hal_rcc.o [1]
HAL_RCC_GetPCLK2Freq     0x800'c58b    0x1a  Code  Gb  stm32l4xx_hal_rcc.o [1]
HAL_RCC_GetResetSource   0x800'c5b5    0x12  Code  Gb  stm32l4xx_hal_rcc.o [1]
HAL_RCC_GetSysClockFreq
                         0x800'c497    0xd4  Code  Gb  stm32l4xx_hal_rcc.o [1]
HAL_RCC_OscConfig        0x800'bc95   0x688  Code  Gb  stm32l4xx_hal_rcc.o [1]
HAL_RTCEx_AlarmBEventCallback
                         0x800'f325     0x2  Code  Wk  stm32l4xx_hal_rtc_ex.o [1]
HAL_RTCEx_EnableBypassShadow
                         0x800'f50d    0x48  Code  Gb  stm32l4xx_hal_rtc_ex.o [1]
HAL_RTC_AlarmAEventCallback
                         0x800'f08d     0xc  Code  Gb  user_rtc.o [1]
HAL_RTC_AlarmIRQHandler
                         0x800'e3c9    0x60  Code  Gb  stm32l4xx_hal_rtc.o [1]
HAL_RTC_DeactivateAlarm
                         0x800'e2ef    0xda  Code  Gb  stm32l4xx_hal_rtc.o [1]
HAL_RTC_GetDate          0x800'e0b7    0x52  Code  Gb  stm32l4xx_hal_rtc.o [1]
HAL_RTC_GetTime          0x800'df85    0x66  Code  Gb  stm32l4xx_hal_rtc.o [1]
HAL_RTC_Init             0x800'ddc5    0xca  Code  Gb  stm32l4xx_hal_rtc.o [1]
HAL_RTC_MspInit          0x800'd4d9    0x50  Code  Gb  rtc.o [1]
HAL_RTC_SetAlarm_IT      0x800'e109   0x1e6  Code  Gb  stm32l4xx_hal_rtc.o [1]
HAL_RTC_SetDate          0x800'dfeb    0xcc  Code  Gb  stm32l4xx_hal_rtc.o [1]
HAL_RTC_SetTime          0x800'de8f    0xf6  Code  Gb  stm32l4xx_hal_rtc.o [1]
HAL_RTC_WaitForSynchro   0x800'e429    0x2e  Code  Gb  stm32l4xx_hal_rtc.o [1]
HAL_SPI_Init             0x800'aa51    0xf8  Code  Gb  stm32l4xx_hal_spi.o [1]
HAL_SPI_MspInit          0x800'd119    0x62  Code  Gb  spi.o [1]
HAL_SPI_Transmit         0x800'ab49   0x1fe  Code  Gb  stm32l4xx_hal_spi.o [1]
HAL_SYSTICK_Config       0x800'bac9     0xc  Code  Gb  stm32l4xx_hal_cortex.o [1]
HAL_UARTEx_ReceiveToIdle_DMA
                         0x800'bc21    0x70  Code  Gb  stm32l4xx_hal_uart_ex.o [1]
HAL_UARTEx_RxEventCallback
                         0x800'bb2f    0x3e  Code  Gb  user_uart.o [1]
HAL_UARTEx_WakeupCallback
                         0x800'bc91     0x2  Code  Wk  stm32l4xx_hal_uart_ex.o [1]
HAL_UART_ErrorCallback   0x800'bb6d    0x3e  Code  Gb  user_uart.o [1]
HAL_UART_IRQHandler      0x800'7dd1   0x35c  Code  Gb  stm32l4xx_hal_uart.o [1]
HAL_UART_Init            0x800'7c2d    0x7a  Code  Gb  stm32l4xx_hal_uart.o [1]
HAL_UART_MspDeInit       0x800'7ac9    0x80  Code  Gb  usart.o [1]
HAL_UART_MspInit         0x800'78a5   0x224  Code  Gb  usart.o [1]
HAL_UART_Receive_IT      0x800'7d73    0x5e  Code  Gb  stm32l4xx_hal_uart.o [1]
HAL_UART_RxCpltCallback
                         0x800'baf9    0x36  Code  Gb  user_uart.o [1]
HAL_UART_Transmit        0x800'7ca7    0xcc  Code  Gb  stm32l4xx_hal_uart.o [1]
Handle_Data_Measure      0x800'3e81   0x100  Code  Gb  user_app_sensor.o [1]
Handle_Data_Recv_SS_pH   0x800'40a5    0xe8  Code  Gb  user_app_sensor.o [1]
Handle_Data_Recv_Sensor
                         0x800'3f93    0x20  Code  Gb  user_app_sensor.o [1]
Handle_Data_Trans_SS_pH
                         0x800'3fc7    0xdc  Code  Gb  user_app_sensor.o [1]
Handle_Data_Trans_Sensor
                         0x800'3f81    0x12  Code  Gb  user_app_sensor.o [1]
Handle_Float_To_hexUint32
                         0x800'6461    0x24  Code  Gb  user_convert_variable.o [1]
Handle_State_SS_pH       0x800'4195    0x6c  Code  Gb  user_app_sensor.o [1]
Handle_State_Sensor      0x800'3fb3    0x14  Code  Gb  user_app_sensor.o [1]
HardFault_Handler        0x801'01b7     0x2  Code  Gb  stm32l4xx_it.o [1]
IndexUartError          0x2000'2c3d     0x1  Data  Lc  user_uart.o [1]
Init_AppRs485            0x800'eb5b    0x16  Code  Gb  user_app_rs485.o [1]
Init_AppSensor           0x800'552d    0x42  Code  Gb  user_app_sensor.o [1]
Init_CalibNH4            0x800'4f6d   0x2e4  Code  Gb  user_app_sensor.o [1]
Init_InforSlaveModbusRTU
                         0x800'5c9b    0x30  Code  Gb  user_app_modbus_rtu.o [1]
Init_MeasureRange        0x800'4a11   0x118  Code  Gb  user_app_sensor.o [1]
Init_ParamCalib          0x800'4673    0x92  Code  Gb  user_app_sensor.o [1]
Init_TempAlarm           0x800'47f1    0xa2  Code  Gb  user_app_sensor.o [1]
Init_UartRs485           0x800'eb1d    0x3e  Code  Gb  user_app_rs485.o [1]
Insert_String_To_String
                         0x800'6285    0x2a  Code  Gb  user_convert_variable.o [1]
Kind_Trans_Calib        0x2000'2c34     0x1  Data  Gb  user_app_sensor.o [1]
LPUART1_IRQHandler       0x801'0251     0xa  Code  Gb  stm32l4xx_it.o [1]
Liberation_Sans15x21_Numbers
                         0x800'fd78   0x228  Data  Lc  lcd_display.o [1]
MSIRangeTable            0x801'0380    0x30  Data  Gb  system_stm32l4xx.o [1]
MX_DMA_Init              0x800'd385    0x60  Code  Gb  dma.o [1]
MX_GPIO_Init             0x800'd1b5   0x1d0  Code  Gb  gpio.o [1]
MX_LPUART1_UART_Init     0x800'77f5    0x38  Code  Gb  usart.o [1]
MX_RTC_Init              0x800'd3e5    0xf4  Code  Gb  rtc.o [1]
MX_SPI2_Init             0x800'd0c9    0x50  Code  Gb  spi.o [1]
MX_USART1_UART_Init      0x800'782d    0x3c  Code  Gb  usart.o [1]
MX_USART3_UART_Init      0x800'7869    0x3c  Code  Gb  usart.o [1]
Main_Task                0x800'd639    0x3c  Code  Gb  user_app_comm.o [1]
MemManage_Handler        0x801'01b9     0x2  Code  Gb  stm32l4xx_it.o [1]
ModRTU_CRC               0x800'74a5    0x3c  Code  Gb  user_modbus_rtu.o [1]
ModRTU_Master_Read_Frame
                         0x800'74e1    0x9c  Code  Gb  user_modbus_rtu.o [1]
ModRTU_Master_Write_Frame
                         0x800'757d    0xe8  Code  Gb  user_modbus_rtu.o [1]
ModRTU_Slave_ACK_Read_Frame
                         0x800'7665    0xa2  Code  Gb  user_modbus_rtu.o [1]
ModRTU_Slave_ACK_Write_Frame
                         0x800'7707    0xee  Code  Gb  user_modbus_rtu.o [1]
Modem_Check_AT           0x800'e865   0x1dc  Code  Gb  user_at_serial.o [1]
Modem_Check_RTU          0x800'5ccb   0x37e  Code  Gb  user_app_modbus_rtu.o [1]
NMI_Handler              0x801'01b5     0x2  Code  Gb  stm32l4xx_it.o [1]
NONE_Register_CallBack   0x800'5745     0x6  Code  Gb  user_app_modbus_rtu.o [1]
NVIC_EncodePriority      0x800'ba07    0x40  Code  Lc  stm32l4xx_hal_cortex.o [1]
OldPosDMADebug          0x2000'2c22     0x2  Data  Lc  user_app_comm.o [1]
Old_Value_i16           0x2000'2c1e     0x2  Data  Gb  button.o [1]
On_Speaker               0x800'31a9    0x24  Code  Gb  lcd_display.o [1]
OnchipFlashPageErase     0x800'8c81    0x5a  Code  Gb  onchipflash.o [1]
OnchipFlashWriteData     0x800'8bf5    0x8c  Code  Gb  onchipflash.o [1]
PendSV_Handler           0x801'01c3     0x2  Code  Gb  stm32l4xx_it.o [1]
PortConfig              0x2000'2c37     0x1  Data  Gb  user_at_serial.o [1]
RC                       0x800'f457    0x22  Code  Gb  user_string.o [1]
RCCEx_PLLSAI1_Config     0x800'b3b9   0x16e  Code  Lc  stm32l4xx_hal_rcc_ex.o [1]
RCC_SetFlashLatencyFromMSIRange
                         0x800'c5cd    0x8a  Code  Lc  stm32l4xx_hal_rcc.o [1]
RS485SS_Init_Data        0x800'7b91    0x10  Code  Gb  user_connect_sensor.o [1]
RS485SS_Init_RX_Mode     0x800'7ba1    0x1e  Code  Gb  user_connect_sensor.o [1]
RS485SS_Rx_Callback      0x800'7bc1    0x34  Code  Gb  user_connect_sensor.o [1]
RS485SS_Stop_RX_Mode     0x800'7bbf     0x2  Code  Gb  user_connect_sensor.o [1]
RS485_Done_Calib         0x800'443b    0x1c  Code  Gb  user_app_sensor.o [1]
RS485_Enter_Calib        0x800'4461    0x20  Code  Gb  user_app_sensor.o [1]
RS485_Init_RX_Mode       0x800'da79    0x1e  Code  Gb  user_rs485.o [1]
RS485_LogData_Calib      0x800'4481    0x78  Code  Gb  user_app_sensor.o [1]
RS485_Rx_Callback        0x800'da99    0x3c  Code  Gb  user_rs485.o [1]
RS485_Stop_RX_Mode       0x800'da97     0x2  Code  Gb  user_rs485.o [1]
RTC_AlarmStructure      0x2000'2a8c    0x2c  Data  Lc  user_rtc.o [1]
RTC_Alarm_IRQHandler     0x801'023d     0xa  Code  Gb  stm32l4xx_it.o [1]
RTC_Bcd2ToByte           0x800'e53d    0x16  Code  Gb  stm32l4xx_hal_rtc.o [1]
RTC_ByteToBcd2           0x800'e521    0x1c  Code  Gb  stm32l4xx_hal_rtc.o [1]
RTC_EnterInitMode        0x800'e457    0x4c  Code  Gb  stm32l4xx_hal_rtc.o [1]
RTC_ExitInitMode         0x800'e4a3    0x58  Code  Gb  stm32l4xx_hal_rtc.o [1]
RTC_GetCalendarValue     0x800'f25f    0x90  Code  Lc  user_rtc.o [1]
RTC_IF_Convert_Tick2ms   0x800'f07d    0x10  Code  Gb  user_rtc.o [1]
RTC_IF_Convert_ms2Tick   0x800'f06b    0x12  Code  Gb  user_rtc.o [1]
RTC_IF_GetMinimumTimeout
                         0x800'f067     0x4  Code  Gb  user_rtc.o [1]
RTC_IF_GetTimerContext   0x800'f02b     0x8  Code  Gb  user_rtc.o [1]
RTC_IF_GetTimerElapsedTime
                         0x800'f033    0x16  Code  Gb  user_rtc.o [1]
RTC_IF_GetTimerValue     0x800'f049    0x1e  Code  Gb  user_rtc.o [1]
RTC_IF_Init              0x800'efb5    0x30  Code  Gb  user_rtc.o [1]
RTC_IF_SetTimerContext   0x800'f015    0x16  Code  Gb  user_rtc.o [1]
RTC_IF_StartTimer        0x800'efe5     0xe  Code  Gb  user_rtc.o [1]
RTC_IF_StopTimer         0x800'eff3    0x22  Code  Gb  user_rtc.o [1]
RTC_Initalized          0x2000'2c3c     0x1  Data  Lc  user_rtc.o [1]
RTC_StartWakeUpAlarm     0x800'f099   0x1c6  Code  Lc  user_rtc.o [1]
ReInit_Rx_Mode_Uart_Error
                         0x800'bbab    0x5a  Code  Gb  user_uart.o [1]
Read_Register_Rs485      0x800'44fd    0x66  Code  Gb  user_app_sensor.o [1]
Region$$Table$$Base      0x801'0478           --   Gb  - Linker created -
Region$$Table$$Limit     0x801'0498           --   Gb  - Linker created -
Reset_Buff               0x800'2b9d    0x24  Code  Gb  user_util.o [1]
Rs485SSStatus_u8        0x2000'2c39     0x1  Data  Gb  user_connect_sensor.o [1]
Rs485Status_u8          0x2000'2c3b     0x1  Data  Gb  user_rs485.o [1]
RtCountSystick_u32      0x2000'2c0c     0x4  Data  Gb  user_util.o [1]
RtcTimerContext         0x2000'2b2c    0x1c  Data  Lc  user_rtc.o [1]
SPI_EndRxTxTransaction   0x800'af11    0x6a  Code  Lc  stm32l4xx_hal_spi.o [1]
SPI_WaitFifoStateUntilTimeout
                         0x800'ae1f    0xee  Code  Lc  stm32l4xx_hal_spi.o [1]
SPI_WaitFlagStateUntilTimeout
                         0x800'ad47    0xd8  Code  Lc  stm32l4xx_hal_spi.o [1]
SVC_Handler              0x801'01bf     0x2  Code  Gb  stm32l4xx_it.o [1]
Save_Array               0x800'8ce1    0x86  Code  Gb  onchipflash.o [1]
Save_CalibNH4            0x800'4b39   0x40a  Code  Gb  user_app_sensor.o [1]
Save_InforSlaveModbusRTU
                         0x800'5c57    0x44  Code  Gb  user_app_modbus_rtu.o [1]
Save_MeasureRange        0x800'48a5   0x162  Code  Gb  user_app_sensor.o [1]
Save_ParamCalib          0x800'45b9    0xba  Code  Gb  user_app_sensor.o [1]
Save_TempAlarm           0x800'4715    0xce  Code  Gb  user_app_sensor.o [1]
Send_RS458_Master        0x800'5c1f    0x38  Code  Gb  user_app_modbus_rtu.o [1]
Send_RS458_Sensor        0x800'4563    0x40  Code  Gb  user_app_sensor.o [1]
SysApp_Init              0x800'd5f1     0xc  Code  Gb  user_app_comm.o [1]
SysApp_Setting           0x800'd5fd    0x3c  Code  Gb  user_app_comm.o [1]
SysTick_Config           0x800'ba47    0x30  Code  Lc  stm32l4xx_hal_cortex.o [1]
SysTick_Handler          0x801'01c5    0x50  Code  Gb  stm32l4xx_it.o [1]
SystemClock_Config       0x800'afaf    0x92  Code  Gb  main.o [1]
SystemCoreClock         0x2000'0768     0x4  Data  Gb  system_stm32l4xx.o [1]
SystemInit               0x801'0869     0xc  Code  Gb  system_stm32l4xx.o [1]
TRACE_AllocateBufer      0x800'dc49    0xa2  Code  Lc  user_adv_trace.o [1]
TRACE_IsLocked           0x800'dcff    0x10  Code  Lc  user_adv_trace.o [1]
TRACE_Lock               0x800'dceb     0xa  Code  Lc  user_adv_trace.o [1]
TRACE_Send               0x800'dbc3    0x84  Code  Lc  user_adv_trace.o [1]
TRACE_UnLock             0x800'dcf5     0xa  Code  Lc  user_adv_trace.o [1]
TimerExists              0x800'e7cd    0x1a  Code  Gb  user_timer.o [1]
TimerInsertNewHeadTimer
                         0x800'e841    0x1c  Code  Gb  user_timer.o [1]
TimerInsertTimer         0x800'e813    0x2e  Code  Gb  user_timer.o [1]
TimerListHead           0x2000'2c08     0x4  Data  Lc  user_timer.o [1]
TimerSetTimeout          0x800'e7e7    0x2c  Code  Gb  user_timer.o [1]
TimerTx                 0x2000'2b78    0x18  Data  Lc  user_app_comm.o [1]
TxCpltCallback          0x2000'2bf0     0x4  Data  Lc  user_app_comm.o [1]
UART_AdvFeatureConfig    0x800'8429    0xda  Code  Gb  stm32l4xx_hal_uart.o [1]
UART_CheckIdleState      0x800'8503    0xd2  Code  Gb  stm32l4xx_hal_uart.o [1]
UART_DMAAbortOnError     0x800'89b5    0x1a  Code  Lc  stm32l4xx_hal_uart.o [1]
UART_DMAError            0x800'8965    0x50  Code  Lc  stm32l4xx_hal_uart.o [1]
UART_DMAReceiveCplt      0x800'8899    0xa2  Code  Lc  stm32l4xx_hal_uart.o [1]
UART_DMARxHalfCplt       0x800'893d    0x28  Code  Lc  stm32l4xx_hal_uart.o [1]
UART_EndRxTransfer       0x800'883b    0x5e  Code  Lc  stm32l4xx_hal_uart.o [1]
UART_EndTransmit_IT      0x800'89cf    0x2a  Code  Lc  stm32l4xx_hal_uart.o [1]
UART_EndTxTransfer       0x800'881f    0x1c  Code  Lc  stm32l4xx_hal_uart.o [1]
UART_RxISR_16BIT         0x800'8aed    0xee  Code  Lc  stm32l4xx_hal_uart.o [1]
UART_RxISR_8BIT          0x800'89f9    0xec  Code  Lc  stm32l4xx_hal_uart.o [1]
UART_SetConfig           0x800'8131   0x2ec  Code  Gb  stm32l4xx_hal_uart.o [1]
UART_Start_Receive_DMA   0x800'8763    0xbc  Code  Gb  stm32l4xx_hal_uart.o [1]
UART_Start_Receive_IT    0x800'8673    0xf0  Code  Gb  stm32l4xx_hal_uart.o [1]
UART_WaitOnFlagUntilTimeout
                         0x800'85d5    0x9e  Code  Gb  stm32l4xx_hal_uart.o [1]
USART1_IRQHandler        0x801'0229     0xa  Code  Gb  stm32l4xx_it.o [1]
USART3_IRQHandler        0x801'0233     0xa  Code  Gb  stm32l4xx_it.o [1]
UTIL_ADV_TRACE_COND_FSend
                         0x800'dae9    0xda  Code  Gb  user_adv_trace.o [1]
UTIL_Log_Str             0x800'2c21    0x36  Code  Gb  user_util.o [1]
UTIL_MEM_cpy             0x800'2c5d    0x1e  Code  Gb  user_util.o [1]
UTIL_MEM_set             0x800'2bc1    0x18  Code  Gb  user_util.o [1]
UTIL_Printf              0x800'2bd9    0x2c  Code  Gb  user_util.o [1]
UTIL_Printf_Str          0x800'2c05    0x1c  Code  Gb  user_util.o [1]
UTIL_TIMER_Create        0x800'e569    0x4c  Code  Gb  user_timer.o [1]
UTIL_TIMER_IRQ_Handler   0x800'e71b    0xb2  Code  Gb  user_timer.o [1]
UTIL_TIMER_Init          0x800'e555    0x14  Code  Gb  user_timer.o [1]
UTIL_TIMER_SetPeriod     0x800'e6e1    0x3a  Code  Gb  user_timer.o [1]
UTIL_TIMER_Start         0x800'e5b5    0x92  Code  Gb  user_timer.o [1]
UTIL_TIMER_Stop          0x800'e647    0x9a  Code  Gb  user_timer.o [1]
UTIL_TimerDriver         0x801'03b0    0x2c  Data  Gb  user_rtc.o [1]
UTIL_TraceDriver         0x801'09bc     0xc  Data  Gb  user_app_comm.o [1]
Uart485RxByte           0x2000'2c3a     0x1  Data  Lc  user_rs485.o [1]
Uart485SSRxByte         0x2000'2c38     0x1  Data  Lc  user_connect_sensor.o [1]
UartDebugBuff           0x2000'0dfc   0x4b0  Data  Gb  user_app_comm.o [1]
UartDebugCountFail      0x2000'2c2a     0x2  Data  Lc  user_uart.o [1]
UartDebugRxByte         0x2000'2c31     0x1  Data  Gb  user_app_comm.o [1]
Update_ParaDisplay       0x800'31cd   0x36a  Code  Gb  lcd_display.o [1]
UsageFault_Handler       0x801'01bd     0x2  Code  Gb  stm32l4xx_it.o [1]
User_RTC_Init            0x800'ef7d    0x38  Code  Lc  user_rtc.o [1]
UtilFloatToString        0x800'2cd9    0x2e  Code  Gb  user_util.o [1]
UtilIntToStringWithScale
                         0x800'2b3d    0x60  Code  Gb  user_util.o [1]
VLevelDebug             0x2000'0df8     0x1  Data  Gb  user_util.o [1]
_Cb_Display_Auto_SW      0x800'30c9    0x7e  Code  Lc  lcd_display.o [1]
_Cb_Display_Auto_SW::MarkButtPressed
                        0x2000'2c2f     0x1  Data  Lc  lcd_display.o [1]
_Cb_Display_Auto_SW::cNext
                        0x2000'2c20     0x2  Data  Lc  lcd_display.o [1]
_Cb_Display_Init         0x800'2f53    0x52  Code  Lc  lcd_display.o [1]
_Cb_Display_Logo         0x800'2fa5    0xa8  Code  Lc  lcd_display.o [1]
_Cb_Display_Logo::step_u8
                        0x2000'2c2d     0x1  Data  Lc  lcd_display.o [1]
_Cb_Display_Show         0x800'304d    0x7c  Code  Lc  lcd_display.o [1]
_Cb_Display_Show::LandMarkChange_u32
                        0x2000'2be4     0x4  Data  Lc  lcd_display.o [1]
_Cb_Display_Show::ScreenLast
                        0x2000'2c2e     0x1  Data  Lc  lcd_display.o [1]
_Cb_HandLer_IDLE         0x800'd5df     0x6  Code  Lc  user_app_comm.o [1]
_Cb_Off_Speaker          0x800'3193    0x16  Code  Lc  lcd_display.o [1]
_Cb_R_ModbusRTU_REG_Alarm_Lower
                         0x800'5b05    0x5a  Code  Gb  user_app_modbus_rtu.o [1]
_Cb_R_ModbusRTU_REG_Alarm_State
                         0x800'5941    0x2e  Code  Gb  user_app_modbus_rtu.o [1]
_Cb_R_ModbusRTU_REG_Alarm_Upper
                         0x800'59eb    0x5a  Code  Gb  user_app_modbus_rtu.o [1]
_Cb_R_ModbusRTU_REG_Baudrate
                         0x800'57f1    0x2e  Code  Gb  user_app_modbus_rtu.o [1]
_Cb_R_ModbusRTU_REG_ID   0x800'574b    0x2e  Code  Gb  user_app_modbus_rtu.o [1]
_Cb_R_ModbusRTU_REG_Temp_Measure
                         0x800'58e7    0x5a  Code  Gb  user_app_modbus_rtu.o [1]
_Cb_R_ModbusRTU_REG_pH_Measure
                         0x800'588d    0x5a  Code  Gb  user_app_modbus_rtu.o [1]
_Cb_Save_Box             0x800'd5eb     0x6  Code  Lc  user_app_comm.o [1]
_Cb_Set_RTC              0x800'd5c3    0x1c  Code  Lc  user_app_comm.o [1]
_Cb_TX_Timer_Event       0x800'd741    0x1a  Code  Lc  user_app_comm.o [1]
_Cb_Timer_IRQ            0x800'd535     0xc  Code  Lc  user_app_comm.o [1]
_Cb_Tx_Timer             0x800'd5e5     0x6  Code  Lc  user_app_comm.o [1]
_Cb_Uart_Error           0x800'd5b7     0xc  Code  Lc  user_app_comm.o [1]
_Cb_Uart_Rx_Debug        0x800'd541    0x76  Code  Lc  user_app_comm.o [1]
_Cb_Uart_Rx_Debug::LastLengthRecv
                        0x2000'2c24     0x2  Data  Lc  user_app_comm.o [1]
_Cb_Uart_Rx_Debug::MarkFirstRecvUart
                        0x2000'2c32     0x1  Data  Lc  user_app_comm.o [1]
_Cb_W_ModbusRTU_REG_Alarm_Lower
                         0x800'5b5f    0xc0  Code  Gb  user_app_modbus_rtu.o [1]
_Cb_W_ModbusRTU_REG_Alarm_State
                         0x800'596f    0x7c  Code  Gb  user_app_modbus_rtu.o [1]
_Cb_W_ModbusRTU_REG_Alarm_Upper
                         0x800'5a45    0xc0  Code  Gb  user_app_modbus_rtu.o [1]
_Cb_W_ModbusRTU_REG_Baudrate
                         0x800'581f    0x6e  Code  Gb  user_app_modbus_rtu.o [1]
_Cb_W_ModbusRTU_REG_ID   0x800'5779    0x78  Code  Gb  user_app_modbus_rtu.o [1]
_Cb_button_detect        0x800'317b    0x18  Code  Lc  lcd_display.o [1]
_Cb_button_scan          0x800'3147    0x34  Code  Lc  lcd_display.o [1]
_LitobFullNoMb           0x800'a849   0x10a  Code  Lc  xprintffull_nomb.o [2]
_Locale_lconv           0x2000'0dbc    0x38  Data  Lc  xlocale_c.o [2]
_PrintfFullNoMb          0x800'9a89   0xd9c  Code  Gb  xprintffull_nomb.o [2]
_PutcharFullNoMb         0x800'a9b9    0x20  Code  Lc  xprintffull_nomb.o [2]
_PutcharsFullNoMb        0x800'a9d9    0x2e  Code  Lc  xprintffull_nomb.o [2]
_SProut                  0x800'6517     0xa  Code  Gb  xsprout.o [2]
__NVIC_DisableIRQ        0x800'b9b5    0x26  Code  Lc  stm32l4xx_hal_cortex.o [1]
__NVIC_EnableIRQ         0x800'b995    0x20  Code  Lc  stm32l4xx_hal_cortex.o [1]
__NVIC_GetPriorityGrouping
                         0x800'b987     0xc  Code  Lc  stm32l4xx_hal_cortex.o [1]
__NVIC_SetPriority       0x800'b9db    0x2c  Code  Lc  stm32l4xx_hal_cortex.o [1]
__NVIC_SetPriorityGrouping
                         0x800'b965    0x22  Code  Lc  stm32l4xx_hal_cortex.o [1]
__aeabi_cdcmpeq          0x800'c9d5          Code  Gb  DblCmpEq.o [3]
__aeabi_cdcmple          0x800'ca65          Code  Gb  DblCmpLe.o [3]
__aeabi_cdrcmple         0x800'ca95          Code  Gb  DblCmpGe.o [3]
__aeabi_d2f              0x800'6781          Code  Gb  DblToFlt.o [3]
__aeabi_d2iz             0x800'9361          Code  Gb  DblToS32.o [3]
__aeabi_d2uiz            0x800'd099          Code  Gb  DblToU32.o [3]
__aeabi_dadd             0x800'91e5          Code  Gb  DblAdd.o [3]
__aeabi_ddiv             0x800'6539          Code  Gb  DblDiv.o [3]
__aeabi_dmul             0x800'9041          Code  Gb  DblMul.o [3]
__aeabi_dsub             0x800'c8f1          Code  Gb  DblSub.o [3]
__aeabi_f2d              0x800'6805          Code  Gb  FltToDbl.o [3]
__aeabi_i2d              0x800'64f5          Code  Gb  S32ToDbl.o [3]
__aeabi_ldiv0            0x800'c8ed          Code  Gb  I64DivZer.o [4]
__aeabi_memcpy           0x800'8d69          Code  Gb  ABImemcpy.o [4]
__aeabi_memcpy4          0x800'8d89          Code  Gb  ABImemcpy.o [4]
__aeabi_memcpy8          0x800'8d89          Code  Gb  ABImemcpy.o [4]
__aeabi_memset           0x800'6ead          Code  Gb  ABImemset.o [4]
__aeabi_ui2d             0x800'67e9          Code  Gb  U32ToDbl.o [3]
__aeabi_uldivmod         0x800'8e11          Code  Gb  I64DivMod.o [4]
__cmain                  0x801'04b9          Code  Gb  cmain.o [4]
__exit                   0x800'ef69    0x14  Code  Gb  exit.o [5]
__iar_Exp64              0x800'cac5   0x388  Code  Gb  iar_Exp64.o [3]
__iar_Fail_s             0x800'cec5    0x1c  Code  Gb  xfail_s.o [2]
__iar_Memchr             0x800'cf05          Code  Gb  memchr.o [4]
__iar_Memset             0x800'6ead          Code  Gb  ABImemset.o [4]
__iar_Memset_word        0x800'6eb5          Code  Gb  ABImemset.o [4]
__iar_Strchr             0x800'cead          Code  Gb  strchr.o [4]
__iar_dadd               0x800'c901          Code  Gb  DblSub.o [3]
__iar_data_init3         0x801'042d    0x28  Code  Gb  data_init.o [4]
__iar_dsub               0x800'91f5          Code  Gb  DblAdd.o [3]
__iar_dsubStart          0x800'9207          Code  Gb  DblAdd.o [3]
__iar_frexp              0x800'ca01          Code  Gb  frexp.o [3]
__iar_frexpl             0x800'ca01          Code  Gb  frexp.o [3]
__iar_init_vfp           0x801'0455          Code  Gb  fpinit_M.o [3]
__iar_ldexp64            0x800'cf5d          Code  Gb  ldexp.o [3]
__iar_lz77_init_single3
                         0x801'02a1    0x78  Code  Gb  lz77_init_single.o [4]
__iar_pow64              0x800'939d   0x6ec  Code  Gb  pow64.o [3]
__iar_pow_medium         0x800'939d   0x6ec  Code  Gb  pow64.o [3]
__iar_pow_medium64       0x800'939d   0x6ec  Code  Gb  pow64.o [3]
__iar_pow_mediuml        0x800'939d   0x6ec  Code  Gb  pow64.o [3]
__iar_program_start      0x801'0b3d          Code  Gb  cstartup_M.o [4]
__iar_scalbln64          0x800'cf5d          Code  Gb  ldexp.o [3]
__iar_scalbn64           0x800'cf5d          Code  Gb  ldexp.o [3]
__iar_softfp___iar_frexp64
                         0x800'c9f5          Code  Gb  frexp.o [3]
__iar_softfp_frexp       0x800'c9f5          Code  Gb  frexp.o [3]
__iar_softfp_frexpl      0x800'c9f5          Code  Gb  frexp.o [3]
__iar_vfp_pow            0x800'6527    0x10  Code  Gb  math_wrappers64.o [3]
__iar_zero_init3         0x800'64bb    0x3a  Code  Gb  zero_init3.o [4]
__low_level_init         0x801'04d7     0x4  Code  Gb  low_level_init.o [2]
__vector_table           0x800'0000          Data  Gb  startup_stm32l433xx.o [1]
_call_main               0x801'04c5          Code  Gb  cmain.o [4]
_exit                    0x801'04e1          Code  Gb  cexit.o [4]
_main                    0x801'04d3          Code  Gb  cmain.o [4]
aAT_CMD                 0x2000'27f8    0x80  Data  Lc  user_at_serial.o [1]
aBaudrate_value         0x2000'088c    0x2c  Data  Gb  user_app_modbus_rtu.o [1]
aDATA_CALIB             0x2000'2bf4     0x4  Data  Gb  user_app_sensor.o [1]
aDATA_CONFIG            0x2000'25f8    0x80  Data  Lc  user_app_modbus_rtu.o [1]
aDATA_CONFIG            0x2000'2778    0x80  Data  Lc  user_at_serial.o [1]
aDATA_LOG_REGISTER      0x2000'2678    0x80  Data  Lc  user_app_modbus_rtu.o [1]
aModeSelectONOFF        0x2000'0154     0x8  Data  Gb  lcd_display.o [1]
aPASSWORD               0x2000'0100     0x4  Data  Gb  lcd_display.o [1]
aSTT_SETTING_DONE       0x2000'0134    0x10  Data  Gb  lcd_display.o [1]
aSTT_SETTING_ENTER      0x2000'0114    0x10  Data  Gb  lcd_display.o [1]
aSTT_SETTING_ERROR      0x2000'0144    0x10  Data  Gb  lcd_display.o [1]
aSTT_SETTING_FREE       0x2000'0104    0x10  Data  Gb  lcd_display.o [1]
aSTT_SETTING_WAIT       0x2000'0124    0x10  Data  Gb  lcd_display.o [1]
aSampling_STT           0x2000'2ab8    0x28  Data  Gb  user_app_sensor.o [1]
aSampling_VALUE         0x2000'2ae0    0x28  Data  Gb  user_app_sensor.o [1]
aTEST                   0x2000'0000     0xc  Data  Lc  button.o [1]
aUART_485SS_DATA        0x2000'1fa0   0x200  Data  Lc  user_connect_sensor.o [1]
aUART_485_DATA          0x2000'21a0   0x200  Data  Lc  user_rs485.o [1]
aUART_DBG_DMA_RX        0x2000'28dc    0x64  Data  Lc  user_app_comm.o [1]
abort                    0x800'dd85     0x6  Code  Gb  abort.o [2]
abs                      0x800'af7b     0x8  Code  Gb  abs.o [2]
aframe                  0x2000'26f8    0x80  Data  Gb  user_app_modbus_rtu.o [1]
bmp_SV_logo_12864        0x800'f978   0x400  Data  Gb  unit_tests.o [1]
charNotDetectPress      0x2000'0df6     0x1  Data  Lc  lcd_display.o [1]
count_gettick           0x2000'2bec     0x4  Data  Gb  stm32l4xx_it.o [1]
delay_ms                 0x800'6931     0xc  Code  Gb  STM32L4.o [1]
ee_number                0x800'ec41   0x146  Code  Lc  user_tiny_vsnprintf.o [1]
ee_skip_atoi             0x800'ec19    0x28  Code  Lc  user_tiny_vsnprintf.o [1]
exit                     0x801'04db     0x4  Code  Gb  exit.o [2]
fevent_active            0x800'6bd9    0x1e  Code  Gb  event_driven.o [1]
fevent_detect_salt_recv
                         0x800'3d49     0x6  Code  Lc  user_app_sensor.o [1]
fevent_disable           0x800'6c1b    0x12  Code  Gb  event_driven.o [1]
fevent_enable            0x800'6bf7    0x24  Code  Gb  event_driven.o [1]
fevent_rs485_entry       0x800'ea99    0x12  Code  Lc  user_app_rs485.o [1]
fevent_rs485_init_uart   0x800'eaab    0x2e  Code  Lc  user_app_rs485.o [1]
fevent_rs485_init_uart::stamp
                        0x2000'2c33     0x1  Data  Lc  user_app_rs485.o [1]
fevent_rs485_receive_complete
                         0x800'ead9    0x24  Code  Lc  user_app_rs485.o [1]
fevent_rs485_refresh     0x800'eafd    0x20  Code  Lc  user_app_rs485.o [1]
fevent_sensor_entry      0x800'3bc9    0x12  Code  Lc  user_app_sensor.o [1]
fevent_sensor_receive_complete
                         0x800'3c7f    0xb6  Code  Lc  user_app_sensor.o [1]
fevent_sensor_receive_handle
                         0x800'3c3f    0x40  Code  Lc  user_app_sensor.o [1]
fevent_sensor_reset      0x800'3dfd    0x84  Code  Lc  user_app_sensor.o [1]
fevent_sensor_reset::state
                        0x2000'2c35     0x1  Data  Lc  user_app_sensor.o [1]
fevent_sensor_transmit   0x800'3bdb    0x64  Code  Lc  user_app_sensor.o [1]
fevent_sensor_wait_calib
                         0x800'3d35    0x14  Code  Lc  user_app_sensor.o [1]
fevent_temp_alarm        0x800'3d4f    0xae  Code  Lc  user_app_sensor.o [1]
font_current            0x2000'2bb0     0xc  Data  Gb  text.o [1]
glcd_ST7565R_init        0x800'6e51    0x5c  Code  Gb  ST7565R.o [1]
glcd_bbox               0x2000'2bd8     0x4  Data  Gb  glcd.o [1]
glcd_bbox_refresh        0x800'6cd5    0x1c  Code  Gb  glcd.o [1]
glcd_bbox_selected      0x2000'2be0     0x4  Data  Gb  glcd.o [1]
glcd_buffer             0x2000'12ac   0x400  Data  Gb  glcd.o [1]
glcd_buffer_selected    0x2000'2bdc     0x4  Data  Gb  glcd.o [1]
glcd_clear               0x800'6cf1    0x28  Code  Gb  glcd.o [1]
glcd_clear_buffer        0x800'6d19    0x24  Code  Gb  glcd.o [1]
glcd_command             0x800'6d51    0x1a  Code  Gb  ST7565R.o [1]
glcd_data                0x800'6d6b    0x1a  Code  Gb  ST7565R.o [1]
glcd_draw_bitmap         0x800'747d    0x1e  Code  Gb  graphics.o [1]
glcd_draw_char_xy        0x800'6f2f   0x33a  Code  Gb  text.o [1]
glcd_draw_line           0x800'7371   0x10c  Code  Gb  graphics.o [1]
glcd_draw_string_xy      0x800'7269    0x38  Code  Gb  text.o [1]
glcd_enable_backlight    0x800'68b5     0x2  Code  Gb  STM32L4.o [1]
glcd_init                0x800'688d    0x28  Code  Gb  STM32L4.o [1]
glcd_reset               0x800'68e1    0x40  Code  Gb  STM32L4.o [1]
glcd_reset_bbox          0x800'6cb9    0x1c  Code  Gb  glcd.o [1]
glcd_select_screen       0x800'6d3d     0xa  Code  Gb  glcd.o [1]
glcd_set_column_lower    0x800'6dc5     0xe  Code  Gb  ST7565R.o [1]
glcd_set_column_upper    0x800'6daf    0x16  Code  Gb  ST7565R.o [1]
glcd_set_font            0x800'6f15    0x1a  Code  Gb  text.o [1]
glcd_set_pixel           0x800'72a5    0xcc  Code  Gb  graphics.o [1]
glcd_set_x_address       0x800'6d99    0x16  Code  Gb  ST7565R.o [1]
glcd_set_y_address       0x800'6d85    0x14  Code  Gb  ST7565R.o [1]
glcd_spi_write           0x800'68b7    0x2a  Code  Gb  STM32L4.o [1]
glcd_test_bitmap_128x64
                         0x800'6c2d     0xe  Code  Gb  unit_tests.o [1]
glcd_tiny_draw_char      0x800'6963   0x21a  Code  Gb  text_tiny.o [1]
glcd_tiny_draw_string    0x800'6b7d    0x54  Code  Gb  text_tiny.o [1]
glcd_tiny_set_font       0x800'6949    0x1a  Code  Gb  text_tiny.o [1]
glcd_update_bbox         0x800'6c41    0x78  Code  Gb  glcd.o [1]
glcd_write               0x800'6dd3    0x70  Code  Gb  ST7565R.o [1]
hdma_lpuart_rx          0x2000'2940    0x48  Data  Gb  usart.o [1]
hdma_usart1_rx          0x2000'2988    0x48  Data  Gb  usart.o [1]
hdma_usart3_rx          0x2000'29d0    0x48  Data  Gb  usart.o [1]
hlpuart1                0x2000'2460    0x88  Data  Gb  usart.o [1]
hrtc                    0x2000'2b08    0x24  Data  Gb  rtc.o [1]
hspi2                   0x2000'2878    0x64  Data  Gb  spi.o [1]
huart1                  0x2000'24e8    0x88  Data  Gb  usart.o [1]
huart3                  0x2000'2570    0x88  Data  Gb  usart.o [1]
ldexp                    0x800'cf5d          Code  Gb  ldexp.o [3]
ldexpl                   0x800'cf5d          Code  Gb  ldexp.o [3]
lnbias                   0x800'f558   0x420  Data  Lc  pow64.o [3]
localeconv               0x800'd0c1     0x4  Code  Gb  xlocale_c.o [2]
lower_digits            0x2000'0db4     0x4  Data  Lc  user_tiny_vsnprintf.o [1]
main                     0x800'af83    0x2c  Code  Gb  main.o [1]
memchr                   0x800'cf05          Code  Gb  memchr.o [4]
memset                   0x800'b045    0x14  Code  Gb  memset.o [4]
pFlash                  0x2000'0748    0x20  Data  Gb  stm32l4xx_hal_flash.o [1]
pFunc_UTIL_Debug_Send   0x2000'2c14     0x4  Data  Gb  user_util.o [1]
pFunc_UTIL_Log_To_Mem   0x2000'2c10     0x4  Data  Gb  user_util.o [1]
pModemProcessIRQTimer   0x2000'2c04     0x4  Data  Gb  user_rtc.o [1]
pow                      0x800'939d   0x6ec  Code  Gb  pow64.o [3]
powl                     0x800'939d   0x6ec  Code  Gb  pow64.o [3]
quickSort_Sampling       0x800'4201    0x9a  Code  Gb  user_app_sensor.o [1]
quickSort_Sampling_Value
                         0x800'429d    0xdc  Code  Gb  user_app_sensor.o [1]
quickSort_Sampling_Value::Handle_Once
                        0x2000'2c36     0x1  Data  Lc  user_app_sensor.o [1]
sButton                 0x2000'2b48    0x18  Data  Gb  button.o [1]
sCheckList_Reg_Modbus_RTU
                        0x2000'07ec    0xa0  Data  Gb  user_app_modbus_rtu.o [1]
sData_Calib             0x2000'0980     0x8  Data  Gb  user_app_sensor.o [1]
sEventAppComm           0x2000'076c    0x70  Data  Gb  user_app_comm.o [1]
sEventAppRs485          0x2000'08c0    0x40  Data  Gb  user_app_rs485.o [1]
sEventAppSensor         0x2000'0900    0x80  Data  Gb  user_app_sensor.o [1]
sEventDisplay           0x2000'000c    0x70  Data  Gb  lcd_display.o [1]
sFirmVersion            0x2000'07dc     0x8  Data  Gb  user_app_comm.o [1]
sHandleRs485            0x2000'2bf8     0x4  Data  Gb  user_app_sensor.o [1]
sKindMode485            0x2000'2c28     0x2  Data  Gb  user_app_sensor.o [1]
sLCD                    0x2000'2b90    0x10  Data  Gb  lcd_display.o [1]
sLCDObject              0x2000'015c   0x5e8  Data  Gb  lcd_display.o [1]
sLogData_ModbusRTU      0x2000'08b8     0x8  Data  Gb  user_app_modbus_rtu.o [1]
sMeasureRange           0x2000'2ba0    0x10  Data  Gb  user_app_sensor.o [1]
sModelVersion           0x2000'00f8     0x8  Data  Gb  lcd_display.o [1]
sNH4Calib               0x2000'2a5c    0x30  Data  Gb  user_app_sensor.o [1]
sParaDisplay            0x2000'007c    0x7c  Data  Gb  lcd_display.o [1]
sRTC                    0x2000'2bc8     0xc  Data  Gb  user_util.o [1]
sSensor_NH4             0x2000'2a18    0x44  Data  Gb  user_app_sensor.o [1]
sSlave_ModbusRTU        0x2000'0df4     0x2  Data  Gb  user_app_modbus_rtu.o [1]
sTempAlarm              0x2000'2bbc     0xc  Data  Gb  user_app_sensor.o [1]
sUart485                0x2000'0dac     0x8  Data  Gb  user_rs485.o [1]
sUart485SS              0x2000'0da4     0x8  Data  Gb  user_connect_sensor.o [1]
sUartDebug              0x2000'07e4     0x8  Data  Gb  user_app_comm.o [1]
scalbln                  0x800'cf5d          Code  Gb  ldexp.o [3]
scalblnl                 0x800'cf5d          Code  Gb  ldexp.o [3]
scalbn                   0x800'cf5d          Code  Gb  ldexp.o [3]
scalbnl                  0x800'cf5d          Code  Gb  ldexp.o [3]
scale                    0x800'a953    0x46  Code  Lc  xprintffull_nomb.o [2]
sec_hand                0x2000'2c18     0x4  Data  Lc  xfail_s.o [2]
sprintf                  0x800'684d    0x40  Code  Gb  sprintf.o [2]
strATcmd                0x2000'098c     0x8  Data  Gb  user_at_serial.o [1]
strchr                   0x800'cead          Code  Gb  strchr.o [4]
strlen                   0x800'6485          Code  Gb  strlen.o [4]
sztmp                   0x2000'1da0   0x200  Data  Lc  user_adv_trace.o [1]
tiny_vsnprintf_like      0x800'ed87   0x1d6  Code  Gb  user_tiny_vsnprintf.o [1]
upper_digits            0x2000'0db8     0x4  Data  Lc  user_tiny_vsnprintf.o [1]
uwTick                  0x2000'2be8     0x4  Data  Gb  stm32l4xx_hal.o [1]
uwTickFreq              0x2000'0df7     0x1  Data  Gb  stm32l4xx_hal.o [1]
uwTickPrio              0x2000'0744     0x4  Data  Gb  stm32l4xx_hal.o [1]
vcom_DeInit              0x800'd95b    0x1e  Code  Gb  user_app_comm.o [1]
vcom_Init                0x800'd951     0xa  Code  Gb  user_app_comm.o [1]
vcom_Trace_DMA           0x800'd979    0x24  Code  Gb  user_app_comm.o [1]


[1] = D:\Saoviet_Git\Saoviet_Envirotrack_M_TNMT\Project_Slave_Winmore_NH4\Project_Slave_Sensor_EnviroTrack\EWARM\Project_Slave_Sensor_EnviroTrack\Obj
[2] = dl7M_tlf.a
[3] = m7M_tls.a
[4] = rt7M_tl.a
[5] = shb_l.a

  63'561 bytes of readonly  code memory
   6'838 bytes of readonly  data memory
  12'347 bytes of readwrite data memory

Errors: none
Warnings: none
