###############################################################################
#
# IAR ELF Linker V8.40.2.214/W32 for ARM                  26/Jun/2026  10:14:26
# Copyright 2007-2019 IAR Systems AB.
#
#    Output file  =
#        D:\Saoviet_Git\Saoviet_Envirotrack_M_TNMT\Project_Slave_Winmore_NH4\Project_Slave_Sensor_EnviroTrack\EWARM\Project_Slave_Sensor_EnviroTrack\Exe\Project_Slave_Sensor_EnviroTrack.out
#    Map file     =
#        D:\Saoviet_Git\Saoviet_Envirotrack_M_TNMT\Project_Slave_Winmore_NH4\Project_Slave_Sensor_EnviroTrack\EWARM\Project_Slave_Sensor_EnviroTrack\List\Project_Slave_Sensor_EnviroTrack.map
#    Command line =
#        -f C:\Users\PC\AppData\Local\Temp\EWCE57.tmp
#        (D:\Saoviet_Git\Saoviet_Envirotrack_M_TNMT\Project_Slave_Winmore_NH4\Project_Slave_Sensor_EnviroTrack\EWARM\Project_Slave_Sensor_EnviroTrack\Obj\button.o
#        D:\Saoviet_Git\Saoviet_Envirotrack_M_TNMT\Project_Slave_Winmore_NH4\Project_Slave_Sensor_EnviroTrack\EWARM\Project_Slave_Sensor_EnviroTrack\Obj\dma.o
#        D:\Saoviet_Git\Saoviet_Envirotrack_M_TNMT\Project_Slave_Winmore_NH4\Project_Slave_Sensor_EnviroTrack\EWARM\Project_Slave_Sensor_EnviroTrack\Obj\event_driven.o
#        D:\Saoviet_Git\Saoviet_Envirotrack_M_TNMT\Project_Slave_Winmore_NH4\Project_Slave_Sensor_EnviroTrack\EWARM\Project_Slave_Sensor_EnviroTrack\Obj\glcd.o
#        D:\Saoviet_Git\Saoviet_Envirotrack_M_TNMT\Project_Slave_Winmore_NH4\Project_Slave_Sensor_EnviroTrack\EWARM\Project_Slave_Sensor_EnviroTrack\Obj\gpio.o
#        D:\Saoviet_Git\Saoviet_Envirotrack_M_TNMT\Project_Slave_Winmore_NH4\Project_Slave_Sensor_EnviroTrack\EWARM\Project_Slave_Sensor_EnviroTrack\Obj\graphics.o
#        D:\Saoviet_Git\Saoviet_Envirotrack_M_TNMT\Project_Slave_Winmore_NH4\Project_Slave_Sensor_EnviroTrack\EWARM\Project_Slave_Sensor_EnviroTrack\Obj\graphs.o
#        D:\Saoviet_Git\Saoviet_Envirotrack_M_TNMT\Project_Slave_Winmore_NH4\Project_Slave_Sensor_EnviroTrack\EWARM\Project_Slave_Sensor_EnviroTrack\Obj\lcd_display.o
#        D:\Saoviet_Git\Saoviet_Envirotrack_M_TNMT\Project_Slave_Winmore_NH4\Project_Slave_Sensor_EnviroTrack\EWARM\Project_Slave_Sensor_EnviroTrack\Obj\main.o
#        D:\Saoviet_Git\Saoviet_Envirotrack_M_TNMT\Project_Slave_Winmore_NH4\Project_Slave_Sensor_EnviroTrack\EWARM\Project_Slave_Sensor_EnviroTrack\Obj\NT75451.o
#        D:\Saoviet_Git\Saoviet_Envirotrack_M_TNMT\Project_Slave_Winmore_NH4\Project_Slave_Sensor_EnviroTrack\EWARM\Project_Slave_Sensor_EnviroTrack\Obj\onchipflash.o
#        D:\Saoviet_Git\Saoviet_Envirotrack_M_TNMT\Project_Slave_Winmore_NH4\Project_Slave_Sensor_EnviroTrack\EWARM\Project_Slave_Sensor_EnviroTrack\Obj\PCD8544.o
#        D:\Saoviet_Git\Saoviet_Envirotrack_M_TNMT\Project_Slave_Winmore_NH4\Project_Slave_Sensor_EnviroTrack\EWARM\Project_Slave_Sensor_EnviroTrack\Obj\queue_p.o
#        D:\Saoviet_Git\Saoviet_Envirotrack_M_TNMT\Project_Slave_Winmore_NH4\Project_Slave_Sensor_EnviroTrack\EWARM\Project_Slave_Sensor_EnviroTrack\Obj\rtc.o
#        D:\Saoviet_Git\Saoviet_Envirotrack_M_TNMT\Project_Slave_Winmore_NH4\Project_Slave_Sensor_EnviroTrack\EWARM\Project_Slave_Sensor_EnviroTrack\Obj\spi.o
#        D:\Saoviet_Git\Saoviet_Envirotrack_M_TNMT\Project_Slave_Winmore_NH4\Project_Slave_Sensor_EnviroTrack\EWARM\Project_Slave_Sensor_EnviroTrack\Obj\ST7565R.o
#        D:\Saoviet_Git\Saoviet_Envirotrack_M_TNMT\Project_Slave_Winmore_NH4\Project_Slave_Sensor_EnviroTrack\EWARM\Project_Slave_Sensor_EnviroTrack\Obj\startup_stm32l433xx.o
#        D:\Saoviet_Git\Saoviet_Envirotrack_M_TNMT\Project_Slave_Winmore_NH4\Project_Slave_Sensor_EnviroTrack\EWARM\Project_Slave_Sensor_EnviroTrack\Obj\STM32F0xx.o
#        D:\Saoviet_Git\Saoviet_Envirotrack_M_TNMT\Project_Slave_Winmore_NH4\Project_Slave_Sensor_EnviroTrack\EWARM\Project_Slave_Sensor_EnviroTrack\Obj\STM32F10x.o
#        D:\Saoviet_Git\Saoviet_Envirotrack_M_TNMT\Project_Slave_Winmore_NH4\Project_Slave_Sensor_EnviroTrack\EWARM\Project_Slave_Sensor_EnviroTrack\Obj\STM32F4.o
#        D:\Saoviet_Git\Saoviet_Envirotrack_M_TNMT\Project_Slave_Winmore_NH4\Project_Slave_Sensor_EnviroTrack\EWARM\Project_Slave_Sensor_EnviroTrack\Obj\STM32L4.o
#        D:\Saoviet_Git\Saoviet_Envirotrack_M_TNMT\Project_Slave_Winmore_NH4\Project_Slave_Sensor_EnviroTrack\EWARM\Project_Slave_Sensor_EnviroTrack\Obj\stm32l4xx_hal.o
#        D:\Saoviet_Git\Saoviet_Envirotrack_M_TNMT\Project_Slave_Winmore_NH4\Project_Slave_Sensor_EnviroTrack\EWARM\Project_Slave_Sensor_EnviroTrack\Obj\stm32l4xx_hal_cortex.o
#        D:\Saoviet_Git\Saoviet_Envirotrack_M_TNMT\Project_Slave_Winmore_NH4\Project_Slave_Sensor_EnviroTrack\EWARM\Project_Slave_Sensor_EnviroTrack\Obj\stm32l4xx_hal_dma.o
#        D:\Saoviet_Git\Saoviet_Envirotrack_M_TNMT\Project_Slave_Winmore_NH4\Project_Slave_Sensor_EnviroTrack\EWARM\Project_Slave_Sensor_EnviroTrack\Obj\stm32l4xx_hal_dma_ex.o
#        D:\Saoviet_Git\Saoviet_Envirotrack_M_TNMT\Project_Slave_Winmore_NH4\Project_Slave_Sensor_EnviroTrack\EWARM\Project_Slave_Sensor_EnviroTrack\Obj\stm32l4xx_hal_exti.o
#        D:\Saoviet_Git\Saoviet_Envirotrack_M_TNMT\Project_Slave_Winmore_NH4\Project_Slave_Sensor_EnviroTrack\EWARM\Project_Slave_Sensor_EnviroTrack\Obj\stm32l4xx_hal_flash.o
#        D:\Saoviet_Git\Saoviet_Envirotrack_M_TNMT\Project_Slave_Winmore_NH4\Project_Slave_Sensor_EnviroTrack\EWARM\Project_Slave_Sensor_EnviroTrack\Obj\stm32l4xx_hal_flash_ex.o
#        D:\Saoviet_Git\Saoviet_Envirotrack_M_TNMT\Project_Slave_Winmore_NH4\Project_Slave_Sensor_EnviroTrack\EWARM\Project_Slave_Sensor_EnviroTrack\Obj\stm32l4xx_hal_flash_ramfunc.o
#        D:\Saoviet_Git\Saoviet_Envirotrack_M_TNMT\Project_Slave_Winmore_NH4\Project_Slave_Sensor_EnviroTrack\EWARM\Project_Slave_Sensor_EnviroTrack\Obj\stm32l4xx_hal_gpio.o
#        D:\Saoviet_Git\Saoviet_Envirotrack_M_TNMT\Project_Slave_Winmore_NH4\Project_Slave_Sensor_EnviroTrack\EWARM\Project_Slave_Sensor_EnviroTrack\Obj\stm32l4xx_hal_i2c.o
#        D:\Saoviet_Git\Saoviet_Envirotrack_M_TNMT\Project_Slave_Winmore_NH4\Project_Slave_Sensor_EnviroTrack\EWARM\Project_Slave_Sensor_EnviroTrack\Obj\stm32l4xx_hal_i2c_ex.o
#        D:\Saoviet_Git\Saoviet_Envirotrack_M_TNMT\Project_Slave_Winmore_NH4\Project_Slave_Sensor_EnviroTrack\EWARM\Project_Slave_Sensor_EnviroTrack\Obj\stm32l4xx_hal_msp.o
#        D:\Saoviet_Git\Saoviet_Envirotrack_M_TNMT\Project_Slave_Winmore_NH4\Project_Slave_Sensor_EnviroTrack\EWARM\Project_Slave_Sensor_EnviroTrack\Obj\stm32l4xx_hal_pwr.o
#        D:\Saoviet_Git\Saoviet_Envirotrack_M_TNMT\Project_Slave_Winmore_NH4\Project_Slave_Sensor_EnviroTrack\EWARM\Project_Slave_Sensor_EnviroTrack\Obj\stm32l4xx_hal_pwr_ex.o
#        D:\Saoviet_Git\Saoviet_Envirotrack_M_TNMT\Project_Slave_Winmore_NH4\Project_Slave_Sensor_EnviroTrack\EWARM\Project_Slave_Sensor_EnviroTrack\Obj\stm32l4xx_hal_rcc.o
#        D:\Saoviet_Git\Saoviet_Envirotrack_M_TNMT\Project_Slave_Winmore_NH4\Project_Slave_Sensor_EnviroTrack\EWARM\Project_Slave_Sensor_EnviroTrack\Obj\stm32l4xx_hal_rcc_ex.o
#        D:\Saoviet_Git\Saoviet_Envirotrack_M_TNMT\Project_Slave_Winmore_NH4\Project_Slave_Sensor_EnviroTrack\EWARM\Project_Slave_Sensor_EnviroTrack\Obj\stm32l4xx_hal_rtc.o
#        D:\Saoviet_Git\Saoviet_Envirotrack_M_TNMT\Project_Slave_Winmore_NH4\Project_Slave_Sensor_EnviroTrack\EWARM\Project_Slave_Sensor_EnviroTrack\Obj\stm32l4xx_hal_rtc_ex.o
#        D:\Saoviet_Git\Saoviet_Envirotrack_M_TNMT\Project_Slave_Winmore_NH4\Project_Slave_Sensor_EnviroTrack\EWARM\Project_Slave_Sensor_EnviroTrack\Obj\stm32l4xx_hal_spi.o
#        D:\Saoviet_Git\Saoviet_Envirotrack_M_TNMT\Project_Slave_Winmore_NH4\Project_Slave_Sensor_EnviroTrack\EWARM\Project_Slave_Sensor_EnviroTrack\Obj\stm32l4xx_hal_spi_ex.o
#        D:\Saoviet_Git\Saoviet_Envirotrack_M_TNMT\Project_Slave_Winmore_NH4\Project_Slave_Sensor_EnviroTrack\EWARM\Project_Slave_Sensor_EnviroTrack\Obj\stm32l4xx_hal_uart.o
#        D:\Saoviet_Git\Saoviet_Envirotrack_M_TNMT\Project_Slave_Winmore_NH4\Project_Slave_Sensor_EnviroTrack\EWARM\Project_Slave_Sensor_EnviroTrack\Obj\stm32l4xx_hal_uart_ex.o
#        D:\Saoviet_Git\Saoviet_Envirotrack_M_TNMT\Project_Slave_Winmore_NH4\Project_Slave_Sensor_EnviroTrack\EWARM\Project_Slave_Sensor_EnviroTrack\Obj\stm32l4xx_it.o
#        D:\Saoviet_Git\Saoviet_Envirotrack_M_TNMT\Project_Slave_Winmore_NH4\Project_Slave_Sensor_EnviroTrack\EWARM\Project_Slave_Sensor_EnviroTrack\Obj\system_stm32l4xx.o
#        D:\Saoviet_Git\Saoviet_Envirotrack_M_TNMT\Project_Slave_Winmore_NH4\Project_Slave_Sensor_EnviroTrack\EWARM\Project_Slave_Sensor_EnviroTrack\Obj\text.o
#        D:\Saoviet_Git\Saoviet_Envirotrack_M_TNMT\Project_Slave_Winmore_NH4\Project_Slave_Sensor_EnviroTrack\EWARM\Project_Slave_Sensor_EnviroTrack\Obj\text_tiny.o
#        D:\Saoviet_Git\Saoviet_Envirotrack_M_TNMT\Project_Slave_Winmore_NH4\Project_Slave_Sensor_EnviroTrack\EWARM\Project_Slave_Sensor_EnviroTrack\Obj\unit_tests.o
#        D:\Saoviet_Git\Saoviet_Envirotrack_M_TNMT\Project_Slave_Winmore_NH4\Project_Slave_Sensor_EnviroTrack\EWARM\Project_Slave_Sensor_EnviroTrack\Obj\usart.o
#        D:\Saoviet_Git\Saoviet_Envirotrack_M_TNMT\Project_Slave_Winmore_NH4\Project_Slave_Sensor_EnviroTrack\EWARM\Project_Slave_Sensor_EnviroTrack\Obj\user_adv_trace.o
#        D:\Saoviet_Git\Saoviet_Envirotrack_M_TNMT\Project_Slave_Winmore_NH4\Project_Slave_Sensor_EnviroTrack\EWARM\Project_Slave_Sensor_EnviroTrack\Obj\user_app_comm.o
#        D:\Saoviet_Git\Saoviet_Envirotrack_M_TNMT\Project_Slave_Winmore_NH4\Project_Slave_Sensor_EnviroTrack\EWARM\Project_Slave_Sensor_EnviroTrack\Obj\user_app_modbus_rtu.o
#        D:\Saoviet_Git\Saoviet_Envirotrack_M_TNMT\Project_Slave_Winmore_NH4\Project_Slave_Sensor_EnviroTrack\EWARM\Project_Slave_Sensor_EnviroTrack\Obj\user_app_rs485.o
#        D:\Saoviet_Git\Saoviet_Envirotrack_M_TNMT\Project_Slave_Winmore_NH4\Project_Slave_Sensor_EnviroTrack\EWARM\Project_Slave_Sensor_EnviroTrack\Obj\user_app_sensor.o
#        D:\Saoviet_Git\Saoviet_Envirotrack_M_TNMT\Project_Slave_Winmore_NH4\Project_Slave_Sensor_EnviroTrack\EWARM\Project_Slave_Sensor_EnviroTrack\Obj\user_at_serial.o
#        D:\Saoviet_Git\Saoviet_Envirotrack_M_TNMT\Project_Slave_Winmore_NH4\Project_Slave_Sensor_EnviroTrack\EWARM\Project_Slave_Sensor_EnviroTrack\Obj\user_connect_sensor.o
#        D:\Saoviet_Git\Saoviet_Envirotrack_M_TNMT\Project_Slave_Winmore_NH4\Project_Slave_Sensor_EnviroTrack\EWARM\Project_Slave_Sensor_EnviroTrack\Obj\user_convert_variable.o
#        D:\Saoviet_Git\Saoviet_Envirotrack_M_TNMT\Project_Slave_Winmore_NH4\Project_Slave_Sensor_EnviroTrack\EWARM\Project_Slave_Sensor_EnviroTrack\Obj\user_internal_mem.o
#        D:\Saoviet_Git\Saoviet_Envirotrack_M_TNMT\Project_Slave_Winmore_NH4\Project_Slave_Sensor_EnviroTrack\EWARM\Project_Slave_Sensor_EnviroTrack\Obj\user_mem_comm.o
#        D:\Saoviet_Git\Saoviet_Envirotrack_M_TNMT\Project_Slave_Winmore_NH4\Project_Slave_Sensor_EnviroTrack\EWARM\Project_Slave_Sensor_EnviroTrack\Obj\user_modbus_rtu.o
#        D:\Saoviet_Git\Saoviet_Envirotrack_M_TNMT\Project_Slave_Winmore_NH4\Project_Slave_Sensor_EnviroTrack\EWARM\Project_Slave_Sensor_EnviroTrack\Obj\user_obis_sv.o
#        D:\Saoviet_Git\Saoviet_Envirotrack_M_TNMT\Project_Slave_Winmore_NH4\Project_Slave_Sensor_EnviroTrack\EWARM\Project_Slave_Sensor_EnviroTrack\Obj\user_rs485.o
#        D:\Saoviet_Git\Saoviet_Envirotrack_M_TNMT\Project_Slave_Winmore_NH4\Project_Slave_Sensor_EnviroTrack\EWARM\Project_Slave_Sensor_EnviroTrack\Obj\user_rtc.o
#        D:\Saoviet_Git\Saoviet_Envirotrack_M_TNMT\Project_Slave_Winmore_NH4\Project_Slave_Sensor_EnviroTrack\EWARM\Project_Slave_Sensor_EnviroTrack\Obj\user_string.o
#        D:\Saoviet_Git\Saoviet_Envirotrack_M_TNMT\Project_Slave_Winmore_NH4\Project_Slave_Sensor_EnviroTrack\EWARM\Project_Slave_Sensor_EnviroTrack\Obj\user_time.o
#        D:\Saoviet_Git\Saoviet_Envirotrack_M_TNMT\Project_Slave_Winmore_NH4\Project_Slave_Sensor_EnviroTrack\EWARM\Project_Slave_Sensor_EnviroTrack\Obj\user_timer.o
#        D:\Saoviet_Git\Saoviet_Envirotrack_M_TNMT\Project_Slave_Winmore_NH4\Project_Slave_Sensor_EnviroTrack\EWARM\Project_Slave_Sensor_EnviroTrack\Obj\user_tiny_vsnprintf.o
#        D:\Saoviet_Git\Saoviet_Envirotrack_M_TNMT\Project_Slave_Winmore_NH4\Project_Slave_Sensor_EnviroTrack\EWARM\Project_Slave_Sensor_EnviroTrack\Obj\user_uart.o
#        D:\Saoviet_Git\Saoviet_Envirotrack_M_TNMT\Project_Slave_Winmore_NH4\Project_Slave_Sensor_EnviroTrack\EWARM\Project_Slave_Sensor_EnviroTrack\Obj\user_util.o
#        --no_out_extension -o
#        D:\Saoviet_Git\Saoviet_Envirotrack_M_TNMT\Project_Slave_Winmore_NH4\Project_Slave_Sensor_EnviroTrack\EWARM\Project_Slave_Sensor_EnviroTrack\Exe\Project_Slave_Sensor_EnviroTrack.out
#        --redirect _Printf=_PrintfFullNoMb --redirect _Scanf=_ScanfFullNoMb
#        --map
#        D:\Saoviet_Git\Saoviet_Envirotrack_M_TNMT\Project_Slave_Winmore_NH4\Project_Slave_Sensor_EnviroTrack\EWARM\Project_Slave_Sensor_EnviroTrack\List\Project_Slave_Sensor_EnviroTrack.map
#        --config
#        D:\Saoviet_Git\Saoviet_Envirotrack_M_TNMT\Project_Slave_Winmore_NH4\Project_Slave_Sensor_EnviroTrack\EWARM/stm32l433xx_flash.icf
#        --semihosting --entry __iar_program_start --vfe --text_out locale)
#
###############################################################################

*******************************************************************************
*** RUNTIME MODEL ATTRIBUTES
***

CppFlavor       = *
__Heap_Handler  = DLMalloc
__SystemLibrary = DLib
__dlib_version  = 6


*******************************************************************************
*** HEAP SELECTION
***

The advanced heap was selected because the application calls memory
allocation functions outside of system library functions, and there
are calls to deallocation functions in the application.


*******************************************************************************
*** PLACEMENT SUMMARY
***

"A0":  place at address 0x800'0000 { ro section .intvec };
"P1":  place in [from 0x800'0000 to 0x803'ffff] { ro };
define block CSTACK with size = 1K, alignment = 8 { };
define block HEAP with size = 512, alignment = 8 { };
"P2":  place in [from 0x2000'0000 to 0x2000'ffff] {
          rw, block CSTACK, block HEAP };
initialize by copy { rw };

  Section            Kind         Address      Size  Object
  -------            ----         -------      ----  ------
"A0":                                         0x18c
  .intvec            ro code   0x800'0000     0x18c  startup_stm32l433xx.o [1]
                             - 0x800'018c     0x18c

"P1":                                      0x1'1d12
  .text              ro code   0x800'018c    0x2530  button.o [1]
  .text              ro code   0x800'26bc     0x380  stm32l4xx_hal_gpio.o [1]
  .text              ro code   0x800'2a3c     0x21c  user_util.o [1]
  .text              ro code   0x800'2c58     0xebc  lcd_display.o [1]
  .text              ro code   0x800'3b14    0x2108  user_app_sensor.o [1]
  .text              ro code   0x800'5c1c     0xad4  user_app_modbus_rtu.o [1]
  .text              ro code   0x800'66f0     0x40c  user_convert_variable.o [1]
  .text              ro code   0x800'6afc      0x36  strlen.o [4]
  .text              ro code   0x800'6b32      0x3a  zero_init3.o [4]
  .text              ro code   0x800'6b6c      0x22  S32ToDbl.o [3]
  .text              ro code   0x800'6b8e       0xa  xsprout.o [2]
  .text              ro code   0x800'6b98      0x22  math_wrappers64.o [3]
  .rodata            const     0x800'6bba       0x2  xlocale_c.o [2]
  .text              ro code   0x800'6bbc     0x246  DblDiv.o [3]
  .rodata            const     0x800'6e02       0x1  xlocale_c.o [2]
  .text              ro code   0x800'6e04      0x68  DblToFlt.o [3]
  .text              ro code   0x800'6e6c      0x1a  U32ToDbl.o [3]
  .text              ro code   0x800'6e88      0x48  FltToDbl.o [3]
  .text              ro code   0x800'6ed0      0x40  sprintf.o [2]
  .text              ro code   0x800'6f10      0xb0  STM32L4.o [1]
  .text              ro code   0x800'6fc0       0xc  stm32l4xx_hal.o [1]
  .text              ro code   0x800'6fcc     0x290  text_tiny.o [1]
  .text              ro code   0x800'725c      0x54  event_driven.o [1]
  .text              ro code   0x800'72b0      0x14  unit_tests.o [1]
  .text              ro code   0x800'72c4     0x110  glcd.o [1]
  .text              ro code   0x800'73d4     0x15c  ST7565R.o [1]
  .text              ro code   0x800'7530      0x66  ABImemset.o [4]
  .text              ro code   0x800'7598     0x390  text.o [1]
  .text              ro code   0x800'7928     0x200  graphics.o [1]
  .text              ro code   0x800'7b28     0x350  user_modbus_rtu.o [1]
  .text              ro code   0x800'7e78     0x39c  usart.o [1]
  .text              ro code   0x800'8214      0x74  user_connect_sensor.o [1]
  .text              ro code   0x800'8288      0x28  stm32l4xx_hal.o [1]
  .text              ro code   0x800'82b0     0xfc8  stm32l4xx_hal_uart.o [1]
  .text              ro code   0x800'9278     0x172  onchipflash.o [1]
  .text              ro code   0x800'93ec      0xa6  ABImemcpy.o [4]
  .text              ro code   0x800'9494     0x230  I64DivMod.o [4]
  .text              ro code   0x800'96c4     0x1a2  DblMul.o [3]
  .text              ro code   0x800'9868     0x17a  DblAdd.o [3]
  .text              ro code   0x800'99e4      0x3a  DblToS32.o [3]
  .text              ro code   0x800'9a20     0x31c  logx64.o [3]
  .text              ro code   0x800'9d3c     0x6ec  pow64.o [3]
  .text              ro code   0x800'a428     0xfc6  xprintffull_nomb.o [2]
  .text              ro code   0x800'b3f0     0x52a  stm32l4xx_hal_spi.o [1]
  .text              ro code   0x800'b91a       0x8  abs.o [2]
  .text              ro code   0x800'b922      0xc2  main.o [1]
  .text              ro code   0x800'b9e4      0x14  memset.o [4]
  .text              ro code   0x800'b9f8     0x4e8  stm32l4xx_hal_rcc_ex.o [1]
  .text              ro code   0x800'bee0     0x422  stm32l4xx_hal_dma.o [1]
  .text              ro code   0x800'c304     0x194  stm32l4xx_hal_cortex.o [1]
  .text              ro code   0x800'c498     0x128  user_uart.o [1]
  .text              ro code   0x800'c5c0      0x72  stm32l4xx_hal_uart_ex.o [1]
  .text              ro code   0x800'c634     0x9fc  stm32l4xx_hal_rcc.o [1]
  .text              ro code   0x800'd030       0x2  stm32l4xx_hal_uart.o [1]
  .text              ro code   0x800'd032       0x2  stm32l4xx_hal_uart.o [1]
  .text              ro code   0x800'd034     0x1b8  stm32l4xx_hal_flash.o [1]
  .text              ro code   0x800'd1ec      0xa0  stm32l4xx_hal_flash_ex.o [1]
  .text              ro code   0x800'd28c       0x2  I64DivZer.o [4]
  .text              ro code   0x800'd290      0xe2  DblSub.o [3]
  .text              ro code   0x800'd374      0x70  frexp.o [3]
  .text              ro code   0x800'd3e4      0x2e  DblCmpLe.o [3]
  .text              ro code   0x800'd414      0x20  DblCmpEq.o [3]
  .text              ro code   0x800'd434      0x2e  DblCmpGe.o [3]
  .text              ro code   0x800'd464     0x3e8  iar_Exp64.o [3]
  .text              ro code   0x800'd84c      0x16  strchr.o [4]
  .text              ro code   0x800'd864      0x40  xfail_s.o [2]
  .text              ro code   0x800'd8a4      0x58  memchr.o [4]
  .text              ro code   0x800'd8fc     0x13a  ldexp.o [3]
  .text              ro code   0x800'da38      0x28  DblToU32.o [3]
  .text              ro code   0x800'da60       0x8  xlocale_c.o [2]
  .text              ro code   0x800'da68      0xc8  spi.o [1]
  .text              ro code   0x800'db30      0x24  stm32l4xx_hal.o [1]
  .text              ro code   0x800'db54     0x1d0  gpio.o [1]
  .text              ro code   0x800'dd24      0x60  dma.o [1]
  .text              ro code   0x800'dd84     0x150  rtc.o [1]
  .text              ro code   0x800'ded4     0x4b0  user_app_comm.o [1]
  .text              ro code   0x800'e384      0x94  stm32l4xx_hal_pwr_ex.o [1]
  .text              ro code   0x800'e418      0x70  user_rs485.o [1]
  .text              ro code   0x800'e488     0x23a  user_adv_trace.o [1]
  .text              ro code   0x800'e6c4      0x60  stm32l4xx_hal.o [1]
  .text              ro code   0x800'e724       0x6  abort.o [2]
  .text              ro code   0x800'e72c      0x38  stm32l4xx_hal_msp.o [1]
  .text              ro code   0x800'e764     0x78e  stm32l4xx_hal_rtc.o [1]
  .text              ro code   0x800'eef4     0x310  user_timer.o [1]
  .text              ro code   0x800'f204     0x1dc  user_at_serial.o [1]
  .text              ro code   0x800'f3e0      0x58  user_time.o [1]
  .text              ro code   0x800'f438     0x180  user_app_rs485.o [1]
  .text              ro code   0x800'f5b8     0x350  user_tiny_vsnprintf.o [1]
  .text              ro code   0x800'f908      0x14  exit.o [5]
  .text              ro code   0x800'f91c     0x3a8  user_rtc.o [1]
  .text              ro code   0x800'fcc4       0x2  stm32l4xx_hal_rtc_ex.o [1]
  .text              ro code   0x800'fcc6     0x1e6  user_string.o [1]
  .text              ro code   0x800'feac      0x48  stm32l4xx_hal_rtc_ex.o [1]
  .rodata            const     0x800'fef8     0x420  pow64.o [3]
  .rodata            const     0x801'0318     0x400  unit_tests.o [1]
  .rodata            const     0x801'0718     0x228  lcd_display.o [1]
  .rodata            const     0x801'0940     0x214  lcd_display.o [1]
  .rodata            const     0x801'0b54     0x12c  user_app_sensor.o [1]
  .text              ro code   0x801'0c80      0xd4  stm32l4xx_it.o [1]
  .text              ro code   0x801'0d54      0x18  stm32l4xx_hal.o [1]
  .text              ro code   0x801'0d6c      0x78  lz77_init_single.o [4]
  .rodata            const     0x801'0de4      0x34  user_app_sensor.o [1]
  .rodata            const     0x801'0e18      0x34  user_app_sensor.o [1]
  .rodata            const     0x801'0e4c      0x30  system_stm32l4xx.o [1]
  .rodata            const     0x801'0e7c      0x2c  user_rtc.o [1]
  .rodata            const     0x801'0ea8      0x28  user_tiny_vsnprintf.o [1]
  .rodata            const     0x801'0ed0      0x28  user_tiny_vsnprintf.o [1]
  .text              ro code   0x801'0ef8      0x28  data_init.o [4]
  .text              ro code   0x801'0f20      0x22  fpinit_M.o [3]
  .iar.init_table    const     0x801'0f44      0x20  - Linker created -
  .rodata            const     0x801'0f64      0x20  user_rtc.o [1]
  .text              ro code   0x801'0f84      0x1e  cmain.o [4]
  .text              ro code   0x801'0fa2       0x4  low_level_init.o [2]
  .text              ro code   0x801'0fa6       0x4  exit.o [2]
  .text              ro code   0x801'0fac       0xa  cexit.o [4]
  .rodata            const     0x801'0fb8      0x1c  user_app_comm.o [1]
  .rodata            const     0x801'0fd4      0x1c  user_uart.o [1]
  .rodata            const     0x801'0ff0      0x18  user_app_comm.o [1]
  .rodata            const     0x801'1008      0x14  lcd_display.o [1]
  .rodata            const     0x801'101c      0x14  user_app_comm.o [1]
  .rodata            const     0x801'1030      0x14  user_at_serial.o [1]
  .rodata            const     0x801'1044      0x14  user_at_serial.o [1]
  .rodata            const     0x801'1058      0x14  user_at_serial.o [1]
  .rodata            const     0x801'106c      0x14  user_at_serial.o [1]
  .rodata            const     0x801'1080      0x14  user_at_serial.o [1]
  .rodata            const     0x801'1094      0x10  lcd_display.o [1]
  .rodata            const     0x801'10a4      0x10  lcd_display.o [1]
  .rodata            const     0x801'10b4      0x10  lcd_display.o [1]
  .rodata            const     0x801'10c4      0x10  lcd_display.o [1]
  .rodata            const     0x801'10d4      0x10  lcd_display.o [1]
  .rodata            const     0x801'10e4      0x10  lcd_display.o [1]
  .rodata            const     0x801'10f4      0x10  lcd_display.o [1]
  .rodata            const     0x801'1104      0x10  lcd_display.o [1]
  .rodata            const     0x801'1114      0x10  lcd_display.o [1]
  .rodata            const     0x801'1124      0x10  lcd_display.o [1]
  .rodata            const     0x801'1134      0x10  lcd_display.o [1]
  .rodata            const     0x801'1144      0x10  lcd_display.o [1]
  .rodata            const     0x801'1154      0x10  system_stm32l4xx.o [1]
  .rodata            const     0x801'1164      0x10  user_app_sensor.o [1]
  .rodata            const     0x801'1174      0x10  user_at_serial.o [1]
  .rodata            const     0x801'1184      0x10  user_at_serial.o [1]
  .rodata            const     0x801'1194      0x10  user_at_serial.o [1]
  .rodata            const     0x801'11a4      0x10  user_at_serial.o [1]
  .rodata            const     0x801'11b4      0x10  user_at_serial.o [1]
  .rodata            const     0x801'11c4      0x10  user_at_serial.o [1]
  .rodata            const     0x801'11d4      0x10  user_at_serial.o [1]
  .rodata            const     0x801'11e4      0x10  user_at_serial.o [1]
  .rodata            const     0x801'11f4      0x10  user_at_serial.o [1]
  .rodata            const     0x801'1204      0x10  user_at_serial.o [1]
  .rodata            const     0x801'1214      0x10  user_at_serial.o [1]
  .rodata            const     0x801'1224      0x10  user_at_serial.o [1]
  .rodata            const     0x801'1234      0x10  user_at_serial.o [1]
  .rodata            const     0x801'1244      0x10  user_at_serial.o [1]
  .rodata            const     0x801'1254      0x10  user_at_serial.o [1]
  .rodata            const     0x801'1264      0x10  user_at_serial.o [1]
  .rodata            const     0x801'1274      0x10  user_at_serial.o [1]
  .rodata            const     0x801'1284      0x10  user_at_serial.o [1]
  .rodata            const     0x801'1294      0x10  user_at_serial.o [1]
  .rodata            const     0x801'12a4      0x10  user_at_serial.o [1]
  .rodata            const     0x801'12b4      0x10  user_at_serial.o [1]
  .rodata            const     0x801'12c4      0x10  user_at_serial.o [1]
  .rodata            const     0x801'12d4      0x10  user_at_serial.o [1]
  .rodata            const     0x801'12e4      0x10  user_at_serial.o [1]
  .rodata            const     0x801'12f4      0x10  user_at_serial.o [1]
  .rodata            const     0x801'1304      0x10  user_at_serial.o [1]
  .rodata            const     0x801'1314      0x10  user_at_serial.o [1]
  .rodata            const     0x801'1324      0x10  user_at_serial.o [1]
  .rodata            const     0x801'1334      0x10  user_at_serial.o [1]
  .text              ro code   0x801'1344      0x10  startup_stm32l433xx.o [1]
  .text              ro code   0x801'1354      0x10  system_stm32l4xx.o [1]
  .rodata            const     0x801'1364       0xc  lcd_display.o [1]
  .rodata            const     0x801'1370       0xc  lcd_display.o [1]
  .rodata            const     0x801'137c       0xc  lcd_display.o [1]
  .rodata            const     0x801'1388       0xc  lcd_display.o [1]
  .rodata            const     0x801'1394       0xc  lcd_display.o [1]
  .rodata            const     0x801'13a0       0xc  lcd_display.o [1]
  .rodata            const     0x801'13ac       0xc  lcd_display.o [1]
  .rodata            const     0x801'13b8       0xc  lcd_display.o [1]
  .rodata            const     0x801'13c4       0xc  lcd_display.o [1]
  .rodata            const     0x801'13d0       0xc  lcd_display.o [1]
  .rodata            const     0x801'13dc       0xc  lcd_display.o [1]
  .rodata            const     0x801'13e8       0xc  lcd_display.o [1]
  .rodata            const     0x801'13f4       0xc  lcd_display.o [1]
  .rodata            const     0x801'1400       0xc  lcd_display.o [1]
  .rodata            const     0x801'140c       0xc  lcd_display.o [1]
  .rodata            const     0x801'1418       0xc  lcd_display.o [1]
  .rodata            const     0x801'1424       0xc  lcd_display.o [1]
  .rodata            const     0x801'1430       0xc  lcd_display.o [1]
  .rodata            const     0x801'143c       0xc  lcd_display.o [1]
  .rodata            const     0x801'1448       0xc  lcd_display.o [1]
  .rodata            const     0x801'1454       0xc  lcd_display.o [1]
  .rodata            const     0x801'1460       0xc  lcd_display.o [1]
  .rodata            const     0x801'146c       0xc  lcd_display.o [1]
  .rodata            const     0x801'1478       0xc  lcd_display.o [1]
  .rodata            const     0x801'1484       0xc  lcd_display.o [1]
  .rodata            const     0x801'1490       0xc  user_app_comm.o [1]
  .rodata            const     0x801'149c       0xc  user_app_sensor.o [1]
  .rodata            const     0x801'14a8       0xc  user_app_sensor.o [1]
  .rodata            const     0x801'14b4       0xc  user_app_sensor.o [1]
  .rodata            const     0x801'14c0       0xc  user_app_sensor.o [1]
  .rodata            const     0x801'14cc       0xc  user_app_sensor.o [1]
  .rodata            const     0x801'14d8       0xc  user_app_sensor.o [1]
  .rodata            const     0x801'14e4       0xc  user_app_sensor.o [1]
  .rodata            const     0x801'14f0       0xc  user_app_sensor.o [1]
  .rodata            const     0x801'14fc       0xc  user_app_sensor.o [1]
  .rodata            const     0x801'1508       0xc  user_app_sensor.o [1]
  .rodata            const     0x801'1514       0xc  user_app_sensor.o [1]
  .rodata            const     0x801'1520       0xc  user_app_sensor.o [1]
  .rodata            const     0x801'152c       0xc  user_app_sensor.o [1]
  .rodata            const     0x801'1538       0xc  user_at_serial.o [1]
  .rodata            const     0x801'1544       0xc  user_at_serial.o [1]
  .rodata            const     0x801'1550       0xc  user_at_serial.o [1]
  .rodata            const     0x801'155c       0xc  user_at_serial.o [1]
  .rodata            const     0x801'1568       0xc  user_at_serial.o [1]
  .rodata            const     0x801'1574       0xc  user_at_serial.o [1]
  .rodata            const     0x801'1580       0xc  user_at_serial.o [1]
  .rodata            const     0x801'158c       0xc  user_at_serial.o [1]
  .rodata            const     0x801'1598       0xc  user_at_serial.o [1]
  .rodata            const     0x801'15a4       0xc  user_at_serial.o [1]
  .rodata            const     0x801'15b0       0xc  user_at_serial.o [1]
  .rodata            const     0x801'15bc       0xc  user_at_serial.o [1]
  .rodata            const     0x801'15c8       0xc  user_at_serial.o [1]
  .rodata            const     0x801'15d4       0xc  user_at_serial.o [1]
  .rodata            const     0x801'15e0       0xc  user_at_serial.o [1]
  .rodata            const     0x801'15ec       0xc  user_at_serial.o [1]
  .rodata            const     0x801'15f8       0xc  user_at_serial.o [1]
  .rodata            const     0x801'1604       0xc  user_at_serial.o [1]
  .rodata            const     0x801'1610       0xc  user_at_serial.o [1]
  .rodata            const     0x801'161c       0xc  user_at_serial.o [1]
  .rodata            const     0x801'1628       0xc  user_at_serial.o [1]
  .rodata            const     0x801'1634       0xc  user_at_serial.o [1]
  .rodata            const     0x801'1640       0xc  user_at_serial.o [1]
  .rodata            const     0x801'164c       0xc  user_at_serial.o [1]
  .rodata            const     0x801'1658       0xc  user_at_serial.o [1]
  .rodata            const     0x801'1664       0xc  user_at_serial.o [1]
  .rodata            const     0x801'1670       0xc  user_at_serial.o [1]
  .rodata            const     0x801'167c       0xc  user_at_serial.o [1]
  .rodata            const     0x801'1688       0xc  user_rtc.o [1]
  .rodata            const     0x801'1694       0xc  user_rtc.o [1]
  .text              ro code   0x801'16a0       0xc  cstartup_M.o [4]
  .rodata            const     0x801'16ac       0x8  lcd_display.o [1]
  .rodata            const     0x801'16b4       0x8  lcd_display.o [1]
  .rodata            const     0x801'16bc       0x8  lcd_display.o [1]
  .rodata            const     0x801'16c4       0x8  lcd_display.o [1]
  .rodata            const     0x801'16cc       0x8  lcd_display.o [1]
  .rodata            const     0x801'16d4       0x8  lcd_display.o [1]
  .rodata            const     0x801'16dc       0x8  lcd_display.o [1]
  .rodata            const     0x801'16e4       0x8  lcd_display.o [1]
  .rodata            const     0x801'16ec       0x8  lcd_display.o [1]
  .rodata            const     0x801'16f4       0x8  lcd_display.o [1]
  .rodata            const     0x801'16fc       0x8  lcd_display.o [1]
  .rodata            const     0x801'1704       0x8  lcd_display.o [1]
  .rodata            const     0x801'170c       0x8  lcd_display.o [1]
  .rodata            const     0x801'1714       0x8  lcd_display.o [1]
  .rodata            const     0x801'171c       0x8  system_stm32l4xx.o [1]
  .rodata            const     0x801'1724       0x8  user_app_modbus_rtu.o [1]
  .rodata            const     0x801'172c       0x8  user_app_modbus_rtu.o [1]
  .rodata            const     0x801'1734       0x8  user_app_sensor.o [1]
  .rodata            const     0x801'173c       0x8  user_app_sensor.o [1]
  .rodata            const     0x801'1744       0x8  user_app_sensor.o [1]
  .rodata            const     0x801'174c       0x8  user_app_sensor.o [1]
  .rodata            const     0x801'1754       0x8  user_at_serial.o [1]
  .rodata            const     0x801'175c       0x8  user_at_serial.o [1]
  .rodata            const     0x801'1764       0x8  user_at_serial.o [1]
  .rodata            const     0x801'176c       0x8  user_at_serial.o [1]
  .rodata            const     0x801'1774       0x8  user_at_serial.o [1]
  .rodata            const     0x801'177c       0x8  user_tiny_vsnprintf.o [1]
  .rodata            const     0x801'1784       0x8  user_util.o [1]
  .rodata            const     0x801'178c       0x8  xprintffull_nomb.o [2]
  .rodata            const     0x801'1794       0x4  lcd_display.o [1]
  .rodata            const     0x801'1798       0x4  lcd_display.o [1]
  .rodata            const     0x801'179c       0x4  lcd_display.o [1]
  .rodata            const     0x801'17a0       0x4  lcd_display.o [1]
  .rodata            const     0x801'17a4       0x4  lcd_display.o [1]
  .text              ro code   0x801'17a8       0x4  startup_stm32l433xx.o [1]
  .text              ro code   0x801'17ac       0x4  startup_stm32l433xx.o [1]
  .text              ro code   0x801'17b0       0x4  startup_stm32l433xx.o [1]
  .text              ro code   0x801'17b4       0x4  startup_stm32l433xx.o [1]
  .text              ro code   0x801'17b8       0x4  startup_stm32l433xx.o [1]
  .text              ro code   0x801'17bc       0x4  startup_stm32l433xx.o [1]
  .text              ro code   0x801'17c0       0x4  startup_stm32l433xx.o [1]
  .text              ro code   0x801'17c4       0x4  startup_stm32l433xx.o [1]
  .text              ro code   0x801'17c8       0x4  startup_stm32l433xx.o [1]
  .text              ro code   0x801'17cc       0x4  startup_stm32l433xx.o [1]
  .text              ro code   0x801'17d0       0x4  startup_stm32l433xx.o [1]
  .text              ro code   0x801'17d4       0x4  startup_stm32l433xx.o [1]
  .text              ro code   0x801'17d8       0x4  startup_stm32l433xx.o [1]
  .text              ro code   0x801'17dc       0x4  startup_stm32l433xx.o [1]
  .text              ro code   0x801'17e0       0x4  startup_stm32l433xx.o [1]
  .text              ro code   0x801'17e4       0x4  startup_stm32l433xx.o [1]
  .text              ro code   0x801'17e8       0x4  startup_stm32l433xx.o [1]
  .text              ro code   0x801'17ec       0x4  startup_stm32l433xx.o [1]
  .text              ro code   0x801'17f0       0x4  startup_stm32l433xx.o [1]
  .text              ro code   0x801'17f4       0x4  startup_stm32l433xx.o [1]
  .text              ro code   0x801'17f8       0x4  startup_stm32l433xx.o [1]
  .text              ro code   0x801'17fc       0x4  startup_stm32l433xx.o [1]
  .text              ro code   0x801'1800       0x4  startup_stm32l433xx.o [1]
  .text              ro code   0x801'1804       0x4  startup_stm32l433xx.o [1]
  .text              ro code   0x801'1808       0x4  startup_stm32l433xx.o [1]
  .text              ro code   0x801'180c       0x4  startup_stm32l433xx.o [1]
  .text              ro code   0x801'1810       0x4  startup_stm32l433xx.o [1]
  .text              ro code   0x801'1814       0x4  startup_stm32l433xx.o [1]
  .text              ro code   0x801'1818       0x4  startup_stm32l433xx.o [1]
  .text              ro code   0x801'181c       0x4  startup_stm32l433xx.o [1]
  .text              ro code   0x801'1820       0x4  startup_stm32l433xx.o [1]
  .text              ro code   0x801'1824       0x4  startup_stm32l433xx.o [1]
  .text              ro code   0x801'1828       0x4  startup_stm32l433xx.o [1]
  .text              ro code   0x801'182c       0x4  startup_stm32l433xx.o [1]
  .text              ro code   0x801'1830       0x4  startup_stm32l433xx.o [1]
  .text              ro code   0x801'1834       0x4  startup_stm32l433xx.o [1]
  .text              ro code   0x801'1838       0x4  startup_stm32l433xx.o [1]
  .text              ro code   0x801'183c       0x4  startup_stm32l433xx.o [1]
  .text              ro code   0x801'1840       0x4  startup_stm32l433xx.o [1]
  .text              ro code   0x801'1844       0x4  startup_stm32l433xx.o [1]
  .text              ro code   0x801'1848       0x4  startup_stm32l433xx.o [1]
  .text              ro code   0x801'184c       0x4  startup_stm32l433xx.o [1]
  .text              ro code   0x801'1850       0x4  startup_stm32l433xx.o [1]
  .text              ro code   0x801'1854       0x4  startup_stm32l433xx.o [1]
  .text              ro code   0x801'1858       0x4  startup_stm32l433xx.o [1]
  .text              ro code   0x801'185c       0x4  startup_stm32l433xx.o [1]
  .text              ro code   0x801'1860       0x4  startup_stm32l433xx.o [1]
  .text              ro code   0x801'1864       0x4  startup_stm32l433xx.o [1]
  .text              ro code   0x801'1868       0x4  startup_stm32l433xx.o [1]
  .text              ro code   0x801'186c       0x4  startup_stm32l433xx.o [1]
  .text              ro code   0x801'1870       0x4  startup_stm32l433xx.o [1]
  .text              ro code   0x801'1874       0x4  startup_stm32l433xx.o [1]
  .text              ro code   0x801'1878       0x4  startup_stm32l433xx.o [1]
  .text              ro code   0x801'187c       0x4  startup_stm32l433xx.o [1]
  .text              ro code   0x801'1880       0x4  startup_stm32l433xx.o [1]
  .text              ro code   0x801'1884       0x4  startup_stm32l433xx.o [1]
  .text              ro code   0x801'1888       0x4  startup_stm32l433xx.o [1]
  .text              ro code   0x801'188c       0x4  startup_stm32l433xx.o [1]
  .text              ro code   0x801'1890       0x4  startup_stm32l433xx.o [1]
  .rodata            const     0x801'1894       0x0  zero_init3.o [4]
  .rodata            const     0x801'1894       0x0  lz77_init_single.o [4]
  Initializer bytes  const     0x801'1894     0x60a  <for P2-1>
                             - 0x801'1e9e  0x1'1d12

"P2", part 1 of 3:                            0xe91
  P2-1                        0x2000'0000     0xe91  <Init block>
    .data            inited   0x2000'0000       0xc  button.o [1]
    .data            inited   0x2000'000c      0x70  lcd_display.o [1]
    .data            inited   0x2000'007c      0x80  lcd_display.o [1]
    .data            inited   0x2000'00fc       0x8  lcd_display.o [1]
    .data            inited   0x2000'0104       0x4  lcd_display.o [1]
    .data            inited   0x2000'0108      0x10  lcd_display.o [1]
    .data            inited   0x2000'0118      0x10  lcd_display.o [1]
    .data            inited   0x2000'0128      0x10  lcd_display.o [1]
    .data            inited   0x2000'0138      0x10  lcd_display.o [1]
    .data            inited   0x2000'0148      0x10  lcd_display.o [1]
    .data            inited   0x2000'0158       0x8  lcd_display.o [1]
    .data            inited   0x2000'0160     0x5d0  lcd_display.o [1]
    .data            inited   0x2000'0730       0x4  stm32l4xx_hal.o [1]
    .data            inited   0x2000'0734      0x20  stm32l4xx_hal_flash.o [1]
    .data            inited   0x2000'0754       0x4  system_stm32l4xx.o [1]
    .data            inited   0x2000'0758      0x70  user_app_comm.o [1]
    .data            inited   0x2000'07c8       0x8  user_app_comm.o [1]
    .data            inited   0x2000'07d0       0x8  user_app_comm.o [1]
    .data            inited   0x2000'07d8     0x12c  user_app_modbus_rtu.o [1]
    .data            inited   0x2000'0904      0x2c  user_app_modbus_rtu.o [1]
    .data            inited   0x2000'0930       0x8  user_app_modbus_rtu.o [1]
    .data            inited   0x2000'0938      0x40  user_app_rs485.o [1]
    .data            inited   0x2000'0978      0x90  user_app_sensor.o [1]
    .data            inited   0x2000'0a08       0x8  user_app_sensor.o [1]
    .data            inited   0x2000'0a10       0x4  user_app_sensor.o [1]
    .data            inited   0x2000'0a14       0x8  user_at_serial.o [1]
    .data            inited   0x2000'0a1c     0x420  user_at_serial.o [1]
    .data            inited   0x2000'0e3c       0x8  user_connect_sensor.o [1]
    .data            inited   0x2000'0e44       0x8  user_rs485.o [1]
    .data            inited   0x2000'0e4c       0x4  user_tiny_vsnprintf.o [1]
    .data            inited   0x2000'0e50       0x4  user_tiny_vsnprintf.o [1]
    .data            inited   0x2000'0e54      0x38  xlocale_c.o [2]
    .data            inited   0x2000'0e8c       0x2  user_app_modbus_rtu.o [1]
    .data            inited   0x2000'0e8e       0x1  lcd_display.o [1]
    .data            inited   0x2000'0e8f       0x1  stm32l4xx_hal.o [1]
    .data            inited   0x2000'0e90       0x1  user_util.o [1]
                            - 0x2000'0e91     0xe91

"P2", part 2 of 3:                           0x1e44
  .bss               zero     0x2000'0e94     0x4b0  user_app_comm.o [1]
  .bss               zero     0x2000'1344     0x400  glcd.o [1]
  .bss               zero     0x2000'1744     0x400  user_adv_trace.o [1]
  .bss               zero     0x2000'1b44     0x2e8  lcd_display.o [1]
  .bss               zero     0x2000'1e2c     0x200  user_adv_trace.o [1]
  .bss               zero     0x2000'202c     0x200  user_connect_sensor.o [1]
  .bss               zero     0x2000'222c     0x200  user_rs485.o [1]
  .bss               zero     0x2000'242c      0xbc  lcd_display.o [1]
  .bss               zero     0x2000'24e8      0x88  usart.o [1]
  .bss               zero     0x2000'2570      0x88  usart.o [1]
  .bss               zero     0x2000'25f8      0x88  usart.o [1]
  .bss               zero     0x2000'2680      0x80  user_app_modbus_rtu.o [1]
  .bss               zero     0x2000'2700      0x80  user_app_modbus_rtu.o [1]
  .bss               zero     0x2000'2780      0x80  user_app_modbus_rtu.o [1]
  .bss               zero     0x2000'2800      0x80  user_at_serial.o [1]
  .bss               zero     0x2000'2880      0x80  user_at_serial.o [1]
  .bss               zero     0x2000'2900      0x64  spi.o [1]
  .bss               zero     0x2000'2964      0x64  user_app_comm.o [1]
  .bss               zero     0x2000'29c8      0x48  usart.o [1]
  .bss               zero     0x2000'2a10      0x48  usart.o [1]
  .bss               zero     0x2000'2a58      0x48  usart.o [1]
  .bss               zero     0x2000'2aa0      0x48  user_app_sensor.o [1]
  .bss               zero     0x2000'2ae8      0x30  user_app_sensor.o [1]
  .bss               zero     0x2000'2b18      0x2c  user_rtc.o [1]
  .bss               zero     0x2000'2b44      0x28  user_app_sensor.o [1]
  .bss               zero     0x2000'2b6c      0x28  user_app_sensor.o [1]
  .bss               zero     0x2000'2b94      0x24  rtc.o [1]
  .bss               zero     0x2000'2bb8      0x1c  user_rtc.o [1]
  .bss               zero     0x2000'2bd4      0x18  button.o [1]
  .bss               zero     0x2000'2bec      0x18  user_adv_trace.o [1]
  .bss               zero     0x2000'2c04      0x18  user_app_comm.o [1]
  .bss               zero     0x2000'2c1c      0x10  lcd_display.o [1]
  .bss               zero     0x2000'2c2c      0x10  user_app_sensor.o [1]
  .bss               zero     0x2000'2c3c       0xc  text.o [1]
  .bss               zero     0x2000'2c48       0xc  user_app_sensor.o [1]
  .bss               zero     0x2000'2c54       0xc  user_app_sensor.o [1]
  .bss               zero     0x2000'2c60       0xc  user_util.o [1]
  .bss               zero     0x2000'2c6c       0x4  button.o [1]
  .bss               zero     0x2000'2c70       0x4  button.o [1]
  .bss               zero     0x2000'2c74       0x4  button.o [1]
  .bss               zero     0x2000'2c78       0x4  glcd.o [1]
  .bss               zero     0x2000'2c7c       0x4  glcd.o [1]
  .bss               zero     0x2000'2c80       0x4  glcd.o [1]
  .bss               zero     0x2000'2c84       0x4  lcd_display.o [1]
  .bss               zero     0x2000'2c88       0x4  stm32l4xx_hal.o [1]
  .bss               zero     0x2000'2c8c       0x4  stm32l4xx_it.o [1]
  .bss               zero     0x2000'2c90       0x4  user_app_comm.o [1]
  .bss               zero     0x2000'2c94       0x4  user_app_sensor.o [1]
  .bss               zero     0x2000'2c98       0x4  user_app_sensor.o [1]
  .bss               zero     0x2000'2c9c       0x4  user_app_sensor.o [1]
  .bss               zero     0x2000'2ca0       0x4  user_rtc.o [1]
  .bss               zero     0x2000'2ca4       0x4  user_timer.o [1]
  .bss               zero     0x2000'2ca8       0x4  user_util.o [1]
  .bss               zero     0x2000'2cac       0x4  user_util.o [1]
  .bss               zero     0x2000'2cb0       0x4  user_util.o [1]
  .bss               zero     0x2000'2cb4       0x4  xfail_s.o [2]
  .bss               zero     0x2000'2cb8       0x2  button.o [1]
  .bss               zero     0x2000'2cba       0x2  lcd_display.o [1]
  .bss               zero     0x2000'2cbc       0x2  user_app_comm.o [1]
  .bss               zero     0x2000'2cbe       0x2  user_app_comm.o [1]
  .bss               zero     0x2000'2cc0       0x2  user_app_sensor.o [1]
  .bss               zero     0x2000'2cc2       0x2  user_app_sensor.o [1]
  .bss               zero     0x2000'2cc4       0x2  user_uart.o [1]
  .bss               zero     0x2000'2cc6       0x1  button.o [1]
  .bss               zero     0x2000'2cc7       0x1  lcd_display.o [1]
  .bss               zero     0x2000'2cc8       0x1  lcd_display.o [1]
  .bss               zero     0x2000'2cc9       0x1  lcd_display.o [1]
  .bss               zero     0x2000'2cca       0x1  stm32l4xx_it.o [1]
  .bss               zero     0x2000'2ccb       0x1  user_app_comm.o [1]
  .bss               zero     0x2000'2ccc       0x1  user_app_comm.o [1]
  .bss               zero     0x2000'2ccd       0x1  user_app_rs485.o [1]
  .bss               zero     0x2000'2cce       0x1  user_app_sensor.o [1]
  .bss               zero     0x2000'2ccf       0x1  user_app_sensor.o [1]
  .bss               zero     0x2000'2cd0       0x1  user_app_sensor.o [1]
  .bss               zero     0x2000'2cd1       0x1  user_at_serial.o [1]
  .bss               zero     0x2000'2cd2       0x1  user_connect_sensor.o [1]
  .bss               zero     0x2000'2cd3       0x1  user_connect_sensor.o [1]
  .bss               zero     0x2000'2cd4       0x1  user_rs485.o [1]
  .bss               zero     0x2000'2cd5       0x1  user_rs485.o [1]
  .bss               zero     0x2000'2cd6       0x1  user_rtc.o [1]
  .bss               zero     0x2000'2cd7       0x1  user_uart.o [1]
                            - 0x2000'2cd8    0x1e44

"P2", part 3 of 3:                            0x400
  CSTACK                      0x2000'2cd8     0x400  <Block>
    CSTACK           uninit   0x2000'2cd8     0x400  <Block tail>
                            - 0x2000'30d8     0x400

Unused ranges:

         From           To      Size
         ----           --      ----
   0x801'1e9e   0x803'ffff  0x2'e162
  0x2000'0e91  0x2000'0e93       0x3
  0x2000'30d8  0x2000'ffff    0xcf28


*******************************************************************************
*** INIT TABLE
***

          Address      Size
          -------      ----
Zero (__iar_zero_init3)
    1 destination range, total size 0x1e44:
          0x2000'0e94  0x1e44

Copy/lz77 (__iar_lz77_init_single3)
    1 source range, total size 0x60a (41% of destination):
           0x801'1894   0x60a
    1 destination range, total size 0xe91:
          0x2000'0000   0xe91



*******************************************************************************
*** MODULE SUMMARY
***

    Module                    ro code  ro data  rw data
    ------                    -------  -------  -------
command line/config:
    ---------------------------------------------------
    Total:

D:\Saoviet_Git\Saoviet_Envirotrack_M_TNMT\Project_Slave_Winmore_NH4\Project_Slave_Sensor_EnviroTrack\EWARM\Project_Slave_Sensor_EnviroTrack\Obj: [1]
    ST7565R.o                     348
    STM32L4.o                     176
    button.o                    9'520        4       51
    dma.o                          96
    event_driven.o                 84
    glcd.o                        272             1'036
    gpio.o                        464
    graphics.o                    512
    lcd_display.o               3'772    2'487    2'786
    main.o                        194
    onchipflash.o                 370
    rtc.o                         336                36
    spi.o                         200               100
    startup_stm32l433xx.o         648
    stm32l4xx_hal.o               208        2        9
    stm32l4xx_hal_cortex.o        404
    stm32l4xx_hal_dma.o         1'058
    stm32l4xx_hal_flash.o         440       13       32
    stm32l4xx_hal_flash_ex.o      160
    stm32l4xx_hal_gpio.o          896
    stm32l4xx_hal_msp.o            56
    stm32l4xx_hal_pwr_ex.o        148
    stm32l4xx_hal_rcc.o         2'556
    stm32l4xx_hal_rcc_ex.o      1'256
    stm32l4xx_hal_rtc.o         1'934
    stm32l4xx_hal_rtc_ex.o         74
    stm32l4xx_hal_spi.o         1'322
    stm32l4xx_hal_uart.o        4'044
    stm32l4xx_hal_uart_ex.o       114
    stm32l4xx_it.o                212                 5
    system_stm32l4xx.o             16       74        4
    text.o                        912                12
    text_tiny.o                   656
    unit_tests.o                   20    1'024
    usart.o                       924               624
    user_adv_trace.o              570             1'560
    user_app_comm.o             1'200      137    1'462
    user_app_modbus_rtu.o       2'772      163      738
    user_app_rs485.o              384       26       65
    user_app_sensor.o           8'456      673      415
    user_at_serial.o              476    1'381    1'321
    user_connect_sensor.o         116        4      522
    user_convert_variable.o     1'036
    user_modbus_rtu.o             848
    user_rs485.o                  112        3      522
    user_rtc.o                    936      100       77
    user_string.o                 486
    user_time.o                    88
    user_timer.o                  784                 4
    user_tiny_vsnprintf.o         848       91        8
    user_uart.o                   296       28        3
    user_util.o                   540        9       25
    ---------------------------------------------------
    Total:                     54'350    6'219   11'417

dl7M_tlf.a: [2]
    abort.o                         6
    abs.o                           8
    exit.o                          4
    low_level_init.o                4
    sprintf.o                      64
    xfail_s.o                      64                 4
    xlocale_c.o                     8       26       56
    xprintffull_nomb.o          4'038        8
    xsprout.o                      10
    ---------------------------------------------------
    Total:                      4'206       34       60

m7M_tls.a: [3]
    DblAdd.o                      378
    DblCmpEq.o                     32
    DblCmpGe.o                     46
    DblCmpLe.o                     46
    DblDiv.o                      582
    DblMul.o                      418
    DblSub.o                      226
    DblToFlt.o                    104
    DblToS32.o                     58
    DblToU32.o                     40
    FltToDbl.o                     72
    S32ToDbl.o                     34
    U32ToDbl.o                     26
    fpinit_M.o                     34
    frexp.o                       112
    iar_Exp64.o                 1'000
    ldexp.o                       314
    logx64.o                      796
    math_wrappers64.o              34
    pow64.o                     1'772    1'056
    ---------------------------------------------------
    Total:                      6'124    1'056

rt7M_tl.a: [4]
    ABImemcpy.o                   166
    ABImemset.o                   102
    I64DivMod.o                   560
    I64DivZer.o                     2
    cexit.o                        10
    cmain.o                        30
    cstartup_M.o                   12
    data_init.o                    40
    lz77_init_single.o            120
    memchr.o                       88
    memset.o                       20
    strchr.o                       22
    strlen.o                       54
    zero_init3.o                   58
    ---------------------------------------------------
    Total:                      1'284

shb_l.a: [5]
    exit.o                         20
    ---------------------------------------------------
    Total:                         20

    Gaps                           41        8
    Linker created                          32    1'024
-------------------------------------------------------
    Grand Total:               66'025    7'349   12'501


*******************************************************************************
*** ENTRY LIST
***

Entry                       Address    Size  Type      Object
-----                       -------    ----  ----      ------
.iar.init_table$$Base    0x801'0f44           --   Gb  - Linker created -
.iar.init_table$$Limit   0x801'0f64           --   Gb  - Linker created -
?main                    0x801'0f85          Code  Gb  cmain.o [4]
ADV_TRACE_Buffer        0x2000'1744   0x400  Data  Lc  user_adv_trace.o [1]
ADV_TRACE_Ctx           0x2000'2bec    0x18  Data  Lc  user_adv_trace.o [1]
AHBPrescTable            0x801'1154    0x10  Data  Gb  system_stm32l4xx.o [1]
APBPrescTable            0x801'171c     0x8  Data  Gb  system_stm32l4xx.o [1]
AT_CMD_Get_BR_Slave      0x800'5671    0x5a  Code  Gb  user_app_sensor.o [1]
AT_CMD_Get_Calib_Nh4     0x800'57c1   0x23c  Code  Gb  user_app_sensor.o [1]
AT_CMD_Get_ID_Slave      0x800'5545    0x5a  Code  Gb  user_app_sensor.o [1]
AT_CMD_Reset_Slave       0x800'548d    0x4a  Code  Gb  user_app_sensor.o [1]
AT_CMD_Restore_Slave     0x800'54e5    0x60  Code  Gb  user_app_sensor.o [1]
AT_CMD_Set_BR_Slave      0x800'56cb    0xa0  Code  Gb  user_app_sensor.o [1]
AT_CMD_Set_ID_Slave      0x800'55c9    0xa2  Code  Gb  user_app_sensor.o [1]
AppComm_DBG_Init_RX_Mode
                         0x800'e155    0x1e  Code  Gb  user_app_comm.o [1]
AppComm_DBG_Init_Uart    0x800'e14d     0x8  Code  Gb  user_app_comm.o [1]
AppComm_DBG_Rx_Callback
                         0x800'e17b   0x176  Code  Gb  user_app_comm.o [1]
AppComm_DBG_Stop_RX_Mode
                         0x800'e179     0x2  Code  Gb  user_app_comm.o [1]
AppComm_Get_Reset_Source
                         0x800'e115    0x38  Code  Gb  user_app_comm.o [1]
AppComm_IRQ_Timer_CallBack
                         0x800'e0d5     0xc  Code  Gb  user_app_comm.o [1]
AppComm_Init             0x800'e015    0x20  Code  Gb  user_app_comm.o [1]
AppComm_Set_Next_TxTimer
                         0x800'e0fb     0x2  Code  Gb  user_app_comm.o [1]
AppComm_Task             0x800'e035    0x9e  Code  Gb  user_app_comm.o [1]
AppComm_Uart_Debug_Send
                         0x800'e0fd    0x18  Code  Lc  user_app_comm.o [1]
AppRs485_Task            0x800'f511    0x84  Code  Gb  user_app_rs485.o [1]
AppSensor_Task           0x800'5a4d    0x84  Code  Gb  user_app_sensor.o [1]
BUTTON_Down_Process      0x800'19b1   0x488  Code  Gb  button.o [1]
BUTTON_ESC_Process       0x800'1e49   0x830  Code  Gb  button.o [1]
BUTTON_Enter_Process     0x800'02ed  0x124a  Code  Gb  button.o [1]
BUTTON_Process           0x800'018d    0x32  Code  Gb  button.o [1]
BUTTON_Up_Process        0x800'1541   0x456  Code  Gb  button.o [1]
BUTTON_scan              0x800'01bf   0x116  Code  Gb  button.o [1]
BUTTON_scan::block_time
                        0x2000'2cb8     0x2  Data  Lc  button.o [1]
BUTTON_scan::hold       0x2000'2c6c     0x4  Data  Lc  button.o [1]
BUTTON_scan::last_value
                        0x2000'2cc6     0x1  Data  Lc  button.o [1]
BusFault_Handler         0x801'0c87     0x2  Code  Gb  stm32l4xx_it.o [1]
Button_B_Const_f        0x2000'2c74     0x4  Data  Gb  button.o [1]
Button_K_Const_f        0x2000'2c70     0x4  Data  Gb  button.o [1]
CSTACK$$Base            0x2000'2cd8           --   Gb  - Linker created -
CSTACK$$Limit           0x2000'30d8           --   Gb  - Linker created -
Cal_Calib_NH4            0x800'469d    0x38  Code  Gb  user_app_sensor.o [1]
Cal_Calib_NH4_Log        0x800'46d5   0x10a  Code  Gb  user_app_sensor.o [1]
Cal_Time                 0x800'2a5b    0x12  Code  Gb  user_util.o [1]
Calculator_Scale         0x800'66f1    0x54  Code  Gb  user_convert_variable.o [1]
CheckList_AT_CONFIG     0x2000'0a1c   0x420  Data  Gb  user_at_serial.o [1]
Check_Time_Out           0x800'2a3d    0x1e  Code  Gb  user_util.o [1]
Convert_Point_Int_To_String
                         0x800'6745    0xce  Code  Gb  user_convert_variable.o [1]
Convert_Point_Int_To_String_Scale
                         0x800'6813    0xea  Code  Gb  user_convert_variable.o [1]
Convert_Scale            0x800'2bad    0x5c  Code  Gb  user_util.o [1]
Convert_String_To_Dec    0x800'6a6d    0x5c  Code  Gb  user_convert_variable.o [1]
Convert_uint32Hex_To_Float
                         0x800'6929   0x144  Code  Gb  user_convert_variable.o [1]
CountBufferHandleRecvSS
                        0x2000'2cc0     0x2  Data  Gb  user_app_sensor.o [1]
DMA1_Channel3_IRQHandler
                         0x801'0ce1     0xa  Code  Gb  stm32l4xx_it.o [1]
DMA1_Channel5_IRQHandler
                         0x801'0ceb     0xa  Code  Gb  stm32l4xx_it.o [1]
DMA2_Channel7_IRQHandler
                         0x801'0d13     0xa  Code  Gb  stm32l4xx_it.o [1]
DMA_SetConfig            0x800'c2d1    0x32  Code  Lc  stm32l4xx_hal_dma.o [1]
DaysInMonth              0x801'1688     0xc  Data  Lc  user_rtc.o [1]
DaysInMonthLeapYear      0x801'1694     0xc  Data  Lc  user_rtc.o [1]
DebugMon_Handler         0x801'0c8d     0x2  Code  Gb  stm32l4xx_it.o [1]
Display_Check_Password   0x800'39b7    0x2e  Code  Gb  lcd_display.o [1]
Display_Check_Toggle     0x800'3825    0xac  Code  Gb  lcd_display.o [1]
Display_Check_Toggle::Hide
                        0x2000'242c    0xbc  Data  Lc  lcd_display.o [1]
Display_Check_Toggle::LandMarkToggle_u32
                        0x2000'1b44   0x2e8  Data  Lc  lcd_display.o [1]
Display_Init             0x800'2c59   0x1ac  Code  Gb  lcd_display.o [1]
Display_Set_Screen       0x800'3981    0x36  Code  Gb  lcd_display.o [1]
Display_Set_Screen_Flag
                         0x800'3935    0x46  Code  Gb  lcd_display.o [1]
Display_Show_Oject       0x800'3485   0x3a0  Code  Gb  lcd_display.o [1]
Display_Show_Screen      0x800'38d5    0x52  Code  Gb  lcd_display.o [1]
Display_Show_State_Sensor_Network
                         0x800'39f9    0x34  Code  Gb  lcd_display.o [1]
Display_Show_State_Setting
                         0x800'3a31    0x5c  Code  Gb  lcd_display.o [1]
Display_Show_Static_Param
                         0x800'39e5    0x14  Code  Gb  lcd_display.o [1]
Display_Task             0x800'2e05    0x7e  Code  Gb  lcd_display.o [1]
Error_Handler            0x800'b9e1     0x4  Code  Gb  main.o [1]
FLASH_FlushCaches        0x800'd217    0x6a  Code  Gb  stm32l4xx_hal_flash_ex.o [1]
FLASH_PageErase          0x800'd1ed    0x2a  Code  Gb  stm32l4xx_hal_flash_ex.o [1]
FLASH_Program_DoubleWord
                         0x800'd17b    0x1a  Code  Lc  stm32l4xx_hal_flash.o [1]
FLASH_Program_Fast       0x800'd195    0x32  Code  Lc  stm32l4xx_hal_flash.o [1]
FLASH_WaitForLastOperation
                         0x800'd115    0x66  Code  Gb  stm32l4xx_hal_flash.o [1]
Filter_Temp              0x800'4509     0x2  Code  Gb  user_app_sensor.o [1]
Filter_pH                0x800'4449    0xc0  Code  Gb  user_app_sensor.o [1]
Filter_pH::P            0x2000'0a10     0x4  Data  Lc  user_app_sensor.o [1]
Filter_pH::x_est        0x2000'2c98     0x4  Data  Lc  user_app_sensor.o [1]
Filter_pH::x_est_last   0x2000'2c9c     0x4  Data  Lc  user_app_sensor.o [1]
Find_String_V2           0x800'fcc7   0x130  Code  Gb  user_string.o [1]
Find_str_fix             0x800'fe19    0x94  Code  Gb  user_string.o [1]
Flag_gettick            0x2000'2cca     0x1  Data  Gb  stm32l4xx_it.o [1]
Font5x7                  0x801'0940   0x214  Data  Lc  lcd_display.o [1]
Get_RTC                  0x800'f3e1    0x4e  Code  Gb  user_time.o [1]
HAL_DMA_Abort            0x800'c12d    0x54  Code  Gb  stm32l4xx_hal_dma.o [1]
HAL_DMA_Abort_IT         0x800'c181    0x5e  Code  Gb  stm32l4xx_hal_dma.o [1]
HAL_DMA_DeInit           0x800'bfc1    0xb8  Code  Gb  stm32l4xx_hal_dma.o [1]
HAL_DMA_IRQHandler       0x800'c1df    0xf2  Code  Gb  stm32l4xx_hal_dma.o [1]
HAL_DMA_Init             0x800'bee1    0xe0  Code  Gb  stm32l4xx_hal_dma.o [1]
HAL_DMA_Start_IT         0x800'c095    0x98  Code  Gb  stm32l4xx_hal_dma.o [1]
HAL_Delay                0x800'8289    0x28  Code  Wk  stm32l4xx_hal.o [1]
HAL_FLASH_Lock           0x800'd107     0xe  Code  Gb  stm32l4xx_hal_flash.o [1]
HAL_FLASH_Program        0x800'd035    0xb0  Code  Gb  stm32l4xx_hal_flash.o [1]
HAL_FLASH_Unlock         0x800'd0e5    0x22  Code  Gb  stm32l4xx_hal_flash.o [1]
HAL_GPIO_DeInit          0x800'287f   0x166  Code  Gb  stm32l4xx_hal_gpio.o [1]
HAL_GPIO_Init            0x800'26bd   0x1c2  Code  Gb  stm32l4xx_hal_gpio.o [1]
HAL_GPIO_ReadPin         0x800'29e5    0x16  Code  Gb  stm32l4xx_hal_gpio.o [1]
HAL_GPIO_WritePin        0x800'29fb    0x18  Code  Gb  stm32l4xx_hal_gpio.o [1]
HAL_GetTick              0x800'6fc1     0xc  Code  Wk  stm32l4xx_hal.o [1]
HAL_IncTick              0x801'0d55    0x18  Code  Wk  stm32l4xx_hal.o [1]
HAL_Init                 0x800'db31    0x24  Code  Gb  stm32l4xx_hal.o [1]
HAL_InitTick             0x800'e6c5    0x60  Code  Wk  stm32l4xx_hal.o [1]
HAL_MspInit              0x800'e72d    0x38  Code  Gb  stm32l4xx_hal_msp.o [1]
HAL_NVIC_DisableIRQ      0x800'c45b     0xe  Code  Gb  stm32l4xx_hal_cortex.o [1]
HAL_NVIC_EnableIRQ       0x800'c44d     0xe  Code  Gb  stm32l4xx_hal_cortex.o [1]
HAL_NVIC_SetPriority     0x800'c423    0x2a  Code  Gb  stm32l4xx_hal_cortex.o [1]
HAL_NVIC_SetPriorityGrouping
                         0x800'c417     0xc  Code  Gb  stm32l4xx_hal_cortex.o [1]
HAL_PWREx_ControlVoltageScaling
                         0x800'e391    0x76  Code  Gb  stm32l4xx_hal_pwr_ex.o [1]
HAL_PWREx_GetVoltageRange
                         0x800'e385     0xc  Code  Gb  stm32l4xx_hal_pwr_ex.o [1]
HAL_RCCEx_PeriphCLKConfig
                         0x800'b9f9   0x34c  Code  Gb  stm32l4xx_hal_rcc_ex.o [1]
HAL_RCC_ClockConfig      0x800'ccbd   0x17a  Code  Gb  stm32l4xx_hal_rcc.o [1]
HAL_RCC_GetHCLKFreq      0x800'cf0b     0x6  Code  Gb  stm32l4xx_hal_rcc.o [1]
HAL_RCC_GetPCLK1Freq     0x800'cf11    0x1a  Code  Gb  stm32l4xx_hal_rcc.o [1]
HAL_RCC_GetPCLK2Freq     0x800'cf2b    0x1a  Code  Gb  stm32l4xx_hal_rcc.o [1]
HAL_RCC_GetResetSource   0x800'cf55    0x12  Code  Gb  stm32l4xx_hal_rcc.o [1]
HAL_RCC_GetSysClockFreq
                         0x800'ce37    0xd4  Code  Gb  stm32l4xx_hal_rcc.o [1]
HAL_RCC_OscConfig        0x800'c635   0x688  Code  Gb  stm32l4xx_hal_rcc.o [1]
HAL_RTCEx_AlarmBEventCallback
                         0x800'fcc5     0x2  Code  Wk  stm32l4xx_hal_rtc_ex.o [1]
HAL_RTCEx_EnableBypassShadow
                         0x800'fead    0x48  Code  Gb  stm32l4xx_hal_rtc_ex.o [1]
HAL_RTC_AlarmAEventCallback
                         0x800'fa2d     0xc  Code  Gb  user_rtc.o [1]
HAL_RTC_AlarmIRQHandler
                         0x800'ed69    0x60  Code  Gb  stm32l4xx_hal_rtc.o [1]
HAL_RTC_DeactivateAlarm
                         0x800'ec8f    0xda  Code  Gb  stm32l4xx_hal_rtc.o [1]
HAL_RTC_GetDate          0x800'ea57    0x52  Code  Gb  stm32l4xx_hal_rtc.o [1]
HAL_RTC_GetTime          0x800'e925    0x66  Code  Gb  stm32l4xx_hal_rtc.o [1]
HAL_RTC_Init             0x800'e765    0xca  Code  Gb  stm32l4xx_hal_rtc.o [1]
HAL_RTC_MspInit          0x800'de79    0x50  Code  Gb  rtc.o [1]
HAL_RTC_SetAlarm_IT      0x800'eaa9   0x1e6  Code  Gb  stm32l4xx_hal_rtc.o [1]
HAL_RTC_SetDate          0x800'e98b    0xcc  Code  Gb  stm32l4xx_hal_rtc.o [1]
HAL_RTC_SetTime          0x800'e82f    0xf6  Code  Gb  stm32l4xx_hal_rtc.o [1]
HAL_RTC_WaitForSynchro   0x800'edc9    0x2e  Code  Gb  stm32l4xx_hal_rtc.o [1]
HAL_SPI_Init             0x800'b3f1    0xf8  Code  Gb  stm32l4xx_hal_spi.o [1]
HAL_SPI_MspInit          0x800'dab9    0x62  Code  Gb  spi.o [1]
HAL_SPI_Transmit         0x800'b4e9   0x1fe  Code  Gb  stm32l4xx_hal_spi.o [1]
HAL_SYSTICK_Config       0x800'c469     0xc  Code  Gb  stm32l4xx_hal_cortex.o [1]
HAL_UARTEx_ReceiveToIdle_DMA
                         0x800'c5c1    0x70  Code  Gb  stm32l4xx_hal_uart_ex.o [1]
HAL_UARTEx_RxEventCallback
                         0x800'c4cf    0x3e  Code  Gb  user_uart.o [1]
HAL_UARTEx_WakeupCallback
                         0x800'c631     0x2  Code  Wk  stm32l4xx_hal_uart_ex.o [1]
HAL_UART_ErrorCallback   0x800'c50d    0x3e  Code  Gb  user_uart.o [1]
HAL_UART_IRQHandler      0x800'8455   0x35c  Code  Gb  stm32l4xx_hal_uart.o [1]
HAL_UART_Init            0x800'82b1    0x7a  Code  Gb  stm32l4xx_hal_uart.o [1]
HAL_UART_MspDeInit       0x800'814d    0x80  Code  Gb  usart.o [1]
HAL_UART_MspInit         0x800'7f29   0x224  Code  Gb  usart.o [1]
HAL_UART_Receive_IT      0x800'83f7    0x5e  Code  Gb  stm32l4xx_hal_uart.o [1]
HAL_UART_RxCpltCallback
                         0x800'c499    0x36  Code  Gb  user_uart.o [1]
HAL_UART_Transmit        0x800'832b    0xcc  Code  Gb  stm32l4xx_hal_uart.o [1]
Handle_Data_Measure      0x800'3e79   0x112  Code  Gb  user_app_sensor.o [1]
Handle_Data_Recv_SS_pH   0x800'40f9   0x152  Code  Gb  user_app_sensor.o [1]
Handle_Data_Recv_Sensor
                         0x800'3f9d    0x20  Code  Gb  user_app_sensor.o [1]
Handle_Data_Trans_SS_pH
                         0x800'3fd1   0x120  Code  Gb  user_app_sensor.o [1]
Handle_Data_Trans_Sensor
                         0x800'3f8b    0x12  Code  Gb  user_app_sensor.o [1]
Handle_Float_To_hexUint32
                         0x800'6ad9    0x24  Code  Gb  user_convert_variable.o [1]
Handle_State_SS_pH       0x800'424b    0x88  Code  Gb  user_app_sensor.o [1]
Handle_State_Sensor      0x800'3fbd    0x14  Code  Gb  user_app_sensor.o [1]
HardFault_Handler        0x801'0c83     0x2  Code  Gb  stm32l4xx_it.o [1]
IndexUartError          0x2000'2cd7     0x1  Data  Lc  user_uart.o [1]
Init_AppRs485            0x800'f4fb    0x16  Code  Gb  user_app_rs485.o [1]
Init_AppSensor           0x800'59fd    0x48  Code  Gb  user_app_sensor.o [1]
Init_CalibNH4            0x800'5195   0x2e4  Code  Gb  user_app_sensor.o [1]
Init_InforSlaveModbusRTU
                         0x800'630b    0x30  Code  Gb  user_app_modbus_rtu.o [1]
Init_MeasureRange        0x800'4c39   0x118  Code  Gb  user_app_sensor.o [1]
Init_ParamCalib          0x800'48b5    0x96  Code  Gb  user_app_sensor.o [1]
Init_TempAlarm           0x800'4a29    0xa2  Code  Gb  user_app_sensor.o [1]
Init_UartRs485           0x800'f4bd    0x3e  Code  Gb  user_app_rs485.o [1]
Insert_String_To_String
                         0x800'68fd    0x2a  Code  Gb  user_convert_variable.o [1]
Kind_Trans_Calib        0x2000'2cce     0x1  Data  Gb  user_app_sensor.o [1]
LPUART1_IRQHandler       0x801'0d1d     0xa  Code  Gb  stm32l4xx_it.o [1]
Liberation_Sans15x21_Numbers
                         0x801'0718   0x228  Data  Lc  lcd_display.o [1]
MSIRangeTable            0x801'0e4c    0x30  Data  Gb  system_stm32l4xx.o [1]
MX_DMA_Init              0x800'dd25    0x60  Code  Gb  dma.o [1]
MX_GPIO_Init             0x800'db55   0x1d0  Code  Gb  gpio.o [1]
MX_LPUART1_UART_Init     0x800'7e79    0x38  Code  Gb  usart.o [1]
MX_RTC_Init              0x800'dd85    0xf4  Code  Gb  rtc.o [1]
MX_SPI2_Init             0x800'da69    0x50  Code  Gb  spi.o [1]
MX_USART1_UART_Init      0x800'7eb1    0x3c  Code  Gb  usart.o [1]
MX_USART3_UART_Init      0x800'7eed    0x3c  Code  Gb  usart.o [1]
Main_Task                0x800'dfd9    0x3c  Code  Gb  user_app_comm.o [1]
MemManage_Handler        0x801'0c85     0x2  Code  Gb  stm32l4xx_it.o [1]
ModRTU_CRC               0x800'7b29    0x3c  Code  Gb  user_modbus_rtu.o [1]
ModRTU_Master_Read_Frame
                         0x800'7b65    0x9c  Code  Gb  user_modbus_rtu.o [1]
ModRTU_Master_Write_Frame
                         0x800'7c01    0xe8  Code  Gb  user_modbus_rtu.o [1]
ModRTU_Slave_ACK_Read_Frame
                         0x800'7ce9    0xa2  Code  Gb  user_modbus_rtu.o [1]
ModRTU_Slave_ACK_Write_Frame
                         0x800'7d8b    0xee  Code  Gb  user_modbus_rtu.o [1]
Modem_Check_AT           0x800'f205   0x1dc  Code  Gb  user_at_serial.o [1]
Modem_Check_RTU          0x800'633b   0x384  Code  Gb  user_app_modbus_rtu.o [1]
NMI_Handler              0x801'0c81     0x2  Code  Gb  stm32l4xx_it.o [1]
NONE_Register_CallBack   0x800'5c1d     0x6  Code  Gb  user_app_modbus_rtu.o [1]
NVIC_EncodePriority      0x800'c3a7    0x40  Code  Lc  stm32l4xx_hal_cortex.o [1]
OldPosDMADebug          0x2000'2cbc     0x2  Data  Lc  user_app_comm.o [1]
On_Speaker               0x800'30d9    0x24  Code  Gb  lcd_display.o [1]
OnchipFlashPageErase     0x800'9305    0x5a  Code  Gb  onchipflash.o [1]
OnchipFlashWriteData     0x800'9279    0x8c  Code  Gb  onchipflash.o [1]
PendSV_Handler           0x801'0c8f     0x2  Code  Gb  stm32l4xx_it.o [1]
PortConfig              0x2000'2cd1     0x1  Data  Gb  user_at_serial.o [1]
RC                       0x800'fdf7    0x22  Code  Gb  user_string.o [1]
RCCEx_PLLSAI1_Config     0x800'bd59   0x16e  Code  Lc  stm32l4xx_hal_rcc_ex.o [1]
RCC_SetFlashLatencyFromMSIRange
                         0x800'cf6d    0x8a  Code  Lc  stm32l4xx_hal_rcc.o [1]
RS485SS_Init_Data        0x800'8215    0x10  Code  Gb  user_connect_sensor.o [1]
RS485SS_Init_RX_Mode     0x800'8225    0x1e  Code  Gb  user_connect_sensor.o [1]
RS485SS_Rx_Callback      0x800'8245    0x34  Code  Gb  user_connect_sensor.o [1]
RS485SS_Stop_RX_Mode     0x800'8243     0x2  Code  Gb  user_connect_sensor.o [1]
RS485_Done_Calib         0x800'450b    0x1a  Code  Gb  user_app_sensor.o [1]
RS485_Enter_Calib        0x800'4525    0x1e  Code  Gb  user_app_sensor.o [1]
RS485_Init_RX_Mode       0x800'e419    0x1e  Code  Gb  user_rs485.o [1]
RS485_LogData_Calib_NH4
                         0x800'4549    0x7e  Code  Gb  user_app_sensor.o [1]
RS485_Rx_Callback        0x800'e439    0x3c  Code  Gb  user_rs485.o [1]
RS485_Stop_RX_Mode       0x800'e437     0x2  Code  Gb  user_rs485.o [1]
RTC_AlarmStructure      0x2000'2b18    0x2c  Data  Lc  user_rtc.o [1]
RTC_Alarm_IRQHandler     0x801'0d09     0xa  Code  Gb  stm32l4xx_it.o [1]
RTC_Bcd2ToByte           0x800'eedd    0x16  Code  Gb  stm32l4xx_hal_rtc.o [1]
RTC_ByteToBcd2           0x800'eec1    0x1c  Code  Gb  stm32l4xx_hal_rtc.o [1]
RTC_EnterInitMode        0x800'edf7    0x4c  Code  Gb  stm32l4xx_hal_rtc.o [1]
RTC_ExitInitMode         0x800'ee43    0x58  Code  Gb  stm32l4xx_hal_rtc.o [1]
RTC_GetCalendarValue     0x800'fbff    0x90  Code  Lc  user_rtc.o [1]
RTC_IF_Convert_Tick2ms   0x800'fa1d    0x10  Code  Gb  user_rtc.o [1]
RTC_IF_Convert_ms2Tick   0x800'fa0b    0x12  Code  Gb  user_rtc.o [1]
RTC_IF_GetMinimumTimeout
                         0x800'fa07     0x4  Code  Gb  user_rtc.o [1]
RTC_IF_GetTimerContext   0x800'f9cb     0x8  Code  Gb  user_rtc.o [1]
RTC_IF_GetTimerElapsedTime
                         0x800'f9d3    0x16  Code  Gb  user_rtc.o [1]
RTC_IF_GetTimerValue     0x800'f9e9    0x1e  Code  Gb  user_rtc.o [1]
RTC_IF_Init              0x800'f955    0x30  Code  Gb  user_rtc.o [1]
RTC_IF_SetTimerContext   0x800'f9b5    0x16  Code  Gb  user_rtc.o [1]
RTC_IF_StartTimer        0x800'f985     0xe  Code  Gb  user_rtc.o [1]
RTC_IF_StopTimer         0x800'f993    0x22  Code  Gb  user_rtc.o [1]
RTC_Initalized          0x2000'2cd6     0x1  Data  Lc  user_rtc.o [1]
RTC_StartWakeUpAlarm     0x800'fa39   0x1c6  Code  Lc  user_rtc.o [1]
ReInit_Rx_Mode_Uart_Error
                         0x800'c54b    0x5a  Code  Gb  user_uart.o [1]
Read_Register_Rs485_NH4
                         0x800'45d9    0x66  Code  Gb  user_app_sensor.o [1]
Region$$Table$$Base      0x801'0f44           --   Gb  - Linker created -
Region$$Table$$Limit     0x801'0f64           --   Gb  - Linker created -
Reset_Buff               0x800'2acd    0x24  Code  Gb  user_util.o [1]
Rs485SSStatus_u8        0x2000'2cd3     0x1  Data  Gb  user_connect_sensor.o [1]
Rs485Status_u8          0x2000'2cd5     0x1  Data  Gb  user_rs485.o [1]
RtCountSystick_u32      0x2000'2ca8     0x4  Data  Gb  user_util.o [1]
RtcTimerContext         0x2000'2bb8    0x1c  Data  Lc  user_rtc.o [1]
SPI_EndRxTxTransaction   0x800'b8b1    0x6a  Code  Lc  stm32l4xx_hal_spi.o [1]
SPI_WaitFifoStateUntilTimeout
                         0x800'b7bf    0xee  Code  Lc  stm32l4xx_hal_spi.o [1]
SPI_WaitFlagStateUntilTimeout
                         0x800'b6e7    0xd8  Code  Lc  stm32l4xx_hal_spi.o [1]
SVC_Handler              0x801'0c8b     0x2  Code  Gb  stm32l4xx_it.o [1]
Save_Array               0x800'9365    0x86  Code  Gb  onchipflash.o [1]
Save_CalibNH4            0x800'4d71   0x40a  Code  Gb  user_app_sensor.o [1]
Save_InforSlaveModbusRTU
                         0x800'62c7    0x44  Code  Gb  user_app_modbus_rtu.o [1]
Save_MeasureRange        0x800'4acb   0x162  Code  Gb  user_app_sensor.o [1]
Save_ParamCalib          0x800'47ed    0xba  Code  Gb  user_app_sensor.o [1]
Save_TempAlarm           0x800'4951    0xce  Code  Gb  user_app_sensor.o [1]
Send_RS458_Master        0x800'628f    0x38  Code  Gb  user_app_modbus_rtu.o [1]
Send_RS458_Sensor        0x800'463f    0x40  Code  Gb  user_app_sensor.o [1]
SysApp_Init              0x800'df91     0xc  Code  Gb  user_app_comm.o [1]
SysApp_Setting           0x800'df9d    0x3c  Code  Gb  user_app_comm.o [1]
SysTick_Config           0x800'c3e7    0x30  Code  Lc  stm32l4xx_hal_cortex.o [1]
SysTick_Handler          0x801'0c91    0x50  Code  Gb  stm32l4xx_it.o [1]
SystemClock_Config       0x800'b94f    0x92  Code  Gb  main.o [1]
SystemCoreClock         0x2000'0754     0x4  Data  Gb  system_stm32l4xx.o [1]
SystemInit               0x801'1355     0xc  Code  Gb  system_stm32l4xx.o [1]
TRACE_AllocateBufer      0x800'e5e9    0xa2  Code  Lc  user_adv_trace.o [1]
TRACE_IsLocked           0x800'e69f    0x10  Code  Lc  user_adv_trace.o [1]
TRACE_Lock               0x800'e68b     0xa  Code  Lc  user_adv_trace.o [1]
TRACE_Send               0x800'e563    0x84  Code  Lc  user_adv_trace.o [1]
TRACE_UnLock             0x800'e695     0xa  Code  Lc  user_adv_trace.o [1]
TimerExists              0x800'f16d    0x1a  Code  Gb  user_timer.o [1]
TimerInsertNewHeadTimer
                         0x800'f1e1    0x1c  Code  Gb  user_timer.o [1]
TimerInsertTimer         0x800'f1b3    0x2e  Code  Gb  user_timer.o [1]
TimerListHead           0x2000'2ca4     0x4  Data  Lc  user_timer.o [1]
TimerSetTimeout          0x800'f187    0x2c  Code  Gb  user_timer.o [1]
TimerTx                 0x2000'2c04    0x18  Data  Lc  user_app_comm.o [1]
TxCpltCallback          0x2000'2c90     0x4  Data  Lc  user_app_comm.o [1]
UART_AdvFeatureConfig    0x800'8aad    0xda  Code  Gb  stm32l4xx_hal_uart.o [1]
UART_CheckIdleState      0x800'8b87    0xd2  Code  Gb  stm32l4xx_hal_uart.o [1]
UART_DMAAbortOnError     0x800'9039    0x1a  Code  Lc  stm32l4xx_hal_uart.o [1]
UART_DMAError            0x800'8fe9    0x50  Code  Lc  stm32l4xx_hal_uart.o [1]
UART_DMAReceiveCplt      0x800'8f1d    0xa2  Code  Lc  stm32l4xx_hal_uart.o [1]
UART_DMARxHalfCplt       0x800'8fc1    0x28  Code  Lc  stm32l4xx_hal_uart.o [1]
UART_EndRxTransfer       0x800'8ebf    0x5e  Code  Lc  stm32l4xx_hal_uart.o [1]
UART_EndTransmit_IT      0x800'9053    0x2a  Code  Lc  stm32l4xx_hal_uart.o [1]
UART_EndTxTransfer       0x800'8ea3    0x1c  Code  Lc  stm32l4xx_hal_uart.o [1]
UART_RxISR_16BIT         0x800'9171    0xee  Code  Lc  stm32l4xx_hal_uart.o [1]
UART_RxISR_8BIT          0x800'907d    0xec  Code  Lc  stm32l4xx_hal_uart.o [1]
UART_SetConfig           0x800'87b5   0x2ec  Code  Gb  stm32l4xx_hal_uart.o [1]
UART_Start_Receive_DMA   0x800'8de7    0xbc  Code  Gb  stm32l4xx_hal_uart.o [1]
UART_Start_Receive_IT    0x800'8cf7    0xf0  Code  Gb  stm32l4xx_hal_uart.o [1]
UART_WaitOnFlagUntilTimeout
                         0x800'8c59    0x9e  Code  Gb  stm32l4xx_hal_uart.o [1]
USART1_IRQHandler        0x801'0cf5     0xa  Code  Gb  stm32l4xx_it.o [1]
USART3_IRQHandler        0x801'0cff     0xa  Code  Gb  stm32l4xx_it.o [1]
UTIL_ADV_TRACE_COND_FSend
                         0x800'e489    0xda  Code  Gb  user_adv_trace.o [1]
UTIL_Log_Str             0x800'2b51    0x36  Code  Gb  user_util.o [1]
UTIL_MEM_cpy             0x800'2b8d    0x1e  Code  Gb  user_util.o [1]
UTIL_MEM_set             0x800'2af1    0x18  Code  Gb  user_util.o [1]
UTIL_Printf              0x800'2b09    0x2c  Code  Gb  user_util.o [1]
UTIL_Printf_Str          0x800'2b35    0x1c  Code  Gb  user_util.o [1]
UTIL_TIMER_Create        0x800'ef09    0x4c  Code  Gb  user_timer.o [1]
UTIL_TIMER_IRQ_Handler   0x800'f0bb    0xb2  Code  Gb  user_timer.o [1]
UTIL_TIMER_Init          0x800'eef5    0x14  Code  Gb  user_timer.o [1]
UTIL_TIMER_SetPeriod     0x800'f081    0x3a  Code  Gb  user_timer.o [1]
UTIL_TIMER_Start         0x800'ef55    0x92  Code  Gb  user_timer.o [1]
UTIL_TIMER_Stop          0x800'efe7    0x9a  Code  Gb  user_timer.o [1]
UTIL_TimerDriver         0x801'0e7c    0x2c  Data  Gb  user_rtc.o [1]
UTIL_TraceDriver         0x801'1490     0xc  Data  Gb  user_app_comm.o [1]
Uart485RxByte           0x2000'2cd4     0x1  Data  Lc  user_rs485.o [1]
Uart485SSRxByte         0x2000'2cd2     0x1  Data  Lc  user_connect_sensor.o [1]
UartDebugBuff           0x2000'0e94   0x4b0  Data  Gb  user_app_comm.o [1]
UartDebugCountFail      0x2000'2cc4     0x2  Data  Lc  user_uart.o [1]
UartDebugRxByte         0x2000'2ccb     0x1  Data  Gb  user_app_comm.o [1]
Update_ParaDisplay       0x800'30fd   0x388  Code  Gb  lcd_display.o [1]
UsageFault_Handler       0x801'0c89     0x2  Code  Gb  stm32l4xx_it.o [1]
User_RTC_Init            0x800'f91d    0x38  Code  Lc  user_rtc.o [1]
UtilFloatToString        0x800'2c09    0x2e  Code  Gb  user_util.o [1]
UtilIntToStringWithScale
                         0x800'2a6d    0x60  Code  Gb  user_util.o [1]
VLevelDebug             0x2000'0e90     0x1  Data  Gb  user_util.o [1]
_Cb_Display_Auto_SW      0x800'2ff9    0x7e  Code  Lc  lcd_display.o [1]
_Cb_Display_Auto_SW::MarkButtPressed
                        0x2000'2cc9     0x1  Data  Lc  lcd_display.o [1]
_Cb_Display_Auto_SW::cNext
                        0x2000'2cba     0x2  Data  Lc  lcd_display.o [1]
_Cb_Display_Init         0x800'2e83    0x52  Code  Lc  lcd_display.o [1]
_Cb_Display_Logo         0x800'2ed5    0xa8  Code  Lc  lcd_display.o [1]
_Cb_Display_Logo::step_u8
[...]
_Cb_Display_Show::LandMarkChange_u32
                        0x2000'2c84     0x4  Data  Lc  lcd_display.o [1]
_Cb_Display_Show::ScreenLast
                        0x2000'2cc8     0x1  Data  Lc  lcd_display.o [1]
_Cb_HandLer_IDLE         0x800'df7f     0x6  Code  Lc  user_app_comm.o [1]
_Cb_Off_Speaker          0x800'30c3    0x16  Code  Lc  lcd_display.o [1]
_Cb_R_ModbusRTU_REG_Alarm_Lower
                         0x800'6175    0x5a  Code  Gb  user_app_modbus_rtu.o [1]
_Cb_R_ModbusRTU_REG_Alarm_State
                         0x800'5fab    0x2e  Code  Gb  user_app_modbus_rtu.o [1]
_Cb_R_ModbusRTU_REG_Alarm_Upper
                         0x800'6055    0x5a  Code  Gb  user_app_modbus_rtu.o [1]
_Cb_R_ModbusRTU_REG_Baudrate
                         0x800'5cc9    0x2e  Code  Gb  user_app_modbus_rtu.o [1]
_Cb_R_ModbusRTU_REG_ID   0x800'5c23    0x2e  Code  Gb  user_app_modbus_rtu.o [1]
_Cb_R_ModbusRTU_REG_State_Sensor
                         0x800'5ec7    0x30  Code  Gb  user_app_modbus_rtu.o [1]
_Cb_R_ModbusRTU_REG_State_Value_1
                         0x800'5ef7    0x30  Code  Gb  user_app_modbus_rtu.o [1]
_Cb_R_ModbusRTU_REG_State_Value_2
                         0x800'5f27    0x30  Code  Gb  user_app_modbus_rtu.o [1]
_Cb_R_ModbusRTU_REG_State_Value_3
                         0x800'5f57    0x2a  Code  Gb  user_app_modbus_rtu.o [1]
_Cb_R_ModbusRTU_REG_State_Value_4
                         0x800'5f81    0x2a  Code  Gb  user_app_modbus_rtu.o [1]
_Cb_R_ModbusRTU_REG_Value_Measure_1
                         0x800'5d65    0x5a  Code  Gb  user_app_modbus_rtu.o [1]
_Cb_R_ModbusRTU_REG_Value_Measure_2
                         0x800'5dbf    0x5a  Code  Gb  user_app_modbus_rtu.o [1]
_Cb_R_ModbusRTU_REG_Value_Measure_3
                         0x800'5e19    0x56  Code  Gb  user_app_modbus_rtu.o [1]
_Cb_R_ModbusRTU_REG_Value_Measure_4
                         0x800'5e71    0x56  Code  Gb  user_app_modbus_rtu.o [1]
_Cb_Save_Box             0x800'df8b     0x6  Code  Lc  user_app_comm.o [1]
_Cb_Set_RTC              0x800'df63    0x1c  Code  Lc  user_app_comm.o [1]
_Cb_TX_Timer_Event       0x800'e0e1    0x1a  Code  Lc  user_app_comm.o [1]
_Cb_Timer_IRQ            0x800'ded5     0xc  Code  Lc  user_app_comm.o [1]
_Cb_Tx_Timer             0x800'df85     0x6  Code  Lc  user_app_comm.o [1]
_Cb_Uart_Error           0x800'df57     0xc  Code  Lc  user_app_comm.o [1]
_Cb_Uart_Rx_Debug        0x800'dee1    0x76  Code  Lc  user_app_comm.o [1]
_Cb_Uart_Rx_Debug::LastLengthRecv
                        0x2000'2cbe     0x2  Data  Lc  user_app_comm.o [1]
_Cb_Uart_Rx_Debug::MarkFirstRecvUart
                        0x2000'2ccc     0x1  Data  Lc  user_app_comm.o [1]
_Cb_W_ModbusRTU_REG_Alarm_Lower
                         0x800'61cf    0xc0  Code  Gb  user_app_modbus_rtu.o [1]
_Cb_W_ModbusRTU_REG_Alarm_State
                         0x800'5fd9    0x7c  Code  Gb  user_app_modbus_rtu.o [1]
_Cb_W_ModbusRTU_REG_Alarm_Upper
                         0x800'60b5    0xc0  Code  Gb  user_app_modbus_rtu.o [1]
_Cb_W_ModbusRTU_REG_Baudrate
                         0x800'5cf7    0x6e  Code  Gb  user_app_modbus_rtu.o [1]
_Cb_W_ModbusRTU_REG_ID   0x800'5c51    0x78  Code  Gb  user_app_modbus_rtu.o [1]
_Cb_button_detect        0x800'30ab    0x18  Code  Lc  lcd_display.o [1]
_Cb_button_scan          0x800'3077    0x34  Code  Lc  lcd_display.o [1]
_LitobFullNoMb           0x800'b1e9   0x10a  Code  Lc  xprintffull_nomb.o [2]
_Locale_lconv           0x2000'0e54    0x38  Data  Lc  xlocale_c.o [2]
_PrintfFullNoMb          0x800'a429   0xd9c  Code  Gb  xprintffull_nomb.o [2]
_PutcharFullNoMb         0x800'b359    0x20  Code  Lc  xprintffull_nomb.o [2]
_PutcharsFullNoMb        0x800'b379    0x2e  Code  Lc  xprintffull_nomb.o [2]
_SProut                  0x800'6b8f     0xa  Code  Gb  xsprout.o [2]
__NVIC_DisableIRQ        0x800'c355    0x26  Code  Lc  stm32l4xx_hal_cortex.o [1]
__NVIC_EnableIRQ         0x800'c335    0x20  Code  Lc  stm32l4xx_hal_cortex.o [1]
__NVIC_GetPriorityGrouping
                         0x800'c327     0xc  Code  Lc  stm32l4xx_hal_cortex.o [1]
__NVIC_SetPriority       0x800'c37b    0x2c  Code  Lc  stm32l4xx_hal_cortex.o [1]
__NVIC_SetPriorityGrouping
                         0x800'c305    0x22  Code  Lc  stm32l4xx_hal_cortex.o [1]
__aeabi_cdcmpeq          0x800'd415          Code  Gb  DblCmpEq.o [3]
__aeabi_cdcmple          0x800'd3e5          Code  Gb  DblCmpLe.o [3]
__aeabi_cdrcmple         0x800'd435          Code  Gb  DblCmpGe.o [3]
__aeabi_d2f              0x800'6e05          Code  Gb  DblToFlt.o [3]
__aeabi_d2iz             0x800'99e5          Code  Gb  DblToS32.o [3]
__aeabi_d2uiz            0x800'da39          Code  Gb  DblToU32.o [3]
__aeabi_dadd             0x800'9869          Code  Gb  DblAdd.o [3]
__aeabi_ddiv             0x800'6bbd          Code  Gb  DblDiv.o [3]
__aeabi_dmul             0x800'96c5          Code  Gb  DblMul.o [3]
__aeabi_dsub             0x800'd291          Code  Gb  DblSub.o [3]
__aeabi_f2d              0x800'6e89          Code  Gb  FltToDbl.o [3]
__aeabi_i2d              0x800'6b6d          Code  Gb  S32ToDbl.o [3]
__aeabi_ldiv0            0x800'd28d          Code  Gb  I64DivZer.o [4]
__aeabi_memcpy           0x800'93ed          Code  Gb  ABImemcpy.o [4]
__aeabi_memcpy4          0x800'940d          Code  Gb  ABImemcpy.o [4]
__aeabi_memcpy8          0x800'940d          Code  Gb  ABImemcpy.o [4]
__aeabi_memset           0x800'7531          Code  Gb  ABImemset.o [4]
__aeabi_ui2d             0x800'6e6d          Code  Gb  U32ToDbl.o [3]
__aeabi_uldivmod         0x800'9495          Code  Gb  I64DivMod.o [4]
__cmain                  0x801'0f85          Code  Gb  cmain.o [4]
__exit                   0x800'f909    0x14  Code  Gb  exit.o [5]
__iar_Exp64              0x800'd465   0x388  Code  Gb  iar_Exp64.o [3]
__iar_Fail_s             0x800'd865    0x1c  Code  Gb  xfail_s.o [2]
__iar_Log64              0x800'9a21   0x280  Code  Lc  logx64.o [3]
__iar_Memchr             0x800'd8a5          Code  Gb  memchr.o [4]
__iar_Memset             0x800'7531          Code  Gb  ABImemset.o [4]
__iar_Memset_word        0x800'7539          Code  Gb  ABImemset.o [4]
__iar_Strchr             0x800'd84d          Code  Gb  strchr.o [4]
__iar_dadd               0x800'd2a1          Code  Gb  DblSub.o [3]
__iar_data_init3         0x801'0ef9    0x28  Code  Gb  data_init.o [4]
__iar_dsub               0x800'9879          Code  Gb  DblAdd.o [3]
__iar_dsubStart          0x800'988b          Code  Gb  DblAdd.o [3]
__iar_frexp              0x800'd381          Code  Gb  frexp.o [3]
__iar_frexpl             0x800'd381          Code  Gb  frexp.o [3]
__iar_init_vfp           0x801'0f21          Code  Gb  fpinit_M.o [3]
__iar_ldexp64            0x800'd8fd          Code  Gb  ldexp.o [3]
__iar_log10_64           0x800'9d39     0x4  Code  Gb  logx64.o [3]
__iar_log10_medium       0x800'9d39     0x4  Code  Gb  logx64.o [3]
__iar_log10_medium64     0x800'9d39     0x4  Code  Gb  logx64.o [3]
__iar_log10_mediuml      0x800'9d39     0x4  Code  Gb  logx64.o [3]
__iar_lz77_init_single3
                         0x801'0d6d    0x78  Code  Gb  lz77_init_single.o [4]
__iar_pow64              0x800'9d3d   0x6ec  Code  Gb  pow64.o [3]
__iar_pow_medium         0x800'9d3d   0x6ec  Code  Gb  pow64.o [3]
__iar_pow_medium64       0x800'9d3d   0x6ec  Code  Gb  pow64.o [3]
__iar_pow_mediuml        0x800'9d3d   0x6ec  Code  Gb  pow64.o [3]
__iar_program_start      0x801'16a1          Code  Gb  cstartup_M.o [4]
__iar_scalbln64          0x800'd8fd          Code  Gb  ldexp.o [3]
__iar_scalbn64           0x800'd8fd          Code  Gb  ldexp.o [3]
__iar_softfp___iar_frexp64
                         0x800'd375          Code  Gb  frexp.o [3]
__iar_softfp_frexp       0x800'd375          Code  Gb  frexp.o [3]
__iar_softfp_frexpl      0x800'd375          Code  Gb  frexp.o [3]
__iar_vfp_log10          0x800'6b9f     0xc  Code  Gb  math_wrappers64.o [3]
__iar_vfp_pow            0x800'6bab    0x10  Code  Gb  math_wrappers64.o [3]
__iar_zero_init3         0x800'6b33    0x3a  Code  Gb  zero_init3.o [4]
__low_level_init         0x801'0fa3     0x4  Code  Gb  low_level_init.o [2]
__vector_table           0x800'0000          Data  Gb  startup_stm32l433xx.o [1]
_call_main               0x801'0f91          Code  Gb  cmain.o [4]
_exit                    0x801'0fad          Code  Gb  cexit.o [4]
_main                    0x801'0f9f          Code  Gb  cmain.o [4]
aAT_CMD                 0x2000'2880    0x80  Data  Lc  user_at_serial.o [1]
aBaudrate_value         0x2000'0904    0x2c  Data  Gb  user_app_modbus_rtu.o [1]
aDATA_CALIB             0x2000'2c48     0xc  Data  Gb  user_app_sensor.o [1]
aDATA_CONFIG            0x2000'2680    0x80  Data  Lc  user_app_modbus_rtu.o [1]
aDATA_CONFIG            0x2000'2800    0x80  Data  Lc  user_at_serial.o [1]
aDATA_LOG_REGISTER      0x2000'2700    0x80  Data  Lc  user_app_modbus_rtu.o [1]
aModeSelectONOFF        0x2000'0158     0x8  Data  Gb  lcd_display.o [1]
aPASSWORD               0x2000'0104     0x4  Data  Gb  lcd_display.o [1]
aSTT_SETTING_DONE       0x2000'0138    0x10  Data  Gb  lcd_display.o [1]
aSTT_SETTING_ENTER      0x2000'0118    0x10  Data  Gb  lcd_display.o [1]
aSTT_SETTING_ERROR      0x2000'0148    0x10  Data  Gb  lcd_display.o [1]
aSTT_SETTING_FREE       0x2000'0108    0x10  Data  Gb  lcd_display.o [1]
aSTT_SETTING_WAIT       0x2000'0128    0x10  Data  Gb  lcd_display.o [1]
aSampling_STT           0x2000'2b44    0x28  Data  Gb  user_app_sensor.o [1]
aSampling_VALUE         0x2000'2b6c    0x28  Data  Gb  user_app_sensor.o [1]
aTEST                   0x2000'0000     0xc  Data  Lc  button.o [1]
aUART_485SS_DATA        0x2000'202c   0x200  Data  Lc  user_connect_sensor.o [1]
aUART_485_DATA          0x2000'222c   0x200  Data  Lc  user_rs485.o [1]
aUART_DBG_DMA_RX        0x2000'2964    0x64  Data  Lc  user_app_comm.o [1]
abort                    0x800'e725     0x6  Code  Gb  abort.o [2]
abs                      0x800'b91b     0x8  Code  Gb  abs.o [2]
aframe                  0x2000'2780    0x80  Data  Gb  user_app_modbus_rtu.o [1]
bmp_SV_logo_12864        0x801'0318   0x400  Data  Gb  unit_tests.o [1]
charNotDetectPress      0x2000'0e8e     0x1  Data  Lc  lcd_display.o [1]
count_gettick           0x2000'2c8c     0x4  Data  Gb  stm32l4xx_it.o [1]
delay_ms                 0x800'6fb5     0xc  Code  Gb  STM32L4.o [1]
ee_number                0x800'f5e1   0x146  Code  Lc  user_tiny_vsnprintf.o [1]
ee_skip_atoi             0x800'f5b9    0x28  Code  Lc  user_tiny_vsnprintf.o [1]
exit                     0x801'0fa7     0x4  Code  Gb  exit.o [2]
fevent_active            0x800'725d    0x1e  Code  Gb  event_driven.o [1]
fevent_detect_salt_recv
                         0x800'3cc1     0x6  Code  Lc  user_app_sensor.o [1]
fevent_disable           0x800'729f    0x12  Code  Gb  event_driven.o [1]
fevent_enable            0x800'727b    0x24  Code  Gb  event_driven.o [1]
fevent_handle_state_sensor
                         0x800'3df9    0x80  Code  Lc  user_app_sensor.o [1]
fevent_rs485_entry       0x800'f439    0x12  Code  Lc  user_app_rs485.o [1]
fevent_rs485_init_uart   0x800'f44b    0x2e  Code  Lc  user_app_rs485.o [1]
fevent_rs485_init_uart::stamp
                        0x2000'2ccd     0x1  Data  Lc  user_app_rs485.o [1]
fevent_rs485_receive_complete
                         0x800'f479    0x24  Code  Lc  user_app_rs485.o [1]
fevent_rs485_refresh     0x800'f49d    0x20  Code  Lc  user_app_rs485.o [1]
fevent_sensor_entry      0x800'3b15    0x12  Code  Lc  user_app_sensor.o [1]
fevent_sensor_receive_complete
                         0x800'3bf7    0xb6  Code  Lc  user_app_sensor.o [1]
fevent_sensor_receive_handle
                         0x800'3bb7    0x40  Code  Lc  user_app_sensor.o [1]
fevent_sensor_reset      0x800'3d75    0x84  Code  Lc  user_app_sensor.o [1]
fevent_sensor_reset::state
                        0x2000'2ccf     0x1  Data  Lc  user_app_sensor.o [1]
fevent_sensor_transmit   0x800'3b27    0x90  Code  Lc  user_app_sensor.o [1]
fevent_sensor_wait_calib
                         0x800'3cad    0x14  Code  Lc  user_app_sensor.o [1]
fevent_temp_alarm        0x800'3cc7    0xae  Code  Lc  user_app_sensor.o [1]
font_current            0x2000'2c3c     0xc  Data  Gb  text.o [1]
glcd_ST7565R_init        0x800'74d5    0x5c  Code  Gb  ST7565R.o [1]
glcd_bbox               0x2000'2c78     0x4  Data  Gb  glcd.o [1]
glcd_bbox_refresh        0x800'7359    0x1c  Code  Gb  glcd.o [1]
glcd_bbox_selected      0x2000'2c80     0x4  Data  Gb  glcd.o [1]
glcd_buffer             0x2000'1344   0x400  Data  Gb  glcd.o [1]
glcd_buffer_selected    0x2000'2c7c     0x4  Data  Gb  glcd.o [1]
glcd_clear               0x800'7375    0x28  Code  Gb  glcd.o [1]
glcd_clear_buffer        0x800'739d    0x24  Code  Gb  glcd.o [1]
glcd_command             0x800'73d5    0x1a  Code  Gb  ST7565R.o [1]
glcd_data                0x800'73ef    0x1a  Code  Gb  ST7565R.o [1]
glcd_draw_bitmap         0x800'7b01    0x1e  Code  Gb  graphics.o [1]
glcd_draw_char_xy        0x800'75b3   0x33a  Code  Gb  text.o [1]
glcd_draw_line           0x800'79f5   0x10c  Code  Gb  graphics.o [1]
glcd_draw_string_xy      0x800'78ed    0x38  Code  Gb  text.o [1]
glcd_enable_backlight    0x800'6f39     0x2  Code  Gb  STM32L4.o [1]
glcd_init                0x800'6f11    0x28  Code  Gb  STM32L4.o [1]
glcd_reset               0x800'6f65    0x40  Code  Gb  STM32L4.o [1]
glcd_reset_bbox          0x800'733d    0x1c  Code  Gb  glcd.o [1]
glcd_select_screen       0x800'73c1     0xa  Code  Gb  glcd.o [1]
glcd_set_column_lower    0x800'7449     0xe  Code  Gb  ST7565R.o [1]
glcd_set_column_upper    0x800'7433    0x16  Code  Gb  ST7565R.o [1]
glcd_set_font            0x800'7599    0x1a  Code  Gb  text.o [1]
glcd_set_pixel           0x800'7929    0xcc  Code  Gb  graphics.o [1]
glcd_set_x_address       0x800'741d    0x16  Code  Gb  ST7565R.o [1]
glcd_set_y_address       0x800'7409    0x14  Code  Gb  ST7565R.o [1]
glcd_spi_write           0x800'6f3b    0x2a  Code  Gb  STM32L4.o [1]
glcd_test_bitmap_128x64
                         0x800'72b1     0xe  Code  Gb  unit_tests.o [1]
glcd_tiny_draw_char      0x800'6fe7   0x21a  Code  Gb  text_tiny.o [1]
glcd_tiny_draw_string    0x800'7201    0x54  Code  Gb  text_tiny.o [1]
glcd_tiny_set_font       0x800'6fcd    0x1a  Code  Gb  text_tiny.o [1]
glcd_update_bbox         0x800'72c5    0x78  Code  Gb  glcd.o [1]
glcd_write               0x800'7457    0x70  Code  Gb  ST7565R.o [1]
hdma_lpuart_rx          0x2000'29c8    0x48  Data  Gb  usart.o [1]
hdma_usart1_rx          0x2000'2a10    0x48  Data  Gb  usart.o [1]
hdma_usart3_rx          0x2000'2a58    0x48  Data  Gb  usart.o [1]
hlpuart1                0x2000'24e8    0x88  Data  Gb  usart.o [1]
hrtc                    0x2000'2b94    0x24  Data  Gb  rtc.o [1]
hspi2                   0x2000'2900    0x64  Data  Gb  spi.o [1]
huart1                  0x2000'2570    0x88  Data  Gb  usart.o [1]
huart3                  0x2000'25f8    0x88  Data  Gb  usart.o [1]
ldexp                    0x800'd8fd          Code  Gb  ldexp.o [3]
ldexpl                   0x800'd8fd          Code  Gb  ldexp.o [3]
lnbias                   0x800'fef8   0x420  Data  Lc  pow64.o [3]
localeconv               0x800'da61     0x4  Code  Gb  xlocale_c.o [2]
log10                    0x800'9d39     0x4  Code  Gb  logx64.o [3]
log10l                   0x800'9d39     0x4  Code  Gb  logx64.o [3]
lower_digits            0x2000'0e4c     0x4  Data  Lc  user_tiny_vsnprintf.o [1]
main                     0x800'b923    0x2c  Code  Gb  main.o [1]
memchr                   0x800'd8a5          Code  Gb  memchr.o [4]
memset                   0x800'b9e5    0x14  Code  Gb  memset.o [4]
pFlash                  0x2000'0734    0x20  Data  Gb  stm32l4xx_hal_flash.o [1]
pFunc_UTIL_Debug_Send   0x2000'2cb0     0x4  Data  Gb  user_util.o [1]
pFunc_UTIL_Log_To_Mem   0x2000'2cac     0x4  Data  Gb  user_util.o [1]
pModemProcessIRQTimer   0x2000'2ca0     0x4  Data  Gb  user_rtc.o [1]
pow                      0x800'9d3d   0x6ec  Code  Gb  pow64.o [3]
powl                     0x800'9d3d   0x6ec  Code  Gb  pow64.o [3]
quickSort_Sampling       0x800'42d3    0x9a  Code  Gb  user_app_sensor.o [1]
quickSort_Sampling_Value
                         0x800'436d    0xdc  Code  Gb  user_app_sensor.o [1]
quickSort_Sampling_Value::Handle_Once
                        0x2000'2cd0     0x1  Data  Lc  user_app_sensor.o [1]
sButton                 0x2000'2bd4    0x18  Data  Gb  button.o [1]
sCheckList_Reg_Modbus_RTU
                        0x2000'07d8   0x12c  Data  Gb  user_app_modbus_rtu.o [1]
sData_Calib             0x2000'0a08     0x8  Data  Gb  user_app_sensor.o [1]
sEventAppComm           0x2000'0758    0x70  Data  Gb  user_app_comm.o [1]
sEventAppRs485          0x2000'0938    0x40  Data  Gb  user_app_rs485.o [1]
sEventAppSensor         0x2000'0978    0x90  Data  Gb  user_app_sensor.o [1]
sEventDisplay           0x2000'000c    0x70  Data  Gb  lcd_display.o [1]
sFirmVersion            0x2000'07c8     0x8  Data  Gb  user_app_comm.o [1]
sHandleRs485            0x2000'2c94     0x4  Data  Gb  user_app_sensor.o [1]
sKindMode485            0x2000'2cc2     0x2  Data  Gb  user_app_sensor.o [1]
sLCD                    0x2000'2c1c    0x10  Data  Gb  lcd_display.o [1]
sLCDObject              0x2000'0160   0x5d0  Data  Gb  lcd_display.o [1]
sLogData_ModbusRTU      0x2000'0930     0x8  Data  Gb  user_app_modbus_rtu.o [1]
sMeasureRange           0x2000'2c2c    0x10  Data  Gb  user_app_sensor.o [1]
sModelVersion           0x2000'00fc     0x8  Data  Gb  lcd_display.o [1]
sNH4Calib               0x2000'2ae8    0x30  Data  Gb  user_app_sensor.o [1]
sParaDisplay            0x2000'007c    0x80  Data  Gb  lcd_display.o [1]
sRTC                    0x2000'2c60     0xc  Data  Gb  user_util.o [1]
sSensor_NH4             0x2000'2aa0    0x48  Data  Gb  user_app_sensor.o [1]
sSlave_ModbusRTU        0x2000'0e8c     0x2  Data  Gb  user_app_modbus_rtu.o [1]
sTempAlarm              0x2000'2c54     0xc  Data  Gb  user_app_sensor.o [1]
sUart485                0x2000'0e44     0x8  Data  Gb  user_rs485.o [1]
sUart485SS              0x2000'0e3c     0x8  Data  Gb  user_connect_sensor.o [1]
sUartDebug              0x2000'07d0     0x8  Data  Gb  user_app_comm.o [1]
scalbln                  0x800'd8fd          Code  Gb  ldexp.o [3]
scalblnl                 0x800'd8fd          Code  Gb  ldexp.o [3]
scalbn                   0x800'd8fd          Code  Gb  ldexp.o [3]
scalbnl                  0x800'd8fd          Code  Gb  ldexp.o [3]
scale                    0x800'b2f3    0x46  Code  Lc  xprintffull_nomb.o [2]
sec_hand                0x2000'2cb4     0x4  Data  Lc  xfail_s.o [2]
sprintf                  0x800'6ed1    0x40  Code  Gb  sprintf.o [2]
strATcmd                0x2000'0a14     0x8  Data  Gb  user_at_serial.o [1]
strchr                   0x800'd84d          Code  Gb  strchr.o [4]
strlen                   0x800'6afd          Code  Gb  strlen.o [4]
sztmp                   0x2000'1e2c   0x200  Data  Lc  user_adv_trace.o [1]
tiny_vsnprintf_like      0x800'f727   0x1d6  Code  Gb  user_tiny_vsnprintf.o [1]
upper_digits            0x2000'0e50     0x4  Data  Lc  user_tiny_vsnprintf.o [1]
uwTick                  0x2000'2c88     0x4  Data  Gb  stm32l4xx_hal.o [1]
uwTickFreq              0x2000'0e8f     0x1  Data  Gb  stm32l4xx_hal.o [1]
uwTickPrio              0x2000'0730     0x4  Data  Gb  stm32l4xx_hal.o [1]
vcom_DeInit              0x800'e2fb    0x1e  Code  Gb  user_app_comm.o [1]
vcom_Init                0x800'e2f1     0xa  Code  Gb  user_app_comm.o [1]
vcom_Trace_DMA           0x800'e319    0x24  Code  Gb  user_app_comm.o [1]


[1] = D:\Saoviet_Git\Saoviet_Envirotrack_M_TNMT\Project_Slave_Winmore_NH4\Project_Slave_Sensor_EnviroTrack\EWARM\Project_Slave_Sensor_EnviroTrack\Obj
[2] = dl7M_tlf.a
[3] = m7M_tls.a
[4] = rt7M_tl.a
[5] = shb_l.a

  66'025 bytes of readonly  code memory
   7'349 bytes of readonly  data memory
  12'501 bytes of readwrite data memory

Errors: none
Warnings: none
