###############################################################################
#
# IAR ELF Linker V8.40.2.214/W32 for ARM                  21/May/2026  16:21:54
# Copyright 2007-2019 IAR Systems AB.
#
#    Output file  =
#        D:\Saoviet_Git\Saoviet_Envirotrack_M_TNMT\Project_Slave_Winmore_NH4\Project_Slave_Sensor_EnviroTrack\EWARM\Project_Slave_Sensor_EnviroTrack\Exe\Project_Slave_Sensor_EnviroTrack.out
#    Map file     =
#        D:\Saoviet_Git\Saoviet_Envirotrack_M_TNMT\Project_Slave_Winmore_NH4\Project_Slave_Sensor_EnviroTrack\EWARM\Project_Slave_Sensor_EnviroTrack\List\Project_Slave_Sensor_EnviroTrack.map
#    Command line =
#        -f C:\Users\PC\AppData\Local\Temp\EWE3AD.tmp
#        (D:\Saoviet_Git\Saoviet_Envirotrack_M_TNMT\Project_Slave_Winmore_NH4\Project_Slave_Sensor_EnviroTrack\EWARM\Project_Slave_Sensor_EnviroTrack\Obj\button.o
#        D:\Saoviet_Git\Saoviet_Envirotrack_M_TNMT\Project_Slave_Winmore_NH4\Project_Slave_Sensor_EnviroTrack\EWARM\Project_Slave_Sensor_EnviroTrack\Obj\dma.o
#        D:\Saoviet_Git\Saoviet_Envirotrack_M_TNMT\Project_Slave_Winmore_NH4\Project_Slave_Sensor_EnviroTrack\EWARM\Project_Slave_Sensor_EnviroTrack\Obj\event_driven.o
#        D:\Saoviet_Git\Saoviet_Envirotrack_M_TNMT\Project_Slave_Winmore_NH4\Project_Slave_Sensor_EnviroTrack\EWARM\Project_Slave_Sensor_EnviroTrack\Obj\glcd.o
#        D:\Saoviet_Git\Saoviet_Envirotrack_M_TNMT\Project_Slave_Winmore_NH4\Project_Slave_Sensor_EnviroTrack\EWARM\Project_Slave_Sensor_EnviroTrack\Obj\gpio.o
#        D:\Saoviet_Git\Saoviet_Envirotrack_M_TNMT\Project_Slave_Winmore_NH4\Project_Slave_Sensor_EnviroTrack\EWARM\Project_Slave_Sensor_EnviroTrack\Obj\graphics.o
#        D:\Saoviet_Git\Saoviet_Envirotrack_M_TNMT\Project_Slave_Winmore_NH4\Project_Slave_Sensor_EnviroTrack\EWARM\Project_Slave_Sensor_EnviroTrack\Obj\graphs.o
#        D:\Saoviet_Git\Saoviet_Envirotrack_M_TNMT\Project_Slave_Winmore_NH4\Project_Slave_Sensor_EnviroTrack\EWARM\Project_Slave_Sensor_EnviroTrack\Obj\lcd_display.o
#        D:\Saoviet_Git\Saoviet_Envirotrack_M_TNMT\Project_Slave_Winmore_NH4\Project_Slave_Sensor_EnviroTrack\EWARM\Project_Slave_Sensor_EnviroTrack\Obj\main.o
#        D:\Saoviet_Git\Saoviet_Envirotrack_M_TNMT\Project_Slave_Winmore_NH4\Project_Slave_Sensor_EnviroTrack\EWARM\Project_Slave_Sensor_EnviroTrack\Obj\NT75451.o
#        D:\Saoviet_Git\Saoviet_Envirotrack_M_TNMT\Project_Slave_Winmore_NH4\Project_Slave_Sensor_EnviroTrack\EWARM\Project_Slave_Sensor_EnviroTrack\Obj\onchipflash.o
#        D:\Saoviet_Git\Saoviet_Envirotrack_M_TNMT\Project_Slave_Winmore_NH4\Project_Slave_Sensor_EnviroTrack\EWARM\Project_Slave_Sensor_EnviroTrack\Obj\PCD8544.o
#        D:\Saoviet_Git\Saoviet_Envirotrack_M_TNMT\Project_Slave_Winmore_NH4\Project_Slave_Sensor_EnviroTrack\EWARM\Project_Slave_Sensor_EnviroTrack\Obj\queue_p.o
#        D:\Saoviet_Git\Saoviet_Envirotrack_M_TNMT\Project_Slave_Winmore_NH4\Project_Slave_Sensor_EnviroTrack\EWARM\Project_Slave_Sensor_EnviroTrack\Obj\rtc.o
#        D:\Saoviet_Git\Saoviet_Envirotrack_M_TNMT\Project_Slave_Winmore_NH4\Project_Slave_Sensor_EnviroTrack\EWARM\Project_Slave_Sensor_EnviroTrack\Obj\spi.o
#        D:\Saoviet_Git\Saoviet_Envirotrack_M_TNMT\Project_Slave_Winmore_NH4\Project_Slave_Sensor_EnviroTrack\EWARM\Project_Slave_Sensor_EnviroTrack\Obj\ST7565R.o
#        D:\Saoviet_Git\Saoviet_Envirotrack_M_TNMT\Project_Slave_Winmore_NH4\Project_Slave_Sensor_EnviroTrack\EWARM\Project_Slave_Sensor_EnviroTrack\Obj\startup_stm32l433xx.o
#        D:\Saoviet_Git\Saoviet_Envirotrack_M_TNMT\Project_Slave_Winmore_NH4\Project_Slave_Sensor_EnviroTrack\EWARM\Project_Slave_Sensor_EnviroTrack\Obj\STM32F0xx.o
#        D:\Saoviet_Git\Saoviet_Envirotrack_M_TNMT\Project_Slave_Winmore_NH4\Project_Slave_Sensor_EnviroTrack\EWARM\Project_Slave_Sensor_EnviroTrack\Obj\STM32F10x.o
#        D:\Saoviet_Git\Saoviet_Envirotrack_M_TNMT\Project_Slave_Winmore_NH4\Project_Slave_Sensor_EnviroTrack\EWARM\Project_Slave_Sensor_EnviroTrack\Obj\STM32F4.o
#        D:\Saoviet_Git\Saoviet_Envirotrack_M_TNMT\Project_Slave_Winmore_NH4\Project_Slave_Sensor_EnviroTrack\EWARM\Project_Slave_Sensor_EnviroTrack\Obj\STM32L4.o
#        D:\Saoviet_Git\Saoviet_Envirotrack_M_TNMT\Project_Slave_Winmore_NH4\Project_Slave_Sensor_EnviroTrack\EWARM\Project_Slave_Sensor_EnviroTrack\Obj\stm32l4xx_hal.o
#        D:\Saoviet_Git\Saoviet_Envirotrack_M_TNMT\Project_Slave_Winmore_NH4\Project_Slave_Sensor_EnviroTrack\EWARM\Project_Slave_Sensor_EnviroTrack\Obj\stm32l4xx_hal_cortex.o
#        D:\Saoviet_Git\Saoviet_Envirotrack_M_TNMT\Project_Slave_Winmore_NH4\Project_Slave_Sensor_EnviroTrack\EWARM\Project_Slave_Sensor_EnviroTrack\Obj\stm32l4xx_hal_dma.o
#        D:\Saoviet_Git\Saoviet_Envirotrack_M_TNMT\Project_Slave_Winmore_NH4\Project_Slave_Sensor_EnviroTrack\EWARM\Project_Slave_Sensor_EnviroTrack\Obj\stm32l4xx_hal_dma_ex.o
#        D:\Saoviet_Git\Saoviet_Envirotrack_M_TNMT\Project_Slave_Winmore_NH4\Project_Slave_Sensor_EnviroTrack\EWARM\Project_Slave_Sensor_EnviroTrack\Obj\stm32l4xx_hal_exti.o
#        D:\Saoviet_Git\Saoviet_Envirotrack_M_TNMT\Project_Slave_Winmore_NH4\Project_Slave_Sensor_EnviroTrack\EWARM\Project_Slave_Sensor_EnviroTrack\Obj\stm32l4xx_hal_flash.o
#        D:\Saoviet_Git\Saoviet_Envirotrack_M_TNMT\Project_Slave_Winmore_NH4\Project_Slave_Sensor_EnviroTrack\EWARM\Project_Slave_Sensor_EnviroTrack\Obj\stm32l4xx_hal_flash_ex.o
#        D:\Saoviet_Git\Saoviet_Envirotrack_M_TNMT\Project_Slave_Winmore_NH4\Project_Slave_Sensor_EnviroTrack\EWARM\Project_Slave_Sensor_EnviroTrack\Obj\stm32l4xx_hal_flash_ramfunc.o
#        D:\Saoviet_Git\Saoviet_Envirotrack_M_TNMT\Project_Slave_Winmore_NH4\Project_Slave_Sensor_EnviroTrack\EWARM\Project_Slave_Sensor_EnviroTrack\Obj\stm32l4xx_hal_gpio.o
#        D:\Saoviet_Git\Saoviet_Envirotrack_M_TNMT\Project_Slave_Winmore_NH4\Project_Slave_Sensor_EnviroTrack\EWARM\Project_Slave_Sensor_EnviroTrack\Obj\stm32l4xx_hal_i2c.o
#        D:\Saoviet_Git\Saoviet_Envirotrack_M_TNMT\Project_Slave_Winmore_NH4\Project_Slave_Sensor_EnviroTrack\EWARM\Project_Slave_Sensor_EnviroTrack\Obj\stm32l4xx_hal_i2c_ex.o
#        D:\Saoviet_Git\Saoviet_Envirotrack_M_TNMT\Project_Slave_Winmore_NH4\Project_Slave_Sensor_EnviroTrack\EWARM\Project_Slave_Sensor_EnviroTrack\Obj\stm32l4xx_hal_msp.o
#        D:\Saoviet_Git\Saoviet_Envirotrack_M_TNMT\Project_Slave_Winmore_NH4\Project_Slave_Sensor_EnviroTrack\EWARM\Project_Slave_Sensor_EnviroTrack\Obj\stm32l4xx_hal_pwr.o
#        D:\Saoviet_Git\Saoviet_Envirotrack_M_TNMT\Project_Slave_Winmore_NH4\Project_Slave_Sensor_EnviroTrack\EWARM\Project_Slave_Sensor_EnviroTrack\Obj\stm32l4xx_hal_pwr_ex.o
#        D:\Saoviet_Git\Saoviet_Envirotrack_M_TNMT\Project_Slave_Winmore_NH4\Project_Slave_Sensor_EnviroTrack\EWARM\Project_Slave_Sensor_EnviroTrack\Obj\stm32l4xx_hal_rcc.o
#        D:\Saoviet_Git\Saoviet_Envirotrack_M_TNMT\Project_Slave_Winmore_NH4\Project_Slave_Sensor_EnviroTrack\EWARM\Project_Slave_Sensor_EnviroTrack\Obj\stm32l4xx_hal_rcc_ex.o
#        D:\Saoviet_Git\Saoviet_Envirotrack_M_TNMT\Project_Slave_Winmore_NH4\Project_Slave_Sensor_EnviroTrack\EWARM\Project_Slave_Sensor_EnviroTrack\Obj\stm32l4xx_hal_rtc.o
#        D:\Saoviet_Git\Saoviet_Envirotrack_M_TNMT\Project_Slave_Winmore_NH4\Project_Slave_Sensor_EnviroTrack\EWARM\Project_Slave_Sensor_EnviroTrack\Obj\stm32l4xx_hal_rtc_ex.o
#        D:\Saoviet_Git\Saoviet_Envirotrack_M_TNMT\Project_Slave_Winmore_NH4\Project_Slave_Sensor_EnviroTrack\EWARM\Project_Slave_Sensor_EnviroTrack\Obj\stm32l4xx_hal_spi.o
#        D:\Saoviet_Git\Saoviet_Envirotrack_M_TNMT\Project_Slave_Winmore_NH4\Project_Slave_Sensor_EnviroTrack\EWARM\Project_Slave_Sensor_EnviroTrack\Obj\stm32l4xx_hal_spi_ex.o
#        D:\Saoviet_Git\Saoviet_Envirotrack_M_TNMT\Project_Slave_Winmore_NH4\Project_Slave_Sensor_EnviroTrack\EWARM\Project_Slave_Sensor_EnviroTrack\Obj\stm32l4xx_hal_uart.o
#        D:\Saoviet_Git\Saoviet_Envirotrack_M_TNMT\Project_Slave_Winmore_NH4\Project_Slave_Sensor_EnviroTrack\EWARM\Project_Slave_Sensor_EnviroTrack\Obj\stm32l4xx_hal_uart_ex.o
#        D:\Saoviet_Git\Saoviet_Envirotrack_M_TNMT\Project_Slave_Winmore_NH4\Project_Slave_Sensor_EnviroTrack\EWARM\Project_Slave_Sensor_EnviroTrack\Obj\stm32l4xx_it.o
#        D:\Saoviet_Git\Saoviet_Envirotrack_M_TNMT\Project_Slave_Winmore_NH4\Project_Slave_Sensor_EnviroTrack\EWARM\Project_Slave_Sensor_EnviroTrack\Obj\system_stm32l4xx.o
#        D:\Saoviet_Git\Saoviet_Envirotrack_M_TNMT\Project_Slave_Winmore_NH4\Project_Slave_Sensor_EnviroTrack\EWARM\Project_Slave_Sensor_EnviroTrack\Obj\text.o
#        D:\Saoviet_Git\Saoviet_Envirotrack_M_TNMT\Project_Slave_Winmore_NH4\Project_Slave_Sensor_EnviroTrack\EWARM\Project_Slave_Sensor_EnviroTrack\Obj\text_tiny.o
#        D:\Saoviet_Git\Saoviet_Envirotrack_M_TNMT\Project_Slave_Winmore_NH4\Project_Slave_Sensor_EnviroTrack\EWARM\Project_Slave_Sensor_EnviroTrack\Obj\unit_tests.o
#        D:\Saoviet_Git\Saoviet_Envirotrack_M_TNMT\Project_Slave_Winmore_NH4\Project_Slave_Sensor_EnviroTrack\EWARM\Project_Slave_Sensor_EnviroTrack\Obj\usart.o
#        D:\Saoviet_Git\Saoviet_Envirotrack_M_TNMT\Project_Slave_Winmore_NH4\Project_Slave_Sensor_EnviroTrack\EWARM\Project_Slave_Sensor_EnviroTrack\Obj\user_adv_trace.o
#        D:\Saoviet_Git\Saoviet_Envirotrack_M_TNMT\Project_Slave_Winmore_NH4\Project_Slave_Sensor_EnviroTrack\EWARM\Project_Slave_Sensor_EnviroTrack\Obj\user_app_comm.o
#        D:\Saoviet_Git\Saoviet_Envirotrack_M_TNMT\Project_Slave_Winmore_NH4\Project_Slave_Sensor_EnviroTrack\EWARM\Project_Slave_Sensor_EnviroTrack\Obj\user_app_modbus_rtu.o
#        D:\Saoviet_Git\Saoviet_Envirotrack_M_TNMT\Project_Slave_Winmore_NH4\Project_Slave_Sensor_EnviroTrack\EWARM\Project_Slave_Sensor_EnviroTrack\Obj\user_app_rs485.o
#        D:\Saoviet_Git\Saoviet_Envirotrack_M_TNMT\Project_Slave_Winmore_NH4\Project_Slave_Sensor_EnviroTrack\EWARM\Project_Slave_Sensor_EnviroTrack\Obj\user_app_sensor.o
#        D:\Saoviet_Git\Saoviet_Envirotrack_M_TNMT\Project_Slave_Winmore_NH4\Project_Slave_Sensor_EnviroTrack\EWARM\Project_Slave_Sensor_EnviroTrack\Obj\user_at_serial.o
#        D:\Saoviet_Git\Saoviet_Envirotrack_M_TNMT\Project_Slave_Winmore_NH4\Project_Slave_Sensor_EnviroTrack\EWARM\Project_Slave_Sensor_EnviroTrack\Obj\user_connect_sensor.o
#        D:\Saoviet_Git\Saoviet_Envirotrack_M_TNMT\Project_Slave_Winmore_NH4\Project_Slave_Sensor_EnviroTrack\EWARM\Project_Slave_Sensor_EnviroTrack\Obj\user_convert_variable.o
#        D:\Saoviet_Git\Saoviet_Envirotrack_M_TNMT\Project_Slave_Winmore_NH4\Project_Slave_Sensor_EnviroTrack\EWARM\Project_Slave_Sensor_EnviroTrack\Obj\user_internal_mem.o
#        D:\Saoviet_Git\Saoviet_Envirotrack_M_TNMT\Project_Slave_Winmore_NH4\Project_Slave_Sensor_EnviroTrack\EWARM\Project_Slave_Sensor_EnviroTrack\Obj\user_mem_comm.o
#        D:\Saoviet_Git\Saoviet_Envirotrack_M_TNMT\Project_Slave_Winmore_NH4\Project_Slave_Sensor_EnviroTrack\EWARM\Project_Slave_Sensor_EnviroTrack\Obj\user_modbus_rtu.o
#        D:\Saoviet_Git\Saoviet_Envirotrack_M_TNMT\Project_Slave_Winmore_NH4\Project_Slave_Sensor_EnviroTrack\EWARM\Project_Slave_Sensor_EnviroTrack\Obj\user_obis_sv.o
#        D:\Saoviet_Git\Saoviet_Envirotrack_M_TNMT\Project_Slave_Winmore_NH4\Project_Slave_Sensor_EnviroTrack\EWARM\Project_Slave_Sensor_EnviroTrack\Obj\user_rs485.o
#        D:\Saoviet_Git\Saoviet_Envirotrack_M_TNMT\Project_Slave_Winmore_NH4\Project_Slave_Sensor_EnviroTrack\EWARM\Project_Slave_Sensor_EnviroTrack\Obj\user_rtc.o
#        D:\Saoviet_Git\Saoviet_Envirotrack_M_TNMT\Project_Slave_Winmore_NH4\Project_Slave_Sensor_EnviroTrack\EWARM\Project_Slave_Sensor_EnviroTrack\Obj\user_string.o
#        D:\Saoviet_Git\Saoviet_Envirotrack_M_TNMT\Project_Slave_Winmore_NH4\Project_Slave_Sensor_EnviroTrack\EWARM\Project_Slave_Sensor_EnviroTrack\Obj\user_time.o
#        D:\Saoviet_Git\Saoviet_Envirotrack_M_TNMT\Project_Slave_Winmore_NH4\Project_Slave_Sensor_EnviroTrack\EWARM\Project_Slave_Sensor_EnviroTrack\Obj\user_timer.o
#        D:\Saoviet_Git\Saoviet_Envirotrack_M_TNMT\Project_Slave_Winmore_NH4\Project_Slave_Sensor_EnviroTrack\EWARM\Project_Slave_Sensor_EnviroTrack\Obj\user_tiny_vsnprintf.o
#        D:\Saoviet_Git\Saoviet_Envirotrack_M_TNMT\Project_Slave_Winmore_NH4\Project_Slave_Sensor_EnviroTrack\EWARM\Project_Slave_Sensor_EnviroTrack\Obj\user_uart.o
#        D:\Saoviet_Git\Saoviet_Envirotrack_M_TNMT\Project_Slave_Winmore_NH4\Project_Slave_Sensor_EnviroTrack\EWARM\Project_Slave_Sensor_EnviroTrack\Obj\user_util.o
#        --no_out_extension -o
#        D:\Saoviet_Git\Saoviet_Envirotrack_M_TNMT\Project_Slave_Winmore_NH4\Project_Slave_Sensor_EnviroTrack\EWARM\Project_Slave_Sensor_EnviroTrack\Exe\Project_Slave_Sensor_EnviroTrack.out
#        --redirect _Printf=_PrintfFullNoMb --redirect _Scanf=_ScanfFullNoMb
#        --map
#        D:\Saoviet_Git\Saoviet_Envirotrack_M_TNMT\Project_Slave_Winmore_NH4\Project_Slave_Sensor_EnviroTrack\EWARM\Project_Slave_Sensor_EnviroTrack\List\Project_Slave_Sensor_EnviroTrack.map
#        --config
#        D:\Saoviet_Git\Saoviet_Envirotrack_M_TNMT\Project_Slave_Winmore_NH4\Project_Slave_Sensor_EnviroTrack\EWARM/stm32l433xx_flash.icf
#        --semihosting --entry __iar_program_start --vfe --text_out locale)
#
###############################################################################

*******************************************************************************
*** RUNTIME MODEL ATTRIBUTES
***

CppFlavor       = *
__Heap_Handler  = DLMalloc
__SystemLibrary = DLib
__dlib_version  = 6


*******************************************************************************
*** HEAP SELECTION
***

The advanced heap was selected because the application calls memory
allocation functions outside of system library functions, and there
are calls to deallocation functions in the application.


*******************************************************************************
*** PLACEMENT SUMMARY
***

"A0":  place at address 0x800'0000 { ro section .intvec };
"P1":  place in [from 0x800'0000 to 0x803'ffff] { ro };
define block CSTACK with size = 1K, alignment = 8 { };
define block HEAP with size = 512, alignment = 8 { };
"P2":  place in [from 0x2000'0000 to 0x2000'ffff] {
          rw, block CSTACK, block HEAP };
initialize by copy { rw };

  Section            Kind         Address      Size  Object
  -------            ----         -------      ----  ------
"A0":                                         0x18c
  .intvec            ro code   0x800'0000     0x18c  startup_stm32l433xx.o [1]
                             - 0x800'018c     0x18c

"P1":                                      0x1'18c7
  .text              ro code   0x800'018c    0x2520  button.o [1]
  .text              ro code   0x800'26ac     0x380  stm32l4xx_hal_gpio.o [1]
  .text              ro code   0x800'2a2c     0x21c  user_util.o [1]
  .text              ro code   0x800'2c48     0xebc  lcd_display.o [1]
  .text              ro code   0x800'3b04    0x1ff8  user_app_sensor.o [1]
  .text              ro code   0x800'5afc     0xacc  user_app_modbus_rtu.o [1]
  .text              ro code   0x800'65c8     0x40c  user_convert_variable.o [1]
  .text              ro code   0x800'69d4      0x36  strlen.o [4]
  .text              ro code   0x800'6a0a      0x3a  zero_init3.o [4]
  .text              ro code   0x800'6a44      0x22  S32ToDbl.o [3]
  .text              ro code   0x800'6a66       0xa  xsprout.o [2]
  .text              ro code   0x800'6a70      0x16  math_wrappers64.o [3]
  .rodata            const     0x800'6a86       0x2  xlocale_c.o [2]
  .text              ro code   0x800'6a88     0x246  DblDiv.o [3]
  .rodata            const     0x800'6cce       0x1  xlocale_c.o [2]
  .text              ro code   0x800'6cd0      0x68  DblToFlt.o [3]
  .text              ro code   0x800'6d38      0x1a  U32ToDbl.o [3]
  .text              ro code   0x800'6d54      0x48  FltToDbl.o [3]
  .text              ro code   0x800'6d9c      0x40  sprintf.o [2]
  .text              ro code   0x800'6ddc      0xb0  STM32L4.o [1]
  .text              ro code   0x800'6e8c       0xc  stm32l4xx_hal.o [1]
  .text              ro code   0x800'6e98     0x290  text_tiny.o [1]
  .text              ro code   0x800'7128      0x54  event_driven.o [1]
  .text              ro code   0x800'717c      0x14  unit_tests.o [1]
  .text              ro code   0x800'7190     0x110  glcd.o [1]
  .text              ro code   0x800'72a0     0x15c  ST7565R.o [1]
  .text              ro code   0x800'73fc      0x66  ABImemset.o [4]
  .text              ro code   0x800'7464     0x390  text.o [1]
  .text              ro code   0x800'77f4     0x200  graphics.o [1]
  .text              ro code   0x800'79f4     0x350  user_modbus_rtu.o [1]
  .text              ro code   0x800'7d44     0x39c  usart.o [1]
  .text              ro code   0x800'80e0      0x74  user_connect_sensor.o [1]
  .text              ro code   0x800'8154      0x28  stm32l4xx_hal.o [1]
  .text              ro code   0x800'817c     0xfc8  stm32l4xx_hal_uart.o [1]
  .text              ro code   0x800'9144     0x172  onchipflash.o [1]
  .text              ro code   0x800'92b8      0xa6  ABImemcpy.o [4]
  .text              ro code   0x800'9360     0x230  I64DivMod.o [4]
  .text              ro code   0x800'9590     0x1a2  DblMul.o [3]
  .text              ro code   0x800'9734     0x17a  DblAdd.o [3]
  .text              ro code   0x800'98b0      0x3a  DblToS32.o [3]
  .text              ro code   0x800'98ec     0x6ec  pow64.o [3]
  .text              ro code   0x800'9fd8     0xfc6  xprintffull_nomb.o [2]
  .text              ro code   0x800'afa0     0x52a  stm32l4xx_hal_spi.o [1]
  .text              ro code   0x800'b4ca       0x8  abs.o [2]
  .text              ro code   0x800'b4d2      0xc2  main.o [1]
  .text              ro code   0x800'b594      0x14  memset.o [4]
  .text              ro code   0x800'b5a8     0x4e8  stm32l4xx_hal_rcc_ex.o [1]
  .text              ro code   0x800'ba90     0x422  stm32l4xx_hal_dma.o [1]
  .text              ro code   0x800'beb4     0x194  stm32l4xx_hal_cortex.o [1]
  .text              ro code   0x800'c048     0x128  user_uart.o [1]
  .text              ro code   0x800'c170      0x72  stm32l4xx_hal_uart_ex.o [1]
  .text              ro code   0x800'c1e4     0x9fc  stm32l4xx_hal_rcc.o [1]
  .text              ro code   0x800'cbe0       0x2  stm32l4xx_hal_uart.o [1]
  .text              ro code   0x800'cbe2       0x2  stm32l4xx_hal_uart.o [1]
  .text              ro code   0x800'cbe4     0x1b8  stm32l4xx_hal_flash.o [1]
  .text              ro code   0x800'cd9c      0xa0  stm32l4xx_hal_flash_ex.o [1]
  .text              ro code   0x800'ce3c       0x2  I64DivZer.o [4]
  .text              ro code   0x800'ce40      0xe2  DblSub.o [3]
  .text              ro code   0x800'cf24      0x20  DblCmpEq.o [3]
  .text              ro code   0x800'cf44      0x70  frexp.o [3]
  .text              ro code   0x800'cfb4      0x2e  DblCmpLe.o [3]
  .text              ro code   0x800'cfe4      0x2e  DblCmpGe.o [3]
  .text              ro code   0x800'd014     0x3e8  iar_Exp64.o [3]
  .text              ro code   0x800'd3fc      0x16  strchr.o [4]
  .text              ro code   0x800'd414      0x40  xfail_s.o [2]
  .text              ro code   0x800'd454      0x58  memchr.o [4]
  .text              ro code   0x800'd4ac     0x13a  ldexp.o [3]
  .text              ro code   0x800'd5e8      0x28  DblToU32.o [3]
  .text              ro code   0x800'd610       0x8  xlocale_c.o [2]
  .text              ro code   0x800'd618      0xc8  spi.o [1]
  .text              ro code   0x800'd6e0      0x24  stm32l4xx_hal.o [1]
  .text              ro code   0x800'd704     0x1d0  gpio.o [1]
  .text              ro code   0x800'd8d4      0x60  dma.o [1]
  .text              ro code   0x800'd934     0x150  rtc.o [1]
  .text              ro code   0x800'da84     0x4b0  user_app_comm.o [1]
  .text              ro code   0x800'df34      0x94  stm32l4xx_hal_pwr_ex.o [1]
  .text              ro code   0x800'dfc8      0x70  user_rs485.o [1]
  .text              ro code   0x800'e038     0x23a  user_adv_trace.o [1]
  .text              ro code   0x800'e274      0x60  stm32l4xx_hal.o [1]
  .text              ro code   0x800'e2d4       0x6  abort.o [2]
  .text              ro code   0x800'e2dc      0x38  stm32l4xx_hal_msp.o [1]
  .text              ro code   0x800'e314     0x78e  stm32l4xx_hal_rtc.o [1]
  .text              ro code   0x800'eaa4     0x310  user_timer.o [1]
  .text              ro code   0x800'edb4     0x1dc  user_at_serial.o [1]
  .text              ro code   0x800'ef90      0x58  user_time.o [1]
  .text              ro code   0x800'efe8     0x180  user_app_rs485.o [1]
  .text              ro code   0x800'f168     0x350  user_tiny_vsnprintf.o [1]
  .text              ro code   0x800'f4b8      0x14  exit.o [5]
  .text              ro code   0x800'f4cc     0x3a8  user_rtc.o [1]
  .text              ro code   0x800'f874       0x2  stm32l4xx_hal_rtc_ex.o [1]
  .text              ro code   0x800'f876     0x1e6  user_string.o [1]
  .text              ro code   0x800'fa5c      0x48  stm32l4xx_hal_rtc_ex.o [1]
  .rodata            const     0x800'faa8     0x420  pow64.o [3]
  .rodata            const     0x800'fec8     0x400  unit_tests.o [1]
  .rodata            const     0x801'02c8     0x228  lcd_display.o [1]
  .rodata            const     0x801'04f0     0x214  lcd_display.o [1]
  .rodata            const     0x801'0704     0x12c  user_app_sensor.o [1]
  .text              ro code   0x801'0830      0xd4  stm32l4xx_it.o [1]
  .text              ro code   0x801'0904      0x18  stm32l4xx_hal.o [1]
  .text              ro code   0x801'091c      0x78  lz77_init_single.o [4]
  .rodata            const     0x801'0994      0x34  user_app_sensor.o [1]
  .rodata            const     0x801'09c8      0x34  user_app_sensor.o [1]
  .rodata            const     0x801'09fc      0x30  system_stm32l4xx.o [1]
  .rodata            const     0x801'0a2c      0x2c  user_rtc.o [1]
  .rodata            const     0x801'0a58      0x28  user_tiny_vsnprintf.o [1]
  .rodata            const     0x801'0a80      0x28  user_tiny_vsnprintf.o [1]
  .text              ro code   0x801'0aa8      0x28  data_init.o [4]
  .text              ro code   0x801'0ad0      0x22  fpinit_M.o [3]
  .iar.init_table    const     0x801'0af4      0x20  - Linker created -
  .rodata            const     0x801'0b14      0x20  user_rtc.o [1]
  .text              ro code   0x801'0b34      0x1e  cmain.o [4]
  .text              ro code   0x801'0b52       0x4  low_level_init.o [2]
  .text              ro code   0x801'0b56       0x4  exit.o [2]
  .text              ro code   0x801'0b5c       0xa  cexit.o [4]
  .rodata            const     0x801'0b68      0x1c  user_app_comm.o [1]
  .rodata            const     0x801'0b84      0x1c  user_uart.o [1]
  .rodata            const     0x801'0ba0      0x18  user_app_comm.o [1]
  .rodata            const     0x801'0bb8      0x14  lcd_display.o [1]
  .rodata            const     0x801'0bcc      0x14  user_app_comm.o [1]
  .rodata            const     0x801'0be0      0x14  user_at_serial.o [1]
  .rodata            const     0x801'0bf4      0x14  user_at_serial.o [1]
  .rodata            const     0x801'0c08      0x14  user_at_serial.o [1]
  .rodata            const     0x801'0c1c      0x14  user_at_serial.o [1]
  .rodata            const     0x801'0c30      0x14  user_at_serial.o [1]
  .rodata            const     0x801'0c44      0x10  lcd_display.o [1]
  .rodata            const     0x801'0c54      0x10  lcd_display.o [1]
  .rodata            const     0x801'0c64      0x10  lcd_display.o [1]
  .rodata            const     0x801'0c74      0x10  lcd_display.o [1]
  .rodata            const     0x801'0c84      0x10  lcd_display.o [1]
  .rodata            const     0x801'0c94      0x10  lcd_display.o [1]
  .rodata            const     0x801'0ca4      0x10  lcd_display.o [1]
  .rodata            const     0x801'0cb4      0x10  lcd_display.o [1]
  .rodata            const     0x801'0cc4      0x10  lcd_display.o [1]
  .rodata            const     0x801'0cd4      0x10  lcd_display.o [1]
  .rodata            const     0x801'0ce4      0x10  lcd_display.o [1]
  .rodata            const     0x801'0cf4      0x10  lcd_display.o [1]
  .rodata            const     0x801'0d04      0x10  system_stm32l4xx.o [1]
  .rodata            const     0x801'0d14      0x10  user_app_sensor.o [1]
  .rodata            const     0x801'0d24      0x10  user_at_serial.o [1]
  .rodata            const     0x801'0d34      0x10  user_at_serial.o [1]
  .rodata            const     0x801'0d44      0x10  user_at_serial.o [1]
  .rodata            const     0x801'0d54      0x10  user_at_serial.o [1]
  .rodata            const     0x801'0d64      0x10  user_at_serial.o [1]
  .rodata            const     0x801'0d74      0x10  user_at_serial.o [1]
  .rodata            const     0x801'0d84      0x10  user_at_serial.o [1]
  .rodata            const     0x801'0d94      0x10  user_at_serial.o [1]
  .rodata            const     0x801'0da4      0x10  user_at_serial.o [1]
  .rodata            const     0x801'0db4      0x10  user_at_serial.o [1]
  .rodata            const     0x801'0dc4      0x10  user_at_serial.o [1]
  .rodata            const     0x801'0dd4      0x10  user_at_serial.o [1]
  .rodata            const     0x801'0de4      0x10  user_at_serial.o [1]
  .rodata            const     0x801'0df4      0x10  user_at_serial.o [1]
  .rodata            const     0x801'0e04      0x10  user_at_serial.o [1]
  .rodata            const     0x801'0e14      0x10  user_at_serial.o [1]
  .rodata            const     0x801'0e24      0x10  user_at_serial.o [1]
  .rodata            const     0x801'0e34      0x10  user_at_serial.o [1]
  .rodata            const     0x801'0e44      0x10  user_at_serial.o [1]
  .rodata            const     0x801'0e54      0x10  user_at_serial.o [1]
  .rodata            const     0x801'0e64      0x10  user_at_serial.o [1]
  .rodata            const     0x801'0e74      0x10  user_at_serial.o [1]
  .rodata            const     0x801'0e84      0x10  user_at_serial.o [1]
  .rodata            const     0x801'0e94      0x10  user_at_serial.o [1]
  .rodata            const     0x801'0ea4      0x10  user_at_serial.o [1]
  .rodata            const     0x801'0eb4      0x10  user_at_serial.o [1]
  .rodata            const     0x801'0ec4      0x10  user_at_serial.o [1]
  .rodata            const     0x801'0ed4      0x10  user_at_serial.o [1]
  .rodata            const     0x801'0ee4      0x10  user_at_serial.o [1]
  .text              ro code   0x801'0ef4      0x10  startup_stm32l433xx.o [1]
  .text              ro code   0x801'0f04      0x10  system_stm32l4xx.o [1]
  .rodata            const     0x801'0f14       0xc  lcd_display.o [1]
  .rodata            const     0x801'0f20       0xc  lcd_display.o [1]
  .rodata            const     0x801'0f2c       0xc  lcd_display.o [1]
  .rodata            const     0x801'0f38       0xc  lcd_display.o [1]
  .rodata            const     0x801'0f44       0xc  lcd_display.o [1]
  .rodata            const     0x801'0f50       0xc  lcd_display.o [1]
  .rodata            const     0x801'0f5c       0xc  lcd_display.o [1]
  .rodata            const     0x801'0f68       0xc  lcd_display.o [1]
  .rodata            const     0x801'0f74       0xc  lcd_display.o [1]
  .rodata            const     0x801'0f80       0xc  lcd_display.o [1]
  .rodata            const     0x801'0f8c       0xc  lcd_display.o [1]
  .rodata            const     0x801'0f98       0xc  lcd_display.o [1]
  .rodata            const     0x801'0fa4       0xc  lcd_display.o [1]
  .rodata            const     0x801'0fb0       0xc  lcd_display.o [1]
  .rodata            const     0x801'0fbc       0xc  lcd_display.o [1]
  .rodata            const     0x801'0fc8       0xc  lcd_display.o [1]
  .rodata            const     0x801'0fd4       0xc  lcd_display.o [1]
  .rodata            const     0x801'0fe0       0xc  lcd_display.o [1]
  .rodata            const     0x801'0fec       0xc  lcd_display.o [1]
  .rodata            const     0x801'0ff8       0xc  lcd_display.o [1]
  .rodata            const     0x801'1004       0xc  lcd_display.o [1]
  .rodata            const     0x801'1010       0xc  lcd_display.o [1]
  .rodata            const     0x801'101c       0xc  lcd_display.o [1]
  .rodata            const     0x801'1028       0xc  lcd_display.o [1]
  .rodata            const     0x801'1034       0xc  lcd_display.o [1]
  .rodata            const     0x801'1040       0xc  user_app_comm.o [1]
  .rodata            const     0x801'104c       0xc  user_app_sensor.o [1]
  .rodata            const     0x801'1058       0xc  user_app_sensor.o [1]
  .rodata            const     0x801'1064       0xc  user_app_sensor.o [1]
  .rodata            const     0x801'1070       0xc  user_app_sensor.o [1]
  .rodata            const     0x801'107c       0xc  user_app_sensor.o [1]
  .rodata            const     0x801'1088       0xc  user_app_sensor.o [1]
  .rodata            const     0x801'1094       0xc  user_app_sensor.o [1]
  .rodata            const     0x801'10a0       0xc  user_app_sensor.o [1]
  .rodata            const     0x801'10ac       0xc  user_app_sensor.o [1]
  .rodata            const     0x801'10b8       0xc  user_app_sensor.o [1]
  .rodata            const     0x801'10c4       0xc  user_app_sensor.o [1]
  .rodata            const     0x801'10d0       0xc  user_app_sensor.o [1]
  .rodata            const     0x801'10dc       0xc  user_app_sensor.o [1]
  .rodata            const     0x801'10e8       0xc  user_at_serial.o [1]
  .rodata            const     0x801'10f4       0xc  user_at_serial.o [1]
  .rodata            const     0x801'1100       0xc  user_at_serial.o [1]
  .rodata            const     0x801'110c       0xc  user_at_serial.o [1]
  .rodata            const     0x801'1118       0xc  user_at_serial.o [1]
  .rodata            const     0x801'1124       0xc  user_at_serial.o [1]
  .rodata            const     0x801'1130       0xc  user_at_serial.o [1]
  .rodata            const     0x801'113c       0xc  user_at_serial.o [1]
  .rodata            const     0x801'1148       0xc  user_at_serial.o [1]
  .rodata            const     0x801'1154       0xc  user_at_serial.o [1]
  .rodata            const     0x801'1160       0xc  user_at_serial.o [1]
  .rodata            const     0x801'116c       0xc  user_at_serial.o [1]
  .rodata            const     0x801'1178       0xc  user_at_serial.o [1]
  .rodata            const     0x801'1184       0xc  user_at_serial.o [1]
  .rodata            const     0x801'1190       0xc  user_at_serial.o [1]
  .rodata            const     0x801'119c       0xc  user_at_serial.o [1]
  .rodata            const     0x801'11a8       0xc  user_at_serial.o [1]
  .rodata            const     0x801'11b4       0xc  user_at_serial.o [1]
  .rodata            const     0x801'11c0       0xc  user_at_serial.o [1]
  .rodata            const     0x801'11cc       0xc  user_at_serial.o [1]
  .rodata            const     0x801'11d8       0xc  user_at_serial.o [1]
  .rodata            const     0x801'11e4       0xc  user_at_serial.o [1]
  .rodata            const     0x801'11f0       0xc  user_at_serial.o [1]
  .rodata            const     0x801'11fc       0xc  user_at_serial.o [1]
  .rodata            const     0x801'1208       0xc  user_at_serial.o [1]
  .rodata            const     0x801'1214       0xc  user_at_serial.o [1]
  .rodata            const     0x801'1220       0xc  user_at_serial.o [1]
  .rodata            const     0x801'122c       0xc  user_at_serial.o [1]
  .rodata            const     0x801'1238       0xc  user_rtc.o [1]
  .rodata            const     0x801'1244       0xc  user_rtc.o [1]
  .text              ro code   0x801'1250       0xc  cstartup_M.o [4]
  .rodata            const     0x801'125c       0x8  lcd_display.o [1]
  .rodata            const     0x801'1264       0x8  lcd_display.o [1]
  .rodata            const     0x801'126c       0x8  lcd_display.o [1]
  .rodata            const     0x801'1274       0x8  lcd_display.o [1]
  .rodata            const     0x801'127c       0x8  lcd_display.o [1]
  .rodata            const     0x801'1284       0x8  lcd_display.o [1]
  .rodata            const     0x801'128c       0x8  lcd_display.o [1]
  .rodata            const     0x801'1294       0x8  lcd_display.o [1]
  .rodata            const     0x801'129c       0x8  lcd_display.o [1]
  .rodata            const     0x801'12a4       0x8  lcd_display.o [1]
  .rodata            const     0x801'12ac       0x8  lcd_display.o [1]
  .rodata            const     0x801'12b4       0x8  lcd_display.o [1]
  .rodata            const     0x801'12bc       0x8  lcd_display.o [1]
  .rodata            const     0x801'12c4       0x8  lcd_display.o [1]
  .rodata            const     0x801'12cc       0x8  system_stm32l4xx.o [1]
  .rodata            const     0x801'12d4       0x8  user_app_modbus_rtu.o [1]
  .rodata            const     0x801'12dc       0x8  user_app_modbus_rtu.o [1]
  .rodata            const     0x801'12e4       0x8  user_app_sensor.o [1]
  .rodata            const     0x801'12ec       0x8  user_app_sensor.o [1]
  .rodata            const     0x801'12f4       0x8  user_app_sensor.o [1]
  .rodata            const     0x801'12fc       0x8  user_app_sensor.o [1]
  .rodata            const     0x801'1304       0x8  user_at_serial.o [1]
  .rodata            const     0x801'130c       0x8  user_at_serial.o [1]
  .rodata            const     0x801'1314       0x8  user_at_serial.o [1]
  .rodata            const     0x801'131c       0x8  user_at_serial.o [1]
  .rodata            const     0x801'1324       0x8  user_at_serial.o [1]
  .rodata            const     0x801'132c       0x8  user_tiny_vsnprintf.o [1]
  .rodata            const     0x801'1334       0x8  user_util.o [1]
  .rodata            const     0x801'133c       0x8  xprintffull_nomb.o [2]
  .rodata            const     0x801'1344       0x4  lcd_display.o [1]
  .rodata            const     0x801'1348       0x4  lcd_display.o [1]
  .rodata            const     0x801'134c       0x4  lcd_display.o [1]
  .rodata            const     0x801'1350       0x4  lcd_display.o [1]
  .rodata            const     0x801'1354       0x4  lcd_display.o [1]
  .text              ro code   0x801'1358       0x4  startup_stm32l433xx.o [1]
  .text              ro code   0x801'135c       0x4  startup_stm32l433xx.o [1]
  .text              ro code   0x801'1360       0x4  startup_stm32l433xx.o [1]
  .text              ro code   0x801'1364       0x4  startup_stm32l433xx.o [1]
  .text              ro code   0x801'1368       0x4  startup_stm32l433xx.o [1]
  .text              ro code   0x801'136c       0x4  startup_stm32l433xx.o [1]
  .text              ro code   0x801'1370       0x4  startup_stm32l433xx.o [1]
  .text              ro code   0x801'1374       0x4  startup_stm32l433xx.o [1]
  .text              ro code   0x801'1378       0x4  startup_stm32l433xx.o [1]
  .text              ro code   0x801'137c       0x4  startup_stm32l433xx.o [1]
  .text              ro code   0x801'1380       0x4  startup_stm32l433xx.o [1]
  .text              ro code   0x801'1384       0x4  startup_stm32l433xx.o [1]
  .text              ro code   0x801'1388       0x4  startup_stm32l433xx.o [1]
  .text              ro code   0x801'138c       0x4  startup_stm32l433xx.o [1]
  .text              ro code   0x801'1390       0x4  startup_stm32l433xx.o [1]
  .text              ro code   0x801'1394       0x4  startup_stm32l433xx.o [1]
  .text              ro code   0x801'1398       0x4  startup_stm32l433xx.o [1]
  .text              ro code   0x801'139c       0x4  startup_stm32l433xx.o [1]
  .text              ro code   0x801'13a0       0x4  startup_stm32l433xx.o [1]
  .text              ro code   0x801'13a4       0x4  startup_stm32l433xx.o [1]
  .text              ro code   0x801'13a8       0x4  startup_stm32l433xx.o [1]
  .text              ro code   0x801'13ac       0x4  startup_stm32l433xx.o [1]
  .text              ro code   0x801'13b0       0x4  startup_stm32l433xx.o [1]
  .text              ro code   0x801'13b4       0x4  startup_stm32l433xx.o [1]
  .text              ro code   0x801'13b8       0x4  startup_stm32l433xx.o [1]
  .text              ro code   0x801'13bc       0x4  startup_stm32l433xx.o [1]
  .text              ro code   0x801'13c0       0x4  startup_stm32l433xx.o [1]
  .text              ro code   0x801'13c4       0x4  startup_stm32l433xx.o [1]
  .text              ro code   0x801'13c8       0x4  startup_stm32l433xx.o [1]
  .text              ro code   0x801'13cc       0x4  startup_stm32l433xx.o [1]
  .text              ro code   0x801'13d0       0x4  startup_stm32l433xx.o [1]
  .text              ro code   0x801'13d4       0x4  startup_stm32l433xx.o [1]
  .text              ro code   0x801'13d8       0x4  startup_stm32l433xx.o [1]
  .text              ro code   0x801'13dc       0x4  startup_stm32l433xx.o [1]
  .text              ro code   0x801'13e0       0x4  startup_stm32l433xx.o [1]
  .text              ro code   0x801'13e4       0x4  startup_stm32l433xx.o [1]
  .text              ro code   0x801'13e8       0x4  startup_stm32l433xx.o [1]
  .text              ro code   0x801'13ec       0x4  startup_stm32l433xx.o [1]
  .text              ro code   0x801'13f0       0x4  startup_stm32l433xx.o [1]
  .text              ro code   0x801'13f4       0x4  startup_stm32l433xx.o [1]
  .text              ro code   0x801'13f8       0x4  startup_stm32l433xx.o [1]
  .text              ro code   0x801'13fc       0x4  startup_stm32l433xx.o [1]
  .text              ro code   0x801'1400       0x4  startup_stm32l433xx.o [1]
  .text              ro code   0x801'1404       0x4  startup_stm32l433xx.o [1]
  .text              ro code   0x801'1408       0x4  startup_stm32l433xx.o [1]
  .text              ro code   0x801'140c       0x4  startup_stm32l433xx.o [1]
  .text              ro code   0x801'1410       0x4  startup_stm32l433xx.o [1]
  .text              ro code   0x801'1414       0x4  startup_stm32l433xx.o [1]
  .text              ro code   0x801'1418       0x4  startup_stm32l433xx.o [1]
  .text              ro code   0x801'141c       0x4  startup_stm32l433xx.o [1]
  .text              ro code   0x801'1420       0x4  startup_stm32l433xx.o [1]
  .text              ro code   0x801'1424       0x4  startup_stm32l433xx.o [1]
  .text              ro code   0x801'1428       0x4  startup_stm32l433xx.o [1]
  .text              ro code   0x801'142c       0x4  startup_stm32l433xx.o [1]
  .text              ro code   0x801'1430       0x4  startup_stm32l433xx.o [1]
  .text              ro code   0x801'1434       0x4  startup_stm32l433xx.o [1]
  .text              ro code   0x801'1438       0x4  startup_stm32l433xx.o [1]
  .text              ro code   0x801'143c       0x4  startup_stm32l433xx.o [1]
  .text              ro code   0x801'1440       0x4  startup_stm32l433xx.o [1]
  .rodata            const     0x801'1444       0x0  zero_init3.o [4]
  .rodata            const     0x801'1444       0x0  lz77_init_single.o [4]
  Initializer bytes  const     0x801'1444     0x60f  <for P2-1>
                             - 0x801'1a53  0x1'18c7

"P2", part 1 of 3:                            0xe91
  P2-1                        0x2000'0000     0xe91  <Init block>
    .data            inited   0x2000'0000       0xc  button.o [1]
    .data            inited   0x2000'000c      0x70  lcd_display.o [1]
    .data            inited   0x2000'007c      0x80  lcd_display.o [1]
    .data            inited   0x2000'00fc       0x8  lcd_display.o [1]
    .data            inited   0x2000'0104       0x4  lcd_display.o [1]
    .data            inited   0x2000'0108      0x10  lcd_display.o [1]
    .data            inited   0x2000'0118      0x10  lcd_display.o [1]
    .data            inited   0x2000'0128      0x10  lcd_display.o [1]
    .data            inited   0x2000'0138      0x10  lcd_display.o [1]
    .data            inited   0x2000'0148      0x10  lcd_display.o [1]
    .data            inited   0x2000'0158       0x8  lcd_display.o [1]
    .data            inited   0x2000'0160     0x5d0  lcd_display.o [1]
    .data            inited   0x2000'0730       0x4  stm32l4xx_hal.o [1]
    .data            inited   0x2000'0734      0x20  stm32l4xx_hal_flash.o [1]
    .data            inited   0x2000'0754       0x4  system_stm32l4xx.o [1]
    .data            inited   0x2000'0758      0x70  user_app_comm.o [1]
    .data            inited   0x2000'07c8       0x8  user_app_comm.o [1]
    .data            inited   0x2000'07d0       0x8  user_app_comm.o [1]
    .data            inited   0x2000'07d8     0x12c  user_app_modbus_rtu.o [1]
    .data            inited   0x2000'0904      0x2c  user_app_modbus_rtu.o [1]
    .data            inited   0x2000'0930       0x8  user_app_modbus_rtu.o [1]
    .data            inited   0x2000'0938      0x40  user_app_rs485.o [1]
    .data            inited   0x2000'0978      0x90  user_app_sensor.o [1]
    .data            inited   0x2000'0a08       0x8  user_app_sensor.o [1]
    .data            inited   0x2000'0a10       0x4  user_app_sensor.o [1]
    .data            inited   0x2000'0a14       0x8  user_at_serial.o [1]
    .data            inited   0x2000'0a1c     0x420  user_at_serial.o [1]
    .data            inited   0x2000'0e3c       0x8  user_connect_sensor.o [1]
    .data            inited   0x2000'0e44       0x8  user_rs485.o [1]
    .data            inited   0x2000'0e4c       0x4  user_tiny_vsnprintf.o [1]
    .data            inited   0x2000'0e50       0x4  user_tiny_vsnprintf.o [1]
    .data            inited   0x2000'0e54      0x38  xlocale_c.o [2]
    .data            inited   0x2000'0e8c       0x2  user_app_modbus_rtu.o [1]
    .data            inited   0x2000'0e8e       0x1  lcd_display.o [1]
    .data            inited   0x2000'0e8f       0x1  stm32l4xx_hal.o [1]
    .data            inited   0x2000'0e90       0x1  user_util.o [1]
                            - 0x2000'0e91     0xe91

"P2", part 2 of 3:                           0x1e44
  .bss               zero     0x2000'0e94     0x4b0  user_app_comm.o [1]
  .bss               zero     0x2000'1344     0x400  glcd.o [1]
  .bss               zero     0x2000'1744     0x400  user_adv_trace.o [1]
  .bss               zero     0x2000'1b44     0x2e8  lcd_display.o [1]
  .bss               zero     0x2000'1e2c     0x200  user_adv_trace.o [1]
  .bss               zero     0x2000'202c     0x200  user_connect_sensor.o [1]
  .bss               zero     0x2000'222c     0x200  user_rs485.o [1]
  .bss               zero     0x2000'242c      0xbc  lcd_display.o [1]
  .bss               zero     0x2000'24e8      0x88  usart.o [1]
  .bss               zero     0x2000'2570      0x88  usart.o [1]
  .bss               zero     0x2000'25f8      0x88  usart.o [1]
  .bss               zero     0x2000'2680      0x80  user_app_modbus_rtu.o [1]
  .bss               zero     0x2000'2700      0x80  user_app_modbus_rtu.o [1]
  .bss               zero     0x2000'2780      0x80  user_app_modbus_rtu.o [1]
  .bss               zero     0x2000'2800      0x80  user_at_serial.o [1]
  .bss               zero     0x2000'2880      0x80  user_at_serial.o [1]
  .bss               zero     0x2000'2900      0x64  spi.o [1]
  .bss               zero     0x2000'2964      0x64  user_app_comm.o [1]
  .bss               zero     0x2000'29c8      0x48  usart.o [1]
  .bss               zero     0x2000'2a10      0x48  usart.o [1]
  .bss               zero     0x2000'2a58      0x48  usart.o [1]
  .bss               zero     0x2000'2aa0      0x48  user_app_sensor.o [1]
  .bss               zero     0x2000'2ae8      0x30  user_app_sensor.o [1]
  .bss               zero     0x2000'2b18      0x2c  user_rtc.o [1]
  .bss               zero     0x2000'2b44      0x28  user_app_sensor.o [1]
  .bss               zero     0x2000'2b6c      0x28  user_app_sensor.o [1]
  .bss               zero     0x2000'2b94      0x24  rtc.o [1]
  .bss               zero     0x2000'2bb8      0x1c  user_rtc.o [1]
  .bss               zero     0x2000'2bd4      0x18  button.o [1]
  .bss               zero     0x2000'2bec      0x18  user_adv_trace.o [1]
  .bss               zero     0x2000'2c04      0x18  user_app_comm.o [1]
  .bss               zero     0x2000'2c1c      0x10  lcd_display.o [1]
  .bss               zero     0x2000'2c2c      0x10  user_app_sensor.o [1]
  .bss               zero     0x2000'2c3c       0xc  text.o [1]
  .bss               zero     0x2000'2c48       0xc  user_app_sensor.o [1]
  .bss               zero     0x2000'2c54       0xc  user_app_sensor.o [1]
  .bss               zero     0x2000'2c60       0xc  user_util.o [1]
  .bss               zero     0x2000'2c6c       0x4  button.o [1]
  .bss               zero     0x2000'2c70       0x4  button.o [1]
  .bss               zero     0x2000'2c74       0x4  button.o [1]
  .bss               zero     0x2000'2c78       0x4  glcd.o [1]
  .bss               zero     0x2000'2c7c       0x4  glcd.o [1]
  .bss               zero     0x2000'2c80       0x4  glcd.o [1]
  .bss               zero     0x2000'2c84       0x4  lcd_display.o [1]
  .bss               zero     0x2000'2c88       0x4  stm32l4xx_hal.o [1]
  .bss               zero     0x2000'2c8c       0x4  stm32l4xx_it.o [1]
  .bss               zero     0x2000'2c90       0x4  user_app_comm.o [1]
  .bss               zero     0x2000'2c94       0x4  user_app_sensor.o [1]
  .bss               zero     0x2000'2c98       0x4  user_app_sensor.o [1]
  .bss               zero     0x2000'2c9c       0x4  user_app_sensor.o [1]
  .bss               zero     0x2000'2ca0       0x4  user_rtc.o [1]
  .bss               zero     0x2000'2ca4       0x4  user_timer.o [1]
  .bss               zero     0x2000'2ca8       0x4  user_util.o [1]
  .bss               zero     0x2000'2cac       0x4  user_util.o [1]
  .bss               zero     0x2000'2cb0       0x4  user_util.o [1]
  .bss               zero     0x2000'2cb4       0x4  xfail_s.o [2]
  .bss               zero     0x2000'2cb8       0x2  button.o [1]
  .bss               zero     0x2000'2cba       0x2  lcd_display.o [1]
  .bss               zero     0x2000'2cbc       0x2  user_app_comm.o [1]
  .bss               zero     0x2000'2cbe       0x2  user_app_comm.o [1]
  .bss               zero     0x2000'2cc0       0x2  user_app_sensor.o [1]
  .bss               zero     0x2000'2cc2       0x2  user_app_sensor.o [1]
  .bss               zero     0x2000'2cc4       0x2  user_uart.o [1]
  .bss               zero     0x2000'2cc6       0x1  button.o [1]
  .bss               zero     0x2000'2cc7       0x1  lcd_display.o [1]
  .bss               zero     0x2000'2cc8       0x1  lcd_display.o [1]
  .bss               zero     0x2000'2cc9       0x1  lcd_display.o [1]
  .bss               zero     0x2000'2cca       0x1  stm32l4xx_it.o [1]
  .bss               zero     0x2000'2ccb       0x1  user_app_comm.o [1]
  .bss               zero     0x2000'2ccc       0x1  user_app_comm.o [1]
  .bss               zero     0x2000'2ccd       0x1  user_app_rs485.o [1]
  .bss               zero     0x2000'2cce       0x1  user_app_sensor.o [1]
  .bss               zero     0x2000'2ccf       0x1  user_app_sensor.o [1]
  .bss               zero     0x2000'2cd0       0x1  user_app_sensor.o [1]
  .bss               zero     0x2000'2cd1       0x1  user_at_serial.o [1]
  .bss               zero     0x2000'2cd2       0x1  user_connect_sensor.o [1]
  .bss               zero     0x2000'2cd3       0x1  user_connect_sensor.o [1]
  .bss               zero     0x2000'2cd4       0x1  user_rs485.o [1]
  .bss               zero     0x2000'2cd5       0x1  user_rs485.o [1]
  .bss               zero     0x2000'2cd6       0x1  user_rtc.o [1]
  .bss               zero     0x2000'2cd7       0x1  user_uart.o [1]
                            - 0x2000'2cd8    0x1e44

"P2", part 3 of 3:                            0x400
  CSTACK                      0x2000'2cd8     0x400  <Block>
    CSTACK           uninit   0x2000'2cd8     0x400  <Block tail>
                            - 0x2000'30d8     0x400

Unused ranges:

         From           To      Size
         ----           --      ----
   0x801'1a53   0x803'ffff  0x2'e5ad
  0x2000'0e91  0x2000'0e93       0x3
  0x2000'30d8  0x2000'ffff    0xcf28


*******************************************************************************
*** INIT TABLE
***

          Address      Size
          -------      ----
Zero (__iar_zero_init3)
    1 destination range, total size 0x1e44:
          0x2000'0e94  0x1e44

Copy/lz77 (__iar_lz77_init_single3)
    1 source range, total size 0x60f (41% of destination):
           0x801'1444   0x60f
    1 destination range, total size 0xe91:
          0x2000'0000   0xe91



*******************************************************************************
*** MODULE SUMMARY
***

    Module                    ro code  ro data  rw data
    ------                    -------  -------  -------
command line/config:
    ---------------------------------------------------
    Total:

D:\Saoviet_Git\Saoviet_Envirotrack_M_TNMT\Project_Slave_Winmore_NH4\Project_Slave_Sensor_EnviroTrack\EWARM\Project_Slave_Sensor_EnviroTrack\Obj: [1]
    ST7565R.o                     348
    STM32L4.o                     176
    button.o                    9'504        4       51
    dma.o                          96
    event_driven.o                 84
    glcd.o                        272             1'036
    gpio.o                        464
    graphics.o                    512
    lcd_display.o               3'772    2'490    2'786
    main.o                        194
    onchipflash.o                 370
    rtc.o                         336                36
    spi.o                         200               100
    startup_stm32l433xx.o         648
    stm32l4xx_hal.o               208        1        9
    stm32l4xx_hal_cortex.o        404
    stm32l4xx_hal_dma.o         1'058
    stm32l4xx_hal_flash.o         440       14       32
    stm32l4xx_hal_flash_ex.o      160
    stm32l4xx_hal_gpio.o          896
    stm32l4xx_hal_msp.o            56
    stm32l4xx_hal_pwr_ex.o        148
    stm32l4xx_hal_rcc.o         2'556
    stm32l4xx_hal_rcc_ex.o      1'256
    stm32l4xx_hal_rtc.o         1'934
    stm32l4xx_hal_rtc_ex.o         74
    stm32l4xx_hal_spi.o         1'322
    stm32l4xx_hal_uart.o        4'044
    stm32l4xx_hal_uart_ex.o       114
    stm32l4xx_it.o                212                 5
    system_stm32l4xx.o             16       73        4
    text.o                        912                12
    text_tiny.o                   656
    unit_tests.o                   20    1'024
    usart.o                       924               624
    user_adv_trace.o              570             1'560
    user_app_comm.o             1'200      138    1'462
    user_app_modbus_rtu.o       2'764      163      738
    user_app_rs485.o              384       27       65
    user_app_sensor.o           8'184      673      415
    user_at_serial.o              476    1'382    1'321
    user_connect_sensor.o         116        3      522
    user_convert_variable.o     1'036
    user_modbus_rtu.o             848
    user_rs485.o                  112        4      522
    user_rtc.o                    936      100       77
    user_string.o                 486
    user_time.o                    88
    user_timer.o                  784                 4
    user_tiny_vsnprintf.o         848       91        8
    user_uart.o                   296       28        3
    user_util.o                   540        9       25
    ---------------------------------------------------
    Total:                     54'054    6'224   11'417

dl7M_tlf.a: [2]
    abort.o                         6
    abs.o                           8
    exit.o                          4
    low_level_init.o                4
    sprintf.o                      64
    xfail_s.o                      64                 4
    xlocale_c.o                     8       26       56
    xprintffull_nomb.o          4'038        8
    xsprout.o                      10
    ---------------------------------------------------
    Total:                      4'206       34       60

m7M_tls.a: [3]
    DblAdd.o                      378
    DblCmpEq.o                     32
    DblCmpGe.o                     46
    DblCmpLe.o                     46
    DblDiv.o                      582
    DblMul.o                      418
    DblSub.o                      226
    DblToFlt.o                    104
    DblToS32.o                     58
    DblToU32.o                     40
    FltToDbl.o                     72
    S32ToDbl.o                     34
    U32ToDbl.o                     26
    fpinit_M.o                     34
    frexp.o                       112
    iar_Exp64.o                 1'000
    ldexp.o                       314
    math_wrappers64.o              22
    pow64.o                     1'772    1'056
    ---------------------------------------------------
    Total:                      5'316    1'056

rt7M_tl.a: [4]
    ABImemcpy.o                   166
    ABImemset.o                   102
    I64DivMod.o                   560
    I64DivZer.o                     2
    cexit.o                        10
    cmain.o                        30
    cstartup_M.o                   12
    data_init.o                    40
    lz77_init_single.o            120
    memchr.o                       88
    memset.o                       20
    strchr.o                       22
    strlen.o                       54
    zero_init3.o                   58
    ---------------------------------------------------
    Total:                      1'284

shb_l.a: [5]
    exit.o                         20
    ---------------------------------------------------
    Total:                         20

    Gaps                           41        8
    Linker created                          32    1'024
-------------------------------------------------------
    Grand Total:               64'921    7'354   12'501


*******************************************************************************
*** ENTRY LIST
***

Entry                       Address    Size  Type      Object
-----                       -------    ----  ----      ------
.iar.init_table$$Base    0x801'0af4           --   Gb  - Linker created -
.iar.init_table$$Limit   0x801'0b14           --   Gb  - Linker created -
?main                    0x801'0b35          Code  Gb  cmain.o [4]
ADV_TRACE_Buffer        0x2000'1744   0x400  Data  Lc  user_adv_trace.o [1]
ADV_TRACE_Ctx           0x2000'2bec    0x18  Data  Lc  user_adv_trace.o [1]
AHBPrescTable            0x801'0d04    0x10  Data  Gb  system_stm32l4xx.o [1]
APBPrescTable            0x801'12cc     0x8  Data  Gb  system_stm32l4xx.o [1]
AT_CMD_Get_BR_Slave      0x800'5551    0x5a  Code  Gb  user_app_sensor.o [1]
AT_CMD_Get_Calib_Nh4     0x800'56a1   0x23c  Code  Gb  user_app_sensor.o [1]
AT_CMD_Get_ID_Slave      0x800'5425    0x5a  Code  Gb  user_app_sensor.o [1]
AT_CMD_Reset_Slave       0x800'536d    0x4a  Code  Gb  user_app_sensor.o [1]
AT_CMD_Restore_Slave     0x800'53c5    0x60  Code  Gb  user_app_sensor.o [1]
AT_CMD_Set_BR_Slave      0x800'55ab    0xa0  Code  Gb  user_app_sensor.o [1]
AT_CMD_Set_ID_Slave      0x800'54a9    0xa2  Code  Gb  user_app_sensor.o [1]
AppComm_DBG_Init_RX_Mode
                         0x800'dd05    0x1e  Code  Gb  user_app_comm.o [1]
AppComm_DBG_Init_Uart    0x800'dcfd     0x8  Code  Gb  user_app_comm.o [1]
AppComm_DBG_Rx_Callback
                         0x800'dd2b   0x176  Code  Gb  user_app_comm.o [1]
AppComm_DBG_Stop_RX_Mode
                         0x800'dd29     0x2  Code  Gb  user_app_comm.o [1]
AppComm_Get_Reset_Source
                         0x800'dcc5    0x38  Code  Gb  user_app_comm.o [1]
AppComm_IRQ_Timer_CallBack
                         0x800'dc85     0xc  Code  Gb  user_app_comm.o [1]
AppComm_Init             0x800'dbc5    0x20  Code  Gb  user_app_comm.o [1]
AppComm_Set_Next_TxTimer
                         0x800'dcab     0x2  Code  Gb  user_app_comm.o [1]
AppComm_Task             0x800'dbe5    0x9e  Code  Gb  user_app_comm.o [1]
AppComm_Uart_Debug_Send
                         0x800'dcad    0x18  Code  Lc  user_app_comm.o [1]
AppRs485_Task            0x800'f0c1    0x84  Code  Gb  user_app_rs485.o [1]
AppSensor_Task           0x800'592d    0x84  Code  Gb  user_app_sensor.o [1]
BUTTON_Down_Process      0x800'19a1   0x488  Code  Gb  button.o [1]
BUTTON_ESC_Process       0x800'1e39   0x830  Code  Gb  button.o [1]
BUTTON_Enter_Process     0x800'02ed  0x1232  Code  Gb  button.o [1]
BUTTON_Process           0x800'018d    0x32  Code  Gb  button.o [1]
BUTTON_Up_Process        0x800'1531   0x456  Code  Gb  button.o [1]
BUTTON_scan              0x800'01bf   0x116  Code  Gb  button.o [1]
BUTTON_scan::block_time
                        0x2000'2cb8     0x2  Data  Lc  button.o [1]
BUTTON_scan::hold       0x2000'2c6c     0x4  Data  Lc  button.o [1]
BUTTON_scan::last_value
                        0x2000'2cc6     0x1  Data  Lc  button.o [1]
BusFault_Handler         0x801'0837     0x2  Code  Gb  stm32l4xx_it.o [1]
Button_B_Const_f        0x2000'2c74     0x4  Data  Gb  button.o [1]
Button_K_Const_f        0x2000'2c70     0x4  Data  Gb  button.o [1]
CSTACK$$Base            0x2000'2cd8           --   Gb  - Linker created -
CSTACK$$Limit           0x2000'30d8           --   Gb  - Linker created -
Cal_Calib_NH4            0x800'468d    0x38  Code  Gb  user_app_sensor.o [1]
Cal_Time                 0x800'2a4b    0x12  Code  Gb  user_util.o [1]
Calculator_Scale         0x800'65c9    0x54  Code  Gb  user_convert_variable.o [1]
CheckList_AT_CONFIG     0x2000'0a1c   0x420  Data  Gb  user_at_serial.o [1]
Check_Time_Out           0x800'2a2d    0x1e  Code  Gb  user_util.o [1]
Convert_Point_Int_To_String
                         0x800'661d    0xce  Code  Gb  user_convert_variable.o [1]
Convert_Point_Int_To_String_Scale
                         0x800'66eb    0xea  Code  Gb  user_convert_variable.o [1]
Convert_Scale            0x800'2b9d    0x5c  Code  Gb  user_util.o [1]
Convert_String_To_Dec    0x800'6945    0x5c  Code  Gb  user_convert_variable.o [1]
Convert_uint32Hex_To_Float
                         0x800'6801   0x144  Code  Gb  user_convert_variable.o [1]
CountBufferHandleRecvSS
                        0x2000'2cc0     0x2  Data  Gb  user_app_sensor.o [1]
DMA1_Channel3_IRQHandler
                         0x801'0891     0xa  Code  Gb  stm32l4xx_it.o [1]
DMA1_Channel5_IRQHandler
                         0x801'089b     0xa  Code  Gb  stm32l4xx_it.o [1]
DMA2_Channel7_IRQHandler
                         0x801'08c3     0xa  Code  Gb  stm32l4xx_it.o [1]
DMA_SetConfig            0x800'be81    0x32  Code  Lc  stm32l4xx_hal_dma.o [1]
DaysInMonth              0x801'1238     0xc  Data  Lc  user_rtc.o [1]
DaysInMonthLeapYear      0x801'1244     0xc  Data  Lc  user_rtc.o [1]
DebugMon_Handler         0x801'083d     0x2  Code  Gb  stm32l4xx_it.o [1]
Display_Check_Password   0x800'39a7    0x2e  Code  Gb  lcd_display.o [1]
Display_Check_Toggle     0x800'3815    0xac  Code  Gb  lcd_display.o [1]
Display_Check_Toggle::Hide
                        0x2000'242c    0xbc  Data  Lc  lcd_display.o [1]
Display_Check_Toggle::LandMarkToggle_u32
                        0x2000'1b44   0x2e8  Data  Lc  lcd_display.o [1]
Display_Init             0x800'2c49   0x1ac  Code  Gb  lcd_display.o [1]
Display_Set_Screen       0x800'3971    0x36  Code  Gb  lcd_display.o [1]
Display_Set_Screen_Flag
                         0x800'3925    0x46  Code  Gb  lcd_display.o [1]
Display_Show_Oject       0x800'3475   0x3a0  Code  Gb  lcd_display.o [1]
Display_Show_Screen      0x800'38c5    0x52  Code  Gb  lcd_display.o [1]
Display_Show_State_Sensor_Network
                         0x800'39e9    0x34  Code  Gb  lcd_display.o [1]
Display_Show_State_Setting
                         0x800'3a21    0x5c  Code  Gb  lcd_display.o [1]
Display_Show_Static_Param
                         0x800'39d5    0x14  Code  Gb  lcd_display.o [1]
Display_Task             0x800'2df5    0x7e  Code  Gb  lcd_display.o [1]
Error_Handler            0x800'b591     0x4  Code  Gb  main.o [1]
FLASH_FlushCaches        0x800'cdc7    0x6a  Code  Gb  stm32l4xx_hal_flash_ex.o [1]
FLASH_PageErase          0x800'cd9d    0x2a  Code  Gb  stm32l4xx_hal_flash_ex.o [1]
FLASH_Program_DoubleWord
                         0x800'cd2b    0x1a  Code  Lc  stm32l4xx_hal_flash.o [1]
FLASH_Program_Fast       0x800'cd45    0x32  Code  Lc  stm32l4xx_hal_flash.o [1]
FLASH_WaitForLastOperation
                         0x800'ccc5    0x66  Code  Gb  stm32l4xx_hal_flash.o [1]
Filter_Temp              0x800'44f9     0x2  Code  Gb  user_app_sensor.o [1]
Filter_pH                0x800'4439    0xc0  Code  Gb  user_app_sensor.o [1]
Filter_pH::P            0x2000'0a10     0x4  Data  Lc  user_app_sensor.o [1]
Filter_pH::x_est        0x2000'2c98     0x4  Data  Lc  user_app_sensor.o [1]
Filter_pH::x_est_last   0x2000'2c9c     0x4  Data  Lc  user_app_sensor.o [1]
Find_String_V2           0x800'f877   0x130  Code  Gb  user_string.o [1]
Find_str_fix             0x800'f9c9    0x94  Code  Gb  user_string.o [1]
Flag_gettick            0x2000'2cca     0x1  Data  Gb  stm32l4xx_it.o [1]
Font5x7                  0x801'04f0   0x214  Data  Lc  lcd_display.o [1]
Get_RTC                  0x800'ef91    0x4e  Code  Gb  user_time.o [1]
HAL_DMA_Abort            0x800'bcdd    0x54  Code  Gb  stm32l4xx_hal_dma.o [1]
HAL_DMA_Abort_IT         0x800'bd31    0x5e  Code  Gb  stm32l4xx_hal_dma.o [1]
HAL_DMA_DeInit           0x800'bb71    0xb8  Code  Gb  stm32l4xx_hal_dma.o [1]
HAL_DMA_IRQHandler       0x800'bd8f    0xf2  Code  Gb  stm32l4xx_hal_dma.o [1]
HAL_DMA_Init             0x800'ba91    0xe0  Code  Gb  stm32l4xx_hal_dma.o [1]
HAL_DMA_Start_IT         0x800'bc45    0x98  Code  Gb  stm32l4xx_hal_dma.o [1]
HAL_Delay                0x800'8155    0x28  Code  Wk  stm32l4xx_hal.o [1]
HAL_FLASH_Lock           0x800'ccb7     0xe  Code  Gb  stm32l4xx_hal_flash.o [1]
HAL_FLASH_Program        0x800'cbe5    0xb0  Code  Gb  stm32l4xx_hal_flash.o [1]
HAL_FLASH_Unlock         0x800'cc95    0x22  Code  Gb  stm32l4xx_hal_flash.o [1]
HAL_GPIO_DeInit          0x800'286f   0x166  Code  Gb  stm32l4xx_hal_gpio.o [1]
HAL_GPIO_Init            0x800'26ad   0x1c2  Code  Gb  stm32l4xx_hal_gpio.o [1]
HAL_GPIO_ReadPin         0x800'29d5    0x16  Code  Gb  stm32l4xx_hal_gpio.o [1]
HAL_GPIO_WritePin        0x800'29eb    0x18  Code  Gb  stm32l4xx_hal_gpio.o [1]
HAL_GetTick              0x800'6e8d     0xc  Code  Wk  stm32l4xx_hal.o [1]
HAL_IncTick              0x801'0905    0x18  Code  Wk  stm32l4xx_hal.o [1]
HAL_Init                 0x800'd6e1    0x24  Code  Gb  stm32l4xx_hal.o [1]
HAL_InitTick             0x800'e275    0x60  Code  Wk  stm32l4xx_hal.o [1]
HAL_MspInit              0x800'e2dd    0x38  Code  Gb  stm32l4xx_hal_msp.o [1]
HAL_NVIC_DisableIRQ      0x800'c00b     0xe  Code  Gb  stm32l4xx_hal_cortex.o [1]
HAL_NVIC_EnableIRQ       0x800'bffd     0xe  Code  Gb  stm32l4xx_hal_cortex.o [1]
HAL_NVIC_SetPriority     0x800'bfd3    0x2a  Code  Gb  stm32l4xx_hal_cortex.o [1]
HAL_NVIC_SetPriorityGrouping
                         0x800'bfc7     0xc  Code  Gb  stm32l4xx_hal_cortex.o [1]
HAL_PWREx_ControlVoltageScaling
                         0x800'df41    0x76  Code  Gb  stm32l4xx_hal_pwr_ex.o [1]
HAL_PWREx_GetVoltageRange
                         0x800'df35     0xc  Code  Gb  stm32l4xx_hal_pwr_ex.o [1]
HAL_RCCEx_PeriphCLKConfig
                         0x800'b5a9   0x34c  Code  Gb  stm32l4xx_hal_rcc_ex.o [1]
HAL_RCC_ClockConfig      0x800'c86d   0x17a  Code  Gb  stm32l4xx_hal_rcc.o [1]
HAL_RCC_GetHCLKFreq      0x800'cabb     0x6  Code  Gb  stm32l4xx_hal_rcc.o [1]
HAL_RCC_GetPCLK1Freq     0x800'cac1    0x1a  Code  Gb  stm32l4xx_hal_rcc.o [1]
HAL_RCC_GetPCLK2Freq     0x800'cadb    0x1a  Code  Gb  stm32l4xx_hal_rcc.o [1]
HAL_RCC_GetResetSource   0x800'cb05    0x12  Code  Gb  stm32l4xx_hal_rcc.o [1]
HAL_RCC_GetSysClockFreq
                         0x800'c9e7    0xd4  Code  Gb  stm32l4xx_hal_rcc.o [1]
HAL_RCC_OscConfig        0x800'c1e5   0x688  Code  Gb  stm32l4xx_hal_rcc.o [1]
HAL_RTCEx_AlarmBEventCallback
                         0x800'f875     0x2  Code  Wk  stm32l4xx_hal_rtc_ex.o [1]
HAL_RTCEx_EnableBypassShadow
                         0x800'fa5d    0x48  Code  Gb  stm32l4xx_hal_rtc_ex.o [1]
HAL_RTC_AlarmAEventCallback
                         0x800'f5dd     0xc  Code  Gb  user_rtc.o [1]
HAL_RTC_AlarmIRQHandler
                         0x800'e919    0x60  Code  Gb  stm32l4xx_hal_rtc.o [1]
HAL_RTC_DeactivateAlarm
                         0x800'e83f    0xda  Code  Gb  stm32l4xx_hal_rtc.o [1]
HAL_RTC_GetDate          0x800'e607    0x52  Code  Gb  stm32l4xx_hal_rtc.o [1]
HAL_RTC_GetTime          0x800'e4d5    0x66  Code  Gb  stm32l4xx_hal_rtc.o [1]
HAL_RTC_Init             0x800'e315    0xca  Code  Gb  stm32l4xx_hal_rtc.o [1]
HAL_RTC_MspInit          0x800'da29    0x50  Code  Gb  rtc.o [1]
HAL_RTC_SetAlarm_IT      0x800'e659   0x1e6  Code  Gb  stm32l4xx_hal_rtc.o [1]
HAL_RTC_SetDate          0x800'e53b    0xcc  Code  Gb  stm32l4xx_hal_rtc.o [1]
HAL_RTC_SetTime          0x800'e3df    0xf6  Code  Gb  stm32l4xx_hal_rtc.o [1]
HAL_RTC_WaitForSynchro   0x800'e979    0x2e  Code  Gb  stm32l4xx_hal_rtc.o [1]
HAL_SPI_Init             0x800'afa1    0xf8  Code  Gb  stm32l4xx_hal_spi.o [1]
HAL_SPI_MspInit          0x800'd669    0x62  Code  Gb  spi.o [1]
HAL_SPI_Transmit         0x800'b099   0x1fe  Code  Gb  stm32l4xx_hal_spi.o [1]
HAL_SYSTICK_Config       0x800'c019     0xc  Code  Gb  stm32l4xx_hal_cortex.o [1]
HAL_UARTEx_ReceiveToIdle_DMA
                         0x800'c171    0x70  Code  Gb  stm32l4xx_hal_uart_ex.o [1]
HAL_UARTEx_RxEventCallback
                         0x800'c07f    0x3e  Code  Gb  user_uart.o [1]
HAL_UARTEx_WakeupCallback
                         0x800'c1e1     0x2  Code  Wk  stm32l4xx_hal_uart_ex.o [1]
HAL_UART_ErrorCallback   0x800'c0bd    0x3e  Code  Gb  user_uart.o [1]
HAL_UART_IRQHandler      0x800'8321   0x35c  Code  Gb  stm32l4xx_hal_uart.o [1]
HAL_UART_Init            0x800'817d    0x7a  Code  Gb  stm32l4xx_hal_uart.o [1]
HAL_UART_MspDeInit       0x800'8019    0x80  Code  Gb  usart.o [1]
HAL_UART_MspInit         0x800'7df5   0x224  Code  Gb  usart.o [1]
HAL_UART_Receive_IT      0x800'82c3    0x5e  Code  Gb  stm32l4xx_hal_uart.o [1]
HAL_UART_RxCpltCallback
                         0x800'c049    0x36  Code  Gb  user_uart.o [1]
HAL_UART_Transmit        0x800'81f7    0xcc  Code  Gb  stm32l4xx_hal_uart.o [1]
Handle_Data_Measure      0x800'3e69   0x112  Code  Gb  user_app_sensor.o [1]
Handle_Data_Recv_SS_pH   0x800'40e9   0x152  Code  Gb  user_app_sensor.o [1]
Handle_Data_Recv_Sensor
                         0x800'3f8d    0x20  Code  Gb  user_app_sensor.o [1]
Handle_Data_Trans_SS_pH
                         0x800'3fc1   0x120  Code  Gb  user_app_sensor.o [1]
Handle_Data_Trans_Sensor
                         0x800'3f7b    0x12  Code  Gb  user_app_sensor.o [1]
Handle_Float_To_hexUint32
                         0x800'69b1    0x24  Code  Gb  user_convert_variable.o [1]
Handle_State_SS_pH       0x800'423b    0x88  Code  Gb  user_app_sensor.o [1]
Handle_State_Sensor      0x800'3fad    0x14  Code  Gb  user_app_sensor.o [1]
HardFault_Handler        0x801'0833     0x2  Code  Gb  stm32l4xx_it.o [1]
IndexUartError          0x2000'2cd7     0x1  Data  Lc  user_uart.o [1]
Init_AppRs485            0x800'f0ab    0x16  Code  Gb  user_app_rs485.o [1]
Init_AppSensor           0x800'58dd    0x48  Code  Gb  user_app_sensor.o [1]
Init_CalibNH4            0x800'5075   0x2e4  Code  Gb  user_app_sensor.o [1]
Init_InforSlaveModbusRTU
                         0x800'61eb    0x30  Code  Gb  user_app_modbus_rtu.o [1]
Init_MeasureRange        0x800'4b19   0x118  Code  Gb  user_app_sensor.o [1]
Init_ParamCalib          0x800'4799    0x96  Code  Gb  user_app_sensor.o [1]
Init_TempAlarm           0x800'4909    0xa2  Code  Gb  user_app_sensor.o [1]
Init_UartRs485           0x800'f06d    0x3e  Code  Gb  user_app_rs485.o [1]
Insert_String_To_String
                         0x800'67d5    0x2a  Code  Gb  user_convert_variable.o [1]
Kind_Trans_Calib        0x2000'2cce     0x1  Data  Gb  user_app_sensor.o [1]
LPUART1_IRQHandler       0x801'08cd     0xa  Code  Gb  stm32l4xx_it.o [1]
Liberation_Sans15x21_Numbers
                         0x801'02c8   0x228  Data  Lc  lcd_display.o [1]
MSIRangeTable            0x801'09fc    0x30  Data  Gb  system_stm32l4xx.o [1]
MX_DMA_Init              0x800'd8d5    0x60  Code  Gb  dma.o [1]
MX_GPIO_Init             0x800'd705   0x1d0  Code  Gb  gpio.o [1]
MX_LPUART1_UART_Init     0x800'7d45    0x38  Code  Gb  usart.o [1]
MX_RTC_Init              0x800'd935    0xf4  Code  Gb  rtc.o [1]
MX_SPI2_Init             0x800'd619    0x50  Code  Gb  spi.o [1]
MX_USART1_UART_Init      0x800'7d7d    0x3c  Code  Gb  usart.o [1]
MX_USART3_UART_Init      0x800'7db9    0x3c  Code  Gb  usart.o [1]
Main_Task                0x800'db89    0x3c  Code  Gb  user_app_comm.o [1]
MemManage_Handler        0x801'0835     0x2  Code  Gb  stm32l4xx_it.o [1]
ModRTU_CRC               0x800'79f5    0x3c  Code  Gb  user_modbus_rtu.o [1]
ModRTU_Master_Read_Frame
                         0x800'7a31    0x9c  Code  Gb  user_modbus_rtu.o [1]
ModRTU_Master_Write_Frame
                         0x800'7acd    0xe8  Code  Gb  user_modbus_rtu.o [1]
ModRTU_Slave_ACK_Read_Frame
                         0x800'7bb5    0xa2  Code  Gb  user_modbus_rtu.o [1]
ModRTU_Slave_ACK_Write_Frame
                         0x800'7c57    0xee  Code  Gb  user_modbus_rtu.o [1]
Modem_Check_AT           0x800'edb5   0x1dc  Code  Gb  user_at_serial.o [1]
Modem_Check_RTU          0x800'621b   0x37e  Code  Gb  user_app_modbus_rtu.o [1]
NMI_Handler              0x801'0831     0x2  Code  Gb  stm32l4xx_it.o [1]
NONE_Register_CallBack   0x800'5afd     0x6  Code  Gb  user_app_modbus_rtu.o [1]
NVIC_EncodePriority      0x800'bf57    0x40  Code  Lc  stm32l4xx_hal_cortex.o [1]
OldPosDMADebug          0x2000'2cbc     0x2  Data  Lc  user_app_comm.o [1]
On_Speaker               0x800'30c9    0x24  Code  Gb  lcd_display.o [1]
OnchipFlashPageErase     0x800'91d1    0x5a  Code  Gb  onchipflash.o [1]
OnchipFlashWriteData     0x800'9145    0x8c  Code  Gb  onchipflash.o [1]
PendSV_Handler           0x801'083f     0x2  Code  Gb  stm32l4xx_it.o [1]
PortConfig              0x2000'2cd1     0x1  Data  Gb  user_at_serial.o [1]
RC                       0x800'f9a7    0x22  Code  Gb  user_string.o [1]
RCCEx_PLLSAI1_Config     0x800'b909   0x16e  Code  Lc  stm32l4xx_hal_rcc_ex.o [1]
RCC_SetFlashLatencyFromMSIRange
                         0x800'cb1d    0x8a  Code  Lc  stm32l4xx_hal_rcc.o [1]
RS485SS_Init_Data        0x800'80e1    0x10  Code  Gb  user_connect_sensor.o [1]
RS485SS_Init_RX_Mode     0x800'80f1    0x1e  Code  Gb  user_connect_sensor.o [1]
RS485SS_Rx_Callback      0x800'8111    0x34  Code  Gb  user_connect_sensor.o [1]
RS485SS_Stop_RX_Mode     0x800'810f     0x2  Code  Gb  user_connect_sensor.o [1]
RS485_Done_Calib         0x800'44fb    0x1a  Code  Gb  user_app_sensor.o [1]
RS485_Enter_Calib        0x800'4515    0x1e  Code  Gb  user_app_sensor.o [1]
RS485_Init_RX_Mode       0x800'dfc9    0x1e  Code  Gb  user_rs485.o [1]
RS485_LogData_Calib_NH4
                         0x800'4539    0x7e  Code  Gb  user_app_sensor.o [1]
RS485_Rx_Callback        0x800'dfe9    0x3c  Code  Gb  user_rs485.o [1]
RS485_Stop_RX_Mode       0x800'dfe7     0x2  Code  Gb  user_rs485.o [1]
RTC_AlarmStructure      0x2000'2b18    0x2c  Data  Lc  user_rtc.o [1]
RTC_Alarm_IRQHandler     0x801'08b9     0xa  Code  Gb  stm32l4xx_it.o [1]
RTC_Bcd2ToByte           0x800'ea8d    0x16  Code  Gb  stm32l4xx_hal_rtc.o [1]
RTC_ByteToBcd2           0x800'ea71    0x1c  Code  Gb  stm32l4xx_hal_rtc.o [1]
RTC_EnterInitMode        0x800'e9a7    0x4c  Code  Gb  stm32l4xx_hal_rtc.o [1]
RTC_ExitInitMode         0x800'e9f3    0x58  Code  Gb  stm32l4xx_hal_rtc.o [1]
RTC_GetCalendarValue     0x800'f7af    0x90  Code  Lc  user_rtc.o [1]
RTC_IF_Convert_Tick2ms   0x800'f5cd    0x10  Code  Gb  user_rtc.o [1]
RTC_IF_Convert_ms2Tick   0x800'f5bb    0x12  Code  Gb  user_rtc.o [1]
RTC_IF_GetMinimumTimeout
                         0x800'f5b7     0x4  Code  Gb  user_rtc.o [1]
RTC_IF_GetTimerContext   0x800'f57b     0x8  Code  Gb  user_rtc.o [1]
RTC_IF_GetTimerElapsedTime
                         0x800'f583    0x16  Code  Gb  user_rtc.o [1]
RTC_IF_GetTimerValue     0x800'f599    0x1e  Code  Gb  user_rtc.o [1]
RTC_IF_Init              0x800'f505    0x30  Code  Gb  user_rtc.o [1]
RTC_IF_SetTimerContext   0x800'f565    0x16  Code  Gb  user_rtc.o [1]
RTC_IF_StartTimer        0x800'f535     0xe  Code  Gb  user_rtc.o [1]
RTC_IF_StopTimer         0x800'f543    0x22  Code  Gb  user_rtc.o [1]
RTC_Initalized          0x2000'2cd6     0x1  Data  Lc  user_rtc.o [1]
RTC_StartWakeUpAlarm     0x800'f5e9   0x1c6  Code  Lc  user_rtc.o [1]
ReInit_Rx_Mode_Uart_Error
                         0x800'c0fb    0x5a  Code  Gb  user_uart.o [1]
Read_Register_Rs485_NH4
                         0x800'45c9    0x66  Code  Gb  user_app_sensor.o [1]
Region$$Table$$Base      0x801'0af4           --   Gb  - Linker created -
Region$$Table$$Limit     0x801'0b14           --   Gb  - Linker created -
Reset_Buff               0x800'2abd    0x24  Code  Gb  user_util.o [1]
Rs485SSStatus_u8        0x2000'2cd3     0x1  Data  Gb  user_connect_sensor.o [1]
Rs485Status_u8          0x2000'2cd5     0x1  Data  Gb  user_rs485.o [1]
RtCountSystick_u32      0x2000'2ca8     0x4  Data  Gb  user_util.o [1]
RtcTimerContext         0x2000'2bb8    0x1c  Data  Lc  user_rtc.o [1]
SPI_EndRxTxTransaction   0x800'b461    0x6a  Code  Lc  stm32l4xx_hal_spi.o [1]
SPI_WaitFifoStateUntilTimeout
                         0x800'b36f    0xee  Code  Lc  stm32l4xx_hal_spi.o [1]
SPI_WaitFlagStateUntilTimeout
                         0x800'b297    0xd8  Code  Lc  stm32l4xx_hal_spi.o [1]
SVC_Handler              0x801'083b     0x2  Code  Gb  stm32l4xx_it.o [1]
Save_Array               0x800'9231    0x86  Code  Gb  onchipflash.o [1]
Save_CalibNH4            0x800'4c51   0x40a  Code  Gb  user_app_sensor.o [1]
Save_InforSlaveModbusRTU
                         0x800'61a7    0x44  Code  Gb  user_app_modbus_rtu.o [1]
Save_MeasureRange        0x800'49ab   0x162  Code  Gb  user_app_sensor.o [1]
Save_ParamCalib          0x800'46d1    0xba  Code  Gb  user_app_sensor.o [1]
Save_TempAlarm           0x800'4835    0xce  Code  Gb  user_app_sensor.o [1]
Send_RS458_Master        0x800'616f    0x38  Code  Gb  user_app_modbus_rtu.o [1]
Send_RS458_Sensor        0x800'462f    0x40  Code  Gb  user_app_sensor.o [1]
SysApp_Init              0x800'db41     0xc  Code  Gb  user_app_comm.o [1]
SysApp_Setting           0x800'db4d    0x3c  Code  Gb  user_app_comm.o [1]
SysTick_Config           0x800'bf97    0x30  Code  Lc  stm32l4xx_hal_cortex.o [1]
SysTick_Handler          0x801'0841    0x50  Code  Gb  stm32l4xx_it.o [1]
SystemClock_Config       0x800'b4ff    0x92  Code  Gb  main.o [1]
SystemCoreClock         0x2000'0754     0x4  Data  Gb  system_stm32l4xx.o [1]
SystemInit               0x801'0f05     0xc  Code  Gb  system_stm32l4xx.o [1]
TRACE_AllocateBufer      0x800'e199    0xa2  Code  Lc  user_adv_trace.o [1]
TRACE_IsLocked           0x800'e24f    0x10  Code  Lc  user_adv_trace.o [1]
TRACE_Lock               0x800'e23b     0xa  Code  Lc  user_adv_trace.o [1]
TRACE_Send               0x800'e113    0x84  Code  Lc  user_adv_trace.o [1]
TRACE_UnLock             0x800'e245     0xa  Code  Lc  user_adv_trace.o [1]
TimerExists              0x800'ed1d    0x1a  Code  Gb  user_timer.o [1]
TimerInsertNewHeadTimer
                         0x800'ed91    0x1c  Code  Gb  user_timer.o [1]
TimerInsertTimer         0x800'ed63    0x2e  Code  Gb  user_timer.o [1]
TimerListHead           0x2000'2ca4     0x4  Data  Lc  user_timer.o [1]
TimerSetTimeout          0x800'ed37    0x2c  Code  Gb  user_timer.o [1]
TimerTx                 0x2000'2c04    0x18  Data  Lc  user_app_comm.o [1]
TxCpltCallback          0x2000'2c90     0x4  Data  Lc  user_app_comm.o [1]
UART_AdvFeatureConfig    0x800'8979    0xda  Code  Gb  stm32l4xx_hal_uart.o [1]
UART_CheckIdleState      0x800'8a53    0xd2  Code  Gb  stm32l4xx_hal_uart.o [1]
UART_DMAAbortOnError     0x800'8f05    0x1a  Code  Lc  stm32l4xx_hal_uart.o [1]
UART_DMAError            0x800'8eb5    0x50  Code  Lc  stm32l4xx_hal_uart.o [1]
UART_DMAReceiveCplt      0x800'8de9    0xa2  Code  Lc  stm32l4xx_hal_uart.o [1]
UART_DMARxHalfCplt       0x800'8e8d    0x28  Code  Lc  stm32l4xx_hal_uart.o [1]
UART_EndRxTransfer       0x800'8d8b    0x5e  Code  Lc  stm32l4xx_hal_uart.o [1]
UART_EndTransmit_IT      0x800'8f1f    0x2a  Code  Lc  stm32l4xx_hal_uart.o [1]
UART_EndTxTransfer       0x800'8d6f    0x1c  Code  Lc  stm32l4xx_hal_uart.o [1]
UART_RxISR_16BIT         0x800'903d    0xee  Code  Lc  stm32l4xx_hal_uart.o [1]
UART_RxISR_8BIT          0x800'8f49    0xec  Code  Lc  stm32l4xx_hal_uart.o [1]
UART_SetConfig           0x800'8681   0x2ec  Code  Gb  stm32l4xx_hal_uart.o [1]
UART_Start_Receive_DMA   0x800'8cb3    0xbc  Code  Gb  stm32l4xx_hal_uart.o [1]
UART_Start_Receive_IT    0x800'8bc3    0xf0  Code  Gb  stm32l4xx_hal_uart.o [1]
UART_WaitOnFlagUntilTimeout
                         0x800'8b25    0x9e  Code  Gb  stm32l4xx_hal_uart.o [1]
USART1_IRQHandler        0x801'08a5     0xa  Code  Gb  stm32l4xx_it.o [1]
USART3_IRQHandler        0x801'08af     0xa  Code  Gb  stm32l4xx_it.o [1]
UTIL_ADV_TRACE_COND_FSend
                         0x800'e039    0xda  Code  Gb  user_adv_trace.o [1]
UTIL_Log_Str             0x800'2b41    0x36  Code  Gb  user_util.o [1]
UTIL_MEM_cpy             0x800'2b7d    0x1e  Code  Gb  user_util.o [1]
UTIL_MEM_set             0x800'2ae1    0x18  Code  Gb  user_util.o [1]
UTIL_Printf              0x800'2af9    0x2c  Code  Gb  user_util.o [1]
UTIL_Printf_Str          0x800'2b25    0x1c  Code  Gb  user_util.o [1]
UTIL_TIMER_Create        0x800'eab9    0x4c  Code  Gb  user_timer.o [1]
UTIL_TIMER_IRQ_Handler   0x800'ec6b    0xb2  Code  Gb  user_timer.o [1]
UTIL_TIMER_Init          0x800'eaa5    0x14  Code  Gb  user_timer.o [1]
UTIL_TIMER_SetPeriod     0x800'ec31    0x3a  Code  Gb  user_timer.o [1]
UTIL_TIMER_Start         0x800'eb05    0x92  Code  Gb  user_timer.o [1]
UTIL_TIMER_Stop          0x800'eb97    0x9a  Code  Gb  user_timer.o [1]
UTIL_TimerDriver         0x801'0a2c    0x2c  Data  Gb  user_rtc.o [1]
UTIL_TraceDriver         0x801'1040     0xc  Data  Gb  user_app_comm.o [1]
Uart485RxByte           0x2000'2cd4     0x1  Data  Lc  user_rs485.o [1]
Uart485SSRxByte         0x2000'2cd2     0x1  Data  Lc  user_connect_sensor.o [1]
UartDebugBuff           0x2000'0e94   0x4b0  Data  Gb  user_app_comm.o [1]
UartDebugCountFail      0x2000'2cc4     0x2  Data  Lc  user_uart.o [1]
UartDebugRxByte         0x2000'2ccb     0x1  Data  Gb  user_app_comm.o [1]
Update_ParaDisplay       0x800'30ed   0x388  Code  Gb  lcd_display.o [1]
UsageFault_Handler       0x801'0839     0x2  Code  Gb  stm32l4xx_it.o [1]
User_RTC_Init            0x800'f4cd    0x38  Code  Lc  user_rtc.o [1]
UtilFloatToString        0x800'2bf9    0x2e  Code  Gb  user_util.o [1]
UtilIntToStringWithScale
                         0x800'2a5d    0x60  Code  Gb  user_util.o [1]
VLevelDebug             0x2000'0e90     0x1  Data  Gb  user_util.o [1]
_Cb_Display_Auto_SW      0x800'2fe9    0x7e  Code  Lc  lcd_display.o [1]
_Cb_Display_Auto_SW::MarkButtPressed
                        0x2000'2cc9     0x1  Data  Lc  lcd_display.o [1]
_Cb_Display_Auto_SW::cNext
                        0x2000'2cba     0x2  Data  Lc  lcd_display.o [1]
_Cb_Display_Init         0x800'2e73    0x52  Code  Lc  lcd_display.o [1]
_Cb_Display_Logo         0x800'2ec5    0xa8  Code  Lc  lcd_display.o [1]
_Cb_Display_Logo::step_u8
                        0x2000'2cc7     0x1  Data  Lc  lcd_display.o [1]
_Cb_Display_Show         0x800'2f6d    0x7c  Code  Lc  lcd_display.o [1]
_Cb_Display_Show::LandMarkChange_u32
                        0x2000'2c84     0x4  Data  Lc  lcd_display.o [1]
_Cb_Display_Show::ScreenLast
                        0x2000'2cc8     0x1  Data  Lc  lcd_display.o [1]
_Cb_HandLer_IDLE         0x800'db2f     0x6  Code  Lc  user_app_comm.o [1]
_Cb_Off_Speaker          0x800'30b3    0x16  Code  Lc  lcd_display.o [1]
_Cb_R_ModbusRTU_REG_Alarm_Lower
                         0x800'6055    0x5a  Code  Gb  user_app_modbus_rtu.o [1]
_Cb_R_ModbusRTU_REG_Alarm_State
                         0x800'5e8b    0x2e  Code  Gb  user_app_modbus_rtu.o [1]
_Cb_R_ModbusRTU_REG_Alarm_Upper
                         0x800'5f35    0x5a  Code  Gb  user_app_modbus_rtu.o [1]
_Cb_R_ModbusRTU_REG_Baudrate
                         0x800'5ba9    0x2e  Code  Gb  user_app_modbus_rtu.o [1]
_Cb_R_ModbusRTU_REG_ID   0x800'5b03    0x2e  Code  Gb  user_app_modbus_rtu.o [1]
_Cb_R_ModbusRTU_REG_State_Sensor
                         0x800'5da7    0x30  Code  Gb  user_app_modbus_rtu.o [1]
_Cb_R_ModbusRTU_REG_State_Value_1
                         0x800'5dd7    0x30  Code  Gb  user_app_modbus_rtu.o [1]
_Cb_R_ModbusRTU_REG_State_Value_2
                         0x800'5e07    0x30  Code  Gb  user_app_modbus_rtu.o [1]
_Cb_R_ModbusRTU_REG_State_Value_3
                         0x800'5e37    0x2a  Code  Gb  user_app_modbus_rtu.o [1]
_Cb_R_ModbusRTU_REG_State_Value_4
                         0x800'5e61    0x2a  Code  Gb  user_app_modbus_rtu.o [1]
_Cb_R_ModbusRTU_REG_Value_Measure_1
                         0x800'5c45    0x5a  Code  Gb  user_app_modbus_rtu.o [1]
_Cb_R_ModbusRTU_REG_Value_Measure_2
                         0x800'5c9f    0x5a  Code  Gb  user_app_modbus_rtu.o [1]
_Cb_R_ModbusRTU_REG_Value_Measure_3
                         0x800'5cf9    0x56  Code  Gb  user_app_modbus_rtu.o [1]
_Cb_R_ModbusRTU_REG_Value_Measure_4
                         0x800'5d51    0x56  Code  Gb  user_app_modbus_rtu.o [1]
_Cb_Save_Box             0x800'db3b     0x6  Code  Lc  user_app_comm.o [1]
_Cb_Set_RTC              0x800'db13    0x1c  Code  Lc  user_app_comm.o [1]
_Cb_TX_Timer_Event       0x800'dc91    0x1a  Code  Lc  user_app_comm.o [1]
_Cb_Timer_IRQ            0x800'da85     0xc  Code  Lc  user_app_comm.o [1]
_Cb_Tx_Timer             0x800'db35     0x6  Code  Lc  user_app_comm.o [1]
_Cb_Uart_Error           0x800'db07     0xc  Code  Lc  user_app_comm.o [1]
_Cb_Uart_Rx_Debug        0x800'da91    0x76  Code  Lc  user_app_comm.o [1]
_Cb_Uart_Rx_Debug::LastLengthRecv
                        0x2000'2cbe     0x2  Data  Lc  user_app_comm.o [1]
_Cb_Uart_Rx_Debug::MarkFirstRecvUart
                        0x2000'2ccc     0x1  Data  Lc  user_app_comm.o [1]
_Cb_W_ModbusRTU_REG_Alarm_Lower
                         0x800'60af    0xc0  Code  Gb  user_app_modbus_rtu.o [1]
_Cb_W_ModbusRTU_REG_Alarm_State
                         0x800'5eb9    0x7c  Code  Gb  user_app_modbus_rtu.o [1]
_Cb_W_ModbusRTU_REG_Alarm_Upper
                         0x800'5f95    0xc0  Code  Gb  user_app_modbus_rtu.o [1]
_Cb_W_ModbusRTU_REG_Baudrate
                         0x800'5bd7    0x6e  Code  Gb  user_app_modbus_rtu.o [1]
_Cb_W_ModbusRTU_REG_ID   0x800'5b31    0x78  Code  Gb  user_app_modbus_rtu.o [1]
_Cb_button_detect        0x800'309b    0x18  Code  Lc  lcd_display.o [1]
_Cb_button_scan          0x800'3067    0x34  Code  Lc  lcd_display.o [1]
_LitobFullNoMb           0x800'ad99   0x10a  Code  Lc  xprintffull_nomb.o [2]
_Locale_lconv           0x2000'0e54    0x38  Data  Lc  xlocale_c.o [2]
_PrintfFullNoMb          0x800'9fd9   0xd9c  Code  Gb  xprintffull_nomb.o [2]
_PutcharFullNoMb         0x800'af09    0x20  Code  Lc  xprintffull_nomb.o [2]
_PutcharsFullNoMb        0x800'af29    0x2e  Code  Lc  xprintffull_nomb.o [2]
_SProut                  0x800'6a67     0xa  Code  Gb  xsprout.o [2]
__NVIC_DisableIRQ        0x800'bf05    0x26  Code  Lc  stm32l4xx_hal_cortex.o [1]
__NVIC_EnableIRQ         0x800'bee5    0x20  Code  Lc  stm32l4xx_hal_cortex.o [1]
__NVIC_GetPriorityGrouping
                         0x800'bed7     0xc  Code  Lc  stm32l4xx_hal_cortex.o [1]
__NVIC_SetPriority       0x800'bf2b    0x2c  Code  Lc  stm32l4xx_hal_cortex.o [1]
__NVIC_SetPriorityGrouping
                         0x800'beb5    0x22  Code  Lc  stm32l4xx_hal_cortex.o [1]
__aeabi_cdcmpeq          0x800'cf25          Code  Gb  DblCmpEq.o [3]
__aeabi_cdcmple          0x800'cfb5          Code  Gb  DblCmpLe.o [3]
__aeabi_cdrcmple         0x800'cfe5          Code  Gb  DblCmpGe.o [3]
__aeabi_d2f              0x800'6cd1          Code  Gb  DblToFlt.o [3]
__aeabi_d2iz             0x800'98b1          Code  Gb  DblToS32.o [3]
__aeabi_d2uiz            0x800'd5e9          Code  Gb  DblToU32.o [3]
__aeabi_dadd             0x800'9735          Code  Gb  DblAdd.o [3]
__aeabi_ddiv             0x800'6a89          Code  Gb  DblDiv.o [3]
__aeabi_dmul             0x800'9591          Code  Gb  DblMul.o [3]
__aeabi_dsub             0x800'ce41          Code  Gb  DblSub.o [3]
__aeabi_f2d              0x800'6d55          Code  Gb  FltToDbl.o [3]
__aeabi_i2d              0x800'6a45          Code  Gb  S32ToDbl.o [3]
__aeabi_ldiv0            0x800'ce3d          Code  Gb  I64DivZer.o [4]
__aeabi_memcpy           0x800'92b9          Code  Gb  ABImemcpy.o [4]
__aeabi_memcpy4          0x800'92d9          Code  Gb  ABImemcpy.o [4]
__aeabi_memcpy8          0x800'92d9          Code  Gb  ABImemcpy.o [4]
__aeabi_memset           0x800'73fd          Code  Gb  ABImemset.o [4]
__aeabi_ui2d             0x800'6d39          Code  Gb  U32ToDbl.o [3]
__aeabi_uldivmod         0x800'9361          Code  Gb  I64DivMod.o [4]
__cmain                  0x801'0b35          Code  Gb  cmain.o [4]
__exit                   0x800'f4b9    0x14  Code  Gb  exit.o [5]
__iar_Exp64              0x800'd015   0x388  Code  Gb  iar_Exp64.o [3]
__iar_Fail_s             0x800'd415    0x1c  Code  Gb  xfail_s.o [2]
__iar_Memchr             0x800'd455          Code  Gb  memchr.o [4]
__iar_Memset             0x800'73fd          Code  Gb  ABImemset.o [4]
__iar_Memset_word        0x800'7405          Code  Gb  ABImemset.o [4]
__iar_Strchr             0x800'd3fd          Code  Gb  strchr.o [4]
__iar_dadd               0x800'ce51          Code  Gb  DblSub.o [3]
__iar_data_init3         0x801'0aa9    0x28  Code  Gb  data_init.o [4]
__iar_dsub               0x800'9745          Code  Gb  DblAdd.o [3]
__iar_dsubStart          0x800'9757          Code  Gb  DblAdd.o [3]
__iar_frexp              0x800'cf51          Code  Gb  frexp.o [3]
__iar_frexpl             0x800'cf51          Code  Gb  frexp.o [3]
__iar_init_vfp           0x801'0ad1          Code  Gb  fpinit_M.o [3]
__iar_ldexp64            0x800'd4ad          Code  Gb  ldexp.o [3]
__iar_lz77_init_single3
                         0x801'091d    0x78  Code  Gb  lz77_init_single.o [4]
__iar_pow64              0x800'98ed   0x6ec  Code  Gb  pow64.o [3]
__iar_pow_medium         0x800'98ed   0x6ec  Code  Gb  pow64.o [3]
__iar_pow_medium64       0x800'98ed   0x6ec  Code  Gb  pow64.o [3]
__iar_pow_mediuml        0x800'98ed   0x6ec  Code  Gb  pow64.o [3]
__iar_program_start      0x801'1251          Code  Gb  cstartup_M.o [4]
__iar_scalbln64          0x800'd4ad          Code  Gb  ldexp.o [3]
__iar_scalbn64           0x800'd4ad          Code  Gb  ldexp.o [3]
__iar_softfp___iar_frexp64
                         0x800'cf45          Code  Gb  frexp.o [3]
__iar_softfp_frexp       0x800'cf45          Code  Gb  frexp.o [3]
__iar_softfp_frexpl      0x800'cf45          Code  Gb  frexp.o [3]
__iar_vfp_pow            0x800'6a77    0x10  Code  Gb  math_wrappers64.o [3]
__iar_zero_init3         0x800'6a0b    0x3a  Code  Gb  zero_init3.o [4]
__low_level_init         0x801'0b53     0x4  Code  Gb  low_level_init.o [2]
__vector_table           0x800'0000          Data  Gb  startup_stm32l433xx.o [1]
_call_main               0x801'0b41          Code  Gb  cmain.o [4]
_exit                    0x801'0b5d          Code  Gb  cexit.o [4]
_main                    0x801'0b4f          Code  Gb  cmain.o [4]
aAT_CMD                 0x2000'2880    0x80  Data  Lc  user_at_serial.o [1]
aBaudrate_value         0x2000'0904    0x2c  Data  Gb  user_app_modbus_rtu.o [1]
aDATA_CALIB             0x2000'2c48     0xc  Data  Gb  user_app_sensor.o [1]
aDATA_CONFIG            0x2000'2680    0x80  Data  Lc  user_app_modbus_rtu.o [1]
aDATA_CONFIG            0x2000'2800    0x80  Data  Lc  user_at_serial.o [1]
aDATA_LOG_REGISTER      0x2000'2700    0x80  Data  Lc  user_app_modbus_rtu.o [1]
aModeSelectONOFF        0x2000'0158     0x8  Data  Gb  lcd_display.o [1]
aPASSWORD               0x2000'0104     0x4  Data  Gb  lcd_display.o [1]
aSTT_SETTING_DONE       0x2000'0138    0x10  Data  Gb  lcd_display.o [1]
aSTT_SETTING_ENTER      0x2000'0118    0x10  Data  Gb  lcd_display.o [1]
aSTT_SETTING_ERROR      0x2000'0148    0x10  Data  Gb  lcd_display.o [1]
aSTT_SETTING_FREE       0x2000'0108    0x10  Data  Gb  lcd_display.o [1]
aSTT_SETTING_WAIT       0x2000'0128    0x10  Data  Gb  lcd_display.o [1]
aSampling_STT           0x2000'2b44    0x28  Data  Gb  user_app_sensor.o [1]
aSampling_VALUE         0x2000'2b6c    0x28  Data  Gb  user_app_sensor.o [1]
aTEST                   0x2000'0000     0xc  Data  Lc  button.o [1]
aUART_485SS_DATA        0x2000'202c   0x200  Data  Lc  user_connect_sensor.o [1]
aUART_485_DATA          0x2000'222c   0x200  Data  Lc  user_rs485.o [1]
aUART_DBG_DMA_RX        0x2000'2964    0x64  Data  Lc  user_app_comm.o [1]
abort                    0x800'e2d5     0x6  Code  Gb  abort.o [2]
abs                      0x800'b4cb     0x8  Code  Gb  abs.o [2]
aframe                  0x2000'2780    0x80  Data  Gb  user_app_modbus_rtu.o [1]
bmp_SV_logo_12864        0x800'fec8   0x400  Data  Gb  unit_tests.o [1]
charNotDetectPress      0x2000'0e8e     0x1  Data  Lc  lcd_display.o [1]
count_gettick           0x2000'2c8c     0x4  Data  Gb  stm32l4xx_it.o [1]
delay_ms                 0x800'6e81     0xc  Code  Gb  STM32L4.o [1]
ee_number                0x800'f191   0x146  Code  Lc  user_tiny_vsnprintf.o [1]
ee_skip_atoi             0x800'f169    0x28  Code  Lc  user_tiny_vsnprintf.o [1]
exit                     0x801'0b57     0x4  Code  Gb  exit.o [2]
fevent_active            0x800'7129    0x1e  Code  Gb  event_driven.o [1]
fevent_detect_salt_recv
                         0x800'3cb1     0x6  Code  Lc  user_app_sensor.o [1]
fevent_disable           0x800'716b    0x12  Code  Gb  event_driven.o [1]
fevent_enable            0x800'7147    0x24  Code  Gb  event_driven.o [1]
fevent_handle_state_sensor
                         0x800'3de9    0x80  Code  Lc  user_app_sensor.o [1]
fevent_rs485_entry       0x800'efe9    0x12  Code  Lc  user_app_rs485.o [1]
fevent_rs485_init_uart   0x800'effb    0x2e  Code  Lc  user_app_rs485.o [1]
fevent_rs485_init_uart::stamp
                        0x2000'2ccd     0x1  Data  Lc  user_app_rs485.o [1]
fevent_rs485_receive_complete
                         0x800'f029    0x24  Code  Lc  user_app_rs485.o [1]
fevent_rs485_refresh     0x800'f04d    0x20  Code  Lc  user_app_rs485.o [1]
fevent_sensor_entry      0x800'3b05    0x12  Code  Lc  user_app_sensor.o [1]
fevent_sensor_receive_complete
                         0x800'3be7    0xb6  Code  Lc  user_app_sensor.o [1]
fevent_sensor_receive_handle
                         0x800'3ba7    0x40  Code  Lc  user_app_sensor.o [1]
fevent_sensor_reset      0x800'3d65    0x84  Code  Lc  user_app_sensor.o [1]
fevent_sensor_reset::state
                        0x2000'2ccf     0x1  Data  Lc  user_app_sensor.o [1]
fevent_sensor_transmit   0x800'3b17    0x90  Code  Lc  user_app_sensor.o [1]
fevent_sensor_wait_calib
                         0x800'3c9d    0x14  Code  Lc  user_app_sensor.o [1]
fevent_temp_alarm        0x800'3cb7    0xae  Code  Lc  user_app_sensor.o [1]
font_current            0x2000'2c3c     0xc  Data  Gb  text.o [1]
glcd_ST7565R_init        0x800'73a1    0x5c  Code  Gb  ST7565R.o [1]
glcd_bbox               0x2000'2c78     0x4  Data  Gb  glcd.o [1]
glcd_bbox_refresh        0x800'7225    0x1c  Code  Gb  glcd.o [1]
glcd_bbox_selected      0x2000'2c80     0x4  Data  Gb  glcd.o [1]
glcd_buffer             0x2000'1344   0x400  Data  Gb  glcd.o [1]
glcd_buffer_selected    0x2000'2c7c     0x4  Data  Gb  glcd.o [1]
glcd_clear               0x800'7241    0x28  Code  Gb  glcd.o [1]
glcd_clear_buffer        0x800'7269    0x24  Code  Gb  glcd.o [1]
glcd_command             0x800'72a1    0x1a  Code  Gb  ST7565R.o [1]
glcd_data                0x800'72bb    0x1a  Code  Gb  ST7565R.o [1]
glcd_draw_bitmap         0x800'79cd    0x1e  Code  Gb  graphics.o [1]
glcd_draw_char_xy        0x800'747f   0x33a  Code  Gb  text.o [1]
glcd_draw_line           0x800'78c1   0x10c  Code  Gb  graphics.o [1]
glcd_draw_string_xy      0x800'77b9    0x38  Code  Gb  text.o [1]
glcd_enable_backlight    0x800'6e05     0x2  Code  Gb  STM32L4.o [1]
glcd_init                0x800'6ddd    0x28  Code  Gb  STM32L4.o [1]
glcd_reset               0x800'6e31    0x40  Code  Gb  STM32L4.o [1]
glcd_reset_bbox          0x800'7209    0x1c  Code  Gb  glcd.o [1]
glcd_select_screen       0x800'728d     0xa  Code  Gb  glcd.o [1]
glcd_set_column_lower    0x800'7315     0xe  Code  Gb  ST7565R.o [1]
glcd_set_column_upper    0x800'72ff    0x16  Code  Gb  ST7565R.o [1]
glcd_set_font            0x800'7465    0x1a  Code  Gb  text.o [1]
glcd_set_pixel           0x800'77f5    0xcc  Code  Gb  graphics.o [1]
glcd_set_x_address       0x800'72e9    0x16  Code  Gb  ST7565R.o [1]
glcd_set_y_address       0x800'72d5    0x14  Code  Gb  ST7565R.o [1]
glcd_spi_write           0x800'6e07    0x2a  Code  Gb  STM32L4.o [1]
glcd_test_bitmap_128x64
                         0x800'717d     0xe  Code  Gb  unit_tests.o [1]
glcd_tiny_draw_char      0x800'6eb3   0x21a  Code  Gb  text_tiny.o [1]
glcd_tiny_draw_string    0x800'70cd    0x54  Code  Gb  text_tiny.o [1]
glcd_tiny_set_font       0x800'6e99    0x1a  Code  Gb  text_tiny.o [1]
glcd_update_bbox         0x800'7191    0x78  Code  Gb  glcd.o [1]
glcd_write               0x800'7323    0x70  Code  Gb  ST7565R.o [1]
hdma_lpuart_rx          0x2000'29c8    0x48  Data  Gb  usart.o [1]
hdma_usart1_rx          0x2000'2a10    0x48  Data  Gb  usart.o [1]
hdma_usart3_rx          0x2000'2a58    0x48  Data  Gb  usart.o [1]
hlpuart1                0x2000'24e8    0x88  Data  Gb  usart.o [1]
hrtc                    0x2000'2b94    0x24  Data  Gb  rtc.o [1]
hspi2                   0x2000'2900    0x64  Data  Gb  spi.o [1]
huart1                  0x2000'2570    0x88  Data  Gb  usart.o [1]
huart3                  0x2000'25f8    0x88  Data  Gb  usart.o [1]
ldexp                    0x800'd4ad          Code  Gb  ldexp.o [3]
ldexpl                   0x800'd4ad          Code  Gb  ldexp.o [3]
lnbias                   0x800'faa8   0x420  Data  Lc  pow64.o [3]
localeconv               0x800'd611     0x4  Code  Gb  xlocale_c.o [2]
lower_digits            0x2000'0e4c     0x4  Data  Lc  user_tiny_vsnprintf.o [1]
main                     0x800'b4d3    0x2c  Code  Gb  main.o [1]
memchr                   0x800'd455          Code  Gb  memchr.o [4]
memset                   0x800'b595    0x14  Code  Gb  memset.o [4]
pFlash                  0x2000'0734    0x20  Data  Gb  stm32l4xx_hal_flash.o [1]
pFunc_UTIL_Debug_Send   0x2000'2cb0     0x4  Data  Gb  user_util.o [1]
pFunc_UTIL_Log_To_Mem   0x2000'2cac     0x4  Data  Gb  user_util.o [1]
pModemProcessIRQTimer   0x2000'2ca0     0x4  Data  Gb  user_rtc.o [1]
pow                      0x800'98ed   0x6ec  Code  Gb  pow64.o [3]
powl                     0x800'98ed   0x6ec  Code  Gb  pow64.o [3]
quickSort_Sampling       0x800'42c3    0x9a  Code  Gb  user_app_sensor.o [1]
quickSort_Sampling_Value
                         0x800'435d    0xdc  Code  Gb  user_app_sensor.o [1]
quickSort_Sampling_Value::Handle_Once
                        0x2000'2cd0     0x1  Data  Lc  user_app_sensor.o [1]
sButton                 0x2000'2bd4    0x18  Data  Gb  button.o [1]
sCheckList_Reg_Modbus_RTU
                        0x2000'07d8   0x12c  Data  Gb  user_app_modbus_rtu.o [1]
sData_Calib             0x2000'0a08     0x8  Data  Gb  user_app_sensor.o [1]
sEventAppComm           0x2000'0758    0x70  Data  Gb  user_app_comm.o [1]
sEventAppRs485          0x2000'0938    0x40  Data  Gb  user_app_rs485.o [1]
sEventAppSensor         0x2000'0978    0x90  Data  Gb  user_app_sensor.o [1]
sEventDisplay           0x2000'000c    0x70  Data  Gb  lcd_display.o [1]
sFirmVersion            0x2000'07c8     0x8  Data  Gb  user_app_comm.o [1]
sHandleRs485            0x2000'2c94     0x4  Data  Gb  user_app_sensor.o [1]
sKindMode485            0x2000'2cc2     0x2  Data  Gb  user_app_sensor.o [1]
sLCD                    0x2000'2c1c    0x10  Data  Gb  lcd_display.o [1]
sLCDObject              0x2000'0160   0x5d0  Data  Gb  lcd_display.o [1]
sLogData_ModbusRTU      0x2000'0930     0x8  Data  Gb  user_app_modbus_rtu.o [1]
sMeasureRange           0x2000'2c2c    0x10  Data  Gb  user_app_sensor.o [1]
sModelVersion           0x2000'00fc     0x8  Data  Gb  lcd_display.o [1]
sNH4Calib               0x2000'2ae8    0x30  Data  Gb  user_app_sensor.o [1]
sParaDisplay            0x2000'007c    0x80  Data  Gb  lcd_display.o [1]
sRTC                    0x2000'2c60     0xc  Data  Gb  user_util.o [1]
sSensor_NH4             0x2000'2aa0    0x48  Data  Gb  user_app_sensor.o [1]
sSlave_ModbusRTU        0x2000'0e8c     0x2  Data  Gb  user_app_modbus_rtu.o [1]
sTempAlarm              0x2000'2c54     0xc  Data  Gb  user_app_sensor.o [1]
sUart485                0x2000'0e44     0x8  Data  Gb  user_rs485.o [1]
sUart485SS              0x2000'0e3c     0x8  Data  Gb  user_connect_sensor.o [1]
sUartDebug              0x2000'07d0     0x8  Data  Gb  user_app_comm.o [1]
scalbln                  0x800'd4ad          Code  Gb  ldexp.o [3]
scalblnl                 0x800'd4ad          Code  Gb  ldexp.o [3]
scalbn                   0x800'd4ad          Code  Gb  ldexp.o [3]
scalbnl                  0x800'd4ad          Code  Gb  ldexp.o [3]
scale                    0x800'aea3    0x46  Code  Lc  xprintffull_nomb.o [2]
sec_hand                0x2000'2cb4     0x4  Data  Lc  xfail_s.o [2]
sprintf                  0x800'6d9d    0x40  Code  Gb  sprintf.o [2]
strATcmd                0x2000'0a14     0x8  Data  Gb  user_at_serial.o [1]
strchr                   0x800'd3fd          Code  Gb  strchr.o [4]
strlen                   0x800'69d5          Code  Gb  strlen.o [4]
sztmp                   0x2000'1e2c   0x200  Data  Lc  user_adv_trace.o [1]
tiny_vsnprintf_like      0x800'f2d7   0x1d6  Code  Gb  user_tiny_vsnprintf.o [1]
upper_digits            0x2000'0e50     0x4  Data  Lc  user_tiny_vsnprintf.o [1]
uwTick                  0x2000'2c88     0x4  Data  Gb  stm32l4xx_hal.o [1]
uwTickFreq              0x2000'0e8f     0x1  Data  Gb  stm32l4xx_hal.o [1]
uwTickPrio              0x2000'0730     0x4  Data  Gb  stm32l4xx_hal.o [1]
vcom_DeInit              0x800'deab    0x1e  Code  Gb  user_app_comm.o [1]
vcom_Init                0x800'dea1     0xa  Code  Gb  user_app_comm.o [1]
vcom_Trace_DMA           0x800'dec9    0x24  Code  Gb  user_app_comm.o [1]


[1] = D:\Saoviet_Git\Saoviet_Envirotrack_M_TNMT\Project_Slave_Winmore_NH4\Project_Slave_Sensor_EnviroTrack\EWARM\Project_Slave_Sensor_EnviroTrack\Obj
[2] = dl7M_tlf.a
[3] = m7M_tls.a
[4] = rt7M_tl.a
[5] = shb_l.a

  64'921 bytes of readonly  code memory
   7'354 bytes of readonly  data memory
  12'501 bytes of readwrite data memory

Errors: none
Warnings: none
