###############################################################################
#
# IAR ELF Linker V8.40.2.214/W32 for ARM                  08/Apr/2026  17:56:24
# Copyright 2007-2019 IAR Systems AB.
#
#    Output file  =
#        D:\Saoviet_Git\Saoviet_Envirotrack_M_TNMT\Project_Master_TNMT_Ver_1_0_ModTCP\1.Source_Code_L496\wm_gsm_ethernet_v5\wm_gsm_ethernet_v5\EWARM\wm_gsm_ethernet_v3\Exe\wm_gsm_ethernet_v3.out
#    Map file     =
#        D:\Saoviet_Git\Saoviet_Envirotrack_M_TNMT\Project_Master_TNMT_Ver_1_0_ModTCP\1.Source_Code_L496\wm_gsm_ethernet_v5\wm_gsm_ethernet_v5\EWARM\wm_gsm_ethernet_v3\List\wm_gsm_ethernet_v3.map
#    Command line =
#        -f C:\Users\PC\AppData\Local\Temp\EW658.tmp
#        (D:\Saoviet_Git\Saoviet_Envirotrack_M_TNMT\Project_Master_TNMT_Ver_1_0_ModTCP\1.Source_Code_L496\wm_gsm_ethernet_v5\wm_gsm_ethernet_v5\EWARM\wm_gsm_ethernet_v3\Obj\adc.o
#        D:\Saoviet_Git\Saoviet_Envirotrack_M_TNMT\Project_Master_TNMT_Ver_1_0_ModTCP\1.Source_Code_L496\wm_gsm_ethernet_v5\wm_gsm_ethernet_v5\EWARM\wm_gsm_ethernet_v3\Obj\button.o
#        D:\Saoviet_Git\Saoviet_Envirotrack_M_TNMT\Project_Master_TNMT_Ver_1_0_ModTCP\1.Source_Code_L496\wm_gsm_ethernet_v5\wm_gsm_ethernet_v5\EWARM\wm_gsm_ethernet_v3\Obj\cat24mxx.o
#        D:\Saoviet_Git\Saoviet_Envirotrack_M_TNMT\Project_Master_TNMT_Ver_1_0_ModTCP\1.Source_Code_L496\wm_gsm_ethernet_v5\wm_gsm_ethernet_v5\EWARM\wm_gsm_ethernet_v3\Obj\ccsbcs.o
#        D:\Saoviet_Git\Saoviet_Envirotrack_M_TNMT\Project_Master_TNMT_Ver_1_0_ModTCP\1.Source_Code_L496\wm_gsm_ethernet_v5\wm_gsm_ethernet_v5\EWARM\wm_gsm_ethernet_v3\Obj\dhcpv4.o
#        D:\Saoviet_Git\Saoviet_Envirotrack_M_TNMT\Project_Master_TNMT_Ver_1_0_ModTCP\1.Source_Code_L496\wm_gsm_ethernet_v5\wm_gsm_ethernet_v5\EWARM\wm_gsm_ethernet_v3\Obj\dhcpv6.o
#        D:\Saoviet_Git\Saoviet_Envirotrack_M_TNMT\Project_Master_TNMT_Ver_1_0_ModTCP\1.Source_Code_L496\wm_gsm_ethernet_v5\wm_gsm_ethernet_v5\EWARM\wm_gsm_ethernet_v3\Obj\diskio.o
#        D:\Saoviet_Git\Saoviet_Envirotrack_M_TNMT\Project_Master_TNMT_Ver_1_0_ModTCP\1.Source_Code_L496\wm_gsm_ethernet_v5\wm_gsm_ethernet_v5\EWARM\wm_gsm_ethernet_v3\Obj\dma.o
#        D:\Saoviet_Git\Saoviet_Envirotrack_M_TNMT\Project_Master_TNMT_Ver_1_0_ModTCP\1.Source_Code_L496\wm_gsm_ethernet_v5\wm_gsm_ethernet_v5\EWARM\wm_gsm_ethernet_v3\Obj\dns.o
#        D:\Saoviet_Git\Saoviet_Envirotrack_M_TNMT\Project_Master_TNMT_Ver_1_0_ModTCP\1.Source_Code_L496\wm_gsm_ethernet_v5\wm_gsm_ethernet_v5\EWARM\wm_gsm_ethernet_v3\Obj\event_driven.o
#        D:\Saoviet_Git\Saoviet_Envirotrack_M_TNMT\Project_Master_TNMT_Ver_1_0_ModTCP\1.Source_Code_L496\wm_gsm_ethernet_v5\wm_gsm_ethernet_v5\EWARM\wm_gsm_ethernet_v3\Obj\fatfs.o
#        D:\Saoviet_Git\Saoviet_Envirotrack_M_TNMT\Project_Master_TNMT_Ver_1_0_ModTCP\1.Source_Code_L496\wm_gsm_ethernet_v5\wm_gsm_ethernet_v5\EWARM\wm_gsm_ethernet_v3\Obj\ff.o
#        D:\Saoviet_Git\Saoviet_Envirotrack_M_TNMT\Project_Master_TNMT_Ver_1_0_ModTCP\1.Source_Code_L496\wm_gsm_ethernet_v5\wm_gsm_ethernet_v5\EWARM\wm_gsm_ethernet_v3\Obj\ff_gen_drv.o
#        D:\Saoviet_Git\Saoviet_Envirotrack_M_TNMT\Project_Master_TNMT_Ver_1_0_ModTCP\1.Source_Code_L496\wm_gsm_ethernet_v5\wm_gsm_ethernet_v5\EWARM\wm_gsm_ethernet_v3\Obj\glcd.o
#        D:\Saoviet_Git\Saoviet_Envirotrack_M_TNMT\Project_Master_TNMT_Ver_1_0_ModTCP\1.Source_Code_L496\wm_gsm_ethernet_v5\wm_gsm_ethernet_v5\EWARM\wm_gsm_ethernet_v3\Obj\gpio.o
#        D:\Saoviet_Git\Saoviet_Envirotrack_M_TNMT\Project_Master_TNMT_Ver_1_0_ModTCP\1.Source_Code_L496\wm_gsm_ethernet_v5\wm_gsm_ethernet_v5\EWARM\wm_gsm_ethernet_v3\Obj\graphics.o
#        D:\Saoviet_Git\Saoviet_Envirotrack_M_TNMT\Project_Master_TNMT_Ver_1_0_ModTCP\1.Source_Code_L496\wm_gsm_ethernet_v5\wm_gsm_ethernet_v5\EWARM\wm_gsm_ethernet_v3\Obj\graphs.o
#        D:\Saoviet_Git\Saoviet_Envirotrack_M_TNMT\Project_Master_TNMT_Ver_1_0_ModTCP\1.Source_Code_L496\wm_gsm_ethernet_v5\wm_gsm_ethernet_v5\EWARM\wm_gsm_ethernet_v3\Obj\i2c.o
#        D:\Saoviet_Git\Saoviet_Envirotrack_M_TNMT\Project_Master_TNMT_Ver_1_0_ModTCP\1.Source_Code_L496\wm_gsm_ethernet_v5\wm_gsm_ethernet_v5\EWARM\wm_gsm_ethernet_v3\Obj\lcd_display.o
#        D:\Saoviet_Git\Saoviet_Envirotrack_M_TNMT\Project_Master_TNMT_Ver_1_0_ModTCP\1.Source_Code_L496\wm_gsm_ethernet_v5\wm_gsm_ethernet_v5\EWARM\wm_gsm_ethernet_v3\Obj\level_S_YW_01B.o
#        D:\Saoviet_Git\Saoviet_Envirotrack_M_TNMT\Project_Master_TNMT_Ver_1_0_ModTCP\1.Source_Code_L496\wm_gsm_ethernet_v5\wm_gsm_ethernet_v5\EWARM\wm_gsm_ethernet_v3\Obj\level_SUP_PX261_B.o
#        D:\Saoviet_Git\Saoviet_Envirotrack_M_TNMT\Project_Master_TNMT_Ver_1_0_ModTCP\1.Source_Code_L496\wm_gsm_ethernet_v5\wm_gsm_ethernet_v5\EWARM\wm_gsm_ethernet_v3\Obj\level_ultrasonic.o
#        D:\Saoviet_Git\Saoviet_Envirotrack_M_TNMT\Project_Master_TNMT_Ver_1_0_ModTCP\1.Source_Code_L496\wm_gsm_ethernet_v5\wm_gsm_ethernet_v5\EWARM\wm_gsm_ethernet_v3\Obj\lptim.o
#        D:\Saoviet_Git\Saoviet_Envirotrack_M_TNMT\Project_Master_TNMT_Ver_1_0_ModTCP\1.Source_Code_L496\wm_gsm_ethernet_v5\wm_gsm_ethernet_v5\EWARM\wm_gsm_ethernet_v3\Obj\main.o
#        D:\Saoviet_Git\Saoviet_Envirotrack_M_TNMT\Project_Master_TNMT_Ver_1_0_ModTCP\1.Source_Code_L496\wm_gsm_ethernet_v5\wm_gsm_ethernet_v5\EWARM\wm_gsm_ethernet_v3\Obj\MQTTConnectClient.o
#        D:\Saoviet_Git\Saoviet_Envirotrack_M_TNMT\Project_Master_TNMT_Ver_1_0_ModTCP\1.Source_Code_L496\wm_gsm_ethernet_v5\wm_gsm_ethernet_v5\EWARM\wm_gsm_ethernet_v3\Obj\MQTTConnectServer.o
#        D:\Saoviet_Git\Saoviet_Envirotrack_M_TNMT\Project_Master_TNMT_Ver_1_0_ModTCP\1.Source_Code_L496\wm_gsm_ethernet_v5\wm_gsm_ethernet_v5\EWARM\wm_gsm_ethernet_v3\Obj\MQTTDeserializePublish.o
#        D:\Saoviet_Git\Saoviet_Envirotrack_M_TNMT\Project_Master_TNMT_Ver_1_0_ModTCP\1.Source_Code_L496\wm_gsm_ethernet_v5\wm_gsm_ethernet_v5\EWARM\wm_gsm_ethernet_v3\Obj\MQTTFormat.o
#        D:\Saoviet_Git\Saoviet_Envirotrack_M_TNMT\Project_Master_TNMT_Ver_1_0_ModTCP\1.Source_Code_L496\wm_gsm_ethernet_v5\wm_gsm_ethernet_v5\EWARM\wm_gsm_ethernet_v3\Obj\MQTTPacket.o
#        D:\Saoviet_Git\Saoviet_Envirotrack_M_TNMT\Project_Master_TNMT_Ver_1_0_ModTCP\1.Source_Code_L496\wm_gsm_ethernet_v5\wm_gsm_ethernet_v5\EWARM\wm_gsm_ethernet_v3\Obj\MQTTSerializePublish.o
#        D:\Saoviet_Git\Saoviet_Envirotrack_M_TNMT\Project_Master_TNMT_Ver_1_0_ModTCP\1.Source_Code_L496\wm_gsm_ethernet_v5\wm_gsm_ethernet_v5\EWARM\wm_gsm_ethernet_v3\Obj\MQTTSubscribeClient.o
#        D:\Saoviet_Git\Saoviet_Envirotrack_M_TNMT\Project_Master_TNMT_Ver_1_0_ModTCP\1.Source_Code_L496\wm_gsm_ethernet_v5\wm_gsm_ethernet_v5\EWARM\wm_gsm_ethernet_v3\Obj\MQTTSubscribeServer.o
#        D:\Saoviet_Git\Saoviet_Envirotrack_M_TNMT\Project_Master_TNMT_Ver_1_0_ModTCP\1.Source_Code_L496\wm_gsm_ethernet_v5\wm_gsm_ethernet_v5\EWARM\wm_gsm_ethernet_v3\Obj\MQTTUnsubscribeClient.o
#        D:\Saoviet_Git\Saoviet_Envirotrack_M_TNMT\Project_Master_TNMT_Ver_1_0_ModTCP\1.Source_Code_L496\wm_gsm_ethernet_v5\wm_gsm_ethernet_v5\EWARM\wm_gsm_ethernet_v3\Obj\MQTTUnsubscribeServer.o
#        D:\Saoviet_Git\Saoviet_Envirotrack_M_TNMT\Project_Master_TNMT_Ver_1_0_ModTCP\1.Source_Code_L496\wm_gsm_ethernet_v5\wm_gsm_ethernet_v5\EWARM\wm_gsm_ethernet_v3\Obj\NT75451.o
#        D:\Saoviet_Git\Saoviet_Envirotrack_M_TNMT\Project_Master_TNMT_Ver_1_0_ModTCP\1.Source_Code_L496\wm_gsm_ethernet_v5\wm_gsm_ethernet_v5\EWARM\wm_gsm_ethernet_v3\Obj\onchipflash.o
#        D:\Saoviet_Git\Saoviet_Envirotrack_M_TNMT\Project_Master_TNMT_Ver_1_0_ModTCP\1.Source_Code_L496\wm_gsm_ethernet_v5\wm_gsm_ethernet_v5\EWARM\wm_gsm_ethernet_v3\Obj\PCD8544.o
#        D:\Saoviet_Git\Saoviet_Envirotrack_M_TNMT\Project_Master_TNMT_Ver_1_0_ModTCP\1.Source_Code_L496\wm_gsm_ethernet_v5\wm_gsm_ethernet_v5\EWARM\wm_gsm_ethernet_v3\Obj\queue_p.o
#        D:\Saoviet_Git\Saoviet_Envirotrack_M_TNMT\Project_Master_TNMT_Ver_1_0_ModTCP\1.Source_Code_L496\wm_gsm_ethernet_v5\wm_gsm_ethernet_v5\EWARM\wm_gsm_ethernet_v3\Obj\rtc.o
#        D:\Saoviet_Git\Saoviet_Envirotrack_M_TNMT\Project_Master_TNMT_Ver_1_0_ModTCP\1.Source_Code_L496\wm_gsm_ethernet_v5\wm_gsm_ethernet_v5\EWARM\wm_gsm_ethernet_v3\Obj\S25FL216K.o
#        D:\Saoviet_Git\Saoviet_Envirotrack_M_TNMT\Project_Master_TNMT_Ver_1_0_ModTCP\1.Source_Code_L496\wm_gsm_ethernet_v5\wm_gsm_ethernet_v5\EWARM\wm_gsm_ethernet_v3\Obj\sd_benchmark.o
#        D:\Saoviet_Git\Saoviet_Envirotrack_M_TNMT\Project_Master_TNMT_Ver_1_0_ModTCP\1.Source_Code_L496\wm_gsm_ethernet_v5\wm_gsm_ethernet_v5\EWARM\wm_gsm_ethernet_v3\Obj\sd_diskio_spi.o
#        D:\Saoviet_Git\Saoviet_Envirotrack_M_TNMT\Project_Master_TNMT_Ver_1_0_ModTCP\1.Source_Code_L496\wm_gsm_ethernet_v5\wm_gsm_ethernet_v5\EWARM\wm_gsm_ethernet_v3\Obj\sd_functions.o
#        D:\Saoviet_Git\Saoviet_Envirotrack_M_TNMT\Project_Master_TNMT_Ver_1_0_ModTCP\1.Source_Code_L496\wm_gsm_ethernet_v5\wm_gsm_ethernet_v5\EWARM\wm_gsm_ethernet_v3\Obj\sd_spi.o
#        D:\Saoviet_Git\Saoviet_Envirotrack_M_TNMT\Project_Master_TNMT_Ver_1_0_ModTCP\1.Source_Code_L496\wm_gsm_ethernet_v5\wm_gsm_ethernet_v5\EWARM\wm_gsm_ethernet_v3\Obj\siemen_mag8000.o
#        D:\Saoviet_Git\Saoviet_Envirotrack_M_TNMT\Project_Master_TNMT_Ver_1_0_ModTCP\1.Source_Code_L496\wm_gsm_ethernet_v5\wm_gsm_ethernet_v5\EWARM\wm_gsm_ethernet_v3\Obj\socket.o
#        D:\Saoviet_Git\Saoviet_Envirotrack_M_TNMT\Project_Master_TNMT_Ver_1_0_ModTCP\1.Source_Code_L496\wm_gsm_ethernet_v5\wm_gsm_ethernet_v5\EWARM\wm_gsm_ethernet_v3\Obj\spi.o
#        D:\Saoviet_Git\Saoviet_Envirotrack_M_TNMT\Project_Master_TNMT_Ver_1_0_ModTCP\1.Source_Code_L496\wm_gsm_ethernet_v5\wm_gsm_ethernet_v5\EWARM\wm_gsm_ethernet_v3\Obj\ST7565R.o
#        D:\Saoviet_Git\Saoviet_Envirotrack_M_TNMT\Project_Master_TNMT_Ver_1_0_ModTCP\1.Source_Code_L496\wm_gsm_ethernet_v5\wm_gsm_ethernet_v5\EWARM\wm_gsm_ethernet_v3\Obj\startup_stm32l496xx.o
#        D:\Saoviet_Git\Saoviet_Envirotrack_M_TNMT\Project_Master_TNMT_Ver_1_0_ModTCP\1.Source_Code_L496\wm_gsm_ethernet_v5\wm_gsm_ethernet_v5\EWARM\wm_gsm_ethernet_v3\Obj\STM32F0xx.o
#        D:\Saoviet_Git\Saoviet_Envirotrack_M_TNMT\Project_Master_TNMT_Ver_1_0_ModTCP\1.Source_Code_L496\wm_gsm_ethernet_v5\wm_gsm_ethernet_v5\EWARM\wm_gsm_ethernet_v3\Obj\STM32F10x.o
#        D:\Saoviet_Git\Saoviet_Envirotrack_M_TNMT\Project_Master_TNMT_Ver_1_0_ModTCP\1.Source_Code_L496\wm_gsm_ethernet_v5\wm_gsm_ethernet_v5\EWARM\wm_gsm_ethernet_v3\Obj\STM32F4.o
#        D:\Saoviet_Git\Saoviet_Envirotrack_M_TNMT\Project_Master_TNMT_Ver_1_0_ModTCP\1.Source_Code_L496\wm_gsm_ethernet_v5\wm_gsm_ethernet_v5\EWARM\wm_gsm_ethernet_v3\Obj\STM32L4.o
#        D:\Saoviet_Git\Saoviet_Envirotrack_M_TNMT\Project_Master_TNMT_Ver_1_0_ModTCP\1.Source_Code_L496\wm_gsm_ethernet_v5\wm_gsm_ethernet_v5\EWARM\wm_gsm_ethernet_v3\Obj\stm32l4xx_hal.o
#        D:\Saoviet_Git\Saoviet_Envirotrack_M_TNMT\Project_Master_TNMT_Ver_1_0_ModTCP\1.Source_Code_L496\wm_gsm_ethernet_v5\wm_gsm_ethernet_v5\EWARM\wm_gsm_ethernet_v3\Obj\stm32l4xx_hal_adc.o
#        D:\Saoviet_Git\Saoviet_Envirotrack_M_TNMT\Project_Master_TNMT_Ver_1_0_ModTCP\1.Source_Code_L496\wm_gsm_ethernet_v5\wm_gsm_ethernet_v5\EWARM\wm_gsm_ethernet_v3\Obj\stm32l4xx_hal_adc_ex.o
#        D:\Saoviet_Git\Saoviet_Envirotrack_M_TNMT\Project_Master_TNMT_Ver_1_0_ModTCP\1.Source_Code_L496\wm_gsm_ethernet_v5\wm_gsm_ethernet_v5\EWARM\wm_gsm_ethernet_v3\Obj\stm32l4xx_hal_cortex.o
#        D:\Saoviet_Git\Saoviet_Envirotrack_M_TNMT\Project_Master_TNMT_Ver_1_0_ModTCP\1.Source_Code_L496\wm_gsm_ethernet_v5\wm_gsm_ethernet_v5\EWARM\wm_gsm_ethernet_v3\Obj\stm32l4xx_hal_dma.o
#        D:\Saoviet_Git\Saoviet_Envirotrack_M_TNMT\Project_Master_TNMT_Ver_1_0_ModTCP\1.Source_Code_L496\wm_gsm_ethernet_v5\wm_gsm_ethernet_v5\EWARM\wm_gsm_ethernet_v3\Obj\stm32l4xx_hal_dma_ex.o
#        D:\Saoviet_Git\Saoviet_Envirotrack_M_TNMT\Project_Master_TNMT_Ver_1_0_ModTCP\1.Source_Code_L496\wm_gsm_ethernet_v5\wm_gsm_ethernet_v5\EWARM\wm_gsm_ethernet_v3\Obj\stm32l4xx_hal_exti.o
#        D:\Saoviet_Git\Saoviet_Envirotrack_M_TNMT\Project_Master_TNMT_Ver_1_0_ModTCP\1.Source_Code_L496\wm_gsm_ethernet_v5\wm_gsm_ethernet_v5\EWARM\wm_gsm_ethernet_v3\Obj\stm32l4xx_hal_flash.o
#        D:\Saoviet_Git\Saoviet_Envirotrack_M_TNMT\Project_Master_TNMT_Ver_1_0_ModTCP\1.Source_Code_L496\wm_gsm_ethernet_v5\wm_gsm_ethernet_v5\EWARM\wm_gsm_ethernet_v3\Obj\stm32l4xx_hal_flash_ex.o
#        D:\Saoviet_Git\Saoviet_Envirotrack_M_TNMT\Project_Master_TNMT_Ver_1_0_ModTCP\1.Source_Code_L496\wm_gsm_ethernet_v5\wm_gsm_ethernet_v5\EWARM\wm_gsm_ethernet_v3\Obj\stm32l4xx_hal_flash_ramfunc.o
#        D:\Saoviet_Git\Saoviet_Envirotrack_M_TNMT\Project_Master_TNMT_Ver_1_0_ModTCP\1.Source_Code_L496\wm_gsm_ethernet_v5\wm_gsm_ethernet_v5\EWARM\wm_gsm_ethernet_v3\Obj\stm32l4xx_hal_gpio.o
#        D:\Saoviet_Git\Saoviet_Envirotrack_M_TNMT\Project_Master_TNMT_Ver_1_0_ModTCP\1.Source_Code_L496\wm_gsm_ethernet_v5\wm_gsm_ethernet_v5\EWARM\wm_gsm_ethernet_v3\Obj\stm32l4xx_hal_i2c.o
#        D:\Saoviet_Git\Saoviet_Envirotrack_M_TNMT\Project_Master_TNMT_Ver_1_0_ModTCP\1.Source_Code_L496\wm_gsm_ethernet_v5\wm_gsm_ethernet_v5\EWARM\wm_gsm_ethernet_v3\Obj\stm32l4xx_hal_i2c_ex.o
#        D:\Saoviet_Git\Saoviet_Envirotrack_M_TNMT\Project_Master_TNMT_Ver_1_0_ModTCP\1.Source_Code_L496\wm_gsm_ethernet_v5\wm_gsm_ethernet_v5\EWARM\wm_gsm_ethernet_v3\Obj\stm32l4xx_hal_lptim.o
#        D:\Saoviet_Git\Saoviet_Envirotrack_M_TNMT\Project_Master_TNMT_Ver_1_0_ModTCP\1.Source_Code_L496\wm_gsm_ethernet_v5\wm_gsm_ethernet_v5\EWARM\wm_gsm_ethernet_v3\Obj\stm32l4xx_hal_msp.o
#        D:\Saoviet_Git\Saoviet_Envirotrack_M_TNMT\Project_Master_TNMT_Ver_1_0_ModTCP\1.Source_Code_L496\wm_gsm_ethernet_v5\wm_gsm_ethernet_v5\EWARM\wm_gsm_ethernet_v3\Obj\stm32l4xx_hal_pwr.o
#        D:\Saoviet_Git\Saoviet_Envirotrack_M_TNMT\Project_Master_TNMT_Ver_1_0_ModTCP\1.Source_Code_L496\wm_gsm_ethernet_v5\wm_gsm_ethernet_v5\EWARM\wm_gsm_ethernet_v3\Obj\stm32l4xx_hal_pwr_ex.o
#        D:\Saoviet_Git\Saoviet_Envirotrack_M_TNMT\Project_Master_TNMT_Ver_1_0_ModTCP\1.Source_Code_L496\wm_gsm_ethernet_v5\wm_gsm_ethernet_v5\EWARM\wm_gsm_ethernet_v3\Obj\stm32l4xx_hal_rcc.o
#        D:\Saoviet_Git\Saoviet_Envirotrack_M_TNMT\Project_Master_TNMT_Ver_1_0_ModTCP\1.Source_Code_L496\wm_gsm_ethernet_v5\wm_gsm_ethernet_v5\EWARM\wm_gsm_ethernet_v3\Obj\stm32l4xx_hal_rcc_ex.o
#        D:\Saoviet_Git\Saoviet_Envirotrack_M_TNMT\Project_Master_TNMT_Ver_1_0_ModTCP\1.Source_Code_L496\wm_gsm_ethernet_v5\wm_gsm_ethernet_v5\EWARM\wm_gsm_ethernet_v3\Obj\stm32l4xx_hal_rtc.o
#        D:\Saoviet_Git\Saoviet_Envirotrack_M_TNMT\Project_Master_TNMT_Ver_1_0_ModTCP\1.Source_Code_L496\wm_gsm_ethernet_v5\wm_gsm_ethernet_v5\EWARM\wm_gsm_ethernet_v3\Obj\stm32l4xx_hal_rtc_ex.o
#        D:\Saoviet_Git\Saoviet_Envirotrack_M_TNMT\Project_Master_TNMT_Ver_1_0_ModTCP\1.Source_Code_L496\wm_gsm_ethernet_v5\wm_gsm_ethernet_v5\EWARM\wm_gsm_ethernet_v3\Obj\stm32l4xx_hal_spi.o
#        D:\Saoviet_Git\Saoviet_Envirotrack_M_TNMT\Project_Master_TNMT_Ver_1_0_ModTCP\1.Source_Code_L496\wm_gsm_ethernet_v5\wm_gsm_ethernet_v5\EWARM\wm_gsm_ethernet_v3\Obj\stm32l4xx_hal_spi_ex.o
#        D:\Saoviet_Git\Saoviet_Envirotrack_M_TNMT\Project_Master_TNMT_Ver_1_0_ModTCP\1.Source_Code_L496\wm_gsm_ethernet_v5\wm_gsm_ethernet_v5\EWARM\wm_gsm_ethernet_v3\Obj\stm32l4xx_hal_tim.o
#        D:\Saoviet_Git\Saoviet_Envirotrack_M_TNMT\Project_Master_TNMT_Ver_1_0_ModTCP\1.Source_Code_L496\wm_gsm_ethernet_v5\wm_gsm_ethernet_v5\EWARM\wm_gsm_ethernet_v3\Obj\stm32l4xx_hal_tim_ex.o
#        D:\Saoviet_Git\Saoviet_Envirotrack_M_TNMT\Project_Master_TNMT_Ver_1_0_ModTCP\1.Source_Code_L496\wm_gsm_ethernet_v5\wm_gsm_ethernet_v5\EWARM\wm_gsm_ethernet_v3\Obj\stm32l4xx_hal_uart.o
#        D:\Saoviet_Git\Saoviet_Envirotrack_M_TNMT\Project_Master_TNMT_Ver_1_0_ModTCP\1.Source_Code_L496\wm_gsm_ethernet_v5\wm_gsm_ethernet_v5\EWARM\wm_gsm_ethernet_v3\Obj\stm32l4xx_hal_uart_ex.o
#        D:\Saoviet_Git\Saoviet_Envirotrack_M_TNMT\Project_Master_TNMT_Ver_1_0_ModTCP\1.Source_Code_L496\wm_gsm_ethernet_v5\wm_gsm_ethernet_v5\EWARM\wm_gsm_ethernet_v3\Obj\stm32l4xx_it.o
#        D:\Saoviet_Git\Saoviet_Envirotrack_M_TNMT\Project_Master_TNMT_Ver_1_0_ModTCP\1.Source_Code_L496\wm_gsm_ethernet_v5\wm_gsm_ethernet_v5\EWARM\wm_gsm_ethernet_v3\Obj\syscall.o
#        D:\Saoviet_Git\Saoviet_Envirotrack_M_TNMT\Project_Master_TNMT_Ver_1_0_ModTCP\1.Source_Code_L496\wm_gsm_ethernet_v5\wm_gsm_ethernet_v5\EWARM\wm_gsm_ethernet_v3\Obj\system_stm32l4xx.o
#        D:\Saoviet_Git\Saoviet_Envirotrack_M_TNMT\Project_Master_TNMT_Ver_1_0_ModTCP\1.Source_Code_L496\wm_gsm_ethernet_v5\wm_gsm_ethernet_v5\EWARM\wm_gsm_ethernet_v3\Obj\text.o
#        D:\Saoviet_Git\Saoviet_Envirotrack_M_TNMT\Project_Master_TNMT_Ver_1_0_ModTCP\1.Source_Code_L496\wm_gsm_ethernet_v5\wm_gsm_ethernet_v5\EWARM\wm_gsm_ethernet_v3\Obj\text_tiny.o
#        D:\Saoviet_Git\Saoviet_Envirotrack_M_TNMT\Project_Master_TNMT_Ver_1_0_ModTCP\1.Source_Code_L496\wm_gsm_ethernet_v5\wm_gsm_ethernet_v5\EWARM\wm_gsm_ethernet_v3\Obj\tim.o
#        D:\Saoviet_Git\Saoviet_Envirotrack_M_TNMT\Project_Master_TNMT_Ver_1_0_ModTCP\1.Source_Code_L496\wm_gsm_ethernet_v5\wm_gsm_ethernet_v5\EWARM\wm_gsm_ethernet_v3\Obj\unit_tests.o
#        D:\Saoviet_Git\Saoviet_Envirotrack_M_TNMT\Project_Master_TNMT_Ver_1_0_ModTCP\1.Source_Code_L496\wm_gsm_ethernet_v5\wm_gsm_ethernet_v5\EWARM\wm_gsm_ethernet_v3\Obj\usart.o
#        D:\Saoviet_Git\Saoviet_Envirotrack_M_TNMT\Project_Master_TNMT_Ver_1_0_ModTCP\1.Source_Code_L496\wm_gsm_ethernet_v5\wm_gsm_ethernet_v5\EWARM\wm_gsm_ethernet_v3\Obj\user_adc.o
#        D:\Saoviet_Git\Saoviet_Envirotrack_M_TNMT\Project_Master_TNMT_Ver_1_0_ModTCP\1.Source_Code_L496\wm_gsm_ethernet_v5\wm_gsm_ethernet_v5\EWARM\wm_gsm_ethernet_v3\Obj\user_adv_trace.o
#        D:\Saoviet_Git\Saoviet_Envirotrack_M_TNMT\Project_Master_TNMT_Ver_1_0_ModTCP\1.Source_Code_L496\wm_gsm_ethernet_v5\wm_gsm_ethernet_v5\EWARM\wm_gsm_ethernet_v3\Obj\user_app_comm.o
#        D:\Saoviet_Git\Saoviet_Envirotrack_M_TNMT\Project_Master_TNMT_Ver_1_0_ModTCP\1.Source_Code_L496\wm_gsm_ethernet_v5\wm_gsm_ethernet_v5\EWARM\wm_gsm_ethernet_v3\Obj\user_app_ethernet.o
#        D:\Saoviet_Git\Saoviet_Envirotrack_M_TNMT\Project_Master_TNMT_Ver_1_0_ModTCP\1.Source_Code_L496\wm_gsm_ethernet_v5\wm_gsm_ethernet_v5\EWARM\wm_gsm_ethernet_v3\Obj\user_app_rs485.o
#        D:\Saoviet_Git\Saoviet_Envirotrack_M_TNMT\Project_Master_TNMT_Ver_1_0_ModTCP\1.Source_Code_L496\wm_gsm_ethernet_v5\wm_gsm_ethernet_v5\EWARM\wm_gsm_ethernet_v3\Obj\user_app_sensor.o
#        D:\Saoviet_Git\Saoviet_Envirotrack_M_TNMT\Project_Master_TNMT_Ver_1_0_ModTCP\1.Source_Code_L496\wm_gsm_ethernet_v5\wm_gsm_ethernet_v5\EWARM\wm_gsm_ethernet_v3\Obj\user_app_sim.o
#        D:\Saoviet_Git\Saoviet_Envirotrack_M_TNMT\Project_Master_TNMT_Ver_1_0_ModTCP\1.Source_Code_L496\wm_gsm_ethernet_v5\wm_gsm_ethernet_v5\EWARM\wm_gsm_ethernet_v3\Obj\user_app_wm.o
#        D:\Saoviet_Git\Saoviet_Envirotrack_M_TNMT\Project_Master_TNMT_Ver_1_0_ModTCP\1.Source_Code_L496\wm_gsm_ethernet_v5\wm_gsm_ethernet_v5\EWARM\wm_gsm_ethernet_v3\Obj\user_at_serial.o
#        D:\Saoviet_Git\Saoviet_Envirotrack_M_TNMT\Project_Master_TNMT_Ver_1_0_ModTCP\1.Source_Code_L496\wm_gsm_ethernet_v5\wm_gsm_ethernet_v5\EWARM\wm_gsm_ethernet_v3\Obj\user_convert_variable.o
#        D:\Saoviet_Git\Saoviet_Envirotrack_M_TNMT\Project_Master_TNMT_Ver_1_0_ModTCP\1.Source_Code_L496\wm_gsm_ethernet_v5\wm_gsm_ethernet_v5\EWARM\wm_gsm_ethernet_v3\Obj\user_diskio.o
#        D:\Saoviet_Git\Saoviet_Envirotrack_M_TNMT\Project_Master_TNMT_Ver_1_0_ModTCP\1.Source_Code_L496\wm_gsm_ethernet_v5\wm_gsm_ethernet_v5\EWARM\wm_gsm_ethernet_v3\Obj\user_ec200u.o
#        D:\Saoviet_Git\Saoviet_Envirotrack_M_TNMT\Project_Master_TNMT_Ver_1_0_ModTCP\1.Source_Code_L496\wm_gsm_ethernet_v5\wm_gsm_ethernet_v5\EWARM\wm_gsm_ethernet_v3\Obj\user_internal_mem.o
#        D:\Saoviet_Git\Saoviet_Envirotrack_M_TNMT\Project_Master_TNMT_Ver_1_0_ModTCP\1.Source_Code_L496\wm_gsm_ethernet_v5\wm_gsm_ethernet_v5\EWARM\wm_gsm_ethernet_v3\Obj\user_json.o
#        D:\Saoviet_Git\Saoviet_Envirotrack_M_TNMT\Project_Master_TNMT_Ver_1_0_ModTCP\1.Source_Code_L496\wm_gsm_ethernet_v5\wm_gsm_ethernet_v5\EWARM\wm_gsm_ethernet_v3\Obj\user_l506.o
#        D:\Saoviet_Git\Saoviet_Envirotrack_M_TNMT\Project_Master_TNMT_Ver_1_0_ModTCP\1.Source_Code_L496\wm_gsm_ethernet_v5\wm_gsm_ethernet_v5\EWARM\wm_gsm_ethernet_v3\Obj\user_l511.o
#        D:\Saoviet_Git\Saoviet_Envirotrack_M_TNMT\Project_Master_TNMT_Ver_1_0_ModTCP\1.Source_Code_L496\wm_gsm_ethernet_v5\wm_gsm_ethernet_v5\EWARM\wm_gsm_ethernet_v3\Obj\user_lpm.o
#        D:\Saoviet_Git\Saoviet_Envirotrack_M_TNMT\Project_Master_TNMT_Ver_1_0_ModTCP\1.Source_Code_L496\wm_gsm_ethernet_v5\wm_gsm_ethernet_v5\EWARM\wm_gsm_ethernet_v3\Obj\user_lptim.o
#        D:\Saoviet_Git\Saoviet_Envirotrack_M_TNMT\Project_Master_TNMT_Ver_1_0_ModTCP\1.Source_Code_L496\wm_gsm_ethernet_v5\wm_gsm_ethernet_v5\EWARM\wm_gsm_ethernet_v3\Obj\user_mem.o
#        D:\Saoviet_Git\Saoviet_Envirotrack_M_TNMT\Project_Master_TNMT_Ver_1_0_ModTCP\1.Source_Code_L496\wm_gsm_ethernet_v5\wm_gsm_ethernet_v5\EWARM\wm_gsm_ethernet_v3\Obj\user_mem_comm.o
#        D:\Saoviet_Git\Saoviet_Envirotrack_M_TNMT\Project_Master_TNMT_Ver_1_0_ModTCP\1.Source_Code_L496\wm_gsm_ethernet_v5\wm_gsm_ethernet_v5\EWARM\wm_gsm_ethernet_v3\Obj\user_message.o
#        D:\Saoviet_Git\Saoviet_Envirotrack_M_TNMT\Project_Master_TNMT_Ver_1_0_ModTCP\1.Source_Code_L496\wm_gsm_ethernet_v5\wm_gsm_ethernet_v5\EWARM\wm_gsm_ethernet_v3\Obj\user_modbus_rtu.o
#        D:\Saoviet_Git\Saoviet_Envirotrack_M_TNMT\Project_Master_TNMT_Ver_1_0_ModTCP\1.Source_Code_L496\wm_gsm_ethernet_v5\wm_gsm_ethernet_v5\EWARM\wm_gsm_ethernet_v3\Obj\user_modem.o
#        D:\Saoviet_Git\Saoviet_Envirotrack_M_TNMT\Project_Master_TNMT_Ver_1_0_ModTCP\1.Source_Code_L496\wm_gsm_ethernet_v5\wm_gsm_ethernet_v5\EWARM\wm_gsm_ethernet_v3\Obj\user_obis_sv.o
#        D:\Saoviet_Git\Saoviet_Envirotrack_M_TNMT\Project_Master_TNMT_Ver_1_0_ModTCP\1.Source_Code_L496\wm_gsm_ethernet_v5\wm_gsm_ethernet_v5\EWARM\wm_gsm_ethernet_v3\Obj\user_rs485.o
#        D:\Saoviet_Git\Saoviet_Envirotrack_M_TNMT\Project_Master_TNMT_Ver_1_0_ModTCP\1.Source_Code_L496\wm_gsm_ethernet_v5\wm_gsm_ethernet_v5\EWARM\wm_gsm_ethernet_v3\Obj\user_rtc.o
#        D:\Saoviet_Git\Saoviet_Envirotrack_M_TNMT\Project_Master_TNMT_Ver_1_0_ModTCP\1.Source_Code_L496\wm_gsm_ethernet_v5\wm_gsm_ethernet_v5\EWARM\wm_gsm_ethernet_v3\Obj\user_sd.o
#        D:\Saoviet_Git\Saoviet_Envirotrack_M_TNMT\Project_Master_TNMT_Ver_1_0_ModTCP\1.Source_Code_L496\wm_gsm_ethernet_v5\wm_gsm_ethernet_v5\EWARM\wm_gsm_ethernet_v3\Obj\user_sim.o
#        D:\Saoviet_Git\Saoviet_Envirotrack_M_TNMT\Project_Master_TNMT_Ver_1_0_ModTCP\1.Source_Code_L496\wm_gsm_ethernet_v5\wm_gsm_ethernet_v5\EWARM\wm_gsm_ethernet_v3\Obj\user_sim_common.o
#        D:\Saoviet_Git\Saoviet_Envirotrack_M_TNMT\Project_Master_TNMT_Ver_1_0_ModTCP\1.Source_Code_L496\wm_gsm_ethernet_v5\wm_gsm_ethernet_v5\EWARM\wm_gsm_ethernet_v3\Obj\user_string.o
#        D:\Saoviet_Git\Saoviet_Envirotrack_M_TNMT\Project_Master_TNMT_Ver_1_0_ModTCP\1.Source_Code_L496\wm_gsm_ethernet_v5\wm_gsm_ethernet_v5\EWARM\wm_gsm_ethernet_v3\Obj\user_time.o
#        D:\Saoviet_Git\Saoviet_Envirotrack_M_TNMT\Project_Master_TNMT_Ver_1_0_ModTCP\1.Source_Code_L496\wm_gsm_ethernet_v5\wm_gsm_ethernet_v5\EWARM\wm_gsm_ethernet_v3\Obj\user_timer.o
#        D:\Saoviet_Git\Saoviet_Envirotrack_M_TNMT\Project_Master_TNMT_Ver_1_0_ModTCP\1.Source_Code_L496\wm_gsm_ethernet_v5\wm_gsm_ethernet_v5\EWARM\wm_gsm_ethernet_v3\Obj\user_tiny_vsnprintf.o
#        D:\Saoviet_Git\Saoviet_Envirotrack_M_TNMT\Project_Master_TNMT_Ver_1_0_ModTCP\1.Source_Code_L496\wm_gsm_ethernet_v5\wm_gsm_ethernet_v5\EWARM\wm_gsm_ethernet_v3\Obj\user_uart.o
#        D:\Saoviet_Git\Saoviet_Envirotrack_M_TNMT\Project_Master_TNMT_Ver_1_0_ModTCP\1.Source_Code_L496\wm_gsm_ethernet_v5\wm_gsm_ethernet_v5\EWARM\wm_gsm_ethernet_v3\Obj\user_util.o
#        D:\Saoviet_Git\Saoviet_Envirotrack_M_TNMT\Project_Master_TNMT_Ver_1_0_ModTCP\1.Source_Code_L496\wm_gsm_ethernet_v5\wm_gsm_ethernet_v5\EWARM\wm_gsm_ethernet_v3\Obj\user_wm_digital.o
#        D:\Saoviet_Git\Saoviet_Envirotrack_M_TNMT\Project_Master_TNMT_Ver_1_0_ModTCP\1.Source_Code_L496\wm_gsm_ethernet_v5\wm_gsm_ethernet_v5\EWARM\wm_gsm_ethernet_v3\Obj\w6100.o
#        D:\Saoviet_Git\Saoviet_Envirotrack_M_TNMT\Project_Master_TNMT_Ver_1_0_ModTCP\1.Source_Code_L496\wm_gsm_ethernet_v5\wm_gsm_ethernet_v5\EWARM\wm_gsm_ethernet_v3\Obj\wizchip_conf.o
#        D:\Saoviet_Git\Saoviet_Envirotrack_M_TNMT\Project_Master_TNMT_Ver_1_0_ModTCP\1.Source_Code_L496\wm_gsm_ethernet_v5\wm_gsm_ethernet_v5\EWARM\wm_gsm_ethernet_v3\Obj\wm_mong_cai.o
#        D:\Saoviet_Git\Saoviet_Envirotrack_M_TNMT\Project_Master_TNMT_Ver_1_0_ModTCP\1.Source_Code_L496\wm_gsm_ethernet_v5\wm_gsm_ethernet_v5\EWARM\wm_gsm_ethernet_v3\Obj\wm_mt100.o
#        D:\Saoviet_Git\Saoviet_Envirotrack_M_TNMT\Project_Master_TNMT_Ver_1_0_ModTCP\1.Source_Code_L496\wm_gsm_ethernet_v5\wm_gsm_ethernet_v5\EWARM\wm_gsm_ethernet_v3\Obj\wm_sence.o
#        D:\Saoviet_Git\Saoviet_Envirotrack_M_TNMT\Project_Master_TNMT_Ver_1_0_ModTCP\1.Source_Code_L496\wm_gsm_ethernet_v5\wm_gsm_ethernet_v5\EWARM\wm_gsm_ethernet_v3\Obj\woteck_ultrasonic.o
#        D:\Saoviet_Git\Saoviet_Envirotrack_M_TNMT\Project_Master_TNMT_Ver_1_0_ModTCP\1.Source_Code_L496\wm_gsm_ethernet_v5\wm_gsm_ethernet_v5\EWARM\wm_gsm_ethernet_v3\Obj\woteck_wm.o
#        --no_out_extension -o
#        D:\Saoviet_Git\Saoviet_Envirotrack_M_TNMT\Project_Master_TNMT_Ver_1_0_ModTCP\1.Source_Code_L496\wm_gsm_ethernet_v5\wm_gsm_ethernet_v5\EWARM\wm_gsm_ethernet_v3\Exe\wm_gsm_ethernet_v3.out
#        --redirect _Printf=_PrintfFullNoMb --redirect _Scanf=_ScanfFullNoMb
#        --map
#        D:\Saoviet_Git\Saoviet_Envirotrack_M_TNMT\Project_Master_TNMT_Ver_1_0_ModTCP\1.Source_Code_L496\wm_gsm_ethernet_v5\wm_gsm_ethernet_v5\EWARM\wm_gsm_ethernet_v3\List\wm_gsm_ethernet_v3.map
#        --config
#        D:\Saoviet_Git\Saoviet_Envirotrack_M_TNMT\Project_Master_TNMT_Ver_1_0_ModTCP\1.Source_Code_L496\wm_gsm_ethernet_v5\wm_gsm_ethernet_v5\EWARM/stm32l496xx_flash.icf
#        --semihosting --entry __iar_program_start --vfe --text_out locale)
#
###############################################################################

*******************************************************************************
*** RUNTIME MODEL ATTRIBUTES
***

CppFlavor       = *
__Heap_Handler  = DLMalloc
__SystemLibrary = DLib
__dlib_version  = 6


*******************************************************************************
*** HEAP SELECTION
***

The advanced heap was selected because the application calls memory
allocation functions outside of system library functions, and there
are calls to deallocation functions in the application.


*******************************************************************************
*** PLACEMENT SUMMARY
***

"A0":  place at address 0x800'4000 { ro section .intvec };
"P1":  place in [from 0x800'0000 to 0x80f'ffff] { ro };
define block CSTACK with size = 4864, alignment = 8 { };
define block HEAP with size = 2K, alignment = 8 { };
"P2":  place in [from 0x2000'0000 to 0x2004'ffff] {
          rw, block CSTACK, block HEAP };
initialize by copy { rw };

  Section            Kind         Address      Size  Object
  -------            ----         -------      ----  ------
"A0":                                         0x1ac
  .intvec            ro code   0x800'4000     0x1ac  startup_stm32l496xx.o [1]
                             - 0x800'41ac     0x1ac

"P1":                                      0x3'240a
  .text              ro code   0x800'41ac    0x35a2  user_app_wm.o [1]
  .text              ro code   0x800'774e      0x52  level_S_YW_01B.o [1]
  .text              ro code   0x800'77a0     0x32c  user_timer.o [1]
  .text              ro code   0x800'7acc     0x400  user_rs485.o [1]
  .text              ro code   0x800'7ecc       0xc  stm32l4xx_hal.o [1]
  .text              ro code   0x800'7ed8      0x4a  event_driven.o [1]
  .text              ro code   0x800'7f22      0x3a  zero_init3.o [4]
  .text              ro code   0x800'7f5c     0x78e  user_util.o [1]
  .text              ro code   0x800'86ea      0x26  level_ultrasonic.o [1]
  .text              ro code   0x800'8710     0x324  user_time.o [1]
  .text              ro code   0x800'8a34     0x2da  user_adv_trace.o [1]
  .text              ro code   0x800'8d0e      0x1a  xsnprout.o [2]
  .text              ro code   0x800'8d28    0x1a50  user_app_ethernet.o [1]
  .text              ro code   0x800'a778    0x1404  user_app_sim.o [1]
  .text              ro code   0x800'bb7c      0x66  ABImemset.o [4]
  .text              ro code   0x800'bbe2       0xa  xsprout.o [2]
  .text              ro code   0x800'bbec     0x1c4  user_lptim.o [1]
  .text              ro code   0x800'bdb0      0x40  sprintf.o [2]
  .text              ro code   0x800'bdf0      0x58  S64ToFlt.o [3]
  .text              ro code   0x800'be48      0x48  FltToDbl.o [3]
  .text              ro code   0x800'be90      0x68  DblToFlt.o [3]
  .text              ro code   0x800'bef8     0x13c  user_adc.o [1]
  .text              ro code   0x800'c034     0x3c8  stm32l4xx_hal_gpio.o [1]
  .text              ro code   0x800'c3fc      0x2e  DblCmpLe.o [3]
  .rodata            const     0x800'c42a       0x2  user_app_wm.o [1]
  .text              ro code   0x800'c42c      0xe2  DblSub.o [3]
  .rodata            const     0x800'c50e       0x2  user_ec200u.o [1]
  .text              ro code   0x800'c510     0x1a2  DblMul.o [3]
  .rodata            const     0x800'c6b2       0x2  user_ec200u.o [1]
  .text              ro code   0x800'c6b4     0x246  DblDiv.o [3]
  .rodata            const     0x800'c8fa       0x2  xlocale_c.o [2]
  .text              ro code   0x800'c8fc     0x17a  DblAdd.o [3]
  .rodata            const     0x800'ca76       0x2  xlocale_c.o [2]
  .text              ro code   0x800'ca78      0xa6  ABImemcpy.o [4]
  .text              ro code   0x800'cb1e     0x2b0  user_obis_sv.o [1]
  .rodata            const     0x800'cdce       0x1  xlocale_c.o [2]
  .text              ro code   0x800'cdd0     0xdac  user_mem.o [1]
  .text              ro code   0x800'db7c     0x1ba  onchipflash.o [1]
  .text              ro code   0x800'dd38      0x36  strlen.o [4]
  .text              ro code   0x800'dd6e      0x90  iar_Stolx.o [2]
  .text              ro code   0x800'de00     0x3a4  strto32.o [3]
  .text              ro code   0x800'e1a4      0x3a  FltToU64.o [3]
  .text              ro code   0x800'e1e0      0x16  strchr.o [4]
  .text              ro code   0x800'e1f8      0x70  strncpy.o [4]
  .text              ro code   0x800'e268      0x1a  U32ToDbl.o [3]
  .text              ro code   0x800'e284      0x22  S32ToDbl.o [3]
  .text              ro code   0x800'e2a8      0x3a  DblToS32.o [3]
  .text              ro code   0x800'e2e4     0x4dc  usart.o [1]
  .text              ro code   0x800'e7c0     0xddc  stm32l4xx_hal_uart.o [1]
  .text              ro code   0x800'f59c     0x15c  stm32l4xx_hal_cortex.o [1]
  .text              ro code   0x800'f6f8     0x180  user_modbus_rtu.o [1]
  .text              ro code   0x800'f878      0x28  stm32l4xx_hal.o [1]
  .text              ro code   0x800'f8a0      0x1e  math_wrappers64.o [3]
  .text              ro code   0x800'f8c0     0x14c  iar_Stoulx.o [2]
  .text              ro code   0x800'fa0c    0x14dc  dlmalloc.o [2]
  .text              ro code   0x801'0ee8       0x4  heaptramp0.o [2]
  .text              ro code   0x801'0eec     0x230  I64DivMod.o [4]
  .text              ro code   0x801'111c     0x736  stm32l4xx_hal_rtc.o [1]
  .text              ro code   0x801'1854     0x2d8  user_tiny_vsnprintf.o [1]
  .text              ro code   0x801'1b2c       0x2  user_adv_trace.o [1]
  .text              ro code   0x801'1b2e       0x8  abs.o [2]
  .text              ro code   0x801'1b38     0x2dc  w6100.o [1]
  .text              ro code   0x801'1e14     0xb28  wizchip_conf.o [1]
  .text              ro code   0x801'293c    0x21e4  user_modem.o [1]
  .text              ro code   0x801'4b20    0x108c  dhcpv4.o [1]
  .text              ro code   0x801'5bac     0xe60  dhcpv6.o [1]
  .text              ro code   0x801'6a0c     0x58c  dns.o [1]
  .text              ro code   0x801'6f98     0xbc6  user_message.o [1]
  .text              ro code   0x801'7b5e     0x16a  queue_p.o [1]
  .text              ro code   0x801'7cc8     0xc78  socket.o [1]
  .text              ro code   0x801'8940     0xda8  stm32l4xx_hal_spi.o [1]
  .text              ro code   0x801'96e8     0x1cc  user_string.o [1]
  .text              ro code   0x801'98b4      0x4c  strtok.o [2]
  .text              ro code   0x801'9900     0x8ee  user_sim_common.o [1]
  .text              ro code   0x801'a1f0     0x750  user_sim.o [1]
  .text              ro code   0x801'a940     0x1b0  stm32l4xx_hal_flash.o [1]
  .text              ro code   0x801'aaf0     0xa9e  user_ec200u.o [1]
  .text              ro code   0x801'b590     0x18c  stm32l4xx_hal_lptim.o [1]
  .text              ro code   0x801'b71c     0x3ae  stm32l4xx_hal_tim.o [1]
  .text              ro code   0x801'bacc     0xfc6  xprintffull_nomb.o [2]
  .text              ro code   0x801'ca94     0xe6a  stm32l4xx_hal_adc.o [1]
  .text              ro code   0x801'd900     0x128  main.o [1]
  .text              ro code   0x801'da28     0x1ec  stm32l4xx_hal_adc_ex.o [1]
  .text              ro code   0x801'dc14     0x8e8  user_app_comm.o [1]
  .text              ro code   0x801'e4fc     0x100  user_internal_mem.o [1]
  .text              ro code   0x801'e5fc     0x9f4  S25FL216K.o [1]
  .text              ro code   0x801'eff0     0x36c  user_sd.o [1]
  .text              ro code   0x801'f35c      0xb4  stm32l4xx_hal_flash_ex.o [1]
  .text              ro code   0x801'f410      0x14  isspace.o [2]
  .text              ro code   0x801'f424      0x48  frexpf.o [3]
  .text              ro code   0x801'f46c      0xc4  ldexpf.o [3]
  .text              ro code   0x801'f530     0x122  iar_Stopfx.o [2]
  .text              ro code   0x801'f654     0x1b8  iar_Stoflt.o [2]
  .text              ro code   0x801'f80c     0x208  iar_Stoxflt.o [2]
  .text              ro code   0x801'fa14      0x14  memset.o [4]
  .text              ro code   0x801'fa28     0x704  stm32l4xx_hal_rcc_ex.o [1]
  .text              ro code   0x802'012c     0x452  stm32l4xx_hal_dma.o [1]
  .text              ro code   0x802'057e       0x2  stm32l4xx_hal_uart.o [1]
  .text              ro code   0x802'0580      0xa8  user_uart.o [1]
  .text              ro code   0x802'0628       0x2  stm32l4xx_hal_uart_ex.o [1]
  .text              ro code   0x802'062c     0x978  stm32l4xx_hal_rcc.o [1]
  .text              ro code   0x802'0fa4       0x2  stm32l4xx_hal_uart.o [1]
  .text              ro code   0x802'0fa8     0x4f8  strto64.o [3]
  .text              ro code   0x802'14a0     0x6ec  pow64.o [3]
  .text              ro code   0x802'1b8c      0x14  tolower.o [2]
  .text              ro code   0x802'1ba0      0x58  memchr.o [4]
  .text              ro code   0x802'1bf8       0x6  abort.o [2]
  .text              ro code   0x802'1c00      0x2c  xgetmemchunk.o [2]
  .text              ro code   0x802'1c2c       0x6  ABImemclr.o [4]
  .text              ro code   0x802'1c34       0x2  I64DivZer.o [4]
  .text              ro code   0x802'1c38      0x58  rtc.o [1]
  .text              ro code   0x802'1c90     0x358  user_rtc.o [1]
  .text              ro code   0x802'1fe8       0x2  stm32l4xx_hal_rtc_ex.o [1]
  .text              ro code   0x802'1fea      0x2c  strstr.o [2]
  .text              ro code   0x802'2018      0x46  U64ToDbl.o [3]
  .text              ro code   0x802'2060       0x6  ABImemclr4.o [4]
  .text              ro code   0x802'2068      0x48  U64ToFlt.o [3]
  .text              ro code   0x802'20b0      0x28  printf.o [2]
  .text              ro code   0x802'20d8      0x18  strcpy.o [4]
  .text              ro code   0x802'20f0      0xc8  MQTTSerializePublish.o [1]
  .text              ro code   0x802'21b8      0xe0  MQTTSubscribeClient.o [1]
  .text              ro code   0x802'2298     0x1f0  MQTTConnectClient.o [1]
  .text              ro code   0x802'2488     0x324  spi.o [1]
  .text              ro code   0x802'27ac       0x2  stm32l4xx_hal_spi.o [1]
  .text              ro code   0x802'27b0     0x5c0  sd_spi.o [1]
  .text              ro code   0x802'2d70       0x2  stm32l4xx_hal_spi.o [1]
  .text              ro code   0x802'2d72       0x2  stm32l4xx_hal_spi.o [1]
  .text              ro code   0x802'2d74       0x2  stm32l4xx_hal_spi.o [1]
  .text              ro code   0x802'2d76       0x2  stm32l4xx_hal_spi.o [1]
  .text              ro code   0x802'2d78      0x22  strspn.o [2]
  .text              ro code   0x802'2d9a      0x22  strcspn.o [2]
  .text              ro code   0x802'2dbc     0x194  lptim.o [1]
  .text              ro code   0x802'2f50     0x1dc  tim.o [1]
  .text              ro code   0x802'312c      0x40  xfail_s.o [2]
  .text              ro code   0x802'316c      0x70  frexp.o [3]
  .text              ro code   0x802'31dc      0x2e  DblCmpGe.o [3]
  .text              ro code   0x802'320c     0x13a  ldexp.o [3]
  .text              ro code   0x802'3348      0x28  DblToU32.o [3]
  .text              ro code   0x802'3370      0x4c  xlocale_c.o [2]
  .text              ro code   0x802'33bc     0x1d8  adc.o [1]
  .text              ro code   0x802'3594      0x4c  stm32l4xx_hal.o [1]
  .text              ro code   0x802'35e0     0x310  gpio.o [1]
  .text              ro code   0x802'38f0      0x90  dma.o [1]
  .text              ro code   0x802'3980      0xf4  i2c.o [1]
  .text              ro code   0x802'3a74      0x90  stm32l4xx_hal_pwr_ex.o [1]
  .text              ro code   0x802'3b04      0x10  stm32l4xx_hal_pwr.o [1]
  .text              ro code   0x802'3b14      0x24  user_lpm.o [1]
  .text              ro code   0x802'3b38     0xfac  user_app_rs485.o [1]
  .text              ro code   0x802'4ae4    0x12f0  user_app_sensor.o [1]
  .text              ro code   0x802'5dd4    0x1644  lcd_display.o [1]
  .text              ro code   0x802'7418     0x444  sd_functions.o [1]
  .text              ro code   0x802'785c    0x28e2  ff.o [1]
  .text              ro code   0x802'a140     0x5a4  user_convert_variable.o [1]
  .text              ro code   0x802'a6e4      0x14  isalpha.o [2]
  .text              ro code   0x802'a6f8      0x5c  stm32l4xx_hal.o [1]
  .text              ro code   0x802'a754      0x20  DblCmpEq.o [3]
  .text              ro code   0x802'a774     0x3e8  iar_Exp64.o [3]
  .text              ro code   0x802'ab5c      0x14  exit.o [5]
  .text              ro code   0x802'ab70      0x46  stm32l4xx_hal_rtc_ex.o [1]
  .text              ro code   0x802'abb8      0x32  ABImemset48.o [4]
  .text              ro code   0x802'abec     0x108  MQTTPacket.o [1]
  .text              ro code   0x802'acf4      0xb4  stm32l4xx_hal_tim_ex.o [1]
  .text              ro code   0x802'ada8      0x38  stm32l4xx_hal_msp.o [1]
  .text              ro code   0x802'ade0      0xde  stm32l4xx_hal_i2c.o [1]
  .text              ro code   0x802'aec0      0xbe  stm32l4xx_hal_i2c_ex.o [1]
  .text              ro code   0x802'af80      0x5c  user_wm_digital.o [1]
  .text              ro code   0x802'afdc      0x38  roundf.o [3]
  .text              ro code   0x802'b014      0x9c  STM32L4.o [1]
  .text              ro code   0x802'b0b0     0x270  text_tiny.o [1]
  .text              ro code   0x802'b320      0x14  unit_tests.o [1]
  .text              ro code   0x802'b334      0xdc  glcd.o [1]
  .text              ro code   0x802'b410     0x378  text.o [1]
  .text              ro code   0x802'b788     0x28c  graphics.o [1]
  .text              ro code   0x802'ba14     0x14c  ST7565R.o [1]
  .text              ro code   0x802'bb60      0x52  DblToU64.o [3]
  .text              ro code   0x802'bbb4    0x22b4  button.o [1]
  .text              ro code   0x802'de68      0x9c  ff_gen_drv.o [1]
  .text              ro code   0x802'df04      0xb0  diskio.o [1]
  .text              ro code   0x802'dfb4      0x12  strcmp.o [4]
  .text              ro code   0x802'dfc8      0x44  snprintf.o [2]
  .text              ro code   0x802'e00c     0x118  ccsbcs.o [1]
  .text              ro code   0x802'e124      0x10  syscall.o [1]
  .text              ro code   0x802'e134       0x4  fatfs.o [1]
  .text              ro code   0x802'e138      0x7c  iarttio.o [5]
  .text              ro code   0x802'e1b4      0x3c  XShttio.o [2]
  .rodata            const     0x802'e1f0     0x880  user_ec200u.o [1]
  .rodata            const     0x802'ea70     0x548  lcd_display.o [1]
  .rodata            const     0x802'efb8      0x6c  dhcpv6.o [1]
  .rodata            const     0x802'f028     0x420  pow64.o [3]
  .rodata            const     0x802'f448     0x400  unit_tests.o [1]
  .text              ro code   0x802'f848     0x364  siemen_mag8000.o [1]
  .rodata            const     0x802'fbac     0x214  lcd_display.o [1]
  .text              ro code   0x802'fdc0     0x1f8  wm_sence.o [1]
  .rodata            const     0x802'ffb8     0x1f4  ccsbcs.o [1]
  .rodata            const     0x803'01ac     0x1e0  user_message.o [1]
  .text              ro code   0x803'038c     0x1b0  woteck_wm.o [1]
  .text              ro code   0x803'053c     0x194  wm_mt100.o [1]
  .text              ro code   0x803'06d0     0x194  woteck_ultrasonic.o [1]
  .rodata            const     0x803'0864     0x12c  user_app_sensor.o [1]
  .rodata            const     0x803'0990     0x12c  user_app_sensor.o [1]
  .rodata            const     0x803'0abc     0x12c  user_app_sensor.o [1]
  .rodata            const     0x803'0be8     0x12c  user_app_sensor.o [1]
  .rodata            const     0x803'0d14     0x100  ccsbcs.o [1]
  .rodata            const     0x803'0e14     0x100  user_message.o [1]
  .text              ro code   0x803'0f14      0xf4  stm32l4xx_it.o [1]
  .text              ro code   0x803'1008      0x18  stm32l4xx_hal.o [1]
  .text              ro code   0x803'1020      0xdc  sd_diskio_spi.o [1]
  .text              ro code   0x803'10fc      0xd8  xfspos.o [2]
  .text              ro code   0x803'11d4      0xac  fflush.o [2]
  .text              ro code   0x803'1280       0xc  xfgpos.o [2]
  .text              ro code   0x803'128c      0x4a  lseek.o [5]
  .text              ro code   0x803'12d6      0x10  write.o [5]
  .text              ro code   0x803'12e8      0xcc  XShHandles.o [2]
  .text              ro code   0x803'13b4      0x1e  dwrite.o [5]
  .text              ro code   0x803'13d2      0x20  iarwstd.o [5]
  .text              ro code   0x803'13f2      0x22  iarwrite.o [5]
  .rodata            const     0x803'1414      0xd0  user_ec200u.o [1]
  .rodata            const     0x803'14e4      0xc8  user_app_sensor.o [1]
  .rodata            const     0x803'15ac      0xc8  user_app_sensor.o [1]
  .rodata            const     0x803'1674      0xc8  user_app_sensor.o [1]
  .rodata            const     0x803'173c      0xc0  lcd_display.o [1]
  .rodata            const     0x803'17fc      0xbc  ccsbcs.o [1]
  .rodata            const     0x803'18b8      0xb8  sd_functions.o [1]
  .text              ro code   0x803'1970      0xb4  xfwprep.o [2]
  .text              ro code   0x803'1a24      0x24  fseek.o [2]
  .text              ro code   0x803'1a48      0xb0  wm_mong_cai.o [1]
  .text              ro code   0x803'1af8      0x9c  xfofind.o [2]
  .rodata            const     0x803'1b94      0x80  ff.o [1]
  .text              ro code   0x803'1c14      0x7e  fclose.o [2]
  .text              ro code   0x803'1c92      0x18  close.o [5]
  .text              ro code   0x803'1caa      0x14  remove.o [5]
  .text              ro code   0x803'1cbe      0x78  lz77_init_single.o [4]
  .rodata            const     0x803'1d38      0x54  dhcpv6.o [1]
  .text              ro code   0x803'1d8c      0x54  fputc.o [2]
  .rodata            const     0x803'1de0      0x50  user_modem.o [1]
  .rodata            const     0x803'1e30      0x50  iar_Stoulx.o [2]
  .rodata            const     0x803'1e80      0x48  strto64.o [3]
  .text              ro code   0x803'1ec8      0x44  level_SUP_PX261_B.o [1]
  .text              ro code   0x803'1f0c      0x3c  xcloseall.o [2]
  .rodata            const     0x803'1f48      0x38  sd_functions.o [1]
  .rodata            const     0x803'1f80      0x38  user_app_wm.o [1]
  .rodata            const     0x803'1fb8      0x34  dhcpv6.o [1]
  .rodata            const     0x803'1fec      0x34  user_app_sensor.o [1]
  .rodata            const     0x803'2020      0x34  user_app_sensor.o [1]
  .rodata            const     0x803'2054      0x34  user_sd.o [1]
  .rodata            const     0x803'2088      0x30  system_stm32l4xx.o [1]
  .rodata            const     0x803'20b8      0x30  user_app_ethernet.o [1]
  .rodata            const     0x803'20e8      0x30  user_ec200u.o [1]
  .rodata            const     0x803'2118      0x30  user_ec200u.o [1]
  .rodata            const     0x803'2148      0x2c  user_app_comm.o [1]
  .rodata            const     0x803'2174      0x2c  user_rtc.o [1]
  .rodata            const     0x803'21a0      0x28  S25FL216K.o [1]
  .rodata            const     0x803'21c8      0x28  S25FL216K.o [1]
  .rodata            const     0x803'21f0      0x28  user_app_ethernet.o [1]
  .rodata            const     0x803'2218      0x28  user_app_ethernet.o [1]
  .rodata            const     0x803'2240      0x28  user_app_sensor.o [1]
  .rodata            const     0x803'2268      0x28  user_app_wm.o [1]
  .rodata            const     0x803'2290      0x28  user_ec200u.o [1]
  .rodata            const     0x803'22b8      0x28  user_ec200u.o [1]
  .rodata            const     0x803'22e0      0x28  user_modem.o [1]
  .rodata            const     0x803'2308      0x28  user_tiny_vsnprintf.o [1]
  .rodata            const     0x803'2330      0x28  user_tiny_vsnprintf.o [1]
  .text              ro code   0x803'2358      0x28  data_init.o [4]
  .rodata            const     0x803'2380      0x24  dhcpv6.o [1]
  .rodata            const     0x803'23a4      0x24  user_app_comm.o [1]
  .rodata            const     0x803'23c8      0x24  user_app_comm.o [1]
  .rodata            const     0x803'23ec      0x24  user_app_comm.o [1]
  .rodata            const     0x803'2410      0x24  user_app_comm.o [1]
  .rodata            const     0x803'2434      0x24  user_app_ethernet.o [1]
  .rodata            const     0x803'2458      0x24  user_app_ethernet.o [1]
  .rodata            const     0x803'247c      0x24  user_app_ethernet.o [1]
  .rodata            const     0x803'24a0      0x24  user_app_ethernet.o [1]
  .rodata            const     0x803'24c4      0x24  user_app_ethernet.o [1]
  .rodata            const     0x803'24e8      0x24  user_app_ethernet.o [1]
  .rodata            const     0x803'250c      0x24  user_app_sim.o [1]
  .rodata            const     0x803'2530      0x24  user_app_sim.o [1]
  .rodata            const     0x803'2554      0x24  user_ec200u.o [1]
  .rodata            const     0x803'2578      0x24  user_mem.o [1]
  .text              ro code   0x803'259c      0x22  fpinit_M.o [3]
  .iar.init_table    const     0x803'25c0      0x20  - Linker created -
  .rodata            const     0x803'25e0      0x20  dhcpv6.o [1]
  .rodata            const     0x803'2600      0x20  dhcpv6.o [1]
  .rodata            const     0x803'2620      0x20  S25FL216K.o [1]
  .rodata            const     0x803'2640      0x20  sd_functions.o [1]
  .rodata            const     0x803'2660      0x20  sd_functions.o [1]
  .rodata            const     0x803'2680      0x20  sd_functions.o [1]
  .rodata            const     0x803'26a0      0x20  user_app_comm.o [1]
  .rodata            const     0x803'26c0      0x20  user_app_comm.o [1]
  .rodata            const     0x803'26e0      0x20  user_app_comm.o [1]
  .rodata            const     0x803'2700      0x20  user_app_comm.o [1]
  .rodata            const     0x803'2720      0x20  user_app_comm.o [1]
  .rodata            const     0x803'2740      0x20  user_app_comm.o [1]
  .rodata            const     0x803'2760      0x20  user_app_ethernet.o [1]
  .rodata            const     0x803'2780      0x20  user_app_ethernet.o [1]
  .rodata            const     0x803'27a0      0x20  user_app_ethernet.o [1]
  .rodata            const     0x803'27c0      0x20  user_app_ethernet.o [1]
  .rodata            const     0x803'27e0      0x20  user_app_ethernet.o [1]
  .rodata            const     0x803'2800      0x20  user_app_ethernet.o [1]
  .rodata            const     0x803'2820      0x20  user_app_ethernet.o [1]
  .rodata            const     0x803'2840      0x20  user_app_sensor.o [1]
  .rodata            const     0x803'2860      0x20  user_app_sim.o [1]
  .rodata            const     0x803'2880      0x20  user_app_sim.o [1]
  .rodata            const     0x803'28a0      0x20  user_app_sim.o [1]
  .rodata            const     0x803'28c0      0x20  user_app_wm.o [1]
  .rodata            const     0x803'28e0      0x20  user_app_wm.o [1]
  .rodata            const     0x803'2900      0x20  user_ec200u.o [1]
  .rodata            const     0x803'2920      0x20  user_ec200u.o [1]
  .rodata            const     0x803'2940      0x20  user_ec200u.o [1]
  .rodata            const     0x803'2960      0x20  user_ec200u.o [1]
  .rodata            const     0x803'2980      0x20  user_ec200u.o [1]
  .rodata            const     0x803'29a0      0x20  user_ec200u.o [1]
  .rodata            const     0x803'29c0      0x20  user_mem.o [1]
  .rodata            const     0x803'29e0      0x20  user_mem.o [1]
  .rodata            const     0x803'2a00      0x20  user_mem.o [1]
  .rodata            const     0x803'2a20      0x20  user_mem.o [1]
  .rodata            const     0x803'2a40      0x20  user_message.o [1]
  .rodata            const     0x803'2a60      0x20  user_modem.o [1]
  .rodata            const     0x803'2a80      0x20  user_rtc.o [1]
  .rodata            const     0x803'2aa0      0x20  user_sd.o [1]
  .rodata            const     0x803'2ac0      0x20  user_sim.o [1]
  .rodata            const     0x803'2ae0      0x20  user_sim.o [1]
  .rodata            const     0x803'2b00      0x20  user_sim_common.o [1]
  .rodata            const     0x803'2b20      0x20  user_sim_common.o [1]
  .text              ro code   0x803'2b40      0x20  system_stm32l4xx.o [1]
  .text              ro code   0x803'2b60      0x1e  cmain.o [4]
  .text              ro code   0x803'2b7e       0x4  low_level_init.o [2]
  .text              ro code   0x803'2b82       0x4  exit.o [2]
  .text              ro code   0x803'2b88       0xe  cexit.o [4]
  .rodata            const     0x803'2b98      0x1c  dhcpv6.o [1]
  .rodata            const     0x803'2bb4      0x1c  dhcpv6.o [1]
  .rodata            const     0x803'2bd0      0x1c  dhcpv6.o [1]
  .rodata            const     0x803'2bec      0x1c  S25FL216K.o [1]
  .rodata            const     0x803'2c08      0x1c  sd_functions.o [1]
  .rodata            const     0x803'2c24      0x1c  sd_functions.o [1]
  .rodata            const     0x803'2c40      0x1c  sd_functions.o [1]
  .rodata            const     0x803'2c5c      0x1c  siemen_mag8000.o [1]
  .rodata            const     0x803'2c78      0x1c  user_app_comm.o [1]
  .rodata            const     0x803'2c94      0x1c  user_app_comm.o [1]
  .rodata            const     0x803'2cb0      0x1c  user_app_comm.o [1]
  .rodata            const     0x803'2ccc      0x1c  user_app_comm.o [1]
  .rodata            const     0x803'2ce8      0x1c  user_app_comm.o [1]
  .rodata            const     0x803'2d04      0x1c  user_app_comm.o [1]
  .rodata            const     0x803'2d20      0x1c  user_app_ethernet.o [1]
  .rodata            const     0x803'2d3c      0x1c  user_app_ethernet.o [1]
  .rodata            const     0x803'2d58      0x1c  user_app_ethernet.o [1]
  .rodata            const     0x803'2d74      0x1c  user_app_ethernet.o [1]
  .rodata            const     0x803'2d90      0x1c  user_app_ethernet.o [1]
  .rodata            const     0x803'2dac      0x1c  user_app_ethernet.o [1]
  .rodata            const     0x803'2dc8      0x1c  user_app_ethernet.o [1]
  .rodata            const     0x803'2de4      0x1c  user_app_ethernet.o [1]
  .rodata            const     0x803'2e00      0x1c  user_app_ethernet.o [1]
  .rodata            const     0x803'2e1c      0x1c  user_app_ethernet.o [1]
  .rodata            const     0x803'2e38      0x1c  user_app_ethernet.o [1]
  .rodata            const     0x803'2e54      0x1c  user_app_ethernet.o [1]
  .rodata            const     0x803'2e70      0x1c  user_app_ethernet.o [1]
  .rodata            const     0x803'2e8c      0x1c  user_app_sim.o [1]
  .rodata            const     0x803'2ea8      0x1c  user_app_sim.o [1]
  .rodata            const     0x803'2ec4      0x1c  user_app_sim.o [1]
  .rodata            const     0x803'2ee0      0x1c  user_app_sim.o [1]
  .rodata            const     0x803'2efc      0x1c  user_app_sim.o [1]
  .rodata            const     0x803'2f18      0x1c  user_app_wm.o [1]
  .rodata            const     0x803'2f34      0x1c  user_app_wm.o [1]
  .rodata            const     0x803'2f50      0x1c  user_app_wm.o [1]
  .rodata            const     0x803'2f6c      0x1c  user_app_wm.o [1]
  .rodata            const     0x803'2f88      0x1c  user_ec200u.o [1]
  .rodata            const     0x803'2fa4      0x1c  user_ec200u.o [1]
  .rodata            const     0x803'2fc0      0x1c  user_ec200u.o [1]
  .rodata            const     0x803'2fdc      0x1c  user_ec200u.o [1]
  .rodata            const     0x803'2ff8      0x1c  user_ec200u.o [1]
  .rodata            const     0x803'3014      0x1c  user_ec200u.o [1]
  .rodata            const     0x803'3030      0x1c  user_ec200u.o [1]
  .rodata            const     0x803'304c      0x1c  user_ec200u.o [1]
  .rodata            const     0x803'3068      0x1c  user_ec200u.o [1]
  .rodata            const     0x803'3084      0x1c  user_ec200u.o [1]
  .rodata            const     0x803'30a0      0x1c  user_ec200u.o [1]
  .rodata            const     0x803'30bc      0x1c  user_ec200u.o [1]
  .rodata            const     0x803'30d8      0x1c  user_mem.o [1]
  .rodata            const     0x803'30f4      0x1c  user_mem.o [1]
  .rodata            const     0x803'3110      0x1c  user_mem.o [1]
  .rodata            const     0x803'312c      0x1c  user_modem.o [1]
  .rodata            const     0x803'3148      0x1c  user_modem.o [1]
  .rodata            const     0x803'3164      0x1c  user_sd.o [1]
  .rodata            const     0x803'3180      0x1c  user_sd.o [1]
  .rodata            const     0x803'319c      0x1c  user_sd.o [1]
  .rodata            const     0x803'31b8      0x1c  user_sim.o [1]
  .rodata            const     0x803'31d4      0x1c  user_sim_common.o [1]
  .rodata            const     0x803'31f0      0x1c  user_sim_common.o [1]
  .rodata            const     0x803'320c      0x1c  woteck_ultrasonic.o [1]
  .rodata            const     0x803'3228      0x18  dhcpv6.o [1]
  .rodata            const     0x803'3240      0x18  S25FL216K.o [1]
  .rodata            const     0x803'3258      0x18  sd_functions.o [1]
  .rodata            const     0x803'3270      0x18  sd_functions.o [1]
  .rodata            const     0x803'3288      0x18  sd_functions.o [1]
  .rodata            const     0x803'32a0      0x18  sd_functions.o [1]
  .rodata            const     0x803'32b8      0x18  socket.o [1]
  .rodata            const     0x803'32d0      0x18  socket.o [1]
  .rodata            const     0x803'32e8      0x18  user_app_comm.o [1]
  .rodata            const     0x803'3300      0x18  user_app_comm.o [1]
  .rodata            const     0x803'3318      0x18  user_app_ethernet.o [1]
  .rodata            const     0x803'3330      0x18  user_app_ethernet.o [1]
  .rodata            const     0x803'3348      0x18  user_app_ethernet.o [1]
  .rodata            const     0x803'3360      0x18  user_app_ethernet.o [1]
  .rodata            const     0x803'3378      0x18  user_app_sim.o [1]
  .rodata            const     0x803'3390      0x18  user_app_wm.o [1]
  .rodata            const     0x803'33a8      0x18  user_app_wm.o [1]
  .rodata            const     0x803'33c0      0x18  user_at_serial.o [1]
  .rodata            const     0x803'33d8      0x18  user_at_serial.o [1]
  .rodata            const     0x803'33f0      0x18  user_ec200u.o [1]
  .rodata            const     0x803'3408      0x18  user_ec200u.o [1]
  .rodata            const     0x803'3420      0x18  user_ec200u.o [1]
  .rodata            const     0x803'3438      0x18  user_ec200u.o [1]
  .rodata            const     0x803'3450      0x18  user_ec200u.o [1]
  .rodata            const     0x803'3468      0x18  user_ec200u.o [1]
  .rodata            const     0x803'3480      0x18  user_ec200u.o [1]
  .rodata            const     0x803'3498      0x18  user_mem.o [1]
  .rodata            const     0x803'34b0      0x18  user_message.o [1]
  .rodata            const     0x803'34c8      0x18  user_message.o [1]
  .rodata            const     0x803'34e0      0x18  user_modem.o [1]
  .rodata            const     0x803'34f8      0x18  user_sd.o [1]
  .rodata            const     0x803'3510      0x18  wm_mong_cai.o [1]
  .rodata            const     0x803'3528      0x18  wm_mt100.o [1]
  .rodata            const     0x803'3540      0x18  wm_sence.o [1]
  .rodata            const     0x803'3558      0x18  woteck_wm.o [1]
  .text              ro code   0x803'3570      0x16  xprout.o [2]
  .text              ro code   0x803'3588       0xc  putchar.o [2]
  .rodata            const     0x803'3594      0x14  dhcpv4.o [1]
  .rodata            const     0x803'35a8      0x14  dhcpv6.o [1]
  .rodata            const     0x803'35bc      0x14  dhcpv6.o [1]
  .rodata            const     0x803'35d0      0x14  dhcpv6.o [1]
  .rodata            const     0x803'35e4      0x14  dhcpv6.o [1]
  .rodata            const     0x803'35f8      0x14  dhcpv6.o [1]
  .rodata            const     0x803'360c      0x14  dhcpv6.o [1]
  .rodata            const     0x803'3620      0x14  dhcpv6.o [1]
  .rodata            const     0x803'3634      0x14  dhcpv6.o [1]
  .rodata            const     0x803'3648      0x14  dhcpv6.o [1]
  .rodata            const     0x803'365c      0x14  lcd_display.o [1]
  .rodata            const     0x803'3670      0x14  lcd_display.o [1]
  .rodata            const     0x803'3684      0x14  lcd_display.o [1]
  .rodata            const     0x803'3698      0x14  lcd_display.o [1]
  .rodata            const     0x803'36ac      0x14  lcd_display.o [1]
  .rodata            const     0x803'36c0      0x14  lcd_display.o [1]
  .rodata            const     0x803'36d4      0x14  lcd_display.o [1]
  .rodata            const     0x803'36e8      0x14  S25FL216K.o [1]
  .rodata            const     0x803'36fc      0x14  S25FL216K.o [1]
  .rodata            const     0x803'3710      0x14  S25FL216K.o [1]
  .rodata            const     0x803'3724      0x14  S25FL216K.o [1]
  .rodata            const     0x803'3738      0x14  S25FL216K.o [1]
  .rodata            const     0x803'374c      0x14  S25FL216K.o [1]
  .rodata            const     0x803'3760      0x14  sd_diskio_spi.o [1]
  .rodata            const     0x803'3774      0x14  sd_functions.o [1]
  .rodata            const     0x803'3788      0x14  user_app_comm.o [1]
  .rodata            const     0x803'379c      0x14  user_app_ethernet.o [1]
  .rodata            const     0x803'37b0      0x14  user_app_ethernet.o [1]
  .rodata            const     0x803'37c4      0x14  user_app_ethernet.o [1]
  .rodata            const     0x803'37d8      0x14  user_app_ethernet.o [1]
  .rodata            const     0x803'37ec      0x14  user_app_ethernet.o [1]
  .rodata            const     0x803'3800      0x14  user_app_wm.o [1]
  .rodata            const     0x803'3814      0x14  user_app_wm.o [1]
  .rodata            const     0x803'3828      0x14  user_app_wm.o [1]
  .rodata            const     0x803'383c      0x14  user_app_wm.o [1]
  .rodata            const     0x803'3850      0x14  user_app_wm.o [1]
  .rodata            const     0x803'3864      0x14  user_at_serial.o [1]
  .rodata            const     0x803'3878      0x14  user_at_serial.o [1]
  .rodata            const     0x803'388c      0x14  user_at_serial.o [1]
  .rodata            const     0x803'38a0      0x14  user_at_serial.o [1]
  .rodata            const     0x803'38b4      0x14  user_at_serial.o [1]
  .rodata            const     0x803'38c8      0x14  user_at_serial.o [1]
  .rodata            const     0x803'38dc      0x14  user_at_serial.o [1]
  .rodata            const     0x803'38f0      0x14  user_at_serial.o [1]
  .rodata            const     0x803'3904      0x14  user_at_serial.o [1]
  .rodata            const     0x803'3918      0x14  user_at_serial.o [1]
  .rodata            const     0x803'392c      0x14  user_at_serial.o [1]
  .rodata            const     0x803'3940      0x14  user_ec200u.o [1]
  .rodata            const     0x803'3954      0x14  user_ec200u.o [1]
  .rodata            const     0x803'3968      0x14  user_ec200u.o [1]
  .rodata            const     0x803'397c      0x14  user_ec200u.o [1]
  .rodata            const     0x803'3990      0x14  user_ec200u.o [1]
  .rodata            const     0x803'39a4      0x14  user_ec200u.o [1]
  .rodata            const     0x803'39b8      0x14  user_ec200u.o [1]
  .rodata            const     0x803'39cc      0x14  user_mem.o [1]
  .rodata            const     0x803'39e0      0x14  user_mem.o [1]
  .rodata            const     0x803'39f4      0x14  user_mem.o [1]
  .rodata            const     0x803'3a08      0x14  user_message.o [1]
  .rodata            const     0x803'3a1c      0x14  user_message.o [1]
  .rodata            const     0x803'3a30      0x14  user_message.o [1]
  .rodata            const     0x803'3a44      0x14  user_modem.o [1]
  .rodata            const     0x803'3a58      0x14  user_modem.o [1]
  .rodata            const     0x803'3a6c      0x14  user_modem.o [1]
  .rodata            const     0x803'3a80      0x14  user_sd.o [1]
  .rodata            const     0x803'3a94      0x14  user_sd.o [1]
  .rodata            const     0x803'3aa8      0x14  user_sd.o [1]
  .rodata            const     0x803'3abc      0x14  user_sd.o [1]
  .rodata            const     0x803'3ad0      0x14  user_sim_common.o [1]
  .rodata            const     0x803'3ae4      0x10  dhcpv6.o [1]
  .rodata            const     0x803'3af4      0x10  dhcpv6.o [1]
  .rodata            const     0x803'3b04      0x10  dhcpv6.o [1]
  .rodata            const     0x803'3b14      0x10  dhcpv6.o [1]
  .rodata            const     0x803'3b24      0x10  dhcpv6.o [1]
  .rodata            const     0x803'3b34      0x10  dhcpv6.o [1]
  .rodata            const     0x803'3b44      0x10  ff.o [1]
  .rodata            const     0x803'3b54      0x10  lcd_display.o [1]
  .rodata            const     0x803'3b64      0x10  lcd_display.o [1]
  .rodata            const     0x803'3b74      0x10  lcd_display.o [1]
  .rodata            const     0x803'3b84      0x10  lcd_display.o [1]
  .rodata            const     0x803'3b94      0x10  lcd_display.o [1]
  .rodata            const     0x803'3ba4      0x10  lcd_display.o [1]
  .rodata            const     0x803'3bb4      0x10  lcd_display.o [1]
  .rodata            const     0x803'3bc4      0x10  lcd_display.o [1]
  .rodata            const     0x803'3bd4      0x10  lcd_display.o [1]
  .rodata            const     0x803'3be4      0x10  lcd_display.o [1]
  .rodata            const     0x803'3bf4      0x10  lcd_display.o [1]
  .rodata            const     0x803'3c04      0x10  lcd_display.o [1]
  .rodata            const     0x803'3c14      0x10  lcd_display.o [1]
  .rodata            const     0x803'3c24      0x10  lcd_display.o [1]
  .rodata            const     0x803'3c34      0x10  lcd_display.o [1]
  .rodata            const     0x803'3c44      0x10  lcd_display.o [1]
  .rodata            const     0x803'3c54      0x10  lcd_display.o [1]
  .rodata            const     0x803'3c64      0x10  lcd_display.o [1]
  .rodata            const     0x803'3c74      0x10  lcd_display.o [1]
  .rodata            const     0x803'3c84      0x10  lcd_display.o [1]
  .rodata            const     0x803'3c94      0x10  lcd_display.o [1]
  .rodata            const     0x803'3ca4      0x10  lcd_display.o [1]
  .rodata            const     0x803'3cb4      0x10  lcd_display.o [1]
  .rodata            const     0x803'3cc4      0x10  lcd_display.o [1]
  .rodata            const     0x803'3cd4      0x10  lcd_display.o [1]
  .rodata            const     0x803'3ce4      0x10  lcd_display.o [1]
  .rodata            const     0x803'3cf4      0x10  lcd_display.o [1]
  .rodata            const     0x803'3d04      0x10  lcd_display.o [1]
  .rodata            const     0x803'3d14      0x10  lcd_display.o [1]
  .rodata            const     0x803'3d24      0x10  lcd_display.o [1]
  .rodata            const     0x803'3d34      0x10  lcd_display.o [1]
  .rodata            const     0x803'3d44      0x10  lcd_display.o [1]
  .rodata            const     0x803'3d54      0x10  lcd_display.o [1]
  .rodata            const     0x803'3d64      0x10  lcd_display.o [1]
  .rodata            const     0x803'3d74      0x10  lcd_display.o [1]
  .rodata            const     0x803'3d84      0x10  lcd_display.o [1]
  .rodata            const     0x803'3d94      0x10  lcd_display.o [1]
  .rodata            const     0x803'3da4      0x10  lcd_display.o [1]
  .rodata            const     0x803'3db4      0x10  lcd_display.o [1]
  .rodata            const     0x803'3dc4      0x10  lcd_display.o [1]
  .rodata            const     0x803'3dd4      0x10  lcd_display.o [1]
  .rodata            const     0x803'3de4      0x10  lcd_display.o [1]
  .rodata            const     0x803'3df4      0x10  lcd_display.o [1]
  .rodata            const     0x803'3e04      0x10  lcd_display.o [1]
  .rodata            const     0x803'3e14      0x10  lcd_display.o [1]
  .rodata            const     0x803'3e24      0x10  lcd_display.o [1]
  .rodata            const     0x803'3e34      0x10  lcd_display.o [1]
  .rodata            const     0x803'3e44      0x10  lcd_display.o [1]
  .rodata            const     0x803'3e54      0x10  lcd_display.o [1]
  .rodata            const     0x803'3e64      0x10  lcd_display.o [1]
  .rodata            const     0x803'3e74      0x10  lcd_display.o [1]
  .rodata            const     0x803'3e84      0x10  S25FL216K.o [1]
  .rodata            const     0x803'3e94      0x10  S25FL216K.o [1]
  .rodata            const     0x803'3ea4      0x10  S25FL216K.o [1]
  .rodata            const     0x803'3eb4      0x10  S25FL216K.o [1]
  .rodata            const     0x803'3ec4      0x10  system_stm32l4xx.o [1]
  .rodata            const     0x803'3ed4      0x10  user_app_ethernet.o [1]
  .rodata            const     0x803'3ee4      0x10  user_app_ethernet.o [1]
  .rodata            const     0x803'3ef4      0x10  user_app_ethernet.o [1]
  .rodata            const     0x803'3f04      0x10  user_app_sim.o [1]
  .rodata            const     0x803'3f14      0x10  user_app_sim.o [1]
  .rodata            const     0x803'3f24      0x10  user_app_sim.o [1]
  .rodata            const     0x803'3f34      0x10  user_app_sim.o [1]
  .rodata            const     0x803'3f44      0x10  user_app_wm.o [1]
  .rodata            const     0x803'3f54      0x10  user_app_wm.o [1]
  .rodata            const     0x803'3f64      0x10  user_app_wm.o [1]
  .rodata            const     0x803'3f74      0x10  user_app_wm.o [1]
  .rodata            const     0x803'3f84      0x10  user_app_wm.o [1]
  .rodata            const     0x803'3f94      0x10  user_at_serial.o [1]
  .rodata            const     0x803'3fa4      0x10  user_at_serial.o [1]
  .rodata            const     0x803'3fb4      0x10  user_at_serial.o [1]
  .rodata            const     0x803'3fc4      0x10  user_at_serial.o [1]
  .rodata            const     0x803'3fd4      0x10  user_at_serial.o [1]
  .rodata            const     0x803'3fe4      0x10  user_at_serial.o [1]
  .rodata            const     0x803'3ff4      0x10  user_at_serial.o [1]
  .rodata            const     0x803'4004      0x10  user_at_serial.o [1]
  .rodata            const     0x803'4014      0x10  user_at_serial.o [1]
  .rodata            const     0x803'4024      0x10  user_at_serial.o [1]
  .rodata            const     0x803'4034      0x10  user_at_serial.o [1]
  .rodata            const     0x803'4044      0x10  user_at_serial.o [1]
  .rodata            const     0x803'4054      0x10  user_at_serial.o [1]
  .rodata            const     0x803'4064      0x10  user_at_serial.o [1]
  .rodata            const     0x803'4074      0x10  user_at_serial.o [1]
  .rodata            const     0x803'4084      0x10  user_at_serial.o [1]
  .rodata            const     0x803'4094      0x10  user_at_serial.o [1]
  .rodata            const     0x803'40a4      0x10  user_at_serial.o [1]
  .rodata            const     0x803'40b4      0x10  user_at_serial.o [1]
  .rodata            const     0x803'40c4      0x10  user_at_serial.o [1]
  .rodata            const     0x803'40d4      0x10  user_at_serial.o [1]
  .rodata            const     0x803'40e4      0x10  user_at_serial.o [1]
  .rodata            const     0x803'40f4      0x10  user_at_serial.o [1]
  .rodata            const     0x803'4104      0x10  user_at_serial.o [1]
  .rodata            const     0x803'4114      0x10  user_at_serial.o [1]
  .rodata            const     0x803'4124      0x10  user_at_serial.o [1]
  .rodata            const     0x803'4134      0x10  user_at_serial.o [1]
  .rodata            const     0x803'4144      0x10  user_at_serial.o [1]
  .rodata            const     0x803'4154      0x10  user_at_serial.o [1]
  .rodata            const     0x803'4164      0x10  user_at_serial.o [1]
  .rodata            const     0x803'4174      0x10  user_at_serial.o [1]
  .rodata            const     0x803'4184      0x10  user_at_serial.o [1]
  .rodata            const     0x803'4194      0x10  user_at_serial.o [1]
  .rodata            const     0x803'41a4      0x10  user_at_serial.o [1]
  .rodata            const     0x803'41b4      0x10  user_at_serial.o [1]
  .rodata            const     0x803'41c4      0x10  user_at_serial.o [1]
  .rodata            const     0x803'41d4      0x10  user_at_serial.o [1]
  .rodata            const     0x803'41e4      0x10  user_at_serial.o [1]
  .rodata            const     0x803'41f4      0x10  user_ec200u.o [1]
  .rodata            const     0x803'4204      0x10  user_ec200u.o [1]
  .rodata            const     0x803'4214      0x10  user_ec200u.o [1]
  .rodata            const     0x803'4224      0x10  user_ec200u.o [1]
  .rodata            const     0x803'4234      0x10  user_ec200u.o [1]
  .rodata            const     0x803'4244      0x10  user_ec200u.o [1]
  .rodata            const     0x803'4254      0x10  user_ec200u.o [1]
  .rodata            const     0x803'4264      0x10  user_ec200u.o [1]
  .rodata            const     0x803'4274      0x10  user_ec200u.o [1]
  .rodata            const     0x803'4284      0x10  user_ec200u.o [1]
  .rodata            const     0x803'4294      0x10  user_ec200u.o [1]
  .rodata            const     0x803'42a4      0x10  user_ec200u.o [1]
  .rodata            const     0x803'42b4      0x10  user_ec200u.o [1]
  .rodata            const     0x803'42c4      0x10  user_ec200u.o [1]
  .rodata            const     0x803'42d4      0x10  user_ec200u.o [1]
  .rodata            const     0x803'42e4      0x10  user_ec200u.o [1]
  .rodata            const     0x803'42f4      0x10  user_ec200u.o [1]
  .rodata            const     0x803'4304      0x10  user_ec200u.o [1]
  .rodata            const     0x803'4314      0x10  user_ec200u.o [1]
  .rodata            const     0x803'4324      0x10  user_ec200u.o [1]
  .rodata            const     0x803'4334      0x10  user_ec200u.o [1]
  .rodata            const     0x803'4344      0x10  user_ec200u.o [1]
  .rodata            const     0x803'4354      0x10  user_ec200u.o [1]
  .rodata            const     0x803'4364      0x10  user_ec200u.o [1]
  .rodata            const     0x803'4374      0x10  user_ec200u.o [1]
  .rodata            const     0x803'4384      0x10  user_ec200u.o [1]
  .rodata            const     0x803'4394      0x10  user_ec200u.o [1]
  .rodata            const     0x803'43a4      0x10  user_ec200u.o [1]
  .rodata            const     0x803'43b4      0x10  user_ec200u.o [1]
  .rodata            const     0x803'43c4      0x10  user_ec200u.o [1]
  .rodata            const     0x803'43d4      0x10  user_message.o [1]
  .rodata            const     0x803'43e4      0x10  user_message.o [1]
  .rodata            const     0x803'43f4      0x10  user_message.o [1]
  .rodata            const     0x803'4404      0x10  user_message.o [1]
  .rodata            const     0x803'4414      0x10  user_modem.o [1]
  .rodata            const     0x803'4424      0x10  user_modem.o [1]
  .rodata            const     0x803'4434      0x10  user_modem.o [1]
  .rodata            const     0x803'4444      0x10  user_modem.o [1]
  .rodata            const     0x803'4454      0x10  user_modem.o [1]
  .rodata            const     0x803'4464      0x10  user_modem.o [1]
  .rodata            const     0x803'4474      0x10  user_modem.o [1]
  .rodata            const     0x803'4484      0x10  user_modem.o [1]
  .rodata            const     0x803'4494      0x10  user_modem.o [1]
  .rodata            const     0x803'44a4      0x10  user_modem.o [1]
  .rodata            const     0x803'44b4      0x10  user_modem.o [1]
  .rodata            const     0x803'44c4      0x10  user_modem.o [1]
  .rodata            const     0x803'44d4      0x10  user_modem.o [1]
  .rodata            const     0x803'44e4      0x10  user_sd.o [1]
  .rodata            const     0x803'44f4      0x10  user_sd.o [1]
  .rodata            const     0x803'4504      0x10  user_sd.o [1]
  .rodata            const     0x803'4514      0x10  user_sd.o [1]
  .rodata            const     0x803'4524      0x10  user_sd.o [1]
  .rodata            const     0x803'4534      0x10  user_sd.o [1]
  .rodata            const     0x803'4544      0x10  user_sd.o [1]
  .text              ro code   0x803'4554      0x10  startup_stm32l496xx.o [1]
  .rodata            const     0x803'4564       0xc  dhcpv6.o [1]
  .rodata            const     0x803'4570       0xc  dhcpv6.o [1]
  .rodata            const     0x803'457c       0xc  dhcpv6.o [1]
  .rodata            const     0x803'4588       0xc  dhcpv6.o [1]
  .rodata            const     0x803'4594       0xc  dhcpv6.o [1]
  .rodata            const     0x803'45a0       0xc  ff.o [1]
  .rodata            const     0x803'45ac       0xc  lcd_display.o [1]
  .rodata            const     0x803'45b8       0xc  lcd_display.o [1]
  .rodata            const     0x803'45c4       0xc  lcd_display.o [1]
  .rodata            const     0x803'45d0       0xc  lcd_display.o [1]
  .rodata            const     0x803'45dc       0xc  user_app_comm.o [1]
  .rodata            const     0x803'45e8       0xc  user_app_ethernet.o [1]
  .rodata            const     0x803'45f4       0xc  user_app_ethernet.o [1]
  .rodata            const     0x803'4600       0xc  user_app_ethernet.o [1]
  .rodata            const     0x803'460c       0xc  user_app_ethernet.o [1]
  .rodata            const     0x803'4618       0xc  user_app_ethernet.o [1]
  .rodata            const     0x803'4624       0xc  user_app_ethernet.o [1]
  .rodata            const     0x803'4630       0xc  user_app_ethernet.o [1]
  .rodata            const     0x803'463c       0xc  user_app_sensor.o [1]
  .rodata            const     0x803'4648       0xc  user_app_sensor.o [1]
  .rodata            const     0x803'4654       0xc  user_app_sim.o [1]
  .rodata            const     0x803'4660       0xc  user_app_sim.o [1]
  .rodata            const     0x803'466c       0xc  user_app_sim.o [1]
  .rodata            const     0x803'4678       0xc  user_app_sim.o [1]
  .rodata            const     0x803'4684       0xc  user_app_sim.o [1]
  .rodata            const     0x803'4690       0xc  user_app_wm.o [1]
  .rodata            const     0x803'469c       0xc  user_app_wm.o [1]
  .rodata            const     0x803'46a8       0xc  user_at_serial.o [1]
  .rodata            const     0x803'46b4       0xc  user_at_serial.o [1]
  .rodata            const     0x803'46c0       0xc  user_at_serial.o [1]
  .rodata            const     0x803'46cc       0xc  user_at_serial.o [1]
  .rodata            const     0x803'46d8       0xc  user_at_serial.o [1]
  .rodata            const     0x803'46e4       0xc  user_at_serial.o [1]
  .rodata            const     0x803'46f0       0xc  user_at_serial.o [1]
  .rodata            const     0x803'46fc       0xc  user_at_serial.o [1]
  .rodata            const     0x803'4708       0xc  user_at_serial.o [1]
  .rodata            const     0x803'4714       0xc  user_at_serial.o [1]
  .rodata            const     0x803'4720       0xc  user_at_serial.o [1]
  .rodata            const     0x803'472c       0xc  user_at_serial.o [1]
  .rodata            const     0x803'4738       0xc  user_at_serial.o [1]
  .rodata            const     0x803'4744       0xc  user_at_serial.o [1]
  .rodata            const     0x803'4750       0xc  user_at_serial.o [1]
  .rodata            const     0x803'475c       0xc  user_at_serial.o [1]
  .rodata            const     0x803'4768       0xc  user_at_serial.o [1]
  .rodata            const     0x803'4774       0xc  user_at_serial.o [1]
  .rodata            const     0x803'4780       0xc  user_at_serial.o [1]
  .rodata            const     0x803'478c       0xc  user_at_serial.o [1]
  .rodata            const     0x803'4798       0xc  user_at_serial.o [1]
  .rodata            const     0x803'47a4       0xc  user_at_serial.o [1]
  .rodata            const     0x803'47b0       0xc  user_at_serial.o [1]
  .rodata            const     0x803'47bc       0xc  user_at_serial.o [1]
  .rodata            const     0x803'47c8       0xc  user_at_serial.o [1]
  .rodata            const     0x803'47d4       0xc  user_at_serial.o [1]
  .rodata            const     0x803'47e0       0xc  user_at_serial.o [1]
  .rodata            const     0x803'47ec       0xc  user_at_serial.o [1]
  .rodata            const     0x803'47f8       0xc  user_at_serial.o [1]
  .rodata            const     0x803'4804       0xc  user_at_serial.o [1]
  .rodata            const     0x803'4810       0xc  user_at_serial.o [1]
  .rodata            const     0x803'481c       0xc  user_at_serial.o [1]
  .rodata            const     0x803'4828       0xc  user_at_serial.o [1]
  .rodata            const     0x803'4834       0xc  user_at_serial.o [1]
  .rodata            const     0x803'4840       0xc  user_at_serial.o [1]
  .rodata            const     0x803'484c       0xc  user_at_serial.o [1]
  .rodata            const     0x803'4858       0xc  user_at_serial.o [1]
  .rodata            const     0x803'4864       0xc  user_at_serial.o [1]
  .rodata            const     0x803'4870       0xc  user_at_serial.o [1]
  .rodata            const     0x803'487c       0xc  user_ec200u.o [1]
  .rodata            const     0x803'4888       0xc  user_ec200u.o [1]
  .rodata            const     0x803'4894       0xc  user_ec200u.o [1]
  .rodata            const     0x803'48a0       0xc  user_ec200u.o [1]
  .rodata            const     0x803'48ac       0xc  user_ec200u.o [1]
  .rodata            const     0x803'48b8       0xc  user_ec200u.o [1]
  .rodata            const     0x803'48c4       0xc  user_ec200u.o [1]
  .rodata            const     0x803'48d0       0xc  user_ec200u.o [1]
  .rodata            const     0x803'48dc       0xc  user_ec200u.o [1]
  .rodata            const     0x803'48e8       0xc  user_ec200u.o [1]
  .rodata            const     0x803'48f4       0xc  user_ec200u.o [1]
[...]
ld_dword                 0x802'7869    0x16  Code  Lc  ff.o [1]
ld_word                  0x802'785d     0xc  Code  Lc  ff.o [1]
ldexp                    0x802'320d          Code  Gb  ldexp.o [3]
ldexpf                   0x801'f46d          Code  Gb  ldexpf.o [3]
ldexpl                   0x802'320d          Code  Gb  ldexp.o [3]
lnbias                   0x802'f028   0x420  Data  Lc  pow64.o [3]
localeconv               0x802'33b1     0x4  Code  Gb  xlocale_c.o [2]
lower_digits            0x2000'3bb8     0x4  Data  Lc  user_tiny_vsnprintf.o [1]
mConnect_MQTT            0x801'79b9    0x32  Code  Gb  user_message.o [1]
mData_MQTT               0x801'7013    0x82  Code  Gb  user_message.o [1]
mGet_Data_From_Mem       0x801'7a09    0x66  Code  Gb  user_message.o [1]
mGet_Pub_Header          0x801'6fb3    0x60  Code  Gb  user_message.o [1]
mInit_Header_Subcribe    0x801'792f    0x8a  Code  Gb  user_message.o [1]
mReset_Raw_Data          0x801'7b3d    0x22  Code  Gb  user_message.o [1]
mSet_default_MQTT        0x801'6f99    0x1a  Code  Gb  user_message.o [1]
mSubcribe_MQTT           0x801'79eb    0x1e  Code  Gb  user_message.o [1]
mUnmark_Mess             0x801'7a6f    0x16  Code  Gb  user_message.o [1]
main                     0x801'd901    0x72  Code  Gb  main.o [1]
makeDHCPV4MSG            0x801'4bd7   0x15a  Code  Gb  dhcpv4.o [1]
mem_cmp                  0x802'78c5    0x1e  Code  Lc  ff.o [1]
mem_cpy                  0x802'78a5    0x14  Code  Lc  ff.o [1]
mem_set                  0x802'78b9     0xc  Code  Lc  ff.o [1]
memchr                   0x802'1ba1          Code  Gb  memchr.o [4]
memset                   0x801'fa15    0x14  Code  Gb  memset.o [4]
move_window              0x802'7afd    0x3e  Code  Lc  ff.o [1]
mparams                 0x2000'd48c    0x18  Data  Lc  dlmalloc.o [2]
ndigs                    0x803'1e30    0x28  Data  Lc  iar_Stoulx.o [2]
num                     0x2000'd628     0x4  Data  Gb  dhcpv6.o [1]
num2                    0x2000'd62c     0x4  Data  Gb  dhcpv6.o [1]
obuf                    0x2000'cd60    0x50  Data  Lc  xfiles.o [2]
pDHCPMSG                0x2000'd604     0x4  Data  Gb  dhcpv6.o [1]
pDHCPv4MSG              0x2000'd5f8     0x4  Data  Gb  dhcpv4.o [1]
pDNSMSG                 0x2000'd634     0x4  Data  Gb  dns.o [1]
pFlash                  0x2000'14b8    0x20  Data  Gb  stm32l4xx_hal_flash.o [1]
pFunc_UTIL_Debug_Send   0x2000'd6d0     0x4  Data  Gb  user_util.o [1]
pFunc_UTIL_Log_To_Mem   0x2000'd6cc     0x4  Data  Gb  user_util.o [1]
pModemProcessIRQTimer   0x2000'd6b0     0x4  Data  Gb  user_rtc.o [1]
pRS485_2_Rx_Done        0x2000'd6ac     0x4  Data  Gb  user_rs485.o [1]
pRS485_Rx_Done          0x2000'd6a8     0x4  Data  Gb  user_rs485.o [1]
parseDHCPMSG             0x801'6129   0x5ea  Code  Gb  dhcpv6.o [1]
parseDHCPv4MSG           0x801'5593   0x236  Code  Gb  dhcpv4.o [1]
parseDNSMSG              0x801'6c63    0xf8  Code  Gb  dns.o [1]
parse_name               0x801'6a2d    0xa4  Code  Gb  dns.o [1]
pathtest                0x2000'3b00    0x14  Data  Gb  user_sd.o [1]
pick_lfn                 0x802'8289    0x86  Code  Lc  ff.o [1]
pow                      0x802'14a1   0x6ec  Code  Gb  pow64.o [3]
powl                     0x802'14a1   0x6ec  Code  Gb  pow64.o [3]
pows                     0x800'e18c    0x18  Data  Lc  strto32.o [3]
pows                     0x803'1e80    0x48  Data  Lc  strto64.o [3]
pportc                   0x800'a5cd    0xcc  Code  Gb  user_app_ethernet.o [1]
printf                   0x802'20b1    0x28  Code  Gb  printf.o [2]
put16                    0x801'6a1d    0x10  Code  Gb  dns.o [1]
put_fat                  0x802'7cbb   0x122  Code  Lc  ff.o [1]
put_lfn                  0x802'830f    0x84  Code  Lc  ff.o [1]
putchar                  0x803'3589     0xc  Code  Gb  putchar.o [2]
qCopy_Data_From_Queue    0x801'7c2d    0x48  Code  Lc  queue_p.o [1]
qCopy_Data_To_Queue      0x801'7bcf    0x5e  Code  Lc  queue_p.o [1]
qEthStep                0x2000'd33c    0x18  Data  Gb  user_app_ethernet.o [1]
qGet_Number_Items        0x801'7c75     0x4  Code  Gb  queue_p.o [1]
qMemRead                0x2000'd414    0x18  Data  Gb  user_mem.o [1]
qMemWrite               0x2000'd42c    0x18  Data  Gb  user_mem.o [1]
qQueue_Back_Item         0x801'7c79    0x50  Code  Gb  queue_p.o [1]
qQueue_Clear             0x801'7b8d     0xe  Code  Gb  queue_p.o [1]
qQueue_Create            0x801'7b5f    0x2e  Code  Gb  queue_p.o [1]
qQueue_Receive           0x801'7bb9    0x16  Code  Gb  queue_p.o [1]
qQueue_Send              0x801'7b9b    0x1e  Code  Gb  queue_p.o [1]
qS25FLStep              0x2000'd2f4    0x18  Data  Gb  S25FL216K.o [1]
qSimStep                0x2000'd474    0x18  Data  Gb  user_sim.o [1]
recv                     0x801'82af    0xe4  Code  Gb  socket.o [1]
recv_IP                 0x2000'd4fc    0x10  Data  Gb  dhcpv6.o [1]
recvfrom                 0x801'8589   0x276  Code  Gb  socket.o [1]
reg_dhcpv4_cbfunc        0x801'4b9b    0x3c  Code  Gb  dhcpv4.o [1]
reg_wizchip_cs_cbfunc    0x801'1e6f    0x32  Code  Gb  wizchip_conf.o [1]
reg_wizchip_spi_cbfunc   0x801'1ea1    0x50  Code  Gb  wizchip_conf.o [1]
remove                   0x803'1cab    0x14  Code  Gb  remove.o [5]
remove_chain             0x802'7ddd    0x8e  Code  Lc  ff.o [1]
reset_DHCP_timeout       0x801'6929    0x14  Code  Gb  dhcpv6.o [1]
reset_DHCPv4_timeout     0x801'5b2b    0x14  Code  Gb  dhcpv4.o [1]
retry_count             0x2000'd722     0x1  Data  Lc  dns.o [1]
roundf                   0x802'afed          Code  Gb  roundf.o [3]
s485Measure             0x2000'1f08    0xf0  Data  Gb  user_app_sensor.o [1]
sATCmdList              0x2000'2d88   0x5e0  Data  Gb  user_at_serial.o [1]
sAppEthVar              0x2000'16d4    0x7c  Data  Gb  user_app_ethernet.o [1]
sAppSimVar              0x2000'abc8   0x2c0  Data  Gb  user_app_sim.o [1]
sAverageMeasure         0x2000'cc04    0x60  Data  Gb  user_app_sensor.o [1]
sAverageOneHour         0x2000'c744    0x90  Data  Gb  user_app_sensor.o [1]
sBattery                0x2000'd5a8     0x8  Data  Gb  user_app_wm.o [1]
sButton                 0x2000'd2c4    0x18  Data  Gb  button.o [1]
sCbSimComm              0x2000'd264    0x24  Data  Gb  user_sim_common.o [1]
sConfirm                0x2000'057c    0x14  Data  Lc  button.o [1]
sDataRecvTCP            0x2000'18b0     0x8  Data  Gb  user_app_rs485.o [1]
sDataSensorMeasure      0x2000'cba4    0x60  Data  Gb  user_app_rs485.o [1]
sEthCmd                 0x2000'1760    0xe0  Data  Gb  user_app_ethernet.o [1]
sEventAppComm           0x2000'14dc    0x70  Data  Gb  user_app_comm.o [1]
sEventAppEth            0x2000'15e4    0xf0  Data  Gb  user_app_ethernet.o [1]
sEventAppRs485          0x2000'1840    0x70  Data  Gb  user_app_rs485.o [1]
sEventAppSensor         0x2000'1dc8    0x50  Data  Gb  user_app_sensor.o [1]
sEventAppSim            0x2000'2118    0xc0  Data  Gb  user_app_sim.o [1]
sEventAppWM             0x2000'2258    0xe0  Data  Gb  user_app_wm.o [1]
sEventDisplay           0x2000'05dc    0x60  Data  Gb  lcd_display.o [1]
sEventExFlash           0x2000'1324    0x30  Data  Gb  S25FL216K.o [1]
sEventMem               0x2000'3464    0x50  Data  Gb  user_mem.o [1]
sEventOnChipFlash       0x2000'33f4    0x20  Data  Gb  user_internal_mem.o [1]
sEventSD                0x2000'3ac0    0x40  Data  Gb  user_sd.o [1]
sEventSim               0x2000'3b14    0x40  Data  Gb  user_sim.o [1]
sFTPvar                 0x2000'd354    0x18  Data  Gb  user_app_ethernet.o [1]
sFileInfo               0x2000'c9f4    0x80  Data  Lc  XShHandles.o [2]
sFileSys                0x2000'3b5c    0x44  Data  Gb  user_sim_common.o [1]
sFirmVersion            0x2000'154c    0x14  Data  Gb  user_app_comm.o [1]
sHandleRs485            0x2000'd68c     0x4  Data  Gb  user_app_rs485.o [1]
sLCD                    0x2000'd2dc    0x18  Data  Gb  lcd_display.o [1]
sLCDObject              0x2000'0640   0xc90  Data  Gb  lcd_display.o [1]
sLCDPageSensor          0x2000'd6fc     0x2  Data  Gb  lcd_display.o [1]
sLPMFeatureHandler      0x2000'd69c     0x4  Data  Gb  user_lpm.o [1]
sListWmDigital          0x2000'3bc4   0x118  Data  Gb  user_wm_digital.o [1]
sMAG8000_REGISTER       0x2000'1458    0x50  Data  Gb  siemen_mag8000.o [1]
sMONG_CAI_REGISTER      0x2000'3d04     0x8  Data  Gb  wm_mong_cai.o [1]
sMT100_REGISTER         0x2000'3d0c    0x2c  Data  Gb  wm_mt100.o [1]
sMeasureHandle          0x2000'1ff8   0x120  Data  Gb  user_app_sensor.o [1]
sMemVar                 0x2000'd0d0    0x3c  Data  Gb  user_mem.o [1]
sMessRecv                0x803'0e14   0x100  Data  Gb  user_message.o [1]
sMessSend                0x803'01ac   0x1e0  Data  Gb  user_message.o [1]
sMessage                0x2000'34b4   0x134  Data  Gb  user_message.o [1]
sMeterThreshold         0x2000'2338   0x318  Data  Gb  user_app_wm.o [1]
sModemInfor             0x2000'3640   0x460  Data  Gb  user_modem.o [1]
sModemLPMHandle         0x2000'3aa0    0x10  Data  Gb  user_modem.o [1]
sModemVar               0x2000'8c14   0x5d0  Data  Gb  user_modem.o [1]
sOnFlash                0x2000'b2f0   0x234  Data  Gb  user_internal_mem.o [1]
sPressConfig            0x2000'd4cc    0x10  Data  Lc  button.o [1]
sPulse                  0x2000'c360   0x1b0  Data  Gb  user_app_wm.o [1]
sQMemRead               0x2000'c6a4    0xa0  Data  Lc  user_mem.o [1]
sQMemWrite              0x2000'3f50  0x28a0  Data  Lc  user_mem.o [1]
sRTC                    0x2000'd56c     0xc  Data  Gb  user_util.o [1]
sRecEvent               0x2000'3428    0x14  Data  Gb  user_mem.o [1]
sRecGPS                 0x2000'3450    0x14  Data  Gb  user_mem.o [1]
sRecLog                 0x2000'343c    0x14  Data  Gb  user_mem.o [1]
sRecTSVH                0x2000'3414    0x14  Data  Gb  user_mem.o [1]
sRegSensor              0x2000'18b8   0x510  Data  Gb  user_app_rs485.o [1]
sRs485SubReg            0x2000'd5a0     0x8  Data  Gb  user_app_rs485.o [1]
sS25FLvar               0x2000'ae88   0x234  Data  Gb  S25FL216K.o [1]
sSENCE_REGISTER         0x2000'3d38    0x24  Data  Gb  wm_sence.o [1]
sSV_Modem                0x803'1de0    0x50  Data  Gb  user_modem.o [1]
sSetLeve11              0x2000'0590    0x18  Data  Lc  button.o [1]
sSetLevel2              0x2000'05a8    0x14  Data  Lc  button.o [1]
sSimCommInfor           0x2000'cc64    0x58  Data  Gb  user_sim_common.o [1]
sSimCommVar             0x2000'd040    0x48  Data  Gb  user_sim_common.o [1]
sSimFwUpdate            0x2000'd088    0x48  Data  Gb  user_sim_common.o [1]
sSimVar                 0x2000'd51c    0x10  Data  Gb  user_sim.o [1]
sTransModTCP            0x2000'd36c    0x18  Data  Gb  user_app_rs485.o [1]
sUart485                0x2000'3ab0     0x8  Data  Gb  user_rs485.o [1]
sUart485_2              0x2000'3ab8     0x8  Data  Gb  user_rs485.o [1]
sUartDebug              0x2000'1560     0x8  Data  Gb  user_app_comm.o [1]
sUartSim                0x2000'3b54     0x8  Data  Gb  user_sim.o [1]
sVout                   0x2000'd5b0     0x8  Data  Gb  user_app_wm.o [1]
sWOTECK_REGISTER        0x2000'3da4    0x18  Data  Gb  woteck_wm.o [1]
sWOTECK_ULTRA_REGISTER  0x2000'3d5c    0x3c  Data  Gb  woteck_ultrasonic.o [1]
sWmDigVar               0x2000'0000   0x568  Data  Gb  user_wm_digital.o [1]
sWmVar                  0x2000'2650   0x6d8  Data  Gb  user_app_wm.o [1]
scalbln                  0x802'320d          Code  Gb  ldexp.o [3]
scalblnf                 0x801'f46d          Code  Gb  ldexpf.o [3]
scalblnl                 0x802'320d          Code  Gb  ldexp.o [3]
scalbn                   0x802'320d          Code  Gb  ldexp.o [3]
scalbnf                  0x801'f46d          Code  Gb  ldexpf.o [3]
scalbnl                  0x802'320d          Code  Gb  ldexp.o [3]
scale                    0x801'c997    0x46  Code  Lc  xprintffull_nomb.o [2]
sd_append_file           0x802'7643    0x98  Code  Gb  sd_functions.o [1]
sd_create_directory      0x802'7759     0xa  Code  Gb  sd_functions.o [1]
sd_delete_file           0x802'7745     0xa  Code  Gb  sd_functions.o [1]
sd_get_space_kb          0x802'7437    0x58  Code  Gb  sd_functions.o [1]
sd_list_directory_recursive
                         0x802'7763    0x80  Code  Gb  sd_functions.o [1]
sd_list_files            0x802'77e9    0x1c  Code  Gb  sd_functions.o [1]
sd_mount                 0x802'748f    0xec  Code  Gb  sd_functions.o [1]
sd_path                 0x2000'd658     0x4  Data  Gb  sd_functions.o [1]
sd_read_file             0x802'76db    0x6a  Code  Gb  sd_functions.o [1]
sd_rename_file           0x802'774f     0xa  Code  Gb  sd_functions.o [1]
sd_unmount               0x802'757b    0x4e  Code  Gb  sd_functions.o [1]
sd_write_file            0x802'75c9    0x7a  Code  Gb  sd_functions.o [1]
sdhc                    0x2000'd729     0x1  Data  Lc  sd_spi.o [1]
sec_hand                0x2000'd6dc     0x4  Data  Lc  xfail_s.o [2]
segment_holding          0x800'fa0d    0x1a  Code  Lc  dlmalloc.o [2]
send                     0x801'81c5    0xea  Code  Gb  socket.o [1]
send_DHCP_REQUEST        0x801'5db1   0x352  Code  Gb  dhcpv6.o [1]
send_DHCP_SOLICIT        0x801'5c35   0x176  Code  Gb  dhcpv6.o [1]
send_DHCPv4_DECLINE      0x801'53a1   0x1f2  Code  Gb  dhcpv4.o [1]
send_DHCPv4_DISCOVER     0x801'4d31   0x2b0  Code  Gb  dhcpv4.o [1]
send_DHCPv4_REQUEST      0x801'4fe1   0x3c0  Code  Gb  dhcpv4.o [1]
sendto                   0x801'8393   0x1f6  Code  Gb  socket.o [1]
serverid_len            0x2000'd6f4     0x2  Data  Gb  dhcpv6.o [1]
set_measure_block        0x802'4af3    0x50  Code  Lc  user_app_sensor.o [1]
size                    0x2000'd624     0x4  Data  Gb  dhcpv6.o [1]
snprintf                 0x802'dfc9    0x44  Code  Gb  snprintf.o [2]
sock_any_port           0x2000'3f3c     0x2  Data  Lc  socket.o [1]
sock_io_mode            0x2000'd702     0x2  Data  Lc  socket.o [1]
sock_is_sending         0x2000'd704     0x2  Data  Lc  socket.o [1]
sock_pack_info          0x2000'd598     0x8  Data  Lc  socket.o [1]
sock_remained_size      0x2000'd50c    0x10  Data  Lc  socket.o [1]
socket                   0x801'7cc9   0x290  Code  Gb  socket.o [1]
sprintf                  0x800'bdb1    0x40  Code  Gb  sprintf.o [2]
st_clust                 0x802'81bd    0x2a  Code  Lc  ff.o [1]
st_dword                 0x802'788d    0x18  Code  Lc  ff.o [1]
st_word                  0x802'787f     0xe  Code  Lc  ff.o [1]
statuscode_len          0x2000'd6f0     0x2  Data  Gb  dhcpv6.o [1]
strchr                   0x800'e1e1          Code  Gb  strchr.o [4]
strcmp                   0x802'dfb5          Code  Gb  strcmp.o [4]
strcpy                   0x802'20d9          Code  Gb  strcpy.o [4]
strcspn                  0x802'2d9b    0x22  Code  Gb  strcspn.o [2]
strlen                   0x800'dd39          Code  Gb  strlen.o [4]
strncpy                  0x800'e1f9          Code  Gb  strncpy.o [4]
strspn                   0x802'2d79    0x22  Code  Gb  strspn.o [2]
strstr                   0x802'1feb    0x2c  Code  Gb  strstr.o [2]
strtof                   0x800'e185     0x6  Code  Gb  strto32.o [3]
strtok                   0x801'98b5    0x4c  Code  Gb  strtok.o [2]
strtol                   0x800'ddfb     0x4  Code  Gb  iar_Stolx.o [2]
sum_sfn                  0x802'8431    0x20  Code  Lc  ff.o [1]
sync_fs                  0x802'7b3b    0x94  Code  Lc  ff.o [1]
sync_window              0x802'7aa9    0x54  Code  Lc  ff.o [1]
sztmp                   0x2000'b924   0x200  Data  Lc  user_adv_trace.o [1]
t1                      0x2000'd6b8     0x4  Data  Gb  user_sd.o [1]
t2                      0x2000'd6bc     0x4  Data  Gb  user_sd.o [1]
tempu8                  0x2000'd71b     0x1  Data  Lc  button.o [1]
tiny_vsnprintf_like      0x801'19a3   0x17e  Code  Gb  user_tiny_vsnprintf.o [1]
tolower                  0x802'1b8d    0x14  Code  Gb  tolower.o [2]
topicString             0x2000'd560     0xc  Data  Gb  user_message.o [1]
ttio_guard              0x2000'd75c     0x1  Data  Lc  XShttio.o [2]
uartSimBuffReceive      0x2000'8638   0x5dc  Data  Lc  user_sim.o [1]
upper_digits            0x2000'3bbc     0x4  Data  Lc  user_tiny_vsnprintf.o [1]
uwTick                  0x2000'd66c     0x4  Data  Gb  stm32l4xx_hal.o [1]
uwTickFreq              0x2000'3f4b     0x1  Data  Gb  stm32l4xx_hal.o [1]
uwTickPrio              0x2000'14b4     0x4  Data  Gb  stm32l4xx_hal.o [1]
validate                 0x802'8ff5    0x48  Code  Lc  ff.o [1]
vcom_DeInit              0x801'e31b    0x1e  Code  Gb  user_app_comm.o [1]
vcom_Init                0x801'e313     0x8  Code  Gb  user_app_comm.o [1]
vcom_Trace_DMA           0x801'e339    0x1c  Code  Gb  user_app_comm.o [1]
wiz_recv_data            0x801'1d59    0x96  Code  Gb  w6100.o [1]
wiz_send_data            0x801'1ccb    0x8e  Code  Gb  w6100.o [1]
wizchip_clrinterrupt     0x801'237f    0x4a  Code  Gb  wizchip_conf.o [1]
wizchip_cris_enter       0x801'1e15     0x2  Code  Gb  wizchip_conf.o [1]
wizchip_cris_exit        0x801'1e17     0x2  Code  Gb  wizchip_conf.o [1]
wizchip_cs_deselect      0x801'1e1b     0x2  Code  Gb  wizchip_conf.o [1]
wizchip_cs_select        0x801'1e19     0x2  Code  Gb  wizchip_conf.o [1]
wizchip_deselect         0x800'986d    0x10  Code  Lc  user_app_ethernet.o [1]
wizchip_getinterrupt     0x801'23c9    0x2e  Code  Gb  wizchip_conf.o [1]
wizchip_getinterruptmask
                         0x801'2427    0x2e  Code  Gb  wizchip_conf.o [1]
wizchip_getnetinfo       0x801'26ad    0xc2  Code  Gb  wizchip_conf.o [1]
wizchip_getnetmode       0x801'27ab    0x3a  Code  Gb  wizchip_conf.o [1]
wizchip_gettimeout       0x801'2837    0x52  Code  Gb  wizchip_conf.o [1]
wizchip_init             0x801'22cf    0xb0  Code  Gb  wizchip_conf.o [1]
wizchip_network_infor    0x800'9929    0xca  Code  Lc  user_app_ethernet.o [1]
wizchip_read             0x800'987d    0x2a  Code  Lc  user_app_ethernet.o [1]
wizchip_read_buff        0x800'98e1    0x24  Code  Lc  user_app_ethernet.o [1]
wizchip_select           0x800'9859    0x10  Code  Lc  user_app_ethernet.o [1]
wizchip_setinterruptmask
                         0x801'23f7    0x30  Code  Gb  wizchip_conf.o [1]
wizchip_setnetinfo       0x801'25eb    0xc2  Code  Gb  wizchip_conf.o [1]
wizchip_setnetmode       0x801'276f    0x3c  Code  Gb  wizchip_conf.o [1]
wizchip_settimeout       0x801'27e5    0x52  Code  Gb  wizchip_conf.o [1]
wizchip_spi_read         0x801'1e1d     0x4  Code  Gb  wizchip_conf.o [1]
wizchip_spi_read_buf     0x801'1e23    0x26  Code  Gb  wizchip_conf.o [1]
wizchip_spi_write        0x801'1e21     0x2  Code  Gb  wizchip_conf.o [1]
wizchip_spi_write_buf    0x801'1e49    0x26  Code  Gb  wizchip_conf.o [1]
wizchip_sw_reset         0x801'21b7   0x118  Code  Gb  wizchip_conf.o [1]
wizchip_write            0x800'98a7    0x20  Code  Lc  user_app_ethernet.o [1]
wizchip_write_buff       0x800'9905    0x24  Code  Lc  user_app_ethernet.o [1]
wizphy_getphyconf        0x801'2507    0x52  Code  Gb  wizchip_conf.o [1]
wizphy_getphylink        0x801'2455    0x12  Code  Gb  wizchip_conf.o [1]
wizphy_getphypmode       0x801'25d5    0x16  Code  Gb  wizchip_conf.o [1]
wizphy_getphystatus      0x801'2559    0x52  Code  Gb  wizchip_conf.o [1]
wizphy_reset             0x801'2467    0x32  Code  Gb  wizchip_conf.o [1]
wizphy_setphyconf        0x801'2499    0x6e  Code  Gb  wizchip_conf.o [1]
wizphy_setphypmode       0x801'25ab    0x2a  Code  Gb  wizchip_conf.o [1]
writeCString             0x802'ac6f    0x2a  Code  Gb  MQTTPacket.o [1]
writeChar                0x802'ac39     0xc  Code  Gb  MQTTPacket.o [1]
writeInt                 0x802'ac45    0x2a  Code  Gb  MQTTPacket.o [1]
writeMQTTString          0x802'ac99    0x42  Code  Gb  MQTTPacket.o [1]


[1] = D:\Saoviet_Git\Saoviet_Envirotrack_M_TNMT\Project_Master_TNMT_Ver_1_0_ModTCP\1.Source_Code_L496\wm_gsm_ethernet_v5\wm_gsm_ethernet_v5\EWARM\wm_gsm_ethernet_v3\Obj
[2] = dl7M_tlf.a
[3] = m7M_tls.a
[4] = rt7M_tl.a
[5] = shb_l.a

  177'991 bytes of readonly  code memory
   28'271 bytes of readonly  data memory
   62'044 bytes of readwrite data memory

Errors: none
Warnings: none
